Command line invocation:
    /Applications/Xcode.app/Contents/Developer/usr/bin/xcodebuild -workspace ios/salesrecorder.xcworkspace -scheme salesrecorder -configuration Release -destination "platform=iOS Simulator,name=iPhone 17 Pro" -derivedDataPath ios/build build

ComputePackagePrebuildTargetDependencyGraph

Prepare packages

CreateBuildRequest

SendProjectDescription

CreateBuildOperation

ComputeTargetDependencyGraph
note: Building targets in dependency order
note: Target dependency graph (98 targets)
    Target 'salesrecorder' in project 'salesrecorder'
        ➜ Implicit dependency on target 'Pods-salesrecorder' in project 'Pods' via file 'libPods-salesrecorder.a' in build phase 'Link Binary'
        ➜ Implicit dependency on target 'DoubleConversion' in project 'Pods' via options '-lDoubleConversion' in build setting 'OTHER_LDFLAGS'
        ➜ Implicit dependency on target 'EXConstants' in project 'Pods' via options '-lEXConstants' in build setting 'OTHER_LDFLAGS'
        ➜ Implicit dependency on target 'EXJSONUtils' in project 'Pods' via options '-lEXJSONUtils' in build setting 'OTHER_LDFLAGS'
        ➜ Implicit dependency on target 'EXManifests' in project 'Pods' via options '-lEXManifests' in build setting 'OTHER_LDFLAGS'
        ➜ Implicit dependency on target 'EXUpdatesInterface' in project 'Pods' via options '-lEXUpdatesInterface' in build setting 'OTHER_LDFLAGS'
        ➜ Implicit dependency on target 'Expo' in project 'Pods' via options '-lExpo' in build setting 'OTHER_LDFLAGS'
        ➜ Implicit dependency on target 'ExpoAsset' in project 'Pods' via options '-lExpoAsset' in build setting 'OTHER_LDFLAGS'
        ➜ Implicit dependency on target 'ExpoFileSystem' in project 'Pods' via options '-lExpoFileSystem' in build setting 'OTHER_LDFLAGS'
        ➜ Implicit dependency on target 'ExpoFont' in project 'Pods' via options '-lExpoFont' in build setting 'OTHER_LDFLAGS'
        ➜ Implicit dependency on target 'ExpoKeepAwake' in project 'Pods' via options '-lExpoKeepAwake' in build setting 'OTHER_LDFLAGS'
        ➜ Implicit dependency on target 'ExpoModulesCore' in project 'Pods' via options '-lExpoModulesCore' in build setting 'OTHER_LDFLAGS'
        ➜ Implicit dependency on target 'RCT-Folly' in project 'Pods' via options '-lRCT-Folly' in build setting 'OTHER_LDFLAGS'
        ➜ Implicit dependency on target 'RCTDeprecation' in project 'Pods' via options '-lRCTDeprecation' in build setting 'OTHER_LDFLAGS'
        ➜ Implicit dependency on target 'RCTTypeSafety' in project 'Pods' via options '-lRCTTypeSafety' in build setting 'OTHER_LDFLAGS'
        ➜ Implicit dependency on target 'React-Core' in project 'Pods' via options '-lReact-Core' in build setting 'OTHER_LDFLAGS'
        ➜ Implicit dependency on target 'React-CoreModules' in project 'Pods' via options '-lReact-CoreModules' in build setting 'OTHER_LDFLAGS'
        ➜ Implicit dependency on target 'React-Fabric' in project 'Pods' via options '-lReact-Fabric' in build setting 'OTHER_LDFLAGS'
        ➜ Implicit dependency on target 'React-FabricComponents' in project 'Pods' via options '-lReact-FabricComponents' in build setting 'OTHER_LDFLAGS'
        ➜ Implicit dependency on target 'React-FabricImage' in project 'Pods' via options '-lReact-FabricImage' in build setting 'OTHER_LDFLAGS'
        ➜ Implicit dependency on target 'React-ImageManager' in project 'Pods' via options '-lReact-ImageManager' in build setting 'OTHER_LDFLAGS'
        ➜ Implicit dependency on target 'React-Mapbuffer' in project 'Pods' via options '-lReact-Mapbuffer' in build setting 'OTHER_LDFLAGS'
        ➜ Implicit dependency on target 'React-NativeModulesApple' in project 'Pods' via options '-lReact-NativeModulesApple' in build setting 'OTHER_LDFLAGS'
        ➜ Implicit dependency on target 'React-RCTAnimation' in project 'Pods' via options '-lReact-RCTAnimation' in build setting 'OTHER_LDFLAGS'
        ➜ Implicit dependency on target 'React-RCTAppDelegate' in project 'Pods' via options '-lReact-RCTAppDelegate' in build setting 'OTHER_LDFLAGS'
        ➜ Implicit dependency on target 'React-RCTBlob' in project 'Pods' via options '-lReact-RCTBlob' in build setting 'OTHER_LDFLAGS'
        ➜ Implicit dependency on target 'React-RCTFBReactNativeSpec' in project 'Pods' via options '-lReact-RCTFBReactNativeSpec' in build setting 'OTHER_LDFLAGS'
        ➜ Implicit dependency on target 'React-RCTFabric' in project 'Pods' via options '-lReact-RCTFabric' in build setting 'OTHER_LDFLAGS'
        ➜ Implicit dependency on target 'React-RCTImage' in project 'Pods' via options '-lReact-RCTImage' in build setting 'OTHER_LDFLAGS'
        ➜ Implicit dependency on target 'React-RCTLinking' in project 'Pods' via options '-lReact-RCTLinking' in build setting 'OTHER_LDFLAGS'
        ➜ Implicit dependency on target 'React-RCTNetwork' in project 'Pods' via options '-lReact-RCTNetwork' in build setting 'OTHER_LDFLAGS'
        ➜ Implicit dependency on target 'React-RCTRuntime' in project 'Pods' via options '-lReact-RCTRuntime' in build setting 'OTHER_LDFLAGS'
        ➜ Implicit dependency on target 'React-RCTSettings' in project 'Pods' via options '-lReact-RCTSettings' in build setting 'OTHER_LDFLAGS'
        ➜ Implicit dependency on target 'React-RCTText' in project 'Pods' via options '-lReact-RCTText' in build setting 'OTHER_LDFLAGS'
        ➜ Implicit dependency on target 'React-RCTVibration' in project 'Pods' via options '-lReact-RCTVibration' in build setting 'OTHER_LDFLAGS'
        ➜ Implicit dependency on target 'React-RuntimeApple' in project 'Pods' via options '-lReact-RuntimeApple' in build setting 'OTHER_LDFLAGS'
        ➜ Implicit dependency on target 'React-RuntimeCore' in project 'Pods' via options '-lReact-RuntimeCore' in build setting 'OTHER_LDFLAGS'
        ➜ Implicit dependency on target 'React-RuntimeHermes' in project 'Pods' via options '-lReact-RuntimeHermes' in build setting 'OTHER_LDFLAGS'
        ➜ Implicit dependency on target 'React-cxxreact' in project 'Pods' via options '-lReact-cxxreact' in build setting 'OTHER_LDFLAGS'
        ➜ Implicit dependency on target 'React-debug' in project 'Pods' via options '-lReact-debug' in build setting 'OTHER_LDFLAGS'
        ➜ Implicit dependency on target 'React-defaultsnativemodule' in project 'Pods' via options '-lReact-defaultsnativemodule' in build setting 'OTHER_LDFLAGS'
        ➜ Implicit dependency on target 'React-domnativemodule' in project 'Pods' via options '-lReact-domnativemodule' in build setting 'OTHER_LDFLAGS'
        ➜ Implicit dependency on target 'React-featureflags' in project 'Pods' via options '-lReact-featureflags' in build setting 'OTHER_LDFLAGS'
        ➜ Implicit dependency on target 'React-featureflagsnativemodule' in project 'Pods' via options '-lReact-featureflagsnativemodule' in build setting 'OTHER_LDFLAGS'
        ➜ Implicit dependency on target 'React-graphics' in project 'Pods' via options '-lReact-graphics' in build setting 'OTHER_LDFLAGS'
        ➜ Implicit dependency on target 'React-hermes' in project 'Pods' via options '-lReact-hermes' in build setting 'OTHER_LDFLAGS'
        ➜ Implicit dependency on target 'React-idlecallbacksnativemodule' in project 'Pods' via options '-lReact-idlecallbacksnativemodule' in build setting 'OTHER_LDFLAGS'
        ➜ Implicit dependency on target 'React-jserrorhandler' in project 'Pods' via options '-lReact-jserrorhandler' in build setting 'OTHER_LDFLAGS'
        ➜ Implicit dependency on target 'React-jsi' in project 'Pods' via options '-lReact-jsi' in build setting 'OTHER_LDFLAGS'
        ➜ Implicit dependency on target 'React-jsiexecutor' in project 'Pods' via options '-lReact-jsiexecutor' in build setting 'OTHER_LDFLAGS'
        ➜ Implicit dependency on target 'React-jsinspector' in project 'Pods' via options '-lReact-jsinspector' in build setting 'OTHER_LDFLAGS'
        ➜ Implicit dependency on target 'React-jsinspectorcdp' in project 'Pods' via options '-lReact-jsinspectorcdp' in build setting 'OTHER_LDFLAGS'
        ➜ Implicit dependency on target 'React-jsinspectornetwork' in project 'Pods' via options '-lReact-jsinspectornetwork' in build setting 'OTHER_LDFLAGS'
        ➜ Implicit dependency on target 'React-jsinspectortracing' in project 'Pods' via options '-lReact-jsinspectortracing' in build setting 'OTHER_LDFLAGS'
        ➜ Implicit dependency on target 'React-jsitooling' in project 'Pods' via options '-lReact-jsitooling' in build setting 'OTHER_LDFLAGS'
        ➜ Implicit dependency on target 'React-logger' in project 'Pods' via options '-lReact-logger' in build setting 'OTHER_LDFLAGS'
        ➜ Implicit dependency on target 'React-microtasksnativemodule' in project 'Pods' via options '-lReact-microtasksnativemodule' in build setting 'OTHER_LDFLAGS'
        ➜ Implicit dependency on target 'React-oscompat' in project 'Pods' via options '-lReact-oscompat' in build setting 'OTHER_LDFLAGS'
        ➜ Implicit dependency on target 'React-perflogger' in project 'Pods' via options '-lReact-perflogger' in build setting 'OTHER_LDFLAGS'
        ➜ Implicit dependency on target 'React-performancetimeline' in project 'Pods' via options '-lReact-performancetimeline' in build setting 'OTHER_LDFLAGS'
        ➜ Implicit dependency on target 'React-rendererconsistency' in project 'Pods' via options '-lReact-rendererconsistency' in build setting 'OTHER_LDFLAGS'
        ➜ Implicit dependency on target 'React-renderercss' in project 'Pods' via options '-lReact-renderercss' in build setting 'OTHER_LDFLAGS'
        ➜ Implicit dependency on target 'React-rendererdebug' in project 'Pods' via options '-lReact-rendererdebug' in build setting 'OTHER_LDFLAGS'
        ➜ Implicit dependency on target 'React-runtimeexecutor' in project 'Pods' via options '-lReact-runtimeexecutor' in build setting 'OTHER_LDFLAGS'
        ➜ Implicit dependency on target 'React-runtimescheduler' in project 'Pods' via options '-lReact-runtimescheduler' in build setting 'OTHER_LDFLAGS'
        ➜ Implicit dependency on target 'React-utils' in project 'Pods' via options '-lReact-utils' in build setting 'OTHER_LDFLAGS'
        ➜ Implicit dependency on target 'ReactAppDependencyProvider' in project 'Pods' via options '-lReactAppDependencyProvider' in build setting 'OTHER_LDFLAGS'
        ➜ Implicit dependency on target 'ReactCodegen' in project 'Pods' via options '-lReactCodegen' in build setting 'OTHER_LDFLAGS'
        ➜ Implicit dependency on target 'ReactCommon' in project 'Pods' via options '-lReactCommon' in build setting 'OTHER_LDFLAGS'
        ➜ Implicit dependency on target 'SocketRocket' in project 'Pods' via options '-lSocketRocket' in build setting 'OTHER_LDFLAGS'
        ➜ Implicit dependency on target 'Yoga' in project 'Pods' via options '-lYoga' in build setting 'OTHER_LDFLAGS'
        ➜ Implicit dependency on target 'expo-dev-menu-interface' in project 'Pods' via options '-lexpo-dev-menu-interface' in build setting 'OTHER_LDFLAGS'
        ➜ Implicit dependency on target 'fmt' in project 'Pods' via options '-lfmt' in build setting 'OTHER_LDFLAGS'
        ➜ Implicit dependency on target 'glog' in project 'Pods' via options '-lglog' in build setting 'OTHER_LDFLAGS'
    Target 'Pods-salesrecorder' in project 'Pods'
        ➜ Explicit dependency on target 'DoubleConversion' in project 'Pods'
        ➜ Explicit dependency on target 'EXConstants' in project 'Pods'
        ➜ Explicit dependency on target 'EXJSONUtils' in project 'Pods'
        ➜ Explicit dependency on target 'EXManifests' in project 'Pods'
        ➜ Explicit dependency on target 'EXUpdatesInterface' in project 'Pods'
        ➜ Explicit dependency on target 'Expo' in project 'Pods'
        ➜ Explicit dependency on target 'ExpoAsset' in project 'Pods'
        ➜ Explicit dependency on target 'ExpoFileSystem' in project 'Pods'
        ➜ Explicit dependency on target 'ExpoFont' in project 'Pods'
        ➜ Explicit dependency on target 'ExpoKeepAwake' in project 'Pods'
        ➜ Explicit dependency on target 'ExpoModulesCore' in project 'Pods'
        ➜ Explicit dependency on target 'FBLazyVector' in project 'Pods'
        ➜ Explicit dependency on target 'RCT-Folly' in project 'Pods'
        ➜ Explicit dependency on target 'RCTDeprecation' in project 'Pods'
        ➜ Explicit dependency on target 'RCTRequired' in project 'Pods'
        ➜ Explicit dependency on target 'RCTTypeSafety' in project 'Pods'
        ➜ Explicit dependency on target 'React' in project 'Pods'
        ➜ Explicit dependency on target 'React-Core' in project 'Pods'
        ➜ Explicit dependency on target 'React-CoreModules' in project 'Pods'
        ➜ Explicit dependency on target 'React-Fabric' in project 'Pods'
        ➜ Explicit dependency on target 'React-FabricComponents' in project 'Pods'
        ➜ Explicit dependency on target 'React-FabricImage' in project 'Pods'
        ➜ Explicit dependency on target 'React-ImageManager' in project 'Pods'
        ➜ Explicit dependency on target 'React-Mapbuffer' in project 'Pods'
        ➜ Explicit dependency on target 'React-NativeModulesApple' in project 'Pods'
        ➜ Explicit dependency on target 'React-RCTActionSheet' in project 'Pods'
        ➜ Explicit dependency on target 'React-RCTAnimation' in project 'Pods'
        ➜ Explicit dependency on target 'React-RCTAppDelegate' in project 'Pods'
        ➜ Explicit dependency on target 'React-RCTBlob' in project 'Pods'
        ➜ Explicit dependency on target 'React-RCTFBReactNativeSpec' in project 'Pods'
        ➜ Explicit dependency on target 'React-RCTFabric' in project 'Pods'
        ➜ Explicit dependency on target 'React-RCTImage' in project 'Pods'
        ➜ Explicit dependency on target 'React-RCTLinking' in project 'Pods'
        ➜ Explicit dependency on target 'React-RCTNetwork' in project 'Pods'
        ➜ Explicit dependency on target 'React-RCTRuntime' in project 'Pods'
        ➜ Explicit dependency on target 'React-RCTSettings' in project 'Pods'
        ➜ Explicit dependency on target 'React-RCTText' in project 'Pods'
        ➜ Explicit dependency on target 'React-RCTVibration' in project 'Pods'
        ➜ Explicit dependency on target 'React-RuntimeApple' in project 'Pods'
        ➜ Explicit dependency on target 'React-RuntimeCore' in project 'Pods'
        ➜ Explicit dependency on target 'React-RuntimeHermes' in project 'Pods'
        ➜ Explicit dependency on target 'React-callinvoker' in project 'Pods'
        ➜ Explicit dependency on target 'React-cxxreact' in project 'Pods'
        ➜ Explicit dependency on target 'React-debug' in project 'Pods'
        ➜ Explicit dependency on target 'React-defaultsnativemodule' in project 'Pods'
        ➜ Explicit dependency on target 'React-domnativemodule' in project 'Pods'
        ➜ Explicit dependency on target 'React-featureflags' in project 'Pods'
        ➜ Explicit dependency on target 'React-featureflagsnativemodule' in project 'Pods'
        ➜ Explicit dependency on target 'React-graphics' in project 'Pods'
        ➜ Explicit dependency on target 'React-hermes' in project 'Pods'
        ➜ Explicit dependency on target 'React-idlecallbacksnativemodule' in project 'Pods'
        ➜ Explicit dependency on target 'React-jserrorhandler' in project 'Pods'
        ➜ Explicit dependency on target 'React-jsi' in project 'Pods'
        ➜ Explicit dependency on target 'React-jsiexecutor' in project 'Pods'
        ➜ Explicit dependency on target 'React-jsinspector' in project 'Pods'
        ➜ Explicit dependency on target 'React-jsinspectorcdp' in project 'Pods'
        ➜ Explicit dependency on target 'React-jsinspectornetwork' in project 'Pods'
        ➜ Explicit dependency on target 'React-jsinspectortracing' in project 'Pods'
        ➜ Explicit dependency on target 'React-jsitooling' in project 'Pods'
        ➜ Explicit dependency on target 'React-jsitracing' in project 'Pods'
        ➜ Explicit dependency on target 'React-logger' in project 'Pods'
        ➜ Explicit dependency on target 'React-microtasksnativemodule' in project 'Pods'
        ➜ Explicit dependency on target 'React-oscompat' in project 'Pods'
        ➜ Explicit dependency on target 'React-perflogger' in project 'Pods'
        ➜ Explicit dependency on target 'React-performancetimeline' in project 'Pods'
        ➜ Explicit dependency on target 'React-rendererconsistency' in project 'Pods'
        ➜ Explicit dependency on target 'React-renderercss' in project 'Pods'
        ➜ Explicit dependency on target 'React-rendererdebug' in project 'Pods'
        ➜ Explicit dependency on target 'React-runtimeexecutor' in project 'Pods'
        ➜ Explicit dependency on target 'React-runtimescheduler' in project 'Pods'
        ➜ Explicit dependency on target 'React-timing' in project 'Pods'
        ➜ Explicit dependency on target 'React-utils' in project 'Pods'
        ➜ Explicit dependency on target 'ReactAppDependencyProvider' in project 'Pods'
        ➜ Explicit dependency on target 'ReactCodegen' in project 'Pods'
        ➜ Explicit dependency on target 'ReactCommon' in project 'Pods'
        ➜ Explicit dependency on target 'SocketRocket' in project 'Pods'
        ➜ Explicit dependency on target 'Yoga' in project 'Pods'
        ➜ Explicit dependency on target 'boost' in project 'Pods'
        ➜ Explicit dependency on target 'expo-dev-client' in project 'Pods'
        ➜ Explicit dependency on target 'expo-dev-launcher' in project 'Pods'
        ➜ Explicit dependency on target 'expo-dev-menu' in project 'Pods'
        ➜ Explicit dependency on target 'expo-dev-menu-interface' in project 'Pods'
        ➜ Explicit dependency on target 'fast_float' in project 'Pods'
        ➜ Explicit dependency on target 'fmt' in project 'Pods'
        ➜ Explicit dependency on target 'glog' in project 'Pods'
        ➜ Explicit dependency on target 'hermes-engine' in project 'Pods'
    Target 'expo-dev-client' in project 'Pods'
        ➜ Explicit dependency on target 'EXManifests' in project 'Pods'
        ➜ Explicit dependency on target 'expo-dev-launcher' in project 'Pods'
        ➜ Explicit dependency on target 'expo-dev-menu' in project 'Pods'
        ➜ Explicit dependency on target 'expo-dev-menu-interface' in project 'Pods'
        ➜ Explicit dependency on target 'EXUpdatesInterface' in project 'Pods'
    Target 'expo-dev-launcher' in project 'Pods'
        ➜ Explicit dependency on target 'DoubleConversion' in project 'Pods'
        ➜ Explicit dependency on target 'EXManifests' in project 'Pods'
        ➜ Explicit dependency on target 'EXUpdatesInterface' in project 'Pods'
        ➜ Explicit dependency on target 'ExpoModulesCore' in project 'Pods'
        ➜ Explicit dependency on target 'RCT-Folly' in project 'Pods'
        ➜ Explicit dependency on target 'RCTRequired' in project 'Pods'
        ➜ Explicit dependency on target 'RCTTypeSafety' in project 'Pods'
        ➜ Explicit dependency on target 'React-Core' in project 'Pods'
        ➜ Explicit dependency on target 'React-Fabric' in project 'Pods'
        ➜ Explicit dependency on target 'React-ImageManager' in project 'Pods'
        ➜ Explicit dependency on target 'React-NativeModulesApple' in project 'Pods'
        ➜ Explicit dependency on target 'React-RCTAppDelegate' in project 'Pods'
        ➜ Explicit dependency on target 'React-RCTFabric' in project 'Pods'
        ➜ Explicit dependency on target 'React-debug' in project 'Pods'
        ➜ Explicit dependency on target 'React-featureflags' in project 'Pods'
        ➜ Explicit dependency on target 'React-graphics' in project 'Pods'
        ➜ Explicit dependency on target 'React-jsi' in project 'Pods'
        ➜ Explicit dependency on target 'React-jsinspector' in project 'Pods'
        ➜ Explicit dependency on target 'React-renderercss' in project 'Pods'
        ➜ Explicit dependency on target 'React-rendererdebug' in project 'Pods'
        ➜ Explicit dependency on target 'React-utils' in project 'Pods'
        ➜ Explicit dependency on target 'ReactAppDependencyProvider' in project 'Pods'
        ➜ Explicit dependency on target 'ReactCodegen' in project 'Pods'
        ➜ Explicit dependency on target 'ReactCommon' in project 'Pods'
        ➜ Explicit dependency on target 'SocketRocket' in project 'Pods'
        ➜ Explicit dependency on target 'Yoga' in project 'Pods'
        ➜ Explicit dependency on target 'boost' in project 'Pods'
        ➜ Explicit dependency on target 'expo-dev-launcher-EXDevLauncher' in project 'Pods'
        ➜ Explicit dependency on target 'expo-dev-menu' in project 'Pods'
        ➜ Explicit dependency on target 'expo-dev-menu-interface' in project 'Pods'
        ➜ Explicit dependency on target 'fast_float' in project 'Pods'
        ➜ Explicit dependency on target 'fmt' in project 'Pods'
        ➜ Explicit dependency on target 'glog' in project 'Pods'
        ➜ Explicit dependency on target 'hermes-engine' in project 'Pods'
    Target 'expo-dev-menu' in project 'Pods'
        ➜ Explicit dependency on target 'DoubleConversion' in project 'Pods'
        ➜ Explicit dependency on target 'EXManifests' in project 'Pods'
        ➜ Explicit dependency on target 'ExpoModulesCore' in project 'Pods'
        ➜ Explicit dependency on target 'RCT-Folly' in project 'Pods'
        ➜ Explicit dependency on target 'RCTRequired' in project 'Pods'
        ➜ Explicit dependency on target 'RCTTypeSafety' in project 'Pods'
        ➜ Explicit dependency on target 'React-Core' in project 'Pods'
        ➜ Explicit dependency on target 'React-Fabric' in project 'Pods'
        ➜ Explicit dependency on target 'React-ImageManager' in project 'Pods'
        ➜ Explicit dependency on target 'React-NativeModulesApple' in project 'Pods'
        ➜ Explicit dependency on target 'React-RCTFabric' in project 'Pods'
        ➜ Explicit dependency on target 'React-debug' in project 'Pods'
        ➜ Explicit dependency on target 'React-featureflags' in project 'Pods'
        ➜ Explicit dependency on target 'React-graphics' in project 'Pods'
        ➜ Explicit dependency on target 'React-jsi' in project 'Pods'
        ➜ Explicit dependency on target 'React-jsinspector' in project 'Pods'
        ➜ Explicit dependency on target 'React-renderercss' in project 'Pods'
        ➜ Explicit dependency on target 'React-rendererdebug' in project 'Pods'
        ➜ Explicit dependency on target 'React-utils' in project 'Pods'
        ➜ Explicit dependency on target 'ReactCodegen' in project 'Pods'
        ➜ Explicit dependency on target 'ReactCommon' in project 'Pods'
        ➜ Explicit dependency on target 'SocketRocket' in project 'Pods'
        ➜ Explicit dependency on target 'Yoga' in project 'Pods'
        ➜ Explicit dependency on target 'boost' in project 'Pods'
        ➜ Explicit dependency on target 'expo-dev-menu-EXDevMenu' in project 'Pods'
        ➜ Explicit dependency on target 'expo-dev-menu-interface' in project 'Pods'
        ➜ Explicit dependency on target 'fast_float' in project 'Pods'
        ➜ Explicit dependency on target 'fmt' in project 'Pods'
        ➜ Explicit dependency on target 'glog' in project 'Pods'
        ➜ Explicit dependency on target 'hermes-engine' in project 'Pods'
    Target 'expo-dev-menu-interface' in project 'Pods' (no dependencies)
    Target 'expo-dev-menu-EXDevMenu' in project 'Pods' (no dependencies)
    Target 'expo-dev-launcher-EXDevLauncher' in project 'Pods' (no dependencies)
    Target 'React' in project 'Pods'
        ➜ Explicit dependency on target 'React-Core' in project 'Pods'
        ➜ Explicit dependency on target 'React-RCTActionSheet' in project 'Pods'
        ➜ Explicit dependency on target 'React-RCTAnimation' in project 'Pods'
        ➜ Explicit dependency on target 'React-RCTBlob' in project 'Pods'
        ➜ Explicit dependency on target 'React-RCTImage' in project 'Pods'
        ➜ Explicit dependency on target 'React-RCTLinking' in project 'Pods'
        ➜ Explicit dependency on target 'React-RCTNetwork' in project 'Pods'
        ➜ Explicit dependency on target 'React-RCTSettings' in project 'Pods'
        ➜ Explicit dependency on target 'React-RCTText' in project 'Pods'
        ➜ Explicit dependency on target 'React-RCTVibration' in project 'Pods'
    Target 'React-RCTVibration' in project 'Pods'
        ➜ Explicit dependency on target 'DoubleConversion' in project 'Pods'
        ➜ Explicit dependency on target 'RCT-Folly' in project 'Pods'
        ➜ Explicit dependency on target 'React-Core' in project 'Pods'
        ➜ Explicit dependency on target 'React-NativeModulesApple' in project 'Pods'
        ➜ Explicit dependency on target 'React-RCTFBReactNativeSpec' in project 'Pods'
        ➜ Explicit dependency on target 'React-jsi' in project 'Pods'
        ➜ Explicit dependency on target 'ReactCommon' in project 'Pods'
        ➜ Explicit dependency on target 'SocketRocket' in project 'Pods'
        ➜ Explicit dependency on target 'boost' in project 'Pods'
        ➜ Explicit dependency on target 'fast_float' in project 'Pods'
        ➜ Explicit dependency on target 'fmt' in project 'Pods'
        ➜ Explicit dependency on target 'glog' in project 'Pods'
    Target 'React-RCTSettings' in project 'Pods'
        ➜ Explicit dependency on target 'DoubleConversion' in project 'Pods'
        ➜ Explicit dependency on target 'RCT-Folly' in project 'Pods'
        ➜ Explicit dependency on target 'RCTTypeSafety' in project 'Pods'
        ➜ Explicit dependency on target 'React-Core' in project 'Pods'
        ➜ Explicit dependency on target 'React-NativeModulesApple' in project 'Pods'
        ➜ Explicit dependency on target 'React-RCTFBReactNativeSpec' in project 'Pods'
        ➜ Explicit dependency on target 'React-jsi' in project 'Pods'
        ➜ Explicit dependency on target 'ReactCommon' in project 'Pods'
        ➜ Explicit dependency on target 'SocketRocket' in project 'Pods'
        ➜ Explicit dependency on target 'boost' in project 'Pods'
        ➜ Explicit dependency on target 'fast_float' in project 'Pods'
        ➜ Explicit dependency on target 'fmt' in project 'Pods'
        ➜ Explicit dependency on target 'glog' in project 'Pods'
    Target 'React-RCTLinking' in project 'Pods'
        ➜ Explicit dependency on target 'React-Core' in project 'Pods'
        ➜ Explicit dependency on target 'React-NativeModulesApple' in project 'Pods'
        ➜ Explicit dependency on target 'React-RCTFBReactNativeSpec' in project 'Pods'
        ➜ Explicit dependency on target 'React-jsi' in project 'Pods'
        ➜ Explicit dependency on target 'ReactCommon' in project 'Pods'
    Target 'React-RCTActionSheet' in project 'Pods'
        ➜ Explicit dependency on target 'React-Core' in project 'Pods'
    Target 'ExpoKeepAwake' in project 'Pods'
        ➜ Explicit dependency on target 'ExpoModulesCore' in project 'Pods'
    Target 'ExpoFont' in project 'Pods'
        ➜ Explicit dependency on target 'ExpoModulesCore' in project 'Pods'
    Target 'ExpoFileSystem' in project 'Pods'
        ➜ Explicit dependency on target 'ExpoFileSystem-ExpoFileSystem_privacy' in project 'Pods'
        ➜ Explicit dependency on target 'ExpoModulesCore' in project 'Pods'
    Target 'ExpoFileSystem-ExpoFileSystem_privacy' in project 'Pods' (no dependencies)
    Target 'ExpoAsset' in project 'Pods'
        ➜ Explicit dependency on target 'ExpoModulesCore' in project 'Pods'
    Target 'Expo' in project 'Pods'
        ➜ Explicit dependency on target 'DoubleConversion' in project 'Pods'
        ➜ Explicit dependency on target 'ExpoModulesCore' in project 'Pods'
        ➜ Explicit dependency on target 'RCT-Folly' in project 'Pods'
        ➜ Explicit dependency on target 'RCTRequired' in project 'Pods'
        ➜ Explicit dependency on target 'RCTTypeSafety' in project 'Pods'
        ➜ Explicit dependency on target 'React-Core' in project 'Pods'
        ➜ Explicit dependency on target 'React-Fabric' in project 'Pods'
        ➜ Explicit dependency on target 'React-ImageManager' in project 'Pods'
        ➜ Explicit dependency on target 'React-NativeModulesApple' in project 'Pods'
        ➜ Explicit dependency on target 'React-RCTAppDelegate' in project 'Pods'
        ➜ Explicit dependency on target 'React-RCTFabric' in project 'Pods'
        ➜ Explicit dependency on target 'React-debug' in project 'Pods'
        ➜ Explicit dependency on target 'React-featureflags' in project 'Pods'
        ➜ Explicit dependency on target 'React-graphics' in project 'Pods'
        ➜ Explicit dependency on target 'React-jsi' in project 'Pods'
        ➜ Explicit dependency on target 'React-renderercss' in project 'Pods'
        ➜ Explicit dependency on target 'React-rendererdebug' in project 'Pods'
        ➜ Explicit dependency on target 'React-utils' in project 'Pods'
        ➜ Explicit dependency on target 'ReactAppDependencyProvider' in project 'Pods'
        ➜ Explicit dependency on target 'ReactCodegen' in project 'Pods'
        ➜ Explicit dependency on target 'ReactCommon' in project 'Pods'
        ➜ Explicit dependency on target 'SocketRocket' in project 'Pods'
        ➜ Explicit dependency on target 'Yoga' in project 'Pods'
        ➜ Explicit dependency on target 'boost' in project 'Pods'
        ➜ Explicit dependency on target 'fast_float' in project 'Pods'
        ➜ Explicit dependency on target 'fmt' in project 'Pods'
        ➜ Explicit dependency on target 'glog' in project 'Pods'
        ➜ Explicit dependency on target 'hermes-engine' in project 'Pods'
    Target 'ReactAppDependencyProvider' in project 'Pods'
        ➜ Explicit dependency on target 'ReactCodegen' in project 'Pods'
    Target 'EXUpdatesInterface' in project 'Pods'
        ➜ Explicit dependency on target 'ExpoModulesCore' in project 'Pods'
    Target 'EXManifests' in project 'Pods'
        ➜ Explicit dependency on target 'ExpoModulesCore' in project 'Pods'
    Target 'EXJSONUtils' in project 'Pods' (no dependencies)
    Target 'EXConstants' in project 'Pods'
        ➜ Explicit dependency on target 'EXConstants-EXConstants' in project 'Pods'
        ➜ Explicit dependency on target 'EXConstants-ExpoConstants_privacy' in project 'Pods'
        ➜ Explicit dependency on target 'ExpoModulesCore' in project 'Pods'
    Target 'ExpoModulesCore' in project 'Pods'
        ➜ Explicit dependency on target 'DoubleConversion' in project 'Pods'
        ➜ Explicit dependency on target 'RCT-Folly' in project 'Pods'
        ➜ Explicit dependency on target 'RCTRequired' in project 'Pods'
        ➜ Explicit dependency on target 'RCTTypeSafety' in project 'Pods'
        ➜ Explicit dependency on target 'React-Core' in project 'Pods'
        ➜ Explicit dependency on target 'React-Fabric' in project 'Pods'
        ➜ Explicit dependency on target 'React-ImageManager' in project 'Pods'
        ➜ Explicit dependency on target 'React-NativeModulesApple' in project 'Pods'
        ➜ Explicit dependency on target 'React-RCTFabric' in project 'Pods'
        ➜ Explicit dependency on target 'React-debug' in project 'Pods'
        ➜ Explicit dependency on target 'React-featureflags' in project 'Pods'
        ➜ Explicit dependency on target 'React-graphics' in project 'Pods'
        ➜ Explicit dependency on target 'React-jsi' in project 'Pods'
        ➜ Explicit dependency on target 'React-jsinspector' in project 'Pods'
        ➜ Explicit dependency on target 'React-renderercss' in project 'Pods'
        ➜ Explicit dependency on target 'React-rendererdebug' in project 'Pods'
        ➜ Explicit dependency on target 'React-utils' in project 'Pods'
        ➜ Explicit dependency on target 'ReactCodegen' in project 'Pods'
        ➜ Explicit dependency on target 'ReactCommon' in project 'Pods'
        ➜ Explicit dependency on target 'SocketRocket' in project 'Pods'
        ➜ Explicit dependency on target 'Yoga' in project 'Pods'
        ➜ Explicit dependency on target 'boost' in project 'Pods'
        ➜ Explicit dependency on target 'fast_float' in project 'Pods'
        ➜ Explicit dependency on target 'fmt' in project 'Pods'
        ➜ Explicit dependency on target 'glog' in project 'Pods'
        ➜ Explicit dependency on target 'hermes-engine' in project 'Pods'
    Target 'ReactCodegen' in project 'Pods'
        ➜ Explicit dependency on target 'DoubleConversion' in project 'Pods'
        ➜ Explicit dependency on target 'RCT-Folly' in project 'Pods'
        ➜ Explicit dependency on target 'RCTRequired' in project 'Pods'
        ➜ Explicit dependency on target 'RCTTypeSafety' in project 'Pods'
        ➜ Explicit dependency on target 'React-Core' in project 'Pods'
        ➜ Explicit dependency on target 'React-Fabric' in project 'Pods'
        ➜ Explicit dependency on target 'React-FabricImage' in project 'Pods'
        ➜ Explicit dependency on target 'React-NativeModulesApple' in project 'Pods'
        ➜ Explicit dependency on target 'React-RCTAppDelegate' in project 'Pods'
        ➜ Explicit dependency on target 'React-debug' in project 'Pods'
        ➜ Explicit dependency on target 'React-featureflags' in project 'Pods'
        ➜ Explicit dependency on target 'React-graphics' in project 'Pods'
        ➜ Explicit dependency on target 'React-jsi' in project 'Pods'
        ➜ Explicit dependency on target 'React-jsiexecutor' in project 'Pods'
        ➜ Explicit dependency on target 'React-rendererdebug' in project 'Pods'
        ➜ Explicit dependency on target 'React-utils' in project 'Pods'
        ➜ Explicit dependency on target 'ReactCommon' in project 'Pods'
        ➜ Explicit dependency on target 'SocketRocket' in project 'Pods'
        ➜ Explicit dependency on target 'boost' in project 'Pods'
        ➜ Explicit dependency on target 'fast_float' in project 'Pods'
        ➜ Explicit dependency on target 'fmt' in project 'Pods'
        ➜ Explicit dependency on target 'glog' in project 'Pods'
        ➜ Explicit dependency on target 'hermes-engine' in project 'Pods'
    Target 'React-RCTAppDelegate' in project 'Pods'
        ➜ Explicit dependency on target 'DoubleConversion' in project 'Pods'
        ➜ Explicit dependency on target 'RCT-Folly' in project 'Pods'
        ➜ Explicit dependency on target 'RCTRequired' in project 'Pods'
        ➜ Explicit dependency on target 'RCTTypeSafety' in project 'Pods'
        ➜ Explicit dependency on target 'React-Core' in project 'Pods'
        ➜ Explicit dependency on target 'React-CoreModules' in project 'Pods'
        ➜ Explicit dependency on target 'React-Fabric' in project 'Pods'
        ➜ Explicit dependency on target 'React-NativeModulesApple' in project 'Pods'
        ➜ Explicit dependency on target 'React-RCTFBReactNativeSpec' in project 'Pods'
        ➜ Explicit dependency on target 'React-RCTFabric' in project 'Pods'
        ➜ Explicit dependency on target 'React-RCTImage' in project 'Pods'
        ➜ Explicit dependency on target 'React-RCTNetwork' in project 'Pods'
        ➜ Explicit dependency on target 'React-RCTRuntime' in project 'Pods'
        ➜ Explicit dependency on target 'React-RuntimeApple' in project 'Pods'
        ➜ Explicit dependency on target 'React-RuntimeCore' in project 'Pods'
        ➜ Explicit dependency on target 'React-debug' in project 'Pods'
        ➜ Explicit dependency on target 'React-defaultsnativemodule' in project 'Pods'
        ➜ Explicit dependency on target 'React-featureflags' in project 'Pods'
        ➜ Explicit dependency on target 'React-graphics' in project 'Pods'
        ➜ Explicit dependency on target 'React-hermes' in project 'Pods'
        ➜ Explicit dependency on target 'React-jsitooling' in project 'Pods'
        ➜ Explicit dependency on target 'React-rendererdebug' in project 'Pods'
        ➜ Explicit dependency on target 'React-runtimeexecutor' in project 'Pods'
        ➜ Explicit dependency on target 'React-runtimescheduler' in project 'Pods'
        ➜ Explicit dependency on target 'React-utils' in project 'Pods'
        ➜ Explicit dependency on target 'ReactCommon' in project 'Pods'
        ➜ Explicit dependency on target 'SocketRocket' in project 'Pods'
        ➜ Explicit dependency on target 'boost' in project 'Pods'
        ➜ Explicit dependency on target 'fast_float' in project 'Pods'
        ➜ Explicit dependency on target 'fmt' in project 'Pods'
        ➜ Explicit dependency on target 'glog' in project 'Pods'
        ➜ Explicit dependency on target 'hermes-engine' in project 'Pods'
    Target 'React-defaultsnativemodule' in project 'Pods'
        ➜ Explicit dependency on target 'DoubleConversion' in project 'Pods'
        ➜ Explicit dependency on target 'RCT-Folly' in project 'Pods'
        ➜ Explicit dependency on target 'React-RCTFBReactNativeSpec' in project 'Pods'
        ➜ Explicit dependency on target 'React-domnativemodule' in project 'Pods'
        ➜ Explicit dependency on target 'React-featureflagsnativemodule' in project 'Pods'
        ➜ Explicit dependency on target 'React-idlecallbacksnativemodule' in project 'Pods'
        ➜ Explicit dependency on target 'React-jsi' in project 'Pods'
        ➜ Explicit dependency on target 'React-jsiexecutor' in project 'Pods'
        ➜ Explicit dependency on target 'React-microtasksnativemodule' in project 'Pods'
        ➜ Explicit dependency on target 'SocketRocket' in project 'Pods'
        ➜ Explicit dependency on target 'boost' in project 'Pods'
        ➜ Explicit dependency on target 'fast_float' in project 'Pods'
        ➜ Explicit dependency on target 'fmt' in project 'Pods'
        ➜ Explicit dependency on target 'glog' in project 'Pods'
        ➜ Explicit dependency on target 'hermes-engine' in project 'Pods'
    Target 'React-microtasksnativemodule' in project 'Pods'
        ➜ Explicit dependency on target 'DoubleConversion' in project 'Pods'
        ➜ Explicit dependency on target 'RCT-Folly' in project 'Pods'
        ➜ Explicit dependency on target 'React-RCTFBReactNativeSpec' in project 'Pods'
        ➜ Explicit dependency on target 'React-jsi' in project 'Pods'
        ➜ Explicit dependency on target 'React-jsiexecutor' in project 'Pods'
        ➜ Explicit dependency on target 'ReactCommon' in project 'Pods'
        ➜ Explicit dependency on target 'SocketRocket' in project 'Pods'
        ➜ Explicit dependency on target 'boost' in project 'Pods'
        ➜ Explicit dependency on target 'fast_float' in project 'Pods'
        ➜ Explicit dependency on target 'fmt' in project 'Pods'
        ➜ Explicit dependency on target 'glog' in project 'Pods'
        ➜ Explicit dependency on target 'hermes-engine' in project 'Pods'
    Target 'React-idlecallbacksnativemodule' in project 'Pods'
        ➜ Explicit dependency on target 'DoubleConversion' in project 'Pods'
        ➜ Explicit dependency on target 'RCT-Folly' in project 'Pods'
        ➜ Explicit dependency on target 'React-RCTFBReactNativeSpec' in project 'Pods'
        ➜ Explicit dependency on target 'React-jsi' in project 'Pods'
        ➜ Explicit dependency on target 'React-jsiexecutor' in project 'Pods'
        ➜ Explicit dependency on target 'React-runtimeexecutor' in project 'Pods'
        ➜ Explicit dependency on target 'React-runtimescheduler' in project 'Pods'
        ➜ Explicit dependency on target 'ReactCommon' in project 'Pods'
        ➜ Explicit dependency on target 'SocketRocket' in project 'Pods'
        ➜ Explicit dependency on target 'boost' in project 'Pods'
        ➜ Explicit dependency on target 'fast_float' in project 'Pods'
        ➜ Explicit dependency on target 'fmt' in project 'Pods'
        ➜ Explicit dependency on target 'glog' in project 'Pods'
        ➜ Explicit dependency on target 'hermes-engine' in project 'Pods'
    Target 'React-featureflagsnativemodule' in project 'Pods'
        ➜ Explicit dependency on target 'DoubleConversion' in project 'Pods'
        ➜ Explicit dependency on target 'RCT-Folly' in project 'Pods'
        ➜ Explicit dependency on target 'React-RCTFBReactNativeSpec' in project 'Pods'
        ➜ Explicit dependency on target 'React-featureflags' in project 'Pods'
        ➜ Explicit dependency on target 'React-jsi' in project 'Pods'
        ➜ Explicit dependency on target 'React-jsiexecutor' in project 'Pods'
        ➜ Explicit dependency on target 'ReactCommon' in project 'Pods'
        ➜ Explicit dependency on target 'SocketRocket' in project 'Pods'
        ➜ Explicit dependency on target 'boost' in project 'Pods'
        ➜ Explicit dependency on target 'fast_float' in project 'Pods'
        ➜ Explicit dependency on target 'fmt' in project 'Pods'
        ➜ Explicit dependency on target 'glog' in project 'Pods'
        ➜ Explicit dependency on target 'hermes-engine' in project 'Pods'
    Target 'React-domnativemodule' in project 'Pods'
        ➜ Explicit dependency on target 'DoubleConversion' in project 'Pods'
        ➜ Explicit dependency on target 'RCT-Folly' in project 'Pods'
        ➜ Explicit dependency on target 'React-Fabric' in project 'Pods'
        ➜ Explicit dependency on target 'React-FabricComponents' in project 'Pods'
        ➜ Explicit dependency on target 'React-RCTFBReactNativeSpec' in project 'Pods'
        ➜ Explicit dependency on target 'React-graphics' in project 'Pods'
        ➜ Explicit dependency on target 'React-jsi' in project 'Pods'
        ➜ Explicit dependency on target 'React-jsiexecutor' in project 'Pods'
        ➜ Explicit dependency on target 'React-runtimeexecutor' in project 'Pods'
        ➜ Explicit dependency on target 'ReactCommon' in project 'Pods'
        ➜ Explicit dependency on target 'SocketRocket' in project 'Pods'
        ➜ Explicit dependency on target 'Yoga' in project 'Pods'
        ➜ Explicit dependency on target 'boost' in project 'Pods'
        ➜ Explicit dependency on target 'fast_float' in project 'Pods'
        ➜ Explicit dependency on target 'fmt' in project 'Pods'
        ➜ Explicit dependency on target 'glog' in project 'Pods'
        ➜ Explicit dependency on target 'hermes-engine' in project 'Pods'
    Target 'React-RCTRuntime' in project 'Pods'
        ➜ Explicit dependency on target 'DoubleConversion' in project 'Pods'
        ➜ Explicit dependency on target 'RCT-Folly' in project 'Pods'
        ➜ Explicit dependency on target 'React-Core' in project 'Pods'
        ➜ Explicit dependency on target 'React-RuntimeApple' in project 'Pods'
        ➜ Explicit dependency on target 'React-RuntimeCore' in project 'Pods'
        ➜ Explicit dependency on target 'React-RuntimeHermes' in project 'Pods'
        ➜ Explicit dependency on target 'React-jsi' in project 'Pods'
        ➜ Explicit dependency on target 'React-jsinspector' in project 'Pods'
        ➜ Explicit dependency on target 'React-jsinspectorcdp' in project 'Pods'
        ➜ Explicit dependency on target 'React-jsinspectortracing' in project 'Pods'
        ➜ Explicit dependency on target 'React-jsitooling' in project 'Pods'
        ➜ Explicit dependency on target 'React-runtimeexecutor' in project 'Pods'
        ➜ Explicit dependency on target 'SocketRocket' in project 'Pods'
        ➜ Explicit dependency on target 'boost' in project 'Pods'
        ➜ Explicit dependency on target 'fast_float' in project 'Pods'
        ➜ Explicit dependency on target 'fmt' in project 'Pods'
        ➜ Explicit dependency on target 'glog' in project 'Pods'
        ➜ Explicit dependency on target 'hermes-engine' in project 'Pods'
    Target 'React-RuntimeApple' in project 'Pods'
        ➜ Explicit dependency on target 'DoubleConversion' in project 'Pods'
        ➜ Explicit dependency on target 'RCT-Folly' in project 'Pods'
        ➜ Explicit dependency on target 'React-Core' in project 'Pods'
        ➜ Explicit dependency on target 'React-CoreModules' in project 'Pods'
        ➜ Explicit dependency on target 'React-Mapbuffer' in project 'Pods'
        ➜ Explicit dependency on target 'React-NativeModulesApple' in project 'Pods'
        ➜ Explicit dependency on target 'React-RCTFBReactNativeSpec' in project 'Pods'
        ➜ Explicit dependency on target 'React-RCTFabric' in project 'Pods'
        ➜ Explicit dependency on target 'React-RuntimeCore' in project 'Pods'
        ➜ Explicit dependency on target 'React-RuntimeHermes' in project 'Pods'
        ➜ Explicit dependency on target 'React-callinvoker' in project 'Pods'
        ➜ Explicit dependency on target 'React-cxxreact' in project 'Pods'
        ➜ Explicit dependency on target 'React-featureflags' in project 'Pods'
        ➜ Explicit dependency on target 'React-jserrorhandler' in project 'Pods'
        ➜ Explicit dependency on target 'React-jsi' in project 'Pods'
        ➜ Explicit dependency on target 'React-jsiexecutor' in project 'Pods'
        ➜ Explicit dependency on target 'React-jsinspector' in project 'Pods'
        ➜ Explicit dependency on target 'React-jsitooling' in project 'Pods'
        ➜ Explicit dependency on target 'React-runtimeexecutor' in project 'Pods'
        ➜ Explicit dependency on target 'React-runtimescheduler' in project 'Pods'
        ➜ Explicit dependency on target 'React-utils' in project 'Pods'
        ➜ Explicit dependency on target 'SocketRocket' in project 'Pods'
        ➜ Explicit dependency on target 'boost' in project 'Pods'
        ➜ Explicit dependency on target 'fast_float' in project 'Pods'
        ➜ Explicit dependency on target 'fmt' in project 'Pods'
        ➜ Explicit dependency on target 'glog' in project 'Pods'
        ➜ Explicit dependency on target 'hermes-engine' in project 'Pods'
    Target 'React-RuntimeHermes' in project 'Pods'
        ➜ Explicit dependency on target 'DoubleConversion' in project 'Pods'
        ➜ Explicit dependency on target 'RCT-Folly' in project 'Pods'
        ➜ Explicit dependency on target 'React-RuntimeCore' in project 'Pods'
        ➜ Explicit dependency on target 'React-featureflags' in project 'Pods'
        ➜ Explicit dependency on target 'React-hermes' in project 'Pods'
        ➜ Explicit dependency on target 'React-jsi' in project 'Pods'
        ➜ Explicit dependency on target 'React-jsinspector' in project 'Pods'
        ➜ Explicit dependency on target 'React-jsinspectorcdp' in project 'Pods'
        ➜ Explicit dependency on target 'React-jsinspectortracing' in project 'Pods'
        ➜ Explicit dependency on target 'React-jsitooling' in project 'Pods'
        ➜ Explicit dependency on target 'React-jsitracing' in project 'Pods'
        ➜ Explicit dependency on target 'React-runtimeexecutor' in project 'Pods'
        ➜ Explicit dependency on target 'React-utils' in project 'Pods'
        ➜ Explicit dependency on target 'SocketRocket' in project 'Pods'
        ➜ Explicit dependency on target 'boost' in project 'Pods'
        ➜ Explicit dependency on target 'fast_float' in project 'Pods'
        ➜ Explicit dependency on target 'fmt' in project 'Pods'
        ➜ Explicit dependency on target 'glog' in project 'Pods'
        ➜ Explicit dependency on target 'hermes-engine' in project 'Pods'
    Target 'React-jsitracing' in project 'Pods'
        ➜ Explicit dependency on target 'React-jsi' in project 'Pods'
    Target 'React-RuntimeCore' in project 'Pods'
        ➜ Explicit dependency on target 'DoubleConversion' in project 'Pods'
        ➜ Explicit dependency on target 'RCT-Folly' in project 'Pods'
        ➜ Explicit dependency on target 'React-Fabric' in project 'Pods'
        ➜ Explicit dependency on target 'React-cxxreact' in project 'Pods'
        ➜ Explicit dependency on target 'React-featureflags' in project 'Pods'
        ➜ Explicit dependency on target 'React-jserrorhandler' in project 'Pods'
        ➜ Explicit dependency on target 'React-jsi' in project 'Pods'
        ➜ Explicit dependency on target 'React-jsiexecutor' in project 'Pods'
        ➜ Explicit dependency on target 'React-jsinspector' in project 'Pods'
        ➜ Explicit dependency on target 'React-jsitooling' in project 'Pods'
        ➜ Explicit dependency on target 'React-performancetimeline' in project 'Pods'
        ➜ Explicit dependency on target 'React-runtimeexecutor' in project 'Pods'
        ➜ Explicit dependency on target 'React-runtimescheduler' in project 'Pods'
        ➜ Explicit dependency on target 'React-utils' in project 'Pods'
        ➜ Explicit dependency on target 'SocketRocket' in project 'Pods'
        ➜ Explicit dependency on target 'boost' in project 'Pods'
        ➜ Explicit dependency on target 'fast_float' in project 'Pods'
        ➜ Explicit dependency on target 'fmt' in project 'Pods'
        ➜ Explicit dependency on target 'glog' in project 'Pods'
        ➜ Explicit dependency on target 'hermes-engine' in project 'Pods'
    Target 'React-jserrorhandler' in project 'Pods'
        ➜ Explicit dependency on target 'DoubleConversion' in project 'Pods'
        ➜ Explicit dependency on target 'RCT-Folly' in project 'Pods'
        ➜ Explicit dependency on target 'React-cxxreact' in project 'Pods'
        ➜ Explicit dependency on target 'React-debug' in project 'Pods'
        ➜ Explicit dependency on target 'React-featureflags' in project 'Pods'
        ➜ Explicit dependency on target 'React-jsi' in project 'Pods'
        ➜ Explicit dependency on target 'ReactCommon' in project 'Pods'
        ➜ Explicit dependency on target 'SocketRocket' in project 'Pods'
        ➜ Explicit dependency on target 'boost' in project 'Pods'
        ➜ Explicit dependency on target 'fast_float' in project 'Pods'
        ➜ Explicit dependency on target 'fmt' in project 'Pods'
        ➜ Explicit dependency on target 'glog' in project 'Pods'
        ➜ Explicit dependency on target 'hermes-engine' in project 'Pods'
    Target 'React-Mapbuffer' in project 'Pods'
        ➜ Explicit dependency on target 'DoubleConversion' in project 'Pods'
        ➜ Explicit dependency on target 'RCT-Folly' in project 'Pods'
        ➜ Explicit dependency on target 'React-debug' in project 'Pods'
        ➜ Explicit dependency on target 'SocketRocket' in project 'Pods'
        ➜ Explicit dependency on target 'boost' in project 'Pods'
        ➜ Explicit dependency on target 'fast_float' in project 'Pods'
        ➜ Explicit dependency on target 'fmt' in project 'Pods'
        ➜ Explicit dependency on target 'glog' in project 'Pods'
    Target 'React-CoreModules' in project 'Pods'
        ➜ Explicit dependency on target 'DoubleConversion' in project 'Pods'
        ➜ Explicit dependency on target 'RCT-Folly' in project 'Pods'
        ➜ Explicit dependency on target 'RCTTypeSafety' in project 'Pods'
        ➜ Explicit dependency on target 'React-Core' in project 'Pods'
        ➜ Explicit dependency on target 'React-NativeModulesApple' in project 'Pods'
        ➜ Explicit dependency on target 'React-RCTBlob' in project 'Pods'
        ➜ Explicit dependency on target 'React-RCTFBReactNativeSpec' in project 'Pods'
        ➜ Explicit dependency on target 'React-RCTImage' in project 'Pods'
        ➜ Explicit dependency on target 'React-jsi' in project 'Pods'
        ➜ Explicit dependency on target 'React-jsinspector' in project 'Pods'
        ➜ Explicit dependency on target 'React-jsinspectorcdp' in project 'Pods'
        ➜ Explicit dependency on target 'React-jsinspectortracing' in project 'Pods'
        ➜ Explicit dependency on target 'React-runtimeexecutor' in project 'Pods'
        ➜ Explicit dependency on target 'ReactCommon' in project 'Pods'
        ➜ Explicit dependency on target 'SocketRocket' in project 'Pods'
        ➜ Explicit dependency on target 'boost' in project 'Pods'
        ➜ Explicit dependency on target 'fast_float' in project 'Pods'
        ➜ Explicit dependency on target 'fmt' in project 'Pods'
        ➜ Explicit dependency on target 'glog' in project 'Pods'
    Target 'React-RCTBlob' in project 'Pods'
        ➜ Explicit dependency on target 'DoubleConversion' in project 'Pods'
        ➜ Explicit dependency on target 'RCT-Folly' in project 'Pods'
        ➜ Explicit dependency on target 'React-Core' in project 'Pods'
        ➜ Explicit dependency on target 'React-NativeModulesApple' in project 'Pods'
        ➜ Explicit dependency on target 'React-RCTFBReactNativeSpec' in project 'Pods'
        ➜ Explicit dependency on target 'React-RCTNetwork' in project 'Pods'
        ➜ Explicit dependency on target 'React-jsi' in project 'Pods'
        ➜ Explicit dependency on target 'React-jsinspector' in project 'Pods'
        ➜ Explicit dependency on target 'React-jsinspectorcdp' in project 'Pods'
        ➜ Explicit dependency on target 'ReactCommon' in project 'Pods'
        ➜ Explicit dependency on target 'SocketRocket' in project 'Pods'
        ➜ Explicit dependency on target 'boost' in project 'Pods'
        ➜ Explicit dependency on target 'fast_float' in project 'Pods'
        ➜ Explicit dependency on target 'fmt' in project 'Pods'
        ➜ Explicit dependency on target 'glog' in project 'Pods'
        ➜ Explicit dependency on target 'hermes-engine' in project 'Pods'
    Target 'React-RCTFabric' in project 'Pods'
        ➜ Explicit dependency on target 'DoubleConversion' in project 'Pods'
        ➜ Explicit dependency on target 'RCT-Folly' in project 'Pods'
        ➜ Explicit dependency on target 'React-Core' in project 'Pods'
        ➜ Explicit dependency on target 'React-Fabric' in project 'Pods'
        ➜ Explicit dependency on target 'React-FabricComponents' in project 'Pods'
        ➜ Explicit dependency on target 'React-FabricImage' in project 'Pods'
        ➜ Explicit dependency on target 'React-ImageManager' in project 'Pods'
        ➜ Explicit dependency on target 'React-RCTAnimation' in project 'Pods'
        ➜ Explicit dependency on target 'React-RCTFBReactNativeSpec' in project 'Pods'
        ➜ Explicit dependency on target 'React-RCTImage' in project 'Pods'
        ➜ Explicit dependency on target 'React-RCTText' in project 'Pods'
        ➜ Explicit dependency on target 'React-debug' in project 'Pods'
        ➜ Explicit dependency on target 'React-featureflags' in project 'Pods'
        ➜ Explicit dependency on target 'React-graphics' in project 'Pods'
        ➜ Explicit dependency on target 'React-jsi' in project 'Pods'
        ➜ Explicit dependency on target 'React-jsinspector' in project 'Pods'
        ➜ Explicit dependency on target 'React-jsinspectorcdp' in project 'Pods'
        ➜ Explicit dependency on target 'React-jsinspectornetwork' in project 'Pods'
        ➜ Explicit dependency on target 'React-jsinspectortracing' in project 'Pods'
        ➜ Explicit dependency on target 'React-performancetimeline' in project 'Pods'
        ➜ Explicit dependency on target 'React-rendererconsistency' in project 'Pods'
        ➜ Explicit dependency on target 'React-renderercss' in project 'Pods'
        ➜ Explicit dependency on target 'React-rendererdebug' in project 'Pods'
        ➜ Explicit dependency on target 'React-runtimeexecutor' in project 'Pods'
        ➜ Explicit dependency on target 'React-runtimescheduler' in project 'Pods'
        ➜ Explicit dependency on target 'React-utils' in project 'Pods'
        ➜ Explicit dependency on target 'SocketRocket' in project 'Pods'
        ➜ Explicit dependency on target 'Yoga' in project 'Pods'
        ➜ Explicit dependency on target 'boost' in project 'Pods'
        ➜ Explicit dependency on target 'fast_float' in project 'Pods'
        ➜ Explicit dependency on target 'fmt' in project 'Pods'
        ➜ Explicit dependency on target 'glog' in project 'Pods'
        ➜ Explicit dependency on target 'hermes-engine' in project 'Pods'
    Target 'React-RCTText' in project 'Pods'
        ➜ Explicit dependency on target 'React-Core' in project 'Pods'
        ➜ Explicit dependency on target 'Yoga' in project 'Pods'
    Target 'React-RCTImage' in project 'Pods'
        ➜ Explicit dependency on target 'DoubleConversion' in project 'Pods'
        ➜ Explicit dependency on target 'RCT-Folly' in project 'Pods'
        ➜ Explicit dependency on target 'RCTTypeSafety' in project 'Pods'
        ➜ Explicit dependency on target 'React-Core' in project 'Pods'
        ➜ Explicit dependency on target 'React-NativeModulesApple' in project 'Pods'
        ➜ Explicit dependency on target 'React-RCTFBReactNativeSpec' in project 'Pods'
        ➜ Explicit dependency on target 'React-RCTNetwork' in project 'Pods'
        ➜ Explicit dependency on target 'React-jsi' in project 'Pods'
        ➜ Explicit dependency on target 'ReactCommon' in project 'Pods'
        ➜ Explicit dependency on target 'SocketRocket' in project 'Pods'
        ➜ Explicit dependency on target 'boost' in project 'Pods'
        ➜ Explicit dependency on target 'fast_float' in project 'Pods'
        ➜ Explicit dependency on target 'fmt' in project 'Pods'
        ➜ Explicit dependency on target 'glog' in project 'Pods'
    Target 'React-RCTNetwork' in project 'Pods'
        ➜ Explicit dependency on target 'DoubleConversion' in project 'Pods'
        ➜ Explicit dependency on target 'RCT-Folly' in project 'Pods'
        ➜ Explicit dependency on target 'RCTTypeSafety' in project 'Pods'
        ➜ Explicit dependency on target 'React-Core' in project 'Pods'
        ➜ Explicit dependency on target 'React-NativeModulesApple' in project 'Pods'
        ➜ Explicit dependency on target 'React-RCTFBReactNativeSpec' in project 'Pods'
        ➜ Explicit dependency on target 'React-featureflags' in project 'Pods'
        ➜ Explicit dependency on target 'React-jsi' in project 'Pods'
        ➜ Explicit dependency on target 'React-jsinspectorcdp' in project 'Pods'
        ➜ Explicit dependency on target 'React-jsinspectornetwork' in project 'Pods'
        ➜ Explicit dependency on target 'ReactCommon' in project 'Pods'
        ➜ Explicit dependency on target 'SocketRocket' in project 'Pods'
        ➜ Explicit dependency on target 'boost' in project 'Pods'
        ➜ Explicit dependency on target 'fast_float' in project 'Pods'
        ➜ Explicit dependency on target 'fmt' in project 'Pods'
        ➜ Explicit dependency on target 'glog' in project 'Pods'
    Target 'React-RCTAnimation' in project 'Pods'
        ➜ Explicit dependency on target 'DoubleConversion' in project 'Pods'
        ➜ Explicit dependency on target 'RCT-Folly' in project 'Pods'
        ➜ Explicit dependency on target 'RCTTypeSafety' in project 'Pods'
        ➜ Explicit dependency on target 'React-Core' in project 'Pods'
        ➜ Explicit dependency on target 'React-NativeModulesApple' in project 'Pods'
        ➜ Explicit dependency on target 'React-RCTFBReactNativeSpec' in project 'Pods'
        ➜ Explicit dependency on target 'React-featureflags' in project 'Pods'
        ➜ Explicit dependency on target 'React-jsi' in project 'Pods'
        ➜ Explicit dependency on target 'ReactCommon' in project 'Pods'
        ➜ Explicit dependency on target 'SocketRocket' in project 'Pods'
        ➜ Explicit dependency on target 'boost' in project 'Pods'
        ➜ Explicit dependency on target 'fast_float' in project 'Pods'
        ➜ Explicit dependency on target 'fmt' in project 'Pods'
        ➜ Explicit dependency on target 'glog' in project 'Pods'
    Target 'React-FabricImage' in project 'Pods'
        ➜ Explicit dependency on target 'DoubleConversion' in project 'Pods'
        ➜ Explicit dependency on target 'RCT-Folly' in project 'Pods'
        ➜ Explicit dependency on target 'RCTRequired' in project 'Pods'
        ➜ Explicit dependency on target 'RCTTypeSafety' in project 'Pods'
        ➜ Explicit dependency on target 'React-Fabric' in project 'Pods'
        ➜ Explicit dependency on target 'React-ImageManager' in project 'Pods'
        ➜ Explicit dependency on target 'React-featureflags' in project 'Pods'
        ➜ Explicit dependency on target 'React-graphics' in project 'Pods'
        ➜ Explicit dependency on target 'React-jsi' in project 'Pods'
        ➜ Explicit dependency on target 'React-jsiexecutor' in project 'Pods'
        ➜ Explicit dependency on target 'React-logger' in project 'Pods'
        ➜ Explicit dependency on target 'React-rendererdebug' in project 'Pods'
        ➜ Explicit dependency on target 'React-utils' in project 'Pods'
        ➜ Explicit dependency on target 'ReactCommon' in project 'Pods'
        ➜ Explicit dependency on target 'SocketRocket' in project 'Pods'
        ➜ Explicit dependency on target 'Yoga' in project 'Pods'
        ➜ Explicit dependency on target 'boost' in project 'Pods'
        ➜ Explicit dependency on target 'fast_float' in project 'Pods'
        ➜ Explicit dependency on target 'fmt' in project 'Pods'
        ➜ Explicit dependency on target 'glog' in project 'Pods'
        ➜ Explicit dependency on target 'hermes-engine' in project 'Pods'
    Target 'React-FabricComponents' in project 'Pods'
        ➜ Explicit dependency on target 'DoubleConversion' in project 'Pods'
        ➜ Explicit dependency on target 'RCT-Folly' in project 'Pods'
        ➜ Explicit dependency on target 'RCTRequired' in project 'Pods'
        ➜ Explicit dependency on target 'RCTTypeSafety' in project 'Pods'
        ➜ Explicit dependency on target 'React-Core' in project 'Pods'
        ➜ Explicit dependency on target 'React-Fabric' in project 'Pods'
        ➜ Explicit dependency on target 'React-RCTFBReactNativeSpec' in project 'Pods'
        ➜ Explicit dependency on target 'React-cxxreact' in project 'Pods'
        ➜ Explicit dependency on target 'React-debug' in project 'Pods'
        ➜ Explicit dependency on target 'React-featureflags' in project 'Pods'
        ➜ Explicit dependency on target 'React-graphics' in project 'Pods'
        ➜ Explicit dependency on target 'React-jsi' in project 'Pods'
        ➜ Explicit dependency on target 'React-jsiexecutor' in project 'Pods'
        ➜ Explicit dependency on target 'React-logger' in project 'Pods'
        ➜ Explicit dependency on target 'React-rendererdebug' in project 'Pods'
        ➜ Explicit dependency on target 'React-runtimescheduler' in project 'Pods'
        ➜ Explicit dependency on target 'React-utils' in project 'Pods'
        ➜ Explicit dependency on target 'ReactCommon' in project 'Pods'
        ➜ Explicit dependency on target 'SocketRocket' in project 'Pods'
        ➜ Explicit dependency on target 'Yoga' in project 'Pods'
        ➜ Explicit dependency on target 'boost' in project 'Pods'
        ➜ Explicit dependency on target 'fast_float' in project 'Pods'
        ➜ Explicit dependency on target 'fmt' in project 'Pods'
        ➜ Explicit dependency on target 'glog' in project 'Pods'
        ➜ Explicit dependency on target 'hermes-engine' in project 'Pods'
    Target 'React-RCTFBReactNativeSpec' in project 'Pods'
        ➜ Explicit dependency on target 'DoubleConversion' in project 'Pods'
        ➜ Explicit dependency on target 'RCT-Folly' in project 'Pods'
        ➜ Explicit dependency on target 'RCTRequired' in project 'Pods'
        ➜ Explicit dependency on target 'RCTTypeSafety' in project 'Pods'
        ➜ Explicit dependency on target 'React-Core' in project 'Pods'
        ➜ Explicit dependency on target 'React-Fabric' in project 'Pods'
        ➜ Explicit dependency on target 'React-NativeModulesApple' in project 'Pods'
        ➜ Explicit dependency on target 'React-debug' in project 'Pods'
        ➜ Explicit dependency on target 'React-featureflags' in project 'Pods'
        ➜ Explicit dependency on target 'React-graphics' in project 'Pods'
        ➜ Explicit dependency on target 'React-jsi' in project 'Pods'
        ➜ Explicit dependency on target 'React-rendererdebug' in project 'Pods'
        ➜ Explicit dependency on target 'React-utils' in project 'Pods'
        ➜ Explicit dependency on target 'ReactCommon' in project 'Pods'
        ➜ Explicit dependency on target 'SocketRocket' in project 'Pods'
        ➜ Explicit dependency on target 'Yoga' in project 'Pods'
        ➜ Explicit dependency on target 'boost' in project 'Pods'
        ➜ Explicit dependency on target 'fast_float' in project 'Pods'
        ➜ Explicit dependency on target 'fmt' in project 'Pods'
        ➜ Explicit dependency on target 'glog' in project 'Pods'
        ➜ Explicit dependency on target 'hermes-engine' in project 'Pods'
    Target 'React-NativeModulesApple' in project 'Pods'
        ➜ Explicit dependency on target 'DoubleConversion' in project 'Pods'
        ➜ Explicit dependency on target 'RCT-Folly' in project 'Pods'
        ➜ Explicit dependency on target 'React-Core' in project 'Pods'
        ➜ Explicit dependency on target 'React-callinvoker' in project 'Pods'
        ➜ Explicit dependency on target 'React-cxxreact' in project 'Pods'
        ➜ Explicit dependency on target 'React-featureflags' in project 'Pods'
        ➜ Explicit dependency on target 'React-jsi' in project 'Pods'
        ➜ Explicit dependency on target 'React-jsinspector' in project 'Pods'
        ➜ Explicit dependency on target 'React-jsinspectorcdp' in project 'Pods'
        ➜ Explicit dependency on target 'React-runtimeexecutor' in project 'Pods'
        ➜ Explicit dependency on target 'ReactCommon' in project 'Pods'
        ➜ Explicit dependency on target 'SocketRocket' in project 'Pods'
        ➜ Explicit dependency on target 'boost' in project 'Pods'
        ➜ Explicit dependency on target 'fast_float' in project 'Pods'
        ➜ Explicit dependency on target 'fmt' in project 'Pods'
        ➜ Explicit dependency on target 'glog' in project 'Pods'
        ➜ Explicit dependency on target 'hermes-engine' in project 'Pods'
    Target 'React-ImageManager' in project 'Pods'
        ➜ Explicit dependency on target 'DoubleConversion' in project 'Pods'
        ➜ Explicit dependency on target 'RCT-Folly' in project 'Pods'
        ➜ Explicit dependency on target 'React-Core' in project 'Pods'
        ➜ Explicit dependency on target 'React-Fabric' in project 'Pods'
        ➜ Explicit dependency on target 'React-debug' in project 'Pods'
        ➜ Explicit dependency on target 'React-graphics' in project 'Pods'
        ➜ Explicit dependency on target 'React-rendererdebug' in project 'Pods'
        ➜ Explicit dependency on target 'React-utils' in project 'Pods'
        ➜ Explicit dependency on target 'SocketRocket' in project 'Pods'
        ➜ Explicit dependency on target 'boost' in project 'Pods'
        ➜ Explicit dependency on target 'fast_float' in project 'Pods'
        ➜ Explicit dependency on target 'fmt' in project 'Pods'
        ➜ Explicit dependency on target 'glog' in project 'Pods'
    Target 'React-Fabric' in project 'Pods'
        ➜ Explicit dependency on target 'DoubleConversion' in project 'Pods'
        ➜ Explicit dependency on target 'RCT-Folly' in project 'Pods'
        ➜ Explicit dependency on target 'RCTRequired' in project 'Pods'
        ➜ Explicit dependency on target 'RCTTypeSafety' in project 'Pods'
        ➜ Explicit dependency on target 'React-Core' in project 'Pods'
        ➜ Explicit dependency on target 'React-cxxreact' in project 'Pods'
        ➜ Explicit dependency on target 'React-debug' in project 'Pods'
        ➜ Explicit dependency on target 'React-featureflags' in project 'Pods'
        ➜ Explicit dependency on target 'React-graphics' in project 'Pods'
        ➜ Explicit dependency on target 'React-jsi' in project 'Pods'
        ➜ Explicit dependency on target 'React-jsiexecutor' in project 'Pods'
        ➜ Explicit dependency on target 'React-logger' in project 'Pods'
        ➜ Explicit dependency on target 'React-performancetimeline' in project 'Pods'
        ➜ Explicit dependency on target 'React-rendererconsistency' in project 'Pods'
        ➜ Explicit dependency on target 'React-renderercss' in project 'Pods'
        ➜ Explicit dependency on target 'React-rendererdebug' in project 'Pods'
        ➜ Explicit dependency on target 'React-runtimeexecutor' in project 'Pods'
        ➜ Explicit dependency on target 'React-runtimescheduler' in project 'Pods'
        ➜ Explicit dependency on target 'React-utils' in project 'Pods'
        ➜ Explicit dependency on target 'ReactCommon' in project 'Pods'
        ➜ Explicit dependency on target 'SocketRocket' in project 'Pods'
        ➜ Explicit dependency on target 'Yoga' in project 'Pods'
        ➜ Explicit dependency on target 'boost' in project 'Pods'
        ➜ Explicit dependency on target 'fast_float' in project 'Pods'
        ➜ Explicit dependency on target 'fmt' in project 'Pods'
        ➜ Explicit dependency on target 'glog' in project 'Pods'
        ➜ Explicit dependency on target 'hermes-engine' in project 'Pods'
    Target 'ReactCommon' in project 'Pods'
        ➜ Explicit dependency on target 'DoubleConversion' in project 'Pods'
        ➜ Explicit dependency on target 'RCT-Folly' in project 'Pods'
        ➜ Explicit dependency on target 'React-callinvoker' in project 'Pods'
        ➜ Explicit dependency on target 'React-cxxreact' in project 'Pods'
        ➜ Explicit dependency on target 'React-debug' in project 'Pods'
        ➜ Explicit dependency on target 'React-featureflags' in project 'Pods'
        ➜ Explicit dependency on target 'React-jsi' in project 'Pods'
        ➜ Explicit dependency on target 'React-logger' in project 'Pods'
        ➜ Explicit dependency on target 'React-perflogger' in project 'Pods'
        ➜ Explicit dependency on target 'React-utils' in project 'Pods'
        ➜ Explicit dependency on target 'SocketRocket' in project 'Pods'
        ➜ Explicit dependency on target 'boost' in project 'Pods'
        ➜ Explicit dependency on target 'fast_float' in project 'Pods'
        ➜ Explicit dependency on target 'fmt' in project 'Pods'
        ➜ Explicit dependency on target 'glog' in project 'Pods'
        ➜ Explicit dependency on target 'hermes-engine' in project 'Pods'
    Target 'React-renderercss' in project 'Pods'
        ➜ Explicit dependency on target 'React-debug' in project 'Pods'
        ➜ Explicit dependency on target 'React-utils' in project 'Pods'
    Target 'React-graphics' in project 'Pods'
        ➜ Explicit dependency on target 'DoubleConversion' in project 'Pods'
        ➜ Explicit dependency on target 'RCT-Folly' in project 'Pods'
        ➜ Explicit dependency on target 'React-jsi' in project 'Pods'
        ➜ Explicit dependency on target 'React-jsiexecutor' in project 'Pods'
        ➜ Explicit dependency on target 'React-utils' in project 'Pods'
        ➜ Explicit dependency on target 'SocketRocket' in project 'Pods'
        ➜ Explicit dependency on target 'boost' in project 'Pods'
        ➜ Explicit dependency on target 'fast_float' in project 'Pods'
        ➜ Explicit dependency on target 'fmt' in project 'Pods'
        ➜ Explicit dependency on target 'glog' in project 'Pods'
        ➜ Explicit dependency on target 'hermes-engine' in project 'Pods'
    Target 'RCTTypeSafety' in project 'Pods'
        ➜ Explicit dependency on target 'FBLazyVector' in project 'Pods'
        ➜ Explicit dependency on target 'RCTRequired' in project 'Pods'
        ➜ Explicit dependency on target 'React-Core' in project 'Pods'
    Target 'React-Core' in project 'Pods'
        ➜ Explicit dependency on target 'DoubleConversion' in project 'Pods'
        ➜ Explicit dependency on target 'RCT-Folly' in project 'Pods'
        ➜ Explicit dependency on target 'RCTDeprecation' in project 'Pods'
        ➜ Explicit dependency on target 'React-Core-React-Core_privacy' in project 'Pods'
        ➜ Explicit dependency on target 'React-cxxreact' in project 'Pods'
        ➜ Explicit dependency on target 'React-featureflags' in project 'Pods'
        ➜ Explicit dependency on target 'React-hermes' in project 'Pods'
        ➜ Explicit dependency on target 'React-jsi' in project 'Pods'
        ➜ Explicit dependency on target 'React-jsiexecutor' in project 'Pods'
        ➜ Explicit dependency on target 'React-jsinspector' in project 'Pods'
        ➜ Explicit dependency on target 'React-jsinspectorcdp' in project 'Pods'
        ➜ Explicit dependency on target 'React-jsitooling' in project 'Pods'
        ➜ Explicit dependency on target 'React-perflogger' in project 'Pods'
        ➜ Explicit dependency on target 'React-runtimeexecutor' in project 'Pods'
        ➜ Explicit dependency on target 'React-runtimescheduler' in project 'Pods'
        ➜ Explicit dependency on target 'React-utils' in project 'Pods'
        ➜ Explicit dependency on target 'SocketRocket' in project 'Pods'
        ➜ Explicit dependency on target 'Yoga' in project 'Pods'
        ➜ Explicit dependency on target 'boost' in project 'Pods'
        ➜ Explicit dependency on target 'fast_float' in project 'Pods'
        ➜ Explicit dependency on target 'fmt' in project 'Pods'
        ➜ Explicit dependency on target 'glog' in project 'Pods'
        ➜ Explicit dependency on target 'hermes-engine' in project 'Pods'
    Target 'Yoga' in project 'Pods' (no dependencies)
    Target 'React-runtimescheduler' in project 'Pods'
        ➜ Explicit dependency on target 'DoubleConversion' in project 'Pods'
        ➜ Explicit dependency on target 'RCT-Folly' in project 'Pods'
        ➜ Explicit dependency on target 'React-callinvoker' in project 'Pods'
        ➜ Explicit dependency on target 'React-cxxreact' in project 'Pods'
        ➜ Explicit dependency on target 'React-debug' in project 'Pods'
        ➜ Explicit dependency on target 'React-featureflags' in project 'Pods'
        ➜ Explicit dependency on target 'React-jsi' in project 'Pods'
        ➜ Explicit dependency on target 'React-jsinspectortracing' in project 'Pods'
        ➜ Explicit dependency on target 'React-performancetimeline' in project 'Pods'
        ➜ Explicit dependency on target 'React-rendererconsistency' in project 'Pods'
        ➜ Explicit dependency on target 'React-rendererdebug' in project 'Pods'
        ➜ Explicit dependency on target 'React-runtimeexecutor' in project 'Pods'
        ➜ Explicit dependency on target 'React-timing' in project 'Pods'
        ➜ Explicit dependency on target 'React-utils' in project 'Pods'
        ➜ Explicit dependency on target 'SocketRocket' in project 'Pods'
        ➜ Explicit dependency on target 'boost' in project 'Pods'
        ➜ Explicit dependency on target 'fast_float' in project 'Pods'
        ➜ Explicit dependency on target 'fmt' in project 'Pods'
        ➜ Explicit dependency on target 'glog' in project 'Pods'
        ➜ Explicit dependency on target 'hermes-engine' in project 'Pods'
    Target 'React-rendererdebug' in project 'Pods'
        ➜ Explicit dependency on target 'DoubleConversion' in project 'Pods'
        ➜ Explicit dependency on target 'RCT-Folly' in project 'Pods'
        ➜ Explicit dependency on target 'React-debug' in project 'Pods'
        ➜ Explicit dependency on target 'SocketRocket' in project 'Pods'
        ➜ Explicit dependency on target 'boost' in project 'Pods'
        ➜ Explicit dependency on target 'fast_float' in project 'Pods'
        ➜ Explicit dependency on target 'fmt' in project 'Pods'
        ➜ Explicit dependency on target 'glog' in project 'Pods'
    Target 'React-rendererconsistency' in project 'Pods' (no dependencies)
    Target 'React-jsitooling' in project 'Pods'
        ➜ Explicit dependency on target 'DoubleConversion' in project 'Pods'
        ➜ Explicit dependency on target 'RCT-Folly' in project 'Pods'
        ➜ Explicit dependency on target 'React-cxxreact' in project 'Pods'
        ➜ Explicit dependency on target 'React-jsi' in project 'Pods'
        ➜ Explicit dependency on target 'React-jsinspector' in project 'Pods'
        ➜ Explicit dependency on target 'React-jsinspectorcdp' in project 'Pods'
        ➜ Explicit dependency on target 'React-jsinspectortracing' in project 'Pods'
        ➜ Explicit dependency on target 'React-runtimeexecutor' in project 'Pods'
        ➜ Explicit dependency on target 'SocketRocket' in project 'Pods'
        ➜ Explicit dependency on target 'boost' in project 'Pods'
        ➜ Explicit dependency on target 'fast_float' in project 'Pods'
        ➜ Explicit dependency on target 'fmt' in project 'Pods'
        ➜ Explicit dependency on target 'glog' in project 'Pods'
    Target 'React-hermes' in project 'Pods'
        ➜ Explicit dependency on target 'DoubleConversion' in project 'Pods'
        ➜ Explicit dependency on target 'RCT-Folly' in project 'Pods'
        ➜ Explicit dependency on target 'React-cxxreact' in project 'Pods'
        ➜ Explicit dependency on target 'React-jsi' in project 'Pods'
        ➜ Explicit dependency on target 'React-jsiexecutor' in project 'Pods'
        ➜ Explicit dependency on target 'React-jsinspector' in project 'Pods'
        ➜ Explicit dependency on target 'React-jsinspectorcdp' in project 'Pods'
        ➜ Explicit dependency on target 'React-jsinspectortracing' in project 'Pods'
        ➜ Explicit dependency on target 'React-perflogger' in project 'Pods'
        ➜ Explicit dependency on target 'React-runtimeexecutor' in project 'Pods'
        ➜ Explicit dependency on target 'SocketRocket' in project 'Pods'
        ➜ Explicit dependency on target 'boost' in project 'Pods'
        ➜ Explicit dependency on target 'fast_float' in project 'Pods'
        ➜ Explicit dependency on target 'fmt' in project 'Pods'
        ➜ Explicit dependency on target 'glog' in project 'Pods'
        ➜ Explicit dependency on target 'hermes-engine' in project 'Pods'
    Target 'React-jsiexecutor' in project 'Pods'
        ➜ Explicit dependency on target 'DoubleConversion' in project 'Pods'
        ➜ Explicit dependency on target 'RCT-Folly' in project 'Pods'
        ➜ Explicit dependency on target 'React-cxxreact' in project 'Pods'
        ➜ Explicit dependency on target 'React-jsi' in project 'Pods'
        ➜ Explicit dependency on target 'React-jsinspector' in project 'Pods'
        ➜ Explicit dependency on target 'React-jsinspectorcdp' in project 'Pods'
        ➜ Explicit dependency on target 'React-jsinspectortracing' in project 'Pods'
        ➜ Explicit dependency on target 'React-perflogger' in project 'Pods'
        ➜ Explicit dependency on target 'React-runtimeexecutor' in project 'Pods'
        ➜ Explicit dependency on target 'SocketRocket' in project 'Pods'
        ➜ Explicit dependency on target 'boost' in project 'Pods'
        ➜ Explicit dependency on target 'fast_float' in project 'Pods'
        ➜ Explicit dependency on target 'fmt' in project 'Pods'
        ➜ Explicit dependency on target 'glog' in project 'Pods'
        ➜ Explicit dependency on target 'hermes-engine' in project 'Pods'
    Target 'React-cxxreact' in project 'Pods'
        ➜ Explicit dependency on target 'DoubleConversion' in project 'Pods'
        ➜ Explicit dependency on target 'RCT-Folly' in project 'Pods'
        ➜ Explicit dependency on target 'React-callinvoker' in project 'Pods'
        ➜ Explicit dependency on target 'React-cxxreact-React-cxxreact_privacy' in project 'Pods'
        ➜ Explicit dependency on target 'React-debug' in project 'Pods'
        ➜ Explicit dependency on target 'React-jsi' in project 'Pods'
        ➜ Explicit dependency on target 'React-jsinspector' in project 'Pods'
        ➜ Explicit dependency on target 'React-jsinspectorcdp' in project 'Pods'
        ➜ Explicit dependency on target 'React-jsinspectortracing' in project 'Pods'
        ➜ Explicit dependency on target 'React-logger' in project 'Pods'
        ➜ Explicit dependency on target 'React-perflogger' in project 'Pods'
        ➜ Explicit dependency on target 'React-runtimeexecutor' in project 'Pods'
        ➜ Explicit dependency on target 'React-timing' in project 'Pods'
        ➜ Explicit dependency on target 'SocketRocket' in project 'Pods'
        ➜ Explicit dependency on target 'boost' in project 'Pods'
        ➜ Explicit dependency on target 'fast_float' in project 'Pods'
        ➜ Explicit dependency on target 'fmt' in project 'Pods'
        ➜ Explicit dependency on target 'glog' in project 'Pods'
        ➜ Explicit dependency on target 'hermes-engine' in project 'Pods'
    Target 'React-logger' in project 'Pods'
        ➜ Explicit dependency on target 'DoubleConversion' in project 'Pods'
        ➜ Explicit dependency on target 'RCT-Folly' in project 'Pods'
        ➜ Explicit dependency on target 'SocketRocket' in project 'Pods'
        ➜ Explicit dependency on target 'boost' in project 'Pods'
        ➜ Explicit dependency on target 'fast_float' in project 'Pods'
        ➜ Explicit dependency on target 'fmt' in project 'Pods'
        ➜ Explicit dependency on target 'glog' in project 'Pods'
    Target 'React-jsinspector' in project 'Pods'
        ➜ Explicit dependency on target 'DoubleConversion' in project 'Pods'
        ➜ Explicit dependency on target 'RCT-Folly' in project 'Pods'
        ➜ Explicit dependency on target 'React-featureflags' in project 'Pods'
        ➜ Explicit dependency on target 'React-jsi' in project 'Pods'
        ➜ Explicit dependency on target 'React-jsinspectorcdp' in project 'Pods'
        ➜ Explicit dependency on target 'React-jsinspectornetwork' in project 'Pods'
        ➜ Explicit dependency on target 'React-jsinspectortracing' in project 'Pods'
        ➜ Explicit dependency on target 'React-oscompat' in project 'Pods'
        ➜ Explicit dependency on target 'React-perflogger' in project 'Pods'
        ➜ Explicit dependency on target 'React-runtimeexecutor' in project 'Pods'
        ➜ Explicit dependency on target 'SocketRocket' in project 'Pods'
        ➜ Explicit dependency on target 'boost' in project 'Pods'
        ➜ Explicit dependency on target 'fast_float' in project 'Pods'
        ➜ Explicit dependency on target 'fmt' in project 'Pods'
        ➜ Explicit dependency on target 'glog' in project 'Pods'
        ➜ Explicit dependency on target 'hermes-engine' in project 'Pods'
    Target 'React-runtimeexecutor' in project 'Pods'
        ➜ Explicit dependency on target 'DoubleConversion' in project 'Pods'
        ➜ Explicit dependency on target 'RCT-Folly' in project 'Pods'
        ➜ Explicit dependency on target 'React-debug' in project 'Pods'
        ➜ Explicit dependency on target 'React-featureflags' in project 'Pods'
        ➜ Explicit dependency on target 'React-jsi' in project 'Pods'
        ➜ Explicit dependency on target 'React-utils' in project 'Pods'
        ➜ Explicit dependency on target 'SocketRocket' in project 'Pods'
        ➜ Explicit dependency on target 'boost' in project 'Pods'
        ➜ Explicit dependency on target 'fast_float' in project 'Pods'
        ➜ Explicit dependency on target 'fmt' in project 'Pods'
        ➜ Explicit dependency on target 'glog' in project 'Pods'
    Target 'React-utils' in project 'Pods'
        ➜ Explicit dependency on target 'DoubleConversion' in project 'Pods'
        ➜ Explicit dependency on target 'RCT-Folly' in project 'Pods'
        ➜ Explicit dependency on target 'React-debug' in project 'Pods'
        ➜ Explicit dependency on target 'React-jsi' in project 'Pods'
        ➜ Explicit dependency on target 'SocketRocket' in project 'Pods'
        ➜ Explicit dependency on target 'boost' in project 'Pods'
        ➜ Explicit dependency on target 'fast_float' in project 'Pods'
        ➜ Explicit dependency on target 'fmt' in project 'Pods'
        ➜ Explicit dependency on target 'glog' in project 'Pods'
        ➜ Explicit dependency on target 'hermes-engine' in project 'Pods'
    Target 'React-jsinspectornetwork' in project 'Pods'
        ➜ Explicit dependency on target 'DoubleConversion' in project 'Pods'
        ➜ Explicit dependency on target 'RCT-Folly' in project 'Pods'
        ➜ Explicit dependency on target 'React-featureflags' in project 'Pods'
        ➜ Explicit dependency on target 'React-jsinspectorcdp' in project 'Pods'
        ➜ Explicit dependency on target 'React-performancetimeline' in project 'Pods'
        ➜ Explicit dependency on target 'React-timing' in project 'Pods'
        ➜ Explicit dependency on target 'SocketRocket' in project 'Pods'
        ➜ Explicit dependency on target 'boost' in project 'Pods'
        ➜ Explicit dependency on target 'fast_float' in project 'Pods'
        ➜ Explicit dependency on target 'fmt' in project 'Pods'
        ➜ Explicit dependency on target 'glog' in project 'Pods'
    Target 'React-performancetimeline' in project 'Pods'
        ➜ Explicit dependency on target 'DoubleConversion' in project 'Pods'
        ➜ Explicit dependency on target 'RCT-Folly' in project 'Pods'
        ➜ Explicit dependency on target 'React-featureflags' in project 'Pods'
        ➜ Explicit dependency on target 'React-jsinspectortracing' in project 'Pods'
        ➜ Explicit dependency on target 'React-perflogger' in project 'Pods'
        ➜ Explicit dependency on target 'React-timing' in project 'Pods'
        ➜ Explicit dependency on target 'SocketRocket' in project 'Pods'
        ➜ Explicit dependency on target 'boost' in project 'Pods'
        ➜ Explicit dependency on target 'fast_float' in project 'Pods'
        ➜ Explicit dependency on target 'fmt' in project 'Pods'
        ➜ Explicit dependency on target 'glog' in project 'Pods'
    Target 'React-perflogger' in project 'Pods'
        ➜ Explicit dependency on target 'DoubleConversion' in project 'Pods'
        ➜ Explicit dependency on target 'RCT-Folly' in project 'Pods'
        ➜ Explicit dependency on target 'SocketRocket' in project 'Pods'
        ➜ Explicit dependency on target 'boost' in project 'Pods'
        ➜ Explicit dependency on target 'fast_float' in project 'Pods'
        ➜ Explicit dependency on target 'fmt' in project 'Pods'
        ➜ Explicit dependency on target 'glog' in project 'Pods'
    Target 'React-jsinspectortracing' in project 'Pods'
        ➜ Explicit dependency on target 'DoubleConversion' in project 'Pods'
        ➜ Explicit dependency on target 'RCT-Folly' in project 'Pods'
        ➜ Explicit dependency on target 'React-oscompat' in project 'Pods'
        ➜ Explicit dependency on target 'React-timing' in project 'Pods'
        ➜ Explicit dependency on target 'SocketRocket' in project 'Pods'
        ➜ Explicit dependency on target 'boost' in project 'Pods'
        ➜ Explicit dependency on target 'fast_float' in project 'Pods'
        ➜ Explicit dependency on target 'fmt' in project 'Pods'
        ➜ Explicit dependency on target 'glog' in project 'Pods'
    Target 'React-timing' in project 'Pods'
        ➜ Explicit dependency on target 'React-debug' in project 'Pods'
    Target 'React-oscompat' in project 'Pods' (no dependencies)
    Target 'React-jsinspectorcdp' in project 'Pods'
        ➜ Explicit dependency on target 'DoubleConversion' in project 'Pods'
        ➜ Explicit dependency on target 'RCT-Folly' in project 'Pods'
        ➜ Explicit dependency on target 'SocketRocket' in project 'Pods'
        ➜ Explicit dependency on target 'boost' in project 'Pods'
        ➜ Explicit dependency on target 'fast_float' in project 'Pods'
        ➜ Explicit dependency on target 'fmt' in project 'Pods'
        ➜ Explicit dependency on target 'glog' in project 'Pods'
    Target 'React-featureflags' in project 'Pods'
        ➜ Explicit dependency on target 'DoubleConversion' in project 'Pods'
        ➜ Explicit dependency on target 'RCT-Folly' in project 'Pods'
        ➜ Explicit dependency on target 'SocketRocket' in project 'Pods'
        ➜ Explicit dependency on target 'boost' in project 'Pods'
        ➜ Explicit dependency on target 'fast_float' in project 'Pods'
        ➜ Explicit dependency on target 'fmt' in project 'Pods'
        ➜ Explicit dependency on target 'glog' in project 'Pods'
    Target 'React-jsi' in project 'Pods'
        ➜ Explicit dependency on target 'DoubleConversion' in project 'Pods'
        ➜ Explicit dependency on target 'RCT-Folly' in project 'Pods'
        ➜ Explicit dependency on target 'SocketRocket' in project 'Pods'
        ➜ Explicit dependency on target 'boost' in project 'Pods'
        ➜ Explicit dependency on target 'fast_float' in project 'Pods'
        ➜ Explicit dependency on target 'fmt' in project 'Pods'
        ➜ Explicit dependency on target 'glog' in project 'Pods'
        ➜ Explicit dependency on target 'hermes-engine' in project 'Pods'
    Target 'hermes-engine' in project 'Pods' (no dependencies)
    Target 'SocketRocket' in project 'Pods' (no dependencies)
    Target 'React-debug' in project 'Pods' (no dependencies)
    Target 'React-cxxreact-React-cxxreact_privacy' in project 'Pods' (no dependencies)
    Target 'React-callinvoker' in project 'Pods' (no dependencies)
    Target 'React-Core-React-Core_privacy' in project 'Pods' (no dependencies)
    Target 'RCTDeprecation' in project 'Pods' (no dependencies)
    Target 'FBLazyVector' in project 'Pods' (no dependencies)
    Target 'RCTRequired' in project 'Pods' (no dependencies)
    Target 'RCT-Folly' in project 'Pods'
        ➜ Explicit dependency on target 'DoubleConversion' in project 'Pods'
        ➜ Explicit dependency on target 'RCT-Folly-RCT-Folly_privacy' in project 'Pods'
        ➜ Explicit dependency on target 'boost' in project 'Pods'
        ➜ Explicit dependency on target 'fast_float' in project 'Pods'
        ➜ Explicit dependency on target 'fmt' in project 'Pods'
        ➜ Explicit dependency on target 'glog' in project 'Pods'
    Target 'glog' in project 'Pods'
        ➜ Explicit dependency on target 'glog-glog_privacy' in project 'Pods'
    Target 'glog-glog_privacy' in project 'Pods' (no dependencies)
    Target 'fmt' in project 'Pods' (no dependencies)
    Target 'fast_float' in project 'Pods' (no dependencies)
    Target 'boost' in project 'Pods'
        ➜ Explicit dependency on target 'boost-boost_privacy' in project 'Pods'
    Target 'boost-boost_privacy' in project 'Pods' (no dependencies)
    Target 'RCT-Folly-RCT-Folly_privacy' in project 'Pods' (no dependencies)
    Target 'EXConstants-ExpoConstants_privacy' in project 'Pods' (no dependencies)
    Target 'EXConstants-EXConstants' in project 'Pods' (no dependencies)
    Target 'DoubleConversion' in project 'Pods' (no dependencies)

GatherProvisioningInputs

CreateBuildDescription

ExecuteExternalTool /Applications/Xcode.app/Contents/Developer/Toolchains/XcodeDefault.xctoolchain/usr/bin/clang -v -E -dM -arch arm64 -isysroot /Applications/Xcode.app/Contents/Developer/Platforms/iPhoneSimulator.platform/Developer/SDKs/iPhoneSimulator26.2.sdk -x c++ -c /dev/null

ExecuteExternalTool /Applications/Xcode.app/Contents/Developer/Toolchains/XcodeDefault.xctoolchain/usr/bin/clang -v -E -dM -arch arm64 -isysroot /Applications/Xcode.app/Contents/Developer/Platforms/iPhoneSimulator.platform/Developer/SDKs/iPhoneSimulator26.2.sdk -x objective-c -c /dev/null

ExecuteExternalTool /Applications/Xcode.app/Contents/Developer/Toolchains/XcodeDefault.xctoolchain/usr/bin/clang -v -E -dM -isysroot /Applications/Xcode.app/Contents/Developer/Platforms/iPhoneSimulator.platform/Developer/SDKs/iPhoneSimulator26.2.sdk -x c -c /dev/null

ExecuteExternalTool /Applications/Xcode.app/Contents/Developer/Toolchains/XcodeDefault.xctoolchain/usr/bin/clang -v -E -dM -arch arm64 -isysroot /Applications/Xcode.app/Contents/Developer/Platforms/iPhoneSimulator.platform/Developer/SDKs/iPhoneSimulator26.2.sdk -x objective-c++ -c /dev/null

ExecuteExternalTool /Applications/Xcode.app/Contents/Developer/Toolchains/XcodeDefault.xctoolchain/usr/bin/clang -v -E -dM -arch arm64 -isysroot /Applications/Xcode.app/Contents/Developer/Platforms/iPhoneSimulator.platform/Developer/SDKs/iPhoneSimulator26.2.sdk -x c -c /dev/null

ExecuteExternalTool /Applications/Xcode.app/Contents/Developer/Toolchains/XcodeDefault.xctoolchain/usr/bin/libtool -V

ExecuteExternalTool /Applications/Xcode.app/Contents/Developer/Toolchains/XcodeDefault.xctoolchain/usr/bin/swiftc --version

ExecuteExternalTool /Applications/Xcode.app/Contents/Developer/usr/bin/actool --version --output-format xml1

ExecuteExternalTool /Applications/Xcode.app/Contents/Developer/usr/bin/ibtool --version --output-format xml1

ExecuteExternalTool /Applications/Xcode.app/Contents/Developer/usr/bin/actool --print-asset-tag-combinations --output-format xml1 /Users/zevia/code/ai/sales-recorder/ios/salesrecorder/Images.xcassets

ExecuteExternalTool /Applications/Xcode.app/Contents/Developer/Toolchains/XcodeDefault.xctoolchain/usr/bin/clang -v -E -dM -arch x86_64 -isysroot /Applications/Xcode.app/Contents/Developer/Platforms/iPhoneSimulator.platform/Developer/SDKs/iPhoneSimulator26.2.sdk -x c++ -c /dev/null

ExecuteExternalTool /Applications/Xcode.app/Contents/Developer/Toolchains/XcodeDefault.xctoolchain/usr/bin/clang -v -E -dM -arch x86_64 -isysroot /Applications/Xcode.app/Contents/Developer/Platforms/iPhoneSimulator.platform/Developer/SDKs/iPhoneSimulator26.2.sdk -x objective-c -c /dev/null

ExecuteExternalTool /Applications/Xcode.app/Contents/Developer/Toolchains/XcodeDefault.xctoolchain/usr/bin/clang -v -E -dM -arch x86_64 -isysroot /Applications/Xcode.app/Contents/Developer/Platforms/iPhoneSimulator.platform/Developer/SDKs/iPhoneSimulator26.2.sdk -x objective-c++ -c /dev/null

ExecuteExternalTool /Applications/Xcode.app/Contents/Developer/Toolchains/XcodeDefault.xctoolchain/usr/bin/clang -v -E -dM -arch arm64 -isysroot /Applications/Xcode.app/Contents/Developer/Platforms/iPhoneSimulator.platform/Developer/SDKs/iPhoneSimulator26.2.sdk -x assembler-with-cpp -c /dev/null

ExecuteExternalTool /Applications/Xcode.app/Contents/Developer/Toolchains/XcodeDefault.xctoolchain/usr/bin/clang -v -E -dM -arch x86_64 -isysroot /Applications/Xcode.app/Contents/Developer/Platforms/iPhoneSimulator.platform/Developer/SDKs/iPhoneSimulator26.2.sdk -x c -c /dev/null

ExecuteExternalTool /Applications/Xcode.app/Contents/Developer/Toolchains/XcodeDefault.xctoolchain/usr/bin/ld -version_details

ExecuteExternalTool /Applications/Xcode.app/Contents/Developer/Toolchains/XcodeDefault.xctoolchain/usr/bin/clang -v -E -dM -arch x86_64 -isysroot /Applications/Xcode.app/Contents/Developer/Platforms/iPhoneSimulator.platform/Developer/SDKs/iPhoneSimulator26.2.sdk -x assembler-with-cpp -c /dev/null

Build description signature: ef7d1633d07a0213f1eb051972559fd6
Build description path: /Users/zevia/code/ai/sales-recorder/ios/build/Build/Intermediates.noindex/XCBuildData/ef7d1633d07a0213f1eb051972559fd6.xcbuilddata
ClangStatCache /Applications/Xcode.app/Contents/Developer/Toolchains/XcodeDefault.xctoolchain/usr/bin/clang-stat-cache /Applications/Xcode.app/Contents/Developer/Platforms/iPhoneSimulator.platform/Developer/SDKs/iPhoneSimulator26.2.sdk /Users/zevia/code/ai/sales-recorder/ios/build/SDKStatCaches.noindex/iphonesimulator26.2-23C53-7d00a8b37fbd7999ea79df8ebc024bf0.sdkstatcache
    cd /Users/zevia/code/ai/sales-recorder/ios
    /Applications/Xcode.app/Contents/Developer/Toolchains/XcodeDefault.xctoolchain/usr/bin/clang-stat-cache /Applications/Xcode.app/Contents/Developer/Platforms/iPhoneSimulator.platform/Developer/SDKs/iPhoneSimulator26.2.sdk -o /Users/zevia/code/ai/sales-recorder/ios/build/SDKStatCaches.noindex/iphonesimulator26.2-23C53-7d00a8b37fbd7999ea79df8ebc024bf0.sdkstatcache

CreateBuildDirectory /Users/zevia/code/ai/sales-recorder/ios/build/Build/Products
    cd /Users/zevia/code/ai/sales-recorder/ios
    builtin-create-build-directory /Users/zevia/code/ai/sales-recorder/ios/build/Build/Products

CreateBuildDirectory /Users/zevia/code/ai/sales-recorder/ios/build/Build/Intermediates.noindex
    cd /Users/zevia/code/ai/sales-recorder/ios
    builtin-create-build-directory /Users/zevia/code/ai/sales-recorder/ios/build/Build/Intermediates.noindex

CreateBuildDirectory /Users/zevia/code/ai/sales-recorder/ios/build/Build/Products/Release-iphonesimulator
    cd /Users/zevia/code/ai/sales-recorder/ios
    builtin-create-build-directory /Users/zevia/code/ai/sales-recorder/ios/build/Build/Products/Release-iphonesimulator

CreateBuildDirectory /Users/zevia/code/ai/sales-recorder/ios/build/Build/Intermediates.noindex/ExplicitPrecompiledModules
    cd /Users/zevia/code/ai/sales-recorder/ios
    builtin-create-build-directory /Users/zevia/code/ai/sales-recorder/ios/build/Build/Intermediates.noindex/ExplicitPrecompiledModules

CreateBuildDirectory /Users/zevia/code/ai/sales-recorder/ios/build/Build/Intermediates.noindex/SwiftExplicitPrecompiledModules
    cd /Users/zevia/code/ai/sales-recorder/ios
    builtin-create-build-directory /Users/zevia/code/ai/sales-recorder/ios/build/Build/Intermediates.noindex/SwiftExplicitPrecompiledModules

CreateBuildDirectory /Users/zevia/code/ai/sales-recorder/ios/build/Build/Intermediates.noindex/EagerLinkingTBDs/Release-iphonesimulator
    cd /Users/zevia/code/ai/sales-recorder/ios
    builtin-create-build-directory /Users/zevia/code/ai/sales-recorder/ios/build/Build/Intermediates.noindex/EagerLinkingTBDs/Release-iphonesimulator

WriteAuxiliaryFile /Users/zevia/code/ai/sales-recorder/ios/build/Build/Intermediates.noindex/Pods.build/Release-iphonesimulator/Pods-8699adb1dd336b26511df848a716bd42-VFS-iphonesimulator/all-product-headers.yaml
    cd /Users/zevia/code/ai/sales-recorder/ios
    write-file /Users/zevia/code/ai/sales-recorder/ios/build/Build/Intermediates.noindex/Pods.build/Release-iphonesimulator/Pods-8699adb1dd336b26511df848a716bd42-VFS-iphonesimulator/all-product-headers.yaml

WriteAuxiliaryFile /Users/zevia/code/ai/sales-recorder/ios/build/Build/Intermediates.noindex/salesrecorder.build/Release-iphonesimulator/salesrecorder-9a63263716c347f8333a3cc020e7745c-VFS-iphonesimulator/all-product-headers.yaml
    cd /Users/zevia/code/ai/sales-recorder/ios
    write-file /Users/zevia/code/ai/sales-recorder/ios/build/Build/Intermediates.noindex/salesrecorder.build/Release-iphonesimulator/salesrecorder-9a63263716c347f8333a3cc020e7745c-VFS-iphonesimulator/all-product-headers.yaml

WriteAuxiliaryFile /Users/zevia/code/ai/sales-recorder/ios/build/Build/Intermediates.noindex/Pods.build/Release-iphonesimulator/hermes-engine.build/Script-46EB2E00020CA0.sh (in target 'hermes-engine' from project 'Pods')
    cd /Users/zevia/code/ai/sales-recorder/ios/Pods
    write-file /Users/zevia/code/ai/sales-recorder/ios/build/Build/Intermediates.noindex/Pods.build/Release-iphonesimulator/hermes-engine.build/Script-46EB2E00020CA0.sh

WriteAuxiliaryFile /Users/zevia/code/ai/sales-recorder/ios/build/Build/Intermediates.noindex/Pods.build/Release-iphonesimulator/hermes-engine.build/Script-46EB2E00020C90.sh (in target 'hermes-engine' from project 'Pods')
    cd /Users/zevia/code/ai/sales-recorder/ios/Pods
    write-file /Users/zevia/code/ai/sales-recorder/ios/build/Build/Intermediates.noindex/Pods.build/Release-iphonesimulator/hermes-engine.build/Script-46EB2E00020C90.sh

WriteAuxiliaryFile /Users/zevia/code/ai/sales-recorder/ios/build/Build/Intermediates.noindex/Pods.build/Release-iphonesimulator/hermes-engine.build/OutputFileList-46EB2E00020C90-hermes-engine-xcframeworks-output-files-bf5f76d2a1bac1b63c79a2c575bc4f82-resolved.xcfilelist (in target 'hermes-engine' from project 'Pods')
    cd /Users/zevia/code/ai/sales-recorder/ios/Pods
    write-file /Users/zevia/code/ai/sales-recorder/ios/build/Build/Intermediates.noindex/Pods.build/Release-iphonesimulator/hermes-engine.build/OutputFileList-46EB2E00020C90-hermes-engine-xcframeworks-output-files-bf5f76d2a1bac1b63c79a2c575bc4f82-resolved.xcfilelist

WriteAuxiliaryFile /Users/zevia/code/ai/sales-recorder/ios/build/Build/Intermediates.noindex/Pods.build/Release-iphonesimulator/hermes-engine.build/InputFileList-46EB2E00020C90-hermes-engine-xcframeworks-input-files-8b99cc279101d370a8a6215b494d6cf5-resolved.xcfilelist (in target 'hermes-engine' from project 'Pods')
    cd /Users/zevia/code/ai/sales-recorder/ios/Pods
    write-file /Users/zevia/code/ai/sales-recorder/ios/build/Build/Intermediates.noindex/Pods.build/Release-iphonesimulator/hermes-engine.build/InputFileList-46EB2E00020C90-hermes-engine-xcframeworks-input-files-8b99cc279101d370a8a6215b494d6cf5-resolved.xcfilelist

CreateBuildDirectory /Users/zevia/code/ai/sales-recorder/ios/build/Build/Products/Release-iphonesimulator/hermes-engine
    cd /Users/zevia/code/ai/sales-recorder/ios
    builtin-create-build-directory /Users/zevia/code/ai/sales-recorder/ios/build/Build/Products/Release-iphonesimulator/hermes-engine

CreateBuildDirectory /Users/zevia/code/ai/sales-recorder/ios/build/Build/Products/Release-iphonesimulator/glog
    cd /Users/zevia/code/ai/sales-recorder/ios
    builtin-create-build-directory /Users/zevia/code/ai/sales-recorder/ios/build/Build/Products/Release-iphonesimulator/glog

CreateBuildDirectory /Users/zevia/code/ai/sales-recorder/ios/build/Build/Products/Release-iphonesimulator/fmt
    cd /Users/zevia/code/ai/sales-recorder/ios
    builtin-create-build-directory /Users/zevia/code/ai/sales-recorder/ios/build/Build/Products/Release-iphonesimulator/fmt

CreateBuildDirectory /Users/zevia/code/ai/sales-recorder/ios/build/Build/Products/Release-iphonesimulator/fast_float
    cd /Users/zevia/code/ai/sales-recorder/ios
    builtin-create-build-directory /Users/zevia/code/ai/sales-recorder/ios/build/Build/Products/Release-iphonesimulator/fast_float

CreateBuildDirectory /Users/zevia/code/ai/sales-recorder/ios/build/Build/Products/Release-iphonesimulator/expo-dev-menu-interface
    cd /Users/zevia/code/ai/sales-recorder/ios
    builtin-create-build-directory /Users/zevia/code/ai/sales-recorder/ios/build/Build/Products/Release-iphonesimulator/expo-dev-menu-interface

CreateBuildDirectory /Users/zevia/code/ai/sales-recorder/ios/build/Build/Products/Release-iphonesimulator/expo-dev-menu
    cd /Users/zevia/code/ai/sales-recorder/ios
    builtin-create-build-directory /Users/zevia/code/ai/sales-recorder/ios/build/Build/Products/Release-iphonesimulator/expo-dev-menu

CreateBuildDirectory /Users/zevia/code/ai/sales-recorder/ios/build/Build/Products/Release-iphonesimulator/expo-dev-launcher
    cd /Users/zevia/code/ai/sales-recorder/ios
    builtin-create-build-directory /Users/zevia/code/ai/sales-recorder/ios/build/Build/Products/Release-iphonesimulator/expo-dev-launcher

CreateBuildDirectory /Users/zevia/code/ai/sales-recorder/ios/build/Build/Products/Release-iphonesimulator/expo-dev-client
    cd /Users/zevia/code/ai/sales-recorder/ios
    builtin-create-build-directory /Users/zevia/code/ai/sales-recorder/ios/build/Build/Products/Release-iphonesimulator/expo-dev-client

CreateBuildDirectory /Users/zevia/code/ai/sales-recorder/ios/build/Build/Products/Release-iphonesimulator/boost
    cd /Users/zevia/code/ai/sales-recorder/ios
    builtin-create-build-directory /Users/zevia/code/ai/sales-recorder/ios/build/Build/Products/Release-iphonesimulator/boost

CreateBuildDirectory /Users/zevia/code/ai/sales-recorder/ios/build/Build/Products/Release-iphonesimulator/Yoga
    cd /Users/zevia/code/ai/sales-recorder/ios
    builtin-create-build-directory /Users/zevia/code/ai/sales-recorder/ios/build/Build/Products/Release-iphonesimulator/Yoga

CreateBuildDirectory /Users/zevia/code/ai/sales-recorder/ios/build/Build/Products/Release-iphonesimulator/SocketRocket
    cd /Users/zevia/code/ai/sales-recorder/ios
    builtin-create-build-directory /Users/zevia/code/ai/sales-recorder/ios/build/Build/Products/Release-iphonesimulator/SocketRocket

CreateBuildDirectory /Users/zevia/code/ai/sales-recorder/ios/build/Build/Products/Release-iphonesimulator/ReactCommon
    cd /Users/zevia/code/ai/sales-recorder/ios
    builtin-create-build-directory /Users/zevia/code/ai/sales-recorder/ios/build/Build/Products/Release-iphonesimulator/ReactCommon

CreateBuildDirectory /Users/zevia/code/ai/sales-recorder/ios/build/Build/Products/Release-iphonesimulator/ReactCodegen
    cd /Users/zevia/code/ai/sales-recorder/ios
    builtin-create-build-directory /Users/zevia/code/ai/sales-recorder/ios/build/Build/Products/Release-iphonesimulator/ReactCodegen

CreateBuildDirectory /Users/zevia/code/ai/sales-recorder/ios/build/Build/Products/Release-iphonesimulator/ReactAppDependencyProvider
    cd /Users/zevia/code/ai/sales-recorder/ios
    builtin-create-build-directory /Users/zevia/code/ai/sales-recorder/ios/build/Build/Products/Release-iphonesimulator/ReactAppDependencyProvider

CreateBuildDirectory /Users/zevia/code/ai/sales-recorder/ios/build/Build/Products/Release-iphonesimulator/React-utils
    cd /Users/zevia/code/ai/sales-recorder/ios
    builtin-create-build-directory /Users/zevia/code/ai/sales-recorder/ios/build/Build/Products/Release-iphonesimulator/React-utils

CreateBuildDirectory /Users/zevia/code/ai/sales-recorder/ios/build/Build/Products/Release-iphonesimulator/React-timing
    cd /Users/zevia/code/ai/sales-recorder/ios
    builtin-create-build-directory /Users/zevia/code/ai/sales-recorder/ios/build/Build/Products/Release-iphonesimulator/React-timing

CreateBuildDirectory /Users/zevia/code/ai/sales-recorder/ios/build/Build/Products/Release-iphonesimulator/React-runtimescheduler
    cd /Users/zevia/code/ai/sales-recorder/ios
    builtin-create-build-directory /Users/zevia/code/ai/sales-recorder/ios/build/Build/Products/Release-iphonesimulator/React-runtimescheduler

CreateBuildDirectory /Users/zevia/code/ai/sales-recorder/ios/build/Build/Products/Release-iphonesimulator/React-runtimeexecutor
    cd /Users/zevia/code/ai/sales-recorder/ios
    builtin-create-build-directory /Users/zevia/code/ai/sales-recorder/ios/build/Build/Products/Release-iphonesimulator/React-runtimeexecutor

WriteAuxiliaryFile /Users/zevia/code/ai/sales-recorder/ios/build/Build/Intermediates.noindex/salesrecorder.build/Release-iphonesimulator/salesrecorder.build/salesrecorder.DependencyStaticMetadataFileList (in target 'salesrecorder' from project 'salesrecorder')
    cd /Users/zevia/code/ai/sales-recorder/ios
    write-file /Users/zevia/code/ai/sales-recorder/ios/build/Build/Intermediates.noindex/salesrecorder.build/Release-iphonesimulator/salesrecorder.build/salesrecorder.DependencyStaticMetadataFileList

WriteAuxiliaryFile /Users/zevia/code/ai/sales-recorder/ios/build/Build/Intermediates.noindex/salesrecorder.build/Release-iphonesimulator/salesrecorder.build/salesrecorder.hmap (in target 'salesrecorder' from project 'salesrecorder')
    cd /Users/zevia/code/ai/sales-recorder/ios
    write-file /Users/zevia/code/ai/sales-recorder/ios/build/Build/Intermediates.noindex/salesrecorder.build/Release-iphonesimulator/salesrecorder.build/salesrecorder.hmap

WriteAuxiliaryFile /Users/zevia/code/ai/sales-recorder/ios/build/Build/Intermediates.noindex/salesrecorder.build/Release-iphonesimulator/salesrecorder.build/salesrecorder.DependencyMetadataFileList (in target 'salesrecorder' from project 'salesrecorder')
    cd /Users/zevia/code/ai/sales-recorder/ios
    write-file /Users/zevia/code/ai/sales-recorder/ios/build/Build/Intermediates.noindex/salesrecorder.build/Release-iphonesimulator/salesrecorder.build/salesrecorder.DependencyMetadataFileList

WriteAuxiliaryFile /Users/zevia/code/ai/sales-recorder/ios/build/Build/Intermediates.noindex/salesrecorder.build/Release-iphonesimulator/salesrecorder.build/salesrecorder-own-target-headers.hmap (in target 'salesrecorder' from project 'salesrecorder')
    cd /Users/zevia/code/ai/sales-recorder/ios
    write-file /Users/zevia/code/ai/sales-recorder/ios/build/Build/Intermediates.noindex/salesrecorder.build/Release-iphonesimulator/salesrecorder.build/salesrecorder-own-target-headers.hmap

WriteAuxiliaryFile /Users/zevia/code/ai/sales-recorder/ios/build/Build/Intermediates.noindex/salesrecorder.build/Release-iphonesimulator/salesrecorder.build/salesrecorder-project-headers.hmap (in target 'salesrecorder' from project 'salesrecorder')
    cd /Users/zevia/code/ai/sales-recorder/ios
    write-file /Users/zevia/code/ai/sales-recorder/ios/build/Build/Intermediates.noindex/salesrecorder.build/Release-iphonesimulator/salesrecorder.build/salesrecorder-project-headers.hmap

WriteAuxiliaryFile /Users/zevia/code/ai/sales-recorder/ios/build/Build/Intermediates.noindex/salesrecorder.build/Release-iphonesimulator/salesrecorder.build/salesrecorder-generated-files.hmap (in target 'salesrecorder' from project 'salesrecorder')
    cd /Users/zevia/code/ai/sales-recorder/ios
    write-file /Users/zevia/code/ai/sales-recorder/ios/build/Build/Intermediates.noindex/salesrecorder.build/Release-iphonesimulator/salesrecorder.build/salesrecorder-generated-files.hmap

WriteAuxiliaryFile /Users/zevia/code/ai/sales-recorder/ios/build/Build/Intermediates.noindex/salesrecorder.build/Release-iphonesimulator/salesrecorder.build/salesrecorder-all-target-headers.hmap (in target 'salesrecorder' from project 'salesrecorder')
    cd /Users/zevia/code/ai/sales-recorder/ios
    write-file /Users/zevia/code/ai/sales-recorder/ios/build/Build/Intermediates.noindex/salesrecorder.build/Release-iphonesimulator/salesrecorder.build/salesrecorder-all-target-headers.hmap

WriteAuxiliaryFile /Users/zevia/code/ai/sales-recorder/ios/build/Build/Intermediates.noindex/salesrecorder.build/Release-iphonesimulator/salesrecorder.build/salesrecorder-all-non-framework-target-headers.hmap (in target 'salesrecorder' from project 'salesrecorder')
    cd /Users/zevia/code/ai/sales-recorder/ios
    write-file /Users/zevia/code/ai/sales-recorder/ios/build/Build/Intermediates.noindex/salesrecorder.build/Release-iphonesimulator/salesrecorder.build/salesrecorder-all-non-framework-target-headers.hmap

WriteAuxiliaryFile /Users/zevia/code/ai/sales-recorder/ios/build/Build/Intermediates.noindex/salesrecorder.build/Release-iphonesimulator/salesrecorder.build/Script-F7B32E345A2EE6C34769934A.sh (in target 'salesrecorder' from project 'salesrecorder')
    cd /Users/zevia/code/ai/sales-recorder/ios
    write-file /Users/zevia/code/ai/sales-recorder/ios/build/Build/Intermediates.noindex/salesrecorder.build/Release-iphonesimulator/salesrecorder.build/Script-F7B32E345A2EE6C34769934A.sh

WriteAuxiliaryFile /Users/zevia/code/ai/sales-recorder/ios/build/Build/Intermediates.noindex/salesrecorder.build/Release-iphonesimulator/salesrecorder.build/Script-EDF50110D4577F472CEE5AEB.sh (in target 'salesrecorder' from project 'salesrecorder')
    cd /Users/zevia/code/ai/sales-recorder/ios
    write-file /Users/zevia/code/ai/sales-recorder/ios/build/Build/Intermediates.noindex/salesrecorder.build/Release-iphonesimulator/salesrecorder.build/Script-EDF50110D4577F472CEE5AEB.sh

WriteAuxiliaryFile /Users/zevia/code/ai/sales-recorder/ios/build/Build/Intermediates.noindex/salesrecorder.build/Release-iphonesimulator/salesrecorder.build/Script-800E24972A6A228C8D4807E9.sh (in target 'salesrecorder' from project 'salesrecorder')
    cd /Users/zevia/code/ai/sales-recorder/ios
    write-file /Users/zevia/code/ai/sales-recorder/ios/build/Build/Intermediates.noindex/salesrecorder.build/Release-iphonesimulator/salesrecorder.build/Script-800E24972A6A228C8D4807E9.sh

WriteAuxiliaryFile /Users/zevia/code/ai/sales-recorder/ios/build/Build/Intermediates.noindex/salesrecorder.build/Release-iphonesimulator/salesrecorder.build/Script-08A4A3CD28434E44B6B9DE2E.sh (in target 'salesrecorder' from project 'salesrecorder')
    cd /Users/zevia/code/ai/sales-recorder/ios
    write-file /Users/zevia/code/ai/sales-recorder/ios/build/Build/Intermediates.noindex/salesrecorder.build/Release-iphonesimulator/salesrecorder.build/Script-08A4A3CD28434E44B6B9DE2E.sh

WriteAuxiliaryFile /Users/zevia/code/ai/sales-recorder/ios/build/Build/Intermediates.noindex/salesrecorder.build/Release-iphonesimulator/salesrecorder.build/Script-00DD1BFF1BD5951E006B06BC.sh (in target 'salesrecorder' from project 'salesrecorder')
    cd /Users/zevia/code/ai/sales-recorder/ios
    write-file /Users/zevia/code/ai/sales-recorder/ios/build/Build/Intermediates.noindex/salesrecorder.build/Release-iphonesimulator/salesrecorder.build/Script-00DD1BFF1BD5951E006B06BC.sh

WriteAuxiliaryFile /Users/zevia/code/ai/sales-recorder/ios/build/Build/Intermediates.noindex/salesrecorder.build/Release-iphonesimulator/salesrecorder.build/Objects-normal/x86_64/salesrecorder_const_extract_protocols.json (in target 'salesrecorder' from project 'salesrecorder')
    cd /Users/zevia/code/ai/sales-recorder/ios
    write-file /Users/zevia/code/ai/sales-recorder/ios/build/Build/Intermediates.noindex/salesrecorder.build/Release-iphonesimulator/salesrecorder.build/Objects-normal/x86_64/salesrecorder_const_extract_protocols.json

WriteAuxiliaryFile /Users/zevia/code/ai/sales-recorder/ios/build/Build/Intermediates.noindex/salesrecorder.build/Release-iphonesimulator/salesrecorder.build/Objects-normal/x86_64/salesrecorder.SwiftFileList (in target 'salesrecorder' from project 'salesrecorder')
    cd /Users/zevia/code/ai/sales-recorder/ios
    write-file /Users/zevia/code/ai/sales-recorder/ios/build/Build/Intermediates.noindex/salesrecorder.build/Release-iphonesimulator/salesrecorder.build/Objects-normal/x86_64/salesrecorder.SwiftFileList

WriteAuxiliaryFile /Users/zevia/code/ai/sales-recorder/ios/build/Build/Intermediates.noindex/salesrecorder.build/Release-iphonesimulator/salesrecorder.build/Objects-normal/x86_64/salesrecorder.SwiftConstValuesFileList (in target 'salesrecorder' from project 'salesrecorder')
    cd /Users/zevia/code/ai/sales-recorder/ios
    write-file /Users/zevia/code/ai/sales-recorder/ios/build/Build/Intermediates.noindex/salesrecorder.build/Release-iphonesimulator/salesrecorder.build/Objects-normal/x86_64/salesrecorder.SwiftConstValuesFileList

WriteAuxiliaryFile /Users/zevia/code/ai/sales-recorder/ios/build/Build/Intermediates.noindex/salesrecorder.build/Release-iphonesimulator/salesrecorder.build/Objects-normal/x86_64/salesrecorder.LinkFileList (in target 'salesrecorder' from project 'salesrecorder')
    cd /Users/zevia/code/ai/sales-recorder/ios
    write-file /Users/zevia/code/ai/sales-recorder/ios/build/Build/Intermediates.noindex/salesrecorder.build/Release-iphonesimulator/salesrecorder.build/Objects-normal/x86_64/salesrecorder.LinkFileList

WriteAuxiliaryFile /Users/zevia/code/ai/sales-recorder/ios/build/Build/Intermediates.noindex/salesrecorder.build/Release-iphonesimulator/salesrecorder.build/Objects-normal/x86_64/salesrecorder-OutputFileMap.json (in target 'salesrecorder' from project 'salesrecorder')
    cd /Users/zevia/code/ai/sales-recorder/ios
    write-file /Users/zevia/code/ai/sales-recorder/ios/build/Build/Intermediates.noindex/salesrecorder.build/Release-iphonesimulator/salesrecorder.build/Objects-normal/x86_64/salesrecorder-OutputFileMap.json

WriteAuxiliaryFile /Users/zevia/code/ai/sales-recorder/ios/build/Build/Intermediates.noindex/salesrecorder.build/Release-iphonesimulator/salesrecorder.build/Objects-normal/x86_64/7187679823f38a2a940e0043cdf9d637-common-args.resp (in target 'salesrecorder' from project 'salesrecorder')
    cd /Users/zevia/code/ai/sales-recorder/ios
    write-file /Users/zevia/code/ai/sales-recorder/ios/build/Build/Intermediates.noindex/salesrecorder.build/Release-iphonesimulator/salesrecorder.build/Objects-normal/x86_64/7187679823f38a2a940e0043cdf9d637-common-args.resp
-target x86_64-apple-ios15.1-simulator '-std=gnu99' -fmodules -gmodules '-fmodules-cache-path=/Users/zevia/code/ai/sales-recorder/ios/build/ModuleCache.noindex' -fpascal-strings -Os -fno-common '-DCOCOAPODS=1' -isysroot /Applications/Xcode.app/Contents/Developer/Platforms/iPhoneSimulator.platform/Developer/SDKs/iPhoneSimulator26.2.sdk -fasm-blocks -g '-fvisibility=hidden' -iquote /Users/zevia/code/ai/sales-recorder/ios/build/Build/Intermediates.noindex/salesrecorder.build/Release-iphonesimulator/salesrecorder.build/salesrecorder-generated-files.hmap -I/Users/zevia/code/ai/sales-recorder/ios/build/Build/Intermediates.noindex/salesrecorder.build/Release-iphonesimulator/salesrecorder.build/salesrecorder-own-target-headers.hmap -I/Users/zevia/code/ai/sales-recorder/ios/build/Build/Intermediates.noindex/salesrecorder.build/Release-iphonesimulator/salesrecorder.build/salesrecorder-all-non-framework-target-headers.hmap -ivfsoverlay /Users/zevia/code/ai/sales-recorder/ios/build/Build/Intermediates.noindex/salesrecorder.build/Release-iphonesimulator/salesrecorder-9a63263716c347f8333a3cc020e7745c-VFS-iphonesimulator/all-product-headers.yaml -iquote /Users/zevia/code/ai/sales-recorder/ios/build/Build/Intermediates.noindex/salesrecorder.build/Release-iphonesimulator/salesrecorder.build/salesrecorder-project-headers.hmap -I/Users/zevia/code/ai/sales-recorder/ios/build/Build/Products/Release-iphonesimulator/include -I/Users/zevia/code/ai/sales-recorder/ios/Pods/Headers/Public -I/Users/zevia/code/ai/sales-recorder/ios/Pods/Headers/Public/DoubleConversion -I/Users/zevia/code/ai/sales-recorder/ios/Pods/Headers/Public/EXConstants -I/Users/zevia/code/ai/sales-recorder/ios/Pods/Headers/Public/EXJSONUtils -I/Users/zevia/code/ai/sales-recorder/ios/Pods/Headers/Public/Expo -I/Users/zevia/code/ai/sales-recorder/ios/Pods/Headers/Public/ExpoFileSystem -I/Users/zevia/code/ai/sales-recorder/ios/Pods/Headers/Public/ExpoModulesCore -I/Users/zevia/code/ai/sales-recorder/ios/Pods/Headers/Public/FBLazyVector -I/Users/zevia/code/ai/sales-recorder/ios/Pods/Headers/Public/RCT-Folly -I/Users/zevia/code/ai/sales-recorder/ios/Pods/Headers/Public/RCTDeprecation -I/Users/zevia/code/ai/sales-recorder/ios/Pods/Headers/Public/RCTRequired -I/Users/zevia/code/ai/sales-recorder/ios/Pods/Headers/Public/RCTTypeSafety -I/Users/zevia/code/ai/sales-recorder/ios/Pods/Headers/Public/React-Core -I/Users/zevia/code/ai/sales-recorder/ios/Pods/Headers/Public/React-Fabric -I/Users/zevia/code/ai/sales-recorder/ios/Pods/Headers/Public/React-FabricComponents -I/Users/zevia/code/ai/sales-recorder/ios/Pods/Headers/Public/React-FabricImage -I/Users/zevia/code/ai/sales-recorder/ios/Pods/Headers/Public/React-ImageManager -I/Users/zevia/code/ai/sales-recorder/ios/Pods/Headers/Public/React-Mapbuffer -I/Users/zevia/code/ai/sales-recorder/ios/Pods/Headers/Public/React-NativeModulesApple -I/Users/zevia/code/ai/sales-recorder/ios/Pods/Headers/Public/React-RCTAnimation -I/Users/zevia/code/ai/sales-recorder/ios/Pods/Headers/Public/React-RCTAppDelegate -I/Users/zevia/code/ai/sales-recorder/ios/Pods/Headers/Public/React-RCTBlob -I/Users/zevia/code/ai/sales-recorder/ios/Pods/Headers/Public/React-RCTFBReactNativeSpec -I/Users/zevia/code/ai/sales-recorder/ios/Pods/Headers/Public/React-RCTFabric -I/Users/zevia/code/ai/sales-recorder/ios/Pods/Headers/Public/React-RCTRuntime -I/Users/zevia/code/ai/sales-recorder/ios/Pods/Headers/Public/React-RCTText -I/Users/zevia/code/ai/sales-recorder/ios/Pods/Headers/Public/React-RuntimeApple -I/Users/zevia/code/ai/sales-recorder/ios/Pods/Headers/Public/React-RuntimeCore -I/Users/zevia/code/ai/sales-recorder/ios/Pods/Headers/Public/React-RuntimeHermes -I/Users/zevia/code/ai/sales-recorder/ios/Pods/Headers/Public/React-callinvoker -I/Users/zevia/code/ai/sales-recorder/ios/Pods/Headers/Public/React-cxxreact -I/Users/zevia/code/ai/sales-recorder/ios/Pods/Headers/Public/React-debug -I/Users/zevia/code/ai/sales-recorder/ios/Pods/Headers/Public/React-defaultsnativemodule -I/Users/zevia/code/ai/sales-recorder/ios/Pods/Headers/Public/React-domnativemodule -I/Users/zevia/code/ai/sales-recorder/ios/Pods/Headers/Public/React-featureflags -I/Users/zevia/code/ai/sales-recorder/ios/Pods/Headers/Public/React-featureflagsnativemodule -I/Users/zevia/code/ai/sales-recorder/ios/Pods/Headers/Public/React-graphics -I/Users/zevia/code/ai/sales-recorder/ios/Pods/Headers/Public/React-hermes -I/Users/zevia/code/ai/sales-recorder/ios/Pods/Headers/Public/React-idlecallbacksnativemodule -I/Users/zevia/code/ai/sales-recorder/ios/Pods/Headers/Public/React-jserrorhandler -I/Users/zevia/code/ai/sales-recorder/ios/Pods/Headers/Public/React-jsi -I/Users/zevia/code/ai/sales-recorder/ios/Pods/Headers/Public/React-jsiexecutor -I/Users/zevia/code/ai/sales-recorder/ios/Pods/Headers/Public/React-jsinspector -I/Users/zevia/code/ai/sales-recorder/ios/Pods/Headers/Public/React-jsinspectorcdp -I/Users/zevia/code/ai/sales-recorder/ios/Pods/Headers/Public/React-jsinspectornetwork -I/Users/zevia/code/ai/sales-recorder/ios/Pods/Headers/Public/React-jsinspectortracing -I/Users/zevia/code/ai/sales-recorder/ios/Pods/Headers/Public/React-jsitooling -I/Users/zevia/code/ai/sales-recorder/ios/Pods/Headers/Public/React-logger -I/Users/zevia/code/ai/sales-recorder/ios/Pods/Headers/Public/React-microtasksnativemodule -I/Users/zevia/code/ai/sales-recorder/ios/Pods/Headers/Public/React-oscompat -I/Users/zevia/code/ai/sales-recorder/ios/Pods/Headers/Public/React-perflogger -I/Users/zevia/code/ai/sales-recorder/ios/Pods/Headers/Public/React-performancetimeline -I/Users/zevia/code/ai/sales-recorder/ios/Pods/Headers/Public/React-rendererconsistency -I/Users/zevia/code/ai/sales-recorder/ios/Pods/Headers/Public/React-renderercss -I/Users/zevia/code/ai/sales-recorder/ios/Pods/Headers/Public/React-rendererdebug -I/Users/zevia/code/ai/sales-recorder/ios/Pods/Headers/Public/React-runtimeexecutor -I/Users/zevia/code/ai/sales-recorder/ios/Pods/Headers/Public/React-runtimescheduler -I/Users/zevia/code/ai/sales-recorder/ios/Pods/Headers/Public/React-timing -I/Users/zevia/code/ai/sales-recorder/ios/Pods/Headers/Public/React-utils -I/Users/zevia/code/ai/sales-recorder/ios/Pods/Headers/Public/ReactAppDependencyProvider -I/Users/zevia/code/ai/sales-recorder/ios/Pods/Headers/Public/ReactCodegen -I/Users/zevia/code/ai/sales-recorder/ios/Pods/Headers/Public/ReactCommon -I/Users/zevia/code/ai/sales-recorder/ios/Pods/Headers/Public/SocketRocket -I/Users/zevia/code/ai/sales-recorder/ios/Pods/Headers/Public/Yoga -I/Users/zevia/code/ai/sales-recorder/ios/Pods/Headers/Public/boost -I/Users/zevia/code/ai/sales-recorder/ios/Pods/Headers/Public/expo-dev-launcher -I/Users/zevia/code/ai/sales-recorder/ios/Pods/Headers/Public/expo-dev-menu -I/Users/zevia/code/ai/sales-recorder/ios/Pods/Headers/Public/fast_float -I/Users/zevia/code/ai/sales-recorder/ios/Pods/Headers/Public/fmt -I/Users/zevia/code/ai/sales-recorder/ios/Pods/Headers/Public/glog -I/Users/zevia/code/ai/sales-recorder/ios/Pods/Headers/Public/hermes-engine -I/Users/zevia/code/ai/sales-recorder/ios/Pods/DoubleConversion '-I/Users/zevia/code/ai/sales-recorder/ios/build/Build/Products/Release-iphonesimulator/EXManifests/Swift Compatibility Header' '-I/Users/zevia/code/ai/sales-recorder/ios/build/Build/Products/Release-iphonesimulator/EXUpdatesInterface/Swift Compatibility Header' '-I/Users/zevia/code/ai/sales-recorder/ios/build/Build/Products/Release-iphonesimulator/Expo/Swift Compatibility Header' -I/Users/zevia/code/ai/sales-recorder/ios/Pods/Headers/Private/Yoga '-I/Users/zevia/code/ai/sales-recorder/ios/build/Build/Products/Release-iphonesimulator/ExpoModulesCore/Swift Compatibility Header' -I/Users/zevia/code/ai/sales-recorder/ios/Pods/Headers/Private/Yoga -I/Users/zevia/code/ai/sales-recorder/ios/Pods/boost -I/Users/zevia/code/ai/sales-recorder/ios/Pods/Headers/Private/React-Core -I/Users/zevia/code/ai/sales-recorder/ios/Pods/Headers/Private/React-Core -I/Users/zevia/code/ai/sales-recorder/ios/Pods/Headers/Private/Yoga '-I/Users/zevia/code/ai/sales-recorder/ios/build/Build/Products/Release-iphonesimulator/expo-dev-menu-interface/Swift Compatibility Header' -I/Users/zevia/code/ai/sales-recorder/ios/build/Build/Intermediates.noindex/salesrecorder.build/Release-iphonesimulator/salesrecorder.build/DerivedSources-normal/x86_64 -I/Users/zevia/code/ai/sales-recorder/ios/build/Build/Intermediates.noindex/salesrecorder.build/Release-iphonesimulator/salesrecorder.build/DerivedSources/x86_64 -I/Users/zevia/code/ai/sales-recorder/ios/build/Build/Intermediates.noindex/salesrecorder.build/Release-iphonesimulator/salesrecorder.build/DerivedSources -F/Users/zevia/code/ai/sales-recorder/ios/build/Build/Products/Release-iphonesimulator -F/Users/zevia/code/ai/sales-recorder/ios/Pods/hermes-engine/destroot/Library/Frameworks/universal -F/Users/zevia/code/ai/sales-recorder/ios/build/Build/Products/Release-iphonesimulator/XCFrameworkIntermediates/hermes-engine/Pre-built '-fmodule-map-file=/Users/zevia/code/ai/sales-recorder/ios/build/Build/Products/Release-iphonesimulator/EXConstants/EXConstants.modulemap' '-fmodule-map-file=/Users/zevia/code/ai/sales-recorder/ios/build/Build/Products/Release-iphonesimulator/EXManifests/EXManifests.modulemap' '-fmodule-map-file=/Users/zevia/code/ai/sales-recorder/ios/build/Build/Products/Release-iphonesimulator/EXUpdatesInterface/EXUpdatesInterface.modulemap' '-fmodule-map-file=/Users/zevia/code/ai/sales-recorder/ios/build/Build/Products/Release-iphonesimulator/Expo/Expo.modulemap' '-fmodule-map-file=/Users/zevia/code/ai/sales-recorder/ios/build/Build/Products/Release-iphonesimulator/ExpoAsset/ExpoAsset.modulemap' '-fmodule-map-file=/Users/zevia/code/ai/sales-recorder/ios/build/Build/Products/Release-iphonesimulator/ExpoFileSystem/ExpoFileSystem.modulemap' '-fmodule-map-file=/Users/zevia/code/ai/sales-recorder/ios/build/Build/Products/Release-iphonesimulator/ExpoFont/ExpoFont.modulemap' '-fmodule-map-file=/Users/zevia/code/ai/sales-recorder/ios/build/Build/Products/Release-iphonesimulator/ExpoKeepAwake/ExpoKeepAwake.modulemap' '-fmodule-map-file=/Users/zevia/code/ai/sales-recorder/ios/build/Build/Products/Release-iphonesimulator/ExpoModulesCore/ExpoModulesCore.modulemap' '-fmodule-map-file=/Users/zevia/code/ai/sales-recorder/ios/build/Build/Products/Release-iphonesimulator/expo-dev-menu-interface/EXDevMenuInterface.modulemap' '-fmodule-map-file=/Users/zevia/code/ai/sales-recorder/ios/Pods/Headers/Public/DoubleConversion/DoubleConversion.modulemap' '-fmodule-map-file=/Users/zevia/code/ai/sales-recorder/ios/Pods/Headers/Public/EXJSONUtils/EXJSONUtils.modulemap' '-fmodule-map-file=/Users/zevia/code/ai/sales-recorder/ios/Pods/Headers/Public/RCTDeprecation/RCTDeprecation.modulemap' '-fmodule-map-file=/Users/zevia/code/ai/sales-recorder/ios/Pods/Headers/Public/RCTFabric/React-RCTFabric.modulemap' '-fmodule-map-file=/Users/zevia/code/ai/sales-recorder/ios/Pods/Headers/Public/RCTImage/React-RCTImage.modulemap' '-fmodule-map-file=/Users/zevia/code/ai/sales-recorder/ios/Pods/Headers/Public/RCTRuntime/React-RCTRuntime.modulemap' '-fmodule-map-file=/Users/zevia/code/ai/sales-recorder/ios/Pods/Headers/Public/RCTTypeSafety/RCTTypeSafety.modulemap' '-fmodule-map-file=/Users/zevia/code/ai/sales-recorder/ios/Pods/Headers/Public/React/React-Core.modulemap' '-fmodule-map-file=/Users/zevia/code/ai/sales-recorder/ios/Pods/Headers/Public/ReactAppDependencyProvider/ReactAppDependencyProvider.modulemap' '-fmodule-map-file=/Users/zevia/code/ai/sales-recorder/ios/Pods/Headers/Public/ReactCodegen/ReactCodegen.modulemap' '-fmodule-map-file=/Users/zevia/code/ai/sales-recorder/ios/Pods/Headers/Public/ReactCommon/ReactCommon.modulemap' '-fmodule-map-file=/Users/zevia/code/ai/sales-recorder/ios/Pods/Headers/Public/React_Fabric/React-Fabric.modulemap' '-fmodule-map-file=/Users/zevia/code/ai/sales-recorder/ios/Pods/Headers/Public/React_FabricComponents/React-FabricComponents.modulemap' '-fmodule-map-file=/Users/zevia/code/ai/sales-recorder/ios/Pods/Headers/Public/React_NativeModulesApple/React-NativeModulesApple.modulemap' '-fmodule-map-file=/Users/zevia/code/ai/sales-recorder/ios/Pods/Headers/Public/React_RCTAppDelegate/React-RCTAppDelegate.modulemap' '-fmodule-map-file=/Users/zevia/code/ai/sales-recorder/ios/Pods/Headers/Public/React_runtimeexecutor/React-runtimeexecutor.modulemap' '-fmodule-map-file=/Users/zevia/code/ai/sales-recorder/ios/Pods/Headers/Public/SocketRocket/SocketRocket.modulemap' '-fmodule-map-file=/Users/zevia/code/ai/sales-recorder/ios/Pods/Headers/Public/fmt/fmt.modulemap' '-fmodule-map-file=/Users/zevia/code/ai/sales-recorder/ios/Pods/Headers/Public/folly/RCT-Folly.modulemap' '-fmodule-map-file=/Users/zevia/code/ai/sales-recorder/ios/Pods/Headers/Public/glog/glog.modulemap' '-fmodule-map-file=/Users/zevia/code/ai/sales-recorder/ios/Pods/Headers/Public/jsi/React-jsi.modulemap' '-fmodule-map-file=/Users/zevia/code/ai/sales-recorder/ios/Pods/Headers/Public/jsinspector_modern/React-jsinspector.modulemap' '-fmodule-map-file=/Users/zevia/code/ai/sales-recorder/ios/Pods/Headers/Public/jsinspector_modern_cdp/React-jsinspectorcdp.modulemap' '-fmodule-map-file=/Users/zevia/code/ai/sales-recorder/ios/Pods/Headers/Public/jsinspector_modern_network/React-jsinspectornetwork.modulemap' '-fmodule-map-file=/Users/zevia/code/ai/sales-recorder/ios/Pods/Headers/Public/jsinspector_modern_tracing/React-jsinspectortracing.modulemap' '-fmodule-map-file=/Users/zevia/code/ai/sales-recorder/ios/Pods/Headers/Public/react_debug/React-debug.modulemap' '-fmodule-map-file=/Users/zevia/code/ai/sales-recorder/ios/Pods/Headers/Public/react_featureflags/React-featureflags.modulemap' '-fmodule-map-file=/Users/zevia/code/ai/sales-recorder/ios/Pods/Headers/Public/react_nativemodule_defaults/React-defaultsnativemodule.modulemap' '-fmodule-map-file=/Users/zevia/code/ai/sales-recorder/ios/Pods/Headers/Public/react_nativemodule_dom/React-domnativemodule.modulemap' '-fmodule-map-file=/Users/zevia/code/ai/sales-recorder/ios/Pods/Headers/Public/react_nativemodule_featureflags/React-featureflagsnativemodule.modulemap' '-fmodule-map-file=/Users/zevia/code/ai/sales-recorder/ios/Pods/Headers/Public/react_nativemodule_idlecallbacks/React-idlecallbacksnativemodule.modulemap' '-fmodule-map-file=/Users/zevia/code/ai/sales-recorder/ios/Pods/Headers/Public/react_nativemodule_microtasks/React-microtasksnativemodule.modulemap' '-fmodule-map-file=/Users/zevia/code/ai/sales-recorder/ios/Pods/Headers/Public/react_renderer_css/React-renderercss.modulemap' '-fmodule-map-file=/Users/zevia/code/ai/sales-recorder/ios/Pods/Headers/Public/react_renderer_debug/React-rendererdebug.modulemap' '-fmodule-map-file=/Users/zevia/code/ai/sales-recorder/ios/Pods/Headers/Public/react_renderer_graphics/React-graphics.modulemap' '-fmodule-map-file=/Users/zevia/code/ai/sales-recorder/ios/Pods/Headers/Public/react_renderer_imagemanager/React-ImageManager.modulemap' '-fmodule-map-file=/Users/zevia/code/ai/sales-recorder/ios/Pods/Headers/Public/react_runtime/React-jsitooling.modulemap' '-fmodule-map-file=/Users/zevia/code/ai/sales-recorder/ios/Pods/Headers/Public/react_utils/React-utils.modulemap' '-fmodule-map-file=/Users/zevia/code/ai/sales-recorder/ios/Pods/Headers/Public/reacthermes/React-hermes.modulemap' '-fmodule-map-file=/Users/zevia/code/ai/sales-recorder/ios/Pods/Headers/Public/yoga/Yoga.modulemap' -DNDEBUG

WriteAuxiliaryFile /Users/zevia/code/ai/sales-recorder/ios/build/Build/Intermediates.noindex/salesrecorder.build/Release-iphonesimulator/salesrecorder.build/Objects-normal/arm64/salesrecorder.LinkFileList (in target 'salesrecorder' from project 'salesrecorder')
    cd /Users/zevia/code/ai/sales-recorder/ios
    write-file /Users/zevia/code/ai/sales-recorder/ios/build/Build/Intermediates.noindex/salesrecorder.build/Release-iphonesimulator/salesrecorder.build/Objects-normal/arm64/salesrecorder.LinkFileList

WriteAuxiliaryFile /Users/zevia/code/ai/sales-recorder/ios/build/Build/Intermediates.noindex/salesrecorder.build/Release-iphonesimulator/salesrecorder.build/Objects-normal/arm64/salesrecorder.SwiftFileList (in target 'salesrecorder' from project 'salesrecorder')
    cd /Users/zevia/code/ai/sales-recorder/ios
    write-file /Users/zevia/code/ai/sales-recorder/ios/build/Build/Intermediates.noindex/salesrecorder.build/Release-iphonesimulator/salesrecorder.build/Objects-normal/arm64/salesrecorder.SwiftFileList

WriteAuxiliaryFile /Users/zevia/code/ai/sales-recorder/ios/build/Build/Intermediates.noindex/salesrecorder.build/Release-iphonesimulator/salesrecorder.build/Objects-normal/arm64/salesrecorder.SwiftConstValuesFileList (in target 'salesrecorder' from project 'salesrecorder')
    cd /Users/zevia/code/ai/sales-recorder/ios
    write-file /Users/zevia/code/ai/sales-recorder/ios/build/Build/Intermediates.noindex/salesrecorder.build/Release-iphonesimulator/salesrecorder.build/Objects-normal/arm64/salesrecorder.SwiftConstValuesFileList

WriteAuxiliaryFile /Users/zevia/code/ai/sales-recorder/ios/build/Build/Intermediates.noindex/salesrecorder.build/Release-iphonesimulator/salesrecorder.build/Objects-normal/arm64/salesrecorder_const_extract_protocols.json (in target 'salesrecorder' from project 'salesrecorder')
    cd /Users/zevia/code/ai/sales-recorder/ios
    write-file /Users/zevia/code/ai/sales-recorder/ios/build/Build/Intermediates.noindex/salesrecorder.build/Release-iphonesimulator/salesrecorder.build/Objects-normal/arm64/salesrecorder_const_extract_protocols.json

WriteAuxiliaryFile /Users/zevia/code/ai/sales-recorder/ios/build/Build/Intermediates.noindex/salesrecorder.build/Release-iphonesimulator/salesrecorder.build/Objects-normal/arm64/salesrecorder-OutputFileMap.json (in target 'salesrecorder' from project 'salesrecorder')
    cd /Users/zevia/code/ai/sales-recorder/ios
    write-file /Users/zevia/code/ai/sales-recorder/ios/build/Build/Intermediates.noindex/salesrecorder.build/Release-iphonesimulator/salesrecorder.build/Objects-normal/arm64/salesrecorder-OutputFileMap.json

WriteAuxiliaryFile /Users/zevia/code/ai/sales-recorder/ios/build/Build/Intermediates.noindex/salesrecorder.build/Release-iphonesimulator/salesrecorder.build/Objects-normal/arm64/7187679823f38a2a940e0043cdf9d637-common-args.resp (in target 'salesrecorder' from project 'salesrecorder')
    cd /Users/zevia/code/ai/sales-recorder/ios
    write-file /Users/zevia/code/ai/sales-recorder/ios/build/Build/Intermediates.noindex/salesrecorder.build/Release-iphonesimulator/salesrecorder.build/Objects-normal/arm64/7187679823f38a2a940e0043cdf9d637-common-args.resp
-target arm64-apple-ios15.1-simulator '-std=gnu99' -fmodules -gmodules '-fmodules-cache-path=/Users/zevia/code/ai/sales-recorder/ios/build/ModuleCache.noindex' -fpascal-strings -Os -fno-common '-DCOCOAPODS=1' -isysroot /Applications/Xcode.app/Contents/Developer/Platforms/iPhoneSimulator.platform/Developer/SDKs/iPhoneSimulator26.2.sdk -g '-fvisibility=hidden' -iquote /Users/zevia/code/ai/sales-recorder/ios/build/Build/Intermediates.noindex/salesrecorder.build/Release-iphonesimulator/salesrecorder.build/salesrecorder-generated-files.hmap -I/Users/zevia/code/ai/sales-recorder/ios/build/Build/Intermediates.noindex/salesrecorder.build/Release-iphonesimulator/salesrecorder.build/salesrecorder-own-target-headers.hmap -I/Users/zevia/code/ai/sales-recorder/ios/build/Build/Intermediates.noindex/salesrecorder.build/Release-iphonesimulator/salesrecorder.build/salesrecorder-all-non-framework-target-headers.hmap -ivfsoverlay /Users/zevia/code/ai/sales-recorder/ios/build/Build/Intermediates.noindex/salesrecorder.build/Release-iphonesimulator/salesrecorder-9a63263716c347f8333a3cc020e7745c-VFS-iphonesimulator/all-product-headers.yaml -iquote /Users/zevia/code/ai/sales-recorder/ios/build/Build/Intermediates.noindex/salesrecorder.build/Release-iphonesimulator/salesrecorder.build/salesrecorder-project-headers.hmap -I/Users/zevia/code/ai/sales-recorder/ios/build/Build/Products/Release-iphonesimulator/include -I/Users/zevia/code/ai/sales-recorder/ios/Pods/Headers/Public -I/Users/zevia/code/ai/sales-recorder/ios/Pods/Headers/Public/DoubleConversion -I/Users/zevia/code/ai/sales-recorder/ios/Pods/Headers/Public/EXConstants -I/Users/zevia/code/ai/sales-recorder/ios/Pods/Headers/Public/EXJSONUtils -I/Users/zevia/code/ai/sales-recorder/ios/Pods/Headers/Public/Expo -I/Users/zevia/code/ai/sales-recorder/ios/Pods/Headers/Public/ExpoFileSystem -I/Users/zevia/code/ai/sales-recorder/ios/Pods/Headers/Public/ExpoModulesCore -I/Users/zevia/code/ai/sales-recorder/ios/Pods/Headers/Public/FBLazyVector -I/Users/zevia/code/ai/sales-recorder/ios/Pods/Headers/Public/RCT-Folly -I/Users/zevia/code/ai/sales-recorder/ios/Pods/Headers/Public/RCTDeprecation -I/Users/zevia/code/ai/sales-recorder/ios/Pods/Headers/Public/RCTRequired -I/Users/zevia/code/ai/sales-recorder/ios/Pods/Headers/Public/RCTTypeSafety -I/Users/zevia/code/ai/sales-recorder/ios/Pods/Headers/Public/React-Core -I/Users/zevia/code/ai/sales-recorder/ios/Pods/Headers/Public/React-Fabric -I/Users/zevia/code/ai/sales-recorder/ios/Pods/Headers/Public/React-FabricComponents -I/Users/zevia/code/ai/sales-recorder/ios/Pods/Headers/Public/React-FabricImage -I/Users/zevia/code/ai/sales-recorder/ios/Pods/Headers/Public/React-ImageManager -I/Users/zevia/code/ai/sales-recorder/ios/Pods/Headers/Public/React-Mapbuffer -I/Users/zevia/code/ai/sales-recorder/ios/Pods/Headers/Public/React-NativeModulesApple -I/Users/zevia/code/ai/sales-recorder/ios/Pods/Headers/Public/React-RCTAnimation -I/Users/zevia/code/ai/sales-recorder/ios/Pods/Headers/Public/React-RCTAppDelegate -I/Users/zevia/code/ai/sales-recorder/ios/Pods/Headers/Public/React-RCTBlob -I/Users/zevia/code/ai/sales-recorder/ios/Pods/Headers/Public/React-RCTFBReactNativeSpec -I/Users/zevia/code/ai/sales-recorder/ios/Pods/Headers/Public/React-RCTFabric -I/Users/zevia/code/ai/sales-recorder/ios/Pods/Headers/Public/React-RCTRuntime -I/Users/zevia/code/ai/sales-recorder/ios/Pods/Headers/Public/React-RCTText -I/Users/zevia/code/ai/sales-recorder/ios/Pods/Headers/Public/React-RuntimeApple -I/Users/zevia/code/ai/sales-recorder/ios/Pods/Headers/Public/React-RuntimeCore -I/Users/zevia/code/ai/sales-recorder/ios/Pods/Headers/Public/React-RuntimeHermes -I/Users/zevia/code/ai/sales-recorder/ios/Pods/Headers/Public/React-callinvoker -I/Users/zevia/code/ai/sales-recorder/ios/Pods/Headers/Public/React-cxxreact -I/Users/zevia/code/ai/sales-recorder/ios/Pods/Headers/Public/React-debug -I/Users/zevia/code/ai/sales-recorder/ios/Pods/Headers/Public/React-defaultsnativemodule -I/Users/zevia/code/ai/sales-recorder/ios/Pods/Headers/Public/React-domnativemodule -I/Users/zevia/code/ai/sales-recorder/ios/Pods/Headers/Public/React-featureflags -I/Users/zevia/code/ai/sales-recorder/ios/Pods/Headers/Public/React-featureflagsnativemodule -I/Users/zevia/code/ai/sales-recorder/ios/Pods/Headers/Public/React-graphics -I/Users/zevia/code/ai/sales-recorder/ios/Pods/Headers/Public/React-hermes -I/Users/zevia/code/ai/sales-recorder/ios/Pods/Headers/Public/React-idlecallbacksnativemodule -I/Users/zevia/code/ai/sales-recorder/ios/Pods/Headers/Public/React-jserrorhandler -I/Users/zevia/code/ai/sales-recorder/ios/Pods/Headers/Public/React-jsi -I/Users/zevia/code/ai/sales-recorder/ios/Pods/Headers/Public/React-jsiexecutor -I/Users/zevia/code/ai/sales-recorder/ios/Pods/Headers/Public/React-jsinspector -I/Users/zevia/code/ai/sales-recorder/ios/Pods/Headers/Public/React-jsinspectorcdp -I/Users/zevia/code/ai/sales-recorder/ios/Pods/Headers/Public/React-jsinspectornetwork -I/Users/zevia/code/ai/sales-recorder/ios/Pods/Headers/Public/React-jsinspectortracing -I/Users/zevia/code/ai/sales-recorder/ios/Pods/Headers/Public/React-jsitooling -I/Users/zevia/code/ai/sales-recorder/ios/Pods/Headers/Public/React-logger -I/Users/zevia/code/ai/sales-recorder/ios/Pods/Headers/Public/React-microtasksnativemodule -I/Users/zevia/code/ai/sales-recorder/ios/Pods/Headers/Public/React-oscompat -I/Users/zevia/code/ai/sales-recorder/ios/Pods/Headers/Public/React-perflogger -I/Users/zevia/code/ai/sales-recorder/ios/Pods/Headers/Public/React-performancetimeline -I/Users/zevia/code/ai/sales-recorder/ios/Pods/Headers/Public/React-rendererconsistency -I/Users/zevia/code/ai/sales-recorder/ios/Pods/Headers/Public/React-renderercss -I/Users/zevia/code/ai/sales-recorder/ios/Pods/Headers/Public/React-rendererdebug -I/Users/zevia/code/ai/sales-recorder/ios/Pods/Headers/Public/React-runtimeexecutor -I/Users/zevia/code/ai/sales-recorder/ios/Pods/Headers/Public/React-runtimescheduler -I/Users/zevia/code/ai/sales-recorder/ios/Pods/Headers/Public/React-timing -I/Users/zevia/code/ai/sales-recorder/ios/Pods/Headers/Public/React-utils -I/Users/zevia/code/ai/sales-recorder/ios/Pods/Headers/Public/ReactAppDependencyProvider -I/Users/zevia/code/ai/sales-recorder/ios/Pods/Headers/Public/ReactCodegen -I/Users/zevia/code/ai/sales-recorder/ios/Pods/Headers/Public/ReactCommon -I/Users/zevia/code/ai/sales-recorder/ios/Pods/Headers/Public/SocketRocket -I/Users/zevia/code/ai/sales-recorder/ios/Pods/Headers/Public/Yoga -I/Users/zevia/code/ai/sales-recorder/ios/Pods/Headers/Public/boost -I/Users/zevia/code/ai/sales-recorder/ios/Pods/Headers/Public/expo-dev-launcher -I/Users/zevia/code/ai/sales-recorder/ios/Pods/Headers/Public/expo-dev-menu -I/Users/zevia/code/ai/sales-recorder/ios/Pods/Headers/Public/fast_float -I/Users/zevia/code/ai/sales-recorder/ios/Pods/Headers/Public/fmt -I/Users/zevia/code/ai/sales-recorder/ios/Pods/Headers/Public/glog -I/Users/zevia/code/ai/sales-recorder/ios/Pods/Headers/Public/hermes-engine -I/Users/zevia/code/ai/sales-recorder/ios/Pods/DoubleConversion '-I/Users/zevia/code/ai/sales-recorder/ios/build/Build/Products/Release-iphonesimulator/EXManifests/Swift Compatibility Header' '-I/Users/zevia/code/ai/sales-recorder/ios/build/Build/Products/Release-iphonesimulator/EXUpdatesInterface/Swift Compatibility Header' '-I/Users/zevia/code/ai/sales-recorder/ios/build/Build/Products/Release-iphonesimulator/Expo/Swift Compatibility Header' -I/Users/zevia/code/ai/sales-recorder/ios/Pods/Headers/Private/Yoga '-I/Users/zevia/code/ai/sales-recorder/ios/build/Build/Products/Release-iphonesimulator/ExpoModulesCore/Swift Compatibility Header' -I/Users/zevia/code/ai/sales-recorder/ios/Pods/Headers/Private/Yoga -I/Users/zevia/code/ai/sales-recorder/ios/Pods/boost -I/Users/zevia/code/ai/sales-recorder/ios/Pods/Headers/Private/React-Core -I/Users/zevia/code/ai/sales-recorder/ios/Pods/Headers/Private/React-Core -I/Users/zevia/code/ai/sales-recorder/ios/Pods/Headers/Private/Yoga '-I/Users/zevia/code/ai/sales-recorder/ios/build/Build/Products/Release-iphonesimulator/expo-dev-menu-interface/Swift Compatibility Header' -I/Users/zevia/code/ai/sales-recorder/ios/build/Build/Intermediates.noindex/salesrecorder.build/Release-iphonesimulator/salesrecorder.build/DerivedSources-normal/arm64 -I/Users/zevia/code/ai/sales-recorder/ios/build/Build/Intermediates.noindex/salesrecorder.build/Release-iphonesimulator/salesrecorder.build/DerivedSources/arm64 -I/Users/zevia/code/ai/sales-recorder/ios/build/Build/Intermediates.noindex/salesrecorder.build/Release-iphonesimulator/salesrecorder.build/DerivedSources -F/Users/zevia/code/ai/sales-recorder/ios/build/Build/Products/Release-iphonesimulator -F/Users/zevia/code/ai/sales-recorder/ios/Pods/hermes-engine/destroot/Library/Frameworks/universal -F/Users/zevia/code/ai/sales-recorder/ios/build/Build/Products/Release-iphonesimulator/XCFrameworkIntermediates/hermes-engine/Pre-built '-fmodule-map-file=/Users/zevia/code/ai/sales-recorder/ios/build/Build/Products/Release-iphonesimulator/EXConstants/EXConstants.modulemap' '-fmodule-map-file=/Users/zevia/code/ai/sales-recorder/ios/build/Build/Products/Release-iphonesimulator/EXManifests/EXManifests.modulemap' '-fmodule-map-file=/Users/zevia/code/ai/sales-recorder/ios/build/Build/Products/Release-iphonesimulator/EXUpdatesInterface/EXUpdatesInterface.modulemap' '-fmodule-map-file=/Users/zevia/code/ai/sales-recorder/ios/build/Build/Products/Release-iphonesimulator/Expo/Expo.modulemap' '-fmodule-map-file=/Users/zevia/code/ai/sales-recorder/ios/build/Build/Products/Release-iphonesimulator/ExpoAsset/ExpoAsset.modulemap' '-fmodule-map-file=/Users/zevia/code/ai/sales-recorder/ios/build/Build/Products/Release-iphonesimulator/ExpoFileSystem/ExpoFileSystem.modulemap' '-fmodule-map-file=/Users/zevia/code/ai/sales-recorder/ios/build/Build/Products/Release-iphonesimulator/ExpoFont/ExpoFont.modulemap' '-fmodule-map-file=/Users/zevia/code/ai/sales-recorder/ios/build/Build/Products/Release-iphonesimulator/ExpoKeepAwake/ExpoKeepAwake.modulemap' '-fmodule-map-file=/Users/zevia/code/ai/sales-recorder/ios/build/Build/Products/Release-iphonesimulator/ExpoModulesCore/ExpoModulesCore.modulemap' '-fmodule-map-file=/Users/zevia/code/ai/sales-recorder/ios/build/Build/Products/Release-iphonesimulator/expo-dev-menu-interface/EXDevMenuInterface.modulemap' '-fmodule-map-file=/Users/zevia/code/ai/sales-recorder/ios/Pods/Headers/Public/DoubleConversion/DoubleConversion.modulemap' '-fmodule-map-file=/Users/zevia/code/ai/sales-recorder/ios/Pods/Headers/Public/EXJSONUtils/EXJSONUtils.modulemap' '-fmodule-map-file=/Users/zevia/code/ai/sales-recorder/ios/Pods/Headers/Public/RCTDeprecation/RCTDeprecation.modulemap' '-fmodule-map-file=/Users/zevia/code/ai/sales-recorder/ios/Pods/Headers/Public/RCTFabric/React-RCTFabric.modulemap' '-fmodule-map-file=/Users/zevia/code/ai/sales-recorder/ios/Pods/Headers/Public/RCTImage/React-RCTImage.modulemap' '-fmodule-map-file=/Users/zevia/code/ai/sales-recorder/ios/Pods/Headers/Public/RCTRuntime/React-RCTRuntime.modulemap' '-fmodule-map-file=/Users/zevia/code/ai/sales-recorder/ios/Pods/Headers/Public/RCTTypeSafety/RCTTypeSafety.modulemap' '-fmodule-map-file=/Users/zevia/code/ai/sales-recorder/ios/Pods/Headers/Public/React/React-Core.modulemap' '-fmodule-map-file=/Users/zevia/code/ai/sales-recorder/ios/Pods/Headers/Public/ReactAppDependencyProvider/ReactAppDependencyProvider.modulemap' '-fmodule-map-file=/Users/zevia/code/ai/sales-recorder/ios/Pods/Headers/Public/ReactCodegen/ReactCodegen.modulemap' '-fmodule-map-file=/Users/zevia/code/ai/sales-recorder/ios/Pods/Headers/Public/ReactCommon/ReactCommon.modulemap' '-fmodule-map-file=/Users/zevia/code/ai/sales-recorder/ios/Pods/Headers/Public/React_Fabric/React-Fabric.modulemap' '-fmodule-map-file=/Users/zevia/code/ai/sales-recorder/ios/Pods/Headers/Public/React_FabricComponents/React-FabricComponents.modulemap' '-fmodule-map-file=/Users/zevia/code/ai/sales-recorder/ios/Pods/Headers/Public/React_NativeModulesApple/React-NativeModulesApple.modulemap' '-fmodule-map-file=/Users/zevia/code/ai/sales-recorder/ios/Pods/Headers/Public/React_RCTAppDelegate/React-RCTAppDelegate.modulemap' '-fmodule-map-file=/Users/zevia/code/ai/sales-recorder/ios/Pods/Headers/Public/React_runtimeexecutor/React-runtimeexecutor.modulemap' '-fmodule-map-file=/Users/zevia/code/ai/sales-recorder/ios/Pods/Headers/Public/SocketRocket/SocketRocket.modulemap' '-fmodule-map-file=/Users/zevia/code/ai/sales-recorder/ios/Pods/Headers/Public/fmt/fmt.modulemap' '-fmodule-map-file=/Users/zevia/code/ai/sales-recorder/ios/Pods/Headers/Public/folly/RCT-Folly.modulemap' '-fmodule-map-file=/Users/zevia/code/ai/sales-recorder/ios/Pods/Headers/Public/glog/glog.modulemap' '-fmodule-map-file=/Users/zevia/code/ai/sales-recorder/ios/Pods/Headers/Public/jsi/React-jsi.modulemap' '-fmodule-map-file=/Users/zevia/code/ai/sales-recorder/ios/Pods/Headers/Public/jsinspector_modern/React-jsinspector.modulemap' '-fmodule-map-file=/Users/zevia/code/ai/sales-recorder/ios/Pods/Headers/Public/jsinspector_modern_cdp/React-jsinspectorcdp.modulemap' '-fmodule-map-file=/Users/zevia/code/ai/sales-recorder/ios/Pods/Headers/Public/jsinspector_modern_network/React-jsinspectornetwork.modulemap' '-fmodule-map-file=/Users/zevia/code/ai/sales-recorder/ios/Pods/Headers/Public/jsinspector_modern_tracing/React-jsinspectortracing.modulemap' '-fmodule-map-file=/Users/zevia/code/ai/sales-recorder/ios/Pods/Headers/Public/react_debug/React-debug.modulemap' '-fmodule-map-file=/Users/zevia/code/ai/sales-recorder/ios/Pods/Headers/Public/react_featureflags/React-featureflags.modulemap' '-fmodule-map-file=/Users/zevia/code/ai/sales-recorder/ios/Pods/Headers/Public/react_nativemodule_defaults/React-defaultsnativemodule.modulemap' '-fmodule-map-file=/Users/zevia/code/ai/sales-recorder/ios/Pods/Headers/Public/react_nativemodule_dom/React-domnativemodule.modulemap' '-fmodule-map-file=/Users/zevia/code/ai/sales-recorder/ios/Pods/Headers/Public/react_nativemodule_featureflags/React-featureflagsnativemodule.modulemap' '-fmodule-map-file=/Users/zevia/code/ai/sales-recorder/ios/Pods/Headers/Public/react_nativemodule_idlecallbacks/React-idlecallbacksnativemodule.modulemap' '-fmodule-map-file=/Users/zevia/code/ai/sales-recorder/ios/Pods/Headers/Public/react_nativemodule_microtasks/React-microtasksnativemodule.modulemap' '-fmodule-map-file=/Users/zevia/code/ai/sales-recorder/ios/Pods/Headers/Public/react_renderer_css/React-renderercss.modulemap' '-fmodule-map-file=/Users/zevia/code/ai/sales-recorder/ios/Pods/Headers/Public/react_renderer_debug/React-rendererdebug.modulemap' '-fmodule-map-file=/Users/zevia/code/ai/sales-recorder/ios/Pods/Headers/Public/react_renderer_graphics/React-graphics.modulemap' '-fmodule-map-file=/Users/zevia/code/ai/sales-recorder/ios/Pods/Headers/Public/react_renderer_imagemanager/React-ImageManager.modulemap' '-fmodule-map-file=/Users/zevia/code/ai/sales-recorder/ios/Pods/Headers/Public/react_runtime/React-jsitooling.modulemap' '-fmodule-map-file=/Users/zevia/code/ai/sales-recorder/ios/Pods/Headers/Public/react_utils/React-utils.modulemap' '-fmodule-map-file=/Users/zevia/code/ai/sales-recorder/ios/Pods/Headers/Public/reacthermes/React-hermes.modulemap' '-fmodule-map-file=/Users/zevia/code/ai/sales-recorder/ios/Pods/Headers/Public/yoga/Yoga.modulemap' -DNDEBUG

WriteAuxiliaryFile /Users/zevia/code/ai/sales-recorder/ios/build/Build/Intermediates.noindex/salesrecorder.build/Release-iphonesimulator/salesrecorder.build/DerivedSources/salesrecorder_vers.c (in target 'salesrecorder' from project 'salesrecorder')
    cd /Users/zevia/code/ai/sales-recorder/ios
    write-file /Users/zevia/code/ai/sales-recorder/ios/build/Build/Intermediates.noindex/salesrecorder.build/Release-iphonesimulator/salesrecorder.build/DerivedSources/salesrecorder_vers.c

WriteAuxiliaryFile /Users/zevia/code/ai/sales-recorder/ios/build/Build/Intermediates.noindex/salesrecorder.build/Release-iphonesimulator/salesrecorder.build/DerivedSources/Entitlements-Simulated.plist (in target 'salesrecorder' from project 'salesrecorder')
    cd /Users/zevia/code/ai/sales-recorder/ios
    write-file /Users/zevia/code/ai/sales-recorder/ios/build/Build/Intermediates.noindex/salesrecorder.build/Release-iphonesimulator/salesrecorder.build/DerivedSources/Entitlements-Simulated.plist

PhaseScriptExecution [CP-User]\ [Hermes]\ Replace\ Hermes\ for\ the\ right\ configuration,\ if\ needed /Users/zevia/code/ai/sales-recorder/ios/build/Build/Intermediates.noindex/Pods.build/Release-iphonesimulator/hermes-engine.build/Script-46EB2E00020CA0.sh (in target 'hermes-engine' from project 'Pods')
    cd /Users/zevia/code/ai/sales-recorder/ios/Pods
    export ACTION\=build
    export AD_HOC_CODE_SIGNING_ALLOWED\=YES
    export ALLOW_BUILD_REQUEST_OVERRIDES\=NO
    export ALLOW_TARGET_PLATFORM_SPECIALIZATION\=NO
    export ALTERNATE_GROUP\=staff
    export ALTERNATE_MODE\=u+w,go-w,a+rX
    export ALTERNATE_OWNER\=zevia
    export ALTERNATIVE_DISTRIBUTION_WEB\=NO
    export ALWAYS_EMBED_SWIFT_STANDARD_LIBRARIES\=NO
    export ALWAYS_SEARCH_USER_PATHS\=NO
    export ALWAYS_USE_SEPARATE_HEADERMAPS\=NO
    export APPLICATION_EXTENSION_API_ONLY\=NO
    export APPLY_RULES_IN_COPY_FILES\=NO
    export APPLY_RULES_IN_COPY_HEADERS\=NO
    export APP_SHORTCUTS_ENABLE_FLEXIBLE_MATCHING\=YES
    export ARCHS\=arm64\ x86_64
    export ARCHS_STANDARD\=arm64\ x86_64
    export ARCHS_STANDARD_32_64_BIT\=arm64\ x86_64
    export ARCHS_STANDARD_64_BIT\=arm64\ x86_64
    export ARCHS_STANDARD_INCLUDING_64_BIT\=arm64\ x86_64
    export ARCHS_UNIVERSAL_IPHONE_OS\=arm64\ x86_64
    export ASSETCATALOG_COMPILER_APPICON_NAME\=AppIcon
    export ASSETCATALOG_COMPILER_GLOBAL_ACCENT_COLOR_NAME\=AccentColor
    export ASSETCATALOG_FILTER_FOR_DEVICE_MODEL\=iPhone18,1
    export ASSETCATALOG_FILTER_FOR_DEVICE_OS_VERSION\=26.2
    export ASSETCATALOG_FILTER_FOR_THINNING_DEVICE_CONFIGURATION\=iPhone18,1
    export AUTOMATICALLY_MERGE_DEPENDENCIES\=NO
    export AUTOMATION_APPLE_EVENTS\=NO
    export AVAILABLE_PLATFORMS\=android\ appletvos\ appletvsimulator\ driverkit\ iphoneos\ iphonesimulator\ macosx\ qnx\ watchos\ watchsimulator\ webassembly\ xros\ xrsimulator
    export BUILD_ACTIVE_RESOURCES_ONLY\=YES
    export BUILD_COMPONENTS\=headers\ build
    export BUILD_DIR\=/Users/zevia/code/ai/sales-recorder/ios/build/Build/Products
    export BUILD_LIBRARY_FOR_DISTRIBUTION\=NO
    export BUILD_ROOT\=/Users/zevia/code/ai/sales-recorder/ios/build/Build/Products
    export BUILD_STYLE\=
    export BUILD_VARIANTS\=normal
    export BUILT_PRODUCTS_DIR\=/Users/zevia/code/ai/sales-recorder/ios/build/Build/Products/Release-iphonesimulator/hermes-engine
    export BUNDLE_CONTENTS_FOLDER_PATH_deep\=Contents/
    export BUNDLE_EXECUTABLE_FOLDER_NAME_deep\=MacOS
    export BUNDLE_EXTENSIONS_FOLDER_PATH\=Extensions
    export BUNDLE_FORMAT\=shallow
    export BUNDLE_FRAMEWORKS_FOLDER_PATH\=Frameworks
    export BUNDLE_PLUGINS_FOLDER_PATH\=PlugIns
    export BUNDLE_PRIVATE_HEADERS_FOLDER_PATH\=PrivateHeaders
    export BUNDLE_PUBLIC_HEADERS_FOLDER_PATH\=Headers
    export CACHE_ROOT\=/var/folders/bj/ghxbntl559j9nqr_1fpx3_qh0000gn/C/com.apple.DeveloperTools/26.2-17C52/Xcode
    export CCHROOT\=/var/folders/bj/ghxbntl559j9nqr_1fpx3_qh0000gn/C/com.apple.DeveloperTools/26.2-17C52/Xcode
    export CHMOD\=/bin/chmod
    export CHOWN\=/usr/sbin/chown
    export CLANG_ANALYZER_LOCALIZABILITY_NONLOCALIZED\=YES
    export CLANG_ANALYZER_NONNULL\=YES
    export CLANG_ANALYZER_NUMBER_OBJECT_CONVERSION\=YES_AGGRESSIVE
    export CLANG_CACHE_FINE_GRAINED_OUTPUTS\=YES
    export CLANG_CXX_LANGUAGE_STANDARD\=c++20
    export CLANG_CXX_LIBRARY\=compiler-default
    export CLANG_ENABLE_EXPLICIT_MODULES\=YES
    export CLANG_ENABLE_MODULES\=YES
    export CLANG_ENABLE_OBJC_ARC\=YES
    export CLANG_ENABLE_OBJC_WEAK\=NO
    export CLANG_MODULES_BUILD_SESSION_FILE\=/Users/zevia/code/ai/sales-recorder/ios/build/ModuleCache.noindex/Session.modulevalidation
    export CLANG_WARN_BLOCK_CAPTURE_AUTORELEASING\=YES
    export CLANG_WARN_BOOL_CONVERSION\=YES
    export CLANG_WARN_COMMA\=YES
    export CLANG_WARN_CONSTANT_CONVERSION\=YES
    export CLANG_WARN_DEPRECATED_OBJC_IMPLEMENTATIONS\=YES
    export CLANG_WARN_DIRECT_OBJC_ISA_USAGE\=YES_ERROR
    export CLANG_WARN_DOCUMENTATION_COMMENTS\=YES
    export CLANG_WARN_EMPTY_BODY\=YES
    export CLANG_WARN_ENUM_CONVERSION\=YES
    export CLANG_WARN_INFINITE_RECURSION\=YES
    export CLANG_WARN_INT_CONVERSION\=YES
    export CLANG_WARN_NON_LITERAL_NULL_CONVERSION\=YES
    export CLANG_WARN_OBJC_IMPLICIT_RETAIN_SELF\=YES
    export CLANG_WARN_OBJC_LITERAL_CONVERSION\=YES
    export CLANG_WARN_OBJC_ROOT_CLASS\=YES_ERROR
    export CLANG_WARN_QUOTED_INCLUDE_IN_FRAMEWORK_HEADER\=NO
    export CLANG_WARN_RANGE_LOOP_ANALYSIS\=YES
    export CLANG_WARN_STRICT_PROTOTYPES\=YES
    export CLANG_WARN_SUSPICIOUS_MOVE\=YES
    export CLANG_WARN_UNGUARDED_AVAILABILITY\=YES_AGGRESSIVE
    export CLANG_WARN_UNREACHABLE_CODE\=YES
    export CLANG_WARN__DUPLICATE_METHOD_MATCH\=YES
    export CLASS_FILE_DIR\=/Users/zevia/code/ai/sales-recorder/ios/build/Build/Intermediates.noindex/Pods.build/Release-iphonesimulator/hermes-engine.build/JavaClasses
    export CLEAN_PRECOMPS\=YES
    export CLONE_HEADERS\=NO
    export CODESIGNING_FOLDER_PATH\=/Users/zevia/code/ai/sales-recorder/ios/build/Build/Products/Release-iphonesimulator/hermes-engine/
    export CODE_SIGNING_ALLOWED\=NO
    export CODE_SIGNING_REQUIRED\=YES
    export CODE_SIGN_CONTEXT_CLASS\=XCiPhoneSimulatorCodeSignContext
    export CODE_SIGN_IDENTITY\=-
    export CODE_SIGN_INJECT_BASE_ENTITLEMENTS\=YES
    export COLOR_DIAGNOSTICS\=NO
    export COMBINE_HIDPI_IMAGES\=NO
    export COMPILATION_CACHE_CAS_PATH\=/Users/zevia/code/ai/sales-recorder/ios/build/CompilationCache.noindex
    export COMPILATION_CACHE_KEEP_CAS_DIRECTORY\=YES
    export COMPILER_INDEX_STORE_ENABLE\=Default
    export COMPOSITE_SDK_DIRS\=/Users/zevia/code/ai/sales-recorder/ios/build/Build/Intermediates.noindex/CompositeSDKs
    export COMPRESS_PNG_FILES\=YES
    export CONFIGURATION\=Release
    export CONFIGURATION_BUILD_DIR\=/Users/zevia/code/ai/sales-recorder/ios/build/Build/Products/Release-iphonesimulator/hermes-engine
    export CONFIGURATION_TEMP_DIR\=/Users/zevia/code/ai/sales-recorder/ios/build/Build/Intermediates.noindex/Pods.build/Release-iphonesimulator
    export COPYING_PRESERVES_HFS_DATA\=NO
    export COPY_HEADERS_RUN_UNIFDEF\=NO
    export COPY_PHASE_STRIP\=NO
    export CORRESPONDING_DEVICE_PLATFORM_DIR\=/Applications/Xcode.app/Contents/Developer/Platforms/iPhoneOS.platform
    export CORRESPONDING_DEVICE_PLATFORM_NAME\=iphoneos
    export CORRESPONDING_DEVICE_SDK_DIR\=/Applications/Xcode.app/Contents/Developer/Platforms/iPhoneOS.platform/Developer/SDKs/iPhoneOS26.2.sdk
    export CORRESPONDING_DEVICE_SDK_NAME\=iphoneos26.2
    export CP\=/bin/cp
    export CREATE_INFOPLIST_SECTION_IN_BINARY\=NO
    export CURRENT_ARCH\=undefined_arch
    export CURRENT_VARIANT\=normal
    export DEAD_CODE_STRIPPING\=YES
    export DEBUGGING_SYMBOLS\=YES
    export DEBUG_INFORMATION_FORMAT\=dwarf-with-dsym
    export DEBUG_INFORMATION_VERSION\=compiler-default
    export DEFAULT_COMPILER\=com.apple.compilers.llvm.clang.1_0
    export DEFAULT_DEXT_INSTALL_PATH\=/System/Library/DriverExtensions
    export DEFAULT_KEXT_INSTALL_PATH\=/System/Library/Extensions
    export DEFINES_MODULE\=NO
    export DEPLOYMENT_LOCATION\=NO
    export DEPLOYMENT_POSTPROCESSING\=NO
    export DEPLOYMENT_TARGET_SETTING_NAME\=IPHONEOS_DEPLOYMENT_TARGET
    export DEPLOYMENT_TARGET_SUGGESTED_VALUES\=12.0\ 12.1\ 12.2\ 12.3\ 12.4\ 13.0\ 13.1\ 13.2\ 13.3\ 13.4\ 13.5\ 13.6\ 14.0\ 14.1\ 14.2\ 14.3\ 14.4\ 14.5\ 14.6\ 14.7\ 15.0\ 15.1\ 15.2\ 15.3\ 15.4\ 15.5\ 15.6\ 16.0\ 16.1\ 16.2\ 16.3\ 16.4\ 16.5\ 16.6\ 17.0\ 17.1\ 17.2\ 17.3\ 17.4\ 17.5\ 17.6\ 18.0\ 18.1\ 18.2\ 18.3\ 18.4\ 18.5\ 18.6\ 26.0\ 26.1\ 26.2
    export DERIVED_FILES_DIR\=/Users/zevia/code/ai/sales-recorder/ios/build/Build/Intermediates.noindex/Pods.build/Release-iphonesimulator/hermes-engine.build/DerivedSources
    export DERIVED_FILE_DIR\=/Users/zevia/code/ai/sales-recorder/ios/build/Build/Intermediates.noindex/Pods.build/Release-iphonesimulator/hermes-engine.build/DerivedSources
    export DERIVED_SOURCES_DIR\=/Users/zevia/code/ai/sales-recorder/ios/build/Build/Intermediates.noindex/Pods.build/Release-iphonesimulator/hermes-engine.build/DerivedSources
    export DEVELOPER_APPLICATIONS_DIR\=/Applications/Xcode.app/Contents/Developer/Applications
    export DEVELOPER_BIN_DIR\=/Applications/Xcode.app/Contents/Developer/usr/bin
    export DEVELOPER_DIR\=/Applications/Xcode.app/Contents/Developer
    export DEVELOPER_FRAMEWORKS_DIR\=/Applications/Xcode.app/Contents/Developer/Library/Frameworks
    export DEVELOPER_FRAMEWORKS_DIR_QUOTED\=/Applications/Xcode.app/Contents/Developer/Library/Frameworks
    export DEVELOPER_LIBRARY_DIR\=/Applications/Xcode.app/Contents/Developer/Library
    export DEVELOPER_SDK_DIR\=/Applications/Xcode.app/Contents/Developer/Platforms/MacOSX.platform/Developer/SDKs
    export DEVELOPER_TOOLS_DIR\=/Applications/Xcode.app/Contents/Developer/Tools
    export DEVELOPER_USR_DIR\=/Applications/Xcode.app/Contents/Developer/usr
    export DEVELOPMENT_LANGUAGE\=en
    export DIAGNOSE_MISSING_TARGET_DEPENDENCIES\=YES
    export DIFF\=/usr/bin/diff
    export DONT_GENERATE_INFOPLIST_FILE\=NO
    export DSTROOT\=/tmp/Pods.dst
    export DT_TOOLCHAIN_DIR\=/Applications/Xcode.app/Contents/Developer/Toolchains/XcodeDefault.xctoolchain
    export DWARF_DSYM_FILE_NAME\=.dSYM
    export DWARF_DSYM_FILE_SHOULD_ACCOMPANY_PRODUCT\=NO
    export DWARF_DSYM_FOLDER_PATH\=/Users/zevia/code/ai/sales-recorder/ios/build/Build/Products/Release-iphonesimulator/hermes-engine
    export DYNAMIC_LIBRARY_EXTENSION\=dylib
    export EAGER_COMPILATION_ALLOW_SCRIPTS\=NO
    export EAGER_LINKING\=NO
    export EFFECTIVE_PLATFORM_NAME\=-iphonesimulator
    export EMBEDDED_CONTENT_CONTAINS_SWIFT\=NO
    export EMBED_ASSET_PACKS_IN_PRODUCT_BUNDLE\=NO
    export ENABLE_APP_SANDBOX\=NO
    export ENABLE_CODE_COVERAGE\=YES
    export ENABLE_CPLUSPLUS_BOUNDS_SAFE_BUFFERS\=NO
    export ENABLE_C_BOUNDS_SAFETY\=NO
    export ENABLE_DEBUG_DYLIB\=NO
    export ENABLE_DEFAULT_HEADER_SEARCH_PATHS\=YES
    export ENABLE_DEFAULT_SEARCH_PATHS\=YES
    export ENABLE_ENHANCED_SECURITY\=NO
    export ENABLE_HARDENED_RUNTIME\=NO
    export ENABLE_HEADER_DEPENDENCIES\=YES
    export ENABLE_INCOMING_NETWORK_CONNECTIONS\=NO
    export ENABLE_NS_ASSERTIONS\=NO
    export ENABLE_ON_DEMAND_RESOURCES\=NO
    export ENABLE_OUTGOING_NETWORK_CONNECTIONS\=NO
    export ENABLE_POINTER_AUTHENTICATION\=NO
    export ENABLE_PREVIEWS\=NO
    export ENABLE_RESOURCE_ACCESS_AUDIO_INPUT\=NO
    export ENABLE_RESOURCE_ACCESS_BLUETOOTH\=NO
    export ENABLE_RESOURCE_ACCESS_CALENDARS\=NO
    export ENABLE_RESOURCE_ACCESS_CAMERA\=NO
    export ENABLE_RESOURCE_ACCESS_CONTACTS\=NO
    export ENABLE_RESOURCE_ACCESS_LOCATION\=NO
    export ENABLE_RESOURCE_ACCESS_PHOTO_LIBRARY\=NO
    export ENABLE_RESOURCE_ACCESS_PRINTING\=NO
    export ENABLE_RESOURCE_ACCESS_USB\=NO
    export ENABLE_SDK_IMPORTS\=NO
    export ENABLE_SECURITY_COMPILER_WARNINGS\=NO
    export ENABLE_STRICT_OBJC_MSGSEND\=YES
    export ENABLE_TESTABILITY\=NO
    export ENABLE_TESTING_SEARCH_PATHS\=NO
    export ENABLE_USER_SCRIPT_SANDBOXING\=NO
    export ENABLE_XOJIT_PREVIEWS\=NO
    export ENFORCE_VALID_ARCHS\=YES
    export ENTITLEMENTS_DESTINATION\=__entitlements
    export ENTITLEMENTS_REQUIRED\=YES
    export EXCLUDED_INSTALLSRC_SUBDIRECTORY_PATTERNS\=.DS_Store\ .svn\ .git\ .hg\ CVS
    export EXCLUDED_RECURSIVE_SEARCH_PATH_SUBDIRECTORIES\=\*.nib\ \*.lproj\ \*.framework\ \*.gch\ \*.xcode\*\ \*.xcassets\ \*.icon\ \(\*\)\ .DS_Store\ CVS\ .svn\ .git\ .hg\ \*.pbproj\ \*.pbxproj
    export FILE_LIST\=/Users/zevia/code/ai/sales-recorder/ios/build/Build/Intermediates.noindex/Pods.build/Release-iphonesimulator/hermes-engine.build/Objects/LinkFileList
    export FIXED_FILES_DIR\=/Users/zevia/code/ai/sales-recorder/ios/build/Build/Intermediates.noindex/Pods.build/Release-iphonesimulator/hermes-engine.build/FixedFiles
    export FRAMEWORK_SEARCH_PATHS\=\ \"/Users/zevia/code/ai/sales-recorder/ios/Pods/hermes-engine/destroot/Library/Frameworks/universal\"\ \"/Users/zevia/code/ai/sales-recorder/ios/build/Build/Products/Release-iphonesimulator/XCFrameworkIntermediates/hermes-engine/Pre-built\"
    export FRAMEWORK_VERSION\=A
    export FUSE_BUILD_PHASES\=YES
    export FUSE_BUILD_SCRIPT_PHASES\=NO
    export GCC3_VERSION\=3.3
    export GCC_C_LANGUAGE_STANDARD\=gnu11
    export GCC_NO_COMMON_BLOCKS\=YES
    export GCC_OBJC_LEGACY_DISPATCH\=YES
    export GCC_PFE_FILE_C_DIALECTS\=c\ objective-c\ c++\ objective-c++
    export GCC_PREPROCESSOR_DEFINITIONS\=POD_CONFIGURATION_RELEASE\=1\ \ COCOAPODS\=1
    export GCC_TREAT_WARNINGS_AS_ERRORS\=NO
    export GCC_VERSION\=com.apple.compilers.llvm.clang.1_0
    export GCC_VERSION_IDENTIFIER\=com_apple_compilers_llvm_clang_1_0
    export GCC_WARN_64_TO_32_BIT_CONVERSION\=YES
    export GCC_WARN_ABOUT_RETURN_TYPE\=YES_ERROR
    export GCC_WARN_INHIBIT_ALL_WARNINGS\=YES
    export GCC_WARN_UNDECLARED_SELECTOR\=YES
    export GCC_WARN_UNINITIALIZED_AUTOS\=YES_AGGRESSIVE
    export GCC_WARN_UNUSED_FUNCTION\=YES
    export GCC_WARN_UNUSED_VARIABLE\=YES
    export GENERATED_MODULEMAP_DIR\=/Users/zevia/code/ai/sales-recorder/ios/build/Build/Intermediates.noindex/GeneratedModuleMaps-iphonesimulator
    export GENERATE_INFOPLIST_FILE\=NO
    export GENERATE_INTERMEDIATE_TEXT_BASED_STUBS\=YES
    export GENERATE_PKGINFO_FILE\=NO
    export GENERATE_PRELINK_OBJECT_FILE\=NO
    export GENERATE_PROFILING_CODE\=NO
    export GENERATE_TEXT_BASED_STUBS\=NO
    export GID\=20
    export GROUP\=staff
    export HEADERMAP_INCLUDES_FLAT_ENTRIES_FOR_TARGET_BEING_BUILT\=YES
    export HEADERMAP_INCLUDES_FRAMEWORK_ENTRIES_FOR_ALL_PRODUCT_TYPES\=YES
    export HEADERMAP_INCLUDES_FRAMEWORK_ENTRIES_FOR_TARGETS_NOT_BEING_BUILT\=YES
    export HEADERMAP_INCLUDES_NONPUBLIC_NONPRIVATE_HEADERS\=YES
    export HEADERMAP_INCLUDES_PROJECT_HEADERS\=YES
    export HEADERMAP_USES_FRAMEWORK_PREFIX_ENTRIES\=YES
    export HEADERMAP_USES_VFS\=NO
    export HEADER_SEARCH_PATHS\=\ \"/Users/zevia/code/ai/sales-recorder/ios/Pods/Headers/Private\"\ \"/Users/zevia/code/ai/sales-recorder/ios/Pods/Headers/Private/hermes-engine\"\ \"/Users/zevia/code/ai/sales-recorder/ios/Pods/Headers/Public\"\ \"/Users/zevia/code/ai/sales-recorder/ios/Pods/Headers/Public/hermes-engine\"
    export HOME\=/Users/zevia
    export HOST_ARCH\=arm64
    export HOST_PLATFORM\=macosx
    export ICONV\=/usr/bin/iconv
    export IMPLICIT_DEPENDENCY_DOMAIN\=default
    export INFOPLIST_ENABLE_CFBUNDLEICONS_MERGE\=YES
    export INFOPLIST_EXPAND_BUILD_SETTINGS\=YES
    export INFOPLIST_OUTPUT_FORMAT\=binary
    export INFOPLIST_PREPROCESS\=NO
    export INLINE_PRIVATE_FRAMEWORKS\=NO
    export INSTALLAPI_IGNORE_SKIP_INSTALL\=YES
    export INSTALLHDRS_COPY_PHASE\=NO
    export INSTALLHDRS_SCRIPT_PHASE\=NO
    export INSTALL_DIR\=/tmp/Pods.dst
    export INSTALL_GROUP\=staff
    export INSTALL_MODE_FLAG\=u+w,go-w,a+rX
    export INSTALL_OWNER\=zevia
    export INSTALL_ROOT\=/tmp/Pods.dst
    export IPHONEOS_DEPLOYMENT_TARGET\=15.1
    export IS_UNOPTIMIZED_BUILD\=NO
    export JAVAC_DEFAULT_FLAGS\=-J-Xms64m\ -J-XX:NewSize\=4M\ -J-Dfile.encoding\=UTF8
    export JAVA_APP_STUB\=/System/Library/Frameworks/JavaVM.framework/Resources/MacOS/JavaApplicationStub
    export JAVA_ARCHIVE_CLASSES\=YES
    export JAVA_ARCHIVE_TYPE\=JAR
    export JAVA_COMPILER\=/usr/bin/javac
    export JAVA_FRAMEWORK_RESOURCES_DIRS\=Resources
    export JAVA_JAR_FLAGS\=cv
    export JAVA_SOURCE_SUBDIR\=.
    export JAVA_USE_DEPENDENCIES\=YES
    export JAVA_ZIP_FLAGS\=-urg
    export JIKES_DEFAULT_FLAGS\=+E\ +OLDCSO
    export KEEP_PRIVATE_EXTERNS\=NO
    export LD_DEPENDENCY_INFO_FILE\=/Users/zevia/code/ai/sales-recorder/ios/build/Build/Intermediates.noindex/Pods.build/Release-iphonesimulator/hermes-engine.build/Objects-normal/undefined_arch/hermes-engine_dependency_info.dat
    export LD_EXPORT_SYMBOLS\=YES
    export LD_GENERATE_MAP_FILE\=NO
    export LD_MAP_FILE_PATH\=/Users/zevia/code/ai/sales-recorder/ios/build/Build/Intermediates.noindex/Pods.build/Release-iphonesimulator/hermes-engine.build/hermes-engine-LinkMap-normal-undefined_arch.txt
    export LD_NO_PIE\=NO
    export LD_QUOTE_LINKER_ARGUMENTS_FOR_COMPILER_DRIVER\=YES
    export LD_RUNPATH_SEARCH_PATHS\=\ @executable_path/Frameworks
    export LD_SHARED_CACHE_ELIGIBLE\=Automatic
    export LD_WARN_DUPLICATE_LIBRARIES\=NO
    export LD_WARN_UNUSED_DYLIBS\=NO
    export LEGACY_DEVELOPER_DIR\=/Applications/Xcode.app/Contents/PlugIns/Xcode3Core.ideplugin/Contents/SharedSupport/Developer
    export LEX\=lex
    export LIBRARY_DEXT_INSTALL_PATH\=/Library/DriverExtensions
    export LIBRARY_FLAG_NOSPACE\=YES
    export LIBRARY_KEXT_INSTALL_PATH\=/Library/Extensions
    export LINKER_DISPLAYS_MANGLED_NAMES\=NO
    export LINK_FILE_LIST_normal_arm64\=/Users/zevia/code/ai/sales-recorder/ios/build/Build/Intermediates.noindex/Pods.build/Release-iphonesimulator/hermes-engine.build/Objects-normal/arm64/hermes-engine.LinkFileList
    export LINK_FILE_LIST_normal_x86_64\=/Users/zevia/code/ai/sales-recorder/ios/build/Build/Intermediates.noindex/Pods.build/Release-iphonesimulator/hermes-engine.build/Objects-normal/x86_64/hermes-engine.LinkFileList
    export LINK_OBJC_RUNTIME\=YES
    export LINK_WITH_STANDARD_LIBRARIES\=YES
    export LLVM_TARGET_TRIPLE_OS_VERSION\=ios15.1
    export LLVM_TARGET_TRIPLE_SUFFIX\=-simulator
    export LLVM_TARGET_TRIPLE_VENDOR\=apple
    export LM_AUX_CONST_METADATA_LIST_PATH_normal_arm64\=/Users/zevia/code/ai/sales-recorder/ios/build/Build/Intermediates.noindex/Pods.build/Release-iphonesimulator/hermes-engine.build/Objects-normal/arm64/hermes-engine.SwiftConstValuesFileList
    export LM_AUX_CONST_METADATA_LIST_PATH_normal_x86_64\=/Users/zevia/code/ai/sales-recorder/ios/build/Build/Intermediates.noindex/Pods.build/Release-iphonesimulator/hermes-engine.build/Objects-normal/x86_64/hermes-engine.SwiftConstValuesFileList
    export LOCALIZATION_EXPORT_SUPPORTED\=YES
    export LOCALIZATION_PREFERS_STRING_CATALOGS\=NO
    export LOCALIZED_STRING_MACRO_NAMES\=NSLocalizedString\ CFCopyLocalizedString
    export LOCALIZED_STRING_SWIFTUI_SUPPORT\=YES
    export LOCAL_ADMIN_APPS_DIR\=/Applications/Utilities
    export LOCAL_APPS_DIR\=/Applications
    export LOCAL_DEVELOPER_DIR\=/Library/Developer
    export LOCAL_LIBRARY_DIR\=/Library
    export LOCROOT\=/Users/zevia/code/ai/sales-recorder/ios/Pods
    export LOCSYMROOT\=/Users/zevia/code/ai/sales-recorder/ios/Pods
    export MAC_OS_X_PRODUCT_BUILD_VERSION\=25C56
    export MAC_OS_X_VERSION_ACTUAL\=260200
    export MAC_OS_X_VERSION_MAJOR\=260000
    export MAC_OS_X_VERSION_MINOR\=260200
    export MAKE_MERGEABLE\=NO
    export MERGEABLE_LIBRARY\=NO
    export MERGED_BINARY_TYPE\=none
    export MERGE_LINKED_LIBRARIES\=NO
    export METAL_LIBRARY_FILE_BASE\=default
    export METAL_LIBRARY_OUTPUT_DIR\=/Users/zevia/code/ai/sales-recorder/ios/build/Build/Products/Release-iphonesimulator/hermes-engine/
    export MODULE_CACHE_DIR\=/Users/zevia/code/ai/sales-recorder/ios/build/ModuleCache.noindex
    export MTL_ENABLE_DEBUG_INFO\=NO
    export MTL_FAST_MATH\=YES
    export NATIVE_ARCH\=arm64
    export NATIVE_ARCH_32_BIT\=arm
    export NATIVE_ARCH_64_BIT\=arm64
    export NATIVE_ARCH_ACTUAL\=arm64
    export NO_COMMON\=YES
    export OBJC_ABI_VERSION\=2
    export OBJECT_FILE_DIR\=/Users/zevia/code/ai/sales-recorder/ios/build/Build/Intermediates.noindex/Pods.build/Release-iphonesimulator/hermes-engine.build/Objects
    export OBJECT_FILE_DIR_normal\=/Users/zevia/code/ai/sales-recorder/ios/build/Build/Intermediates.noindex/Pods.build/Release-iphonesimulator/hermes-engine.build/Objects-normal
    export OBJROOT\=/Users/zevia/code/ai/sales-recorder/ios/build/Build/Intermediates.noindex
    export ONLY_ACTIVE_ARCH\=NO
    export OS\=MACOS
    export OSAC\=/usr/bin/osacompile
    export OTHER_CFLAGS\=\ -DNDEBUG
    export OTHER_CPLUSPLUSFLAGS\=\ -DNDEBUG\ -DNDEBUG
    export PASCAL_STRINGS\=YES
    export PATH\=/Applications/Xcode.app/Contents/SharedFrameworks/SwiftBuild.framework/Versions/A/PlugIns/SWBBuildService.bundle/Contents/PlugIns/SWBUniversalPlatformPlugin.bundle/Contents/Frameworks/SWBUniversalPlatform.framework/Resources:/Applications/Xcode.app/Contents/Developer/Toolchains/XcodeDefault.xctoolchain/usr/bin:/Applications/Xcode.app/Contents/Developer/Toolchains/XcodeDefault.xctoolchain/usr/local/bin:/Applications/Xcode.app/Contents/Developer/Toolchains/XcodeDefault.xctoolchain/usr/libexec:/Applications/Xcode.app/Contents/Developer/Platforms/iPhoneSimulator.platform/usr/bin:/Applications/Xcode.app/Contents/Developer/Platforms/iPhoneSimulator.platform/usr/local/bin:/Applications/Xcode.app/Contents/Developer/Platforms/iPhoneSimulator.platform/Developer/usr/bin:/Applications/Xcode.app/Contents/Developer/Platforms/iPhoneSimulator.platform/Developer/usr/local/bin:/Applications/Xcode.app/Contents/Developer/usr/bin:/Applications/Xcode.app/Contents/Developer/usr/local/bin:/Users/zevia/bin:/Users/zevia/.local/bin:/usr/local/bin:/Users/zevia/realesrgan-ncnn-vulkan-v0.2.0-macos:/opt/homebrew/bin:/opt/homebrew/sbin:/System/Cryptexes/App/usr/bin:/usr/bin:/bin:/usr/sbin:/sbin:/var/run/com.apple.security.cryptexd/codex.system/bootstrap/usr/local/bin:/var/run/com.apple.security.cryptexd/codex.system/bootstrap/usr/bin:/var/run/com.apple.security.cryptexd/codex.system/bootstrap/usr/appleinternal/bin:/opt/pmk/env/global/bin:/Library/Apple/usr/bin:/Users/zevia/code/ai/sales-recorder/node_modules/.bin:/Users/zevia/Library/Application\ Support/JetBrains/Toolbox/scripts
    export PATH_PREFIXES_EXCLUDED_FROM_HEADER_DEPENDENCIES\=/usr/include\ /usr/local/include\ /System/Library/Frameworks\ /System/Library/PrivateFrameworks\ /Applications/Xcode.app/Contents/Developer/Headers\ /Applications/Xcode.app/Contents/Developer/SDKs\ /Applications/Xcode.app/Contents/Developer/Platforms
    export PER_ARCH_MODULE_FILE_DIR\=/Users/zevia/code/ai/sales-recorder/ios/build/Build/Intermediates.noindex/Pods.build/Release-iphonesimulator/hermes-engine.build/Objects-normal/undefined_arch
    export PER_ARCH_OBJECT_FILE_DIR\=/Users/zevia/code/ai/sales-recorder/ios/build/Build/Intermediates.noindex/Pods.build/Release-iphonesimulator/hermes-engine.build/Objects-normal/undefined_arch
    export PER_VARIANT_OBJECT_FILE_DIR\=/Users/zevia/code/ai/sales-recorder/ios/build/Build/Intermediates.noindex/Pods.build/Release-iphonesimulator/hermes-engine.build/Objects-normal
    export PKGINFO_FILE_PATH\=/Users/zevia/code/ai/sales-recorder/ios/build/Build/Intermediates.noindex/Pods.build/Release-iphonesimulator/hermes-engine.build/PkgInfo
    export PLATFORM_DEVELOPER_APPLICATIONS_DIR\=/Applications/Xcode.app/Contents/Developer/Platforms/iPhoneSimulator.platform/Developer/Applications
    export PLATFORM_DEVELOPER_BIN_DIR\=/Applications/Xcode.app/Contents/Developer/Platforms/iPhoneSimulator.platform/Developer/usr/bin
    export PLATFORM_DEVELOPER_LIBRARY_DIR\=/Applications/Xcode.app/Contents/Developer/Platforms/iPhoneSimulator.platform/Developer/Library
    export PLATFORM_DEVELOPER_SDK_DIR\=/Applications/Xcode.app/Contents/Developer/Platforms/iPhoneSimulator.platform/Developer/SDKs
    export PLATFORM_DEVELOPER_TOOLS_DIR\=/Applications/Xcode.app/Contents/Developer/Platforms/iPhoneSimulator.platform/Developer/Tools
    export PLATFORM_DEVELOPER_USR_DIR\=/Applications/Xcode.app/Contents/Developer/Platforms/iPhoneSimulator.platform/Developer/usr
    export PLATFORM_DIR\=/Applications/Xcode.app/Contents/Developer/Platforms/iPhoneSimulator.platform
    export PLATFORM_DISPLAY_NAME\=iOS\ Simulator
    export PLATFORM_FAMILY_NAME\=iOS
    export PLATFORM_NAME\=iphonesimulator
    export PLATFORM_PREFERRED_ARCH\=x86_64
    export PLATFORM_PRODUCT_BUILD_VERSION\=23C53
    export PLATFORM_REQUIRES_SWIFT_AUTOLINK_EXTRACT\=NO
    export PLATFORM_REQUIRES_SWIFT_MODULEWRAP\=NO
    export PLIST_FILE_OUTPUT_FORMAT\=binary
    export PODS_BUILD_DIR\=/Users/zevia/code/ai/sales-recorder/ios/build/Build/Products
    export PODS_CONFIGURATION_BUILD_DIR\=/Users/zevia/code/ai/sales-recorder/ios/build/Build/Products/Release-iphonesimulator
    export PODS_DEVELOPMENT_LANGUAGE\=en
    export PODS_ROOT\=/Users/zevia/code/ai/sales-recorder/ios/Pods
    export PODS_TARGET_SRCROOT\=/Users/zevia/code/ai/sales-recorder/ios/Pods/hermes-engine
    export PODS_XCFRAMEWORKS_BUILD_DIR\=/Users/zevia/code/ai/sales-recorder/ios/build/Build/Products/Release-iphonesimulator/XCFrameworkIntermediates
    export PRECOMPS_INCLUDE_HEADERS_FROM_BUILT_PRODUCTS_DIR\=YES
    export PRECOMP_DESTINATION_DIR\=/Users/zevia/code/ai/sales-recorder/ios/build/Build/Intermediates.noindex/Pods.build/Release-iphonesimulator/hermes-engine.build/PrefixHeaders
    export PROCESSED_INFOPLIST_PATH\=/Users/zevia/code/ai/sales-recorder/ios/build/Build/Intermediates.noindex/Pods.build/Release-iphonesimulator/hermes-engine.build/Objects-normal/undefined_arch/Processed-Info.plist
    export PRODUCT_BUNDLE_IDENTIFIER\=org.cocoapods.hermes-engine
    export PRODUCT_MODULE_NAME\=hermes_engine
    export PRODUCT_NAME\=hermes-engine
    export PRODUCT_SETTINGS_PATH\=
    export PROFILING_CODE\=NO
    export PROJECT\=Pods
    export PROJECT_DERIVED_FILE_DIR\=/Users/zevia/code/ai/sales-recorder/ios/build/Build/Intermediates.noindex/Pods.build/DerivedSources
    export PROJECT_DIR\=/Users/zevia/code/ai/sales-recorder/ios/Pods
    export PROJECT_FILE_PATH\=/Users/zevia/code/ai/sales-recorder/ios/Pods/Pods.xcodeproj
    export PROJECT_GUID\=8699adb1dd336b26511df848a716bd42
    export PROJECT_NAME\=Pods
    export PROJECT_TEMP_DIR\=/Users/zevia/code/ai/sales-recorder/ios/build/Build/Intermediates.noindex/Pods.build
    export PROJECT_TEMP_ROOT\=/Users/zevia/code/ai/sales-recorder/ios/build/Build/Intermediates.noindex
    export REACT_NATIVE_PATH\=/Users/zevia/code/ai/sales-recorder/ios/Pods/../../node_modules/react-native
    export RECOMMENDED_IPHONEOS_DEPLOYMENT_TARGET\=15.0
    export RECURSIVE_SEARCH_PATHS_FOLLOW_SYMLINKS\=YES
    export REMOVE_CVS_FROM_RESOURCES\=YES
    export REMOVE_GIT_FROM_RESOURCES\=YES
    export REMOVE_HEADERS_FROM_EMBEDDED_BUNDLES\=YES
    export REMOVE_HG_FROM_RESOURCES\=YES
    export REMOVE_STATIC_EXECUTABLES_FROM_EMBEDDED_BUNDLES\=YES
    export REMOVE_SVN_FROM_RESOURCES\=YES
    export RESCHEDULE_INDEPENDENT_HEADERS_PHASES\=YES
    export REZ_COLLECTOR_DIR\=/Users/zevia/code/ai/sales-recorder/ios/build/Build/Intermediates.noindex/Pods.build/Release-iphonesimulator/hermes-engine.build/ResourceManagerResources
    export REZ_OBJECTS_DIR\=/Users/zevia/code/ai/sales-recorder/ios/build/Build/Intermediates.noindex/Pods.build/Release-iphonesimulator/hermes-engine.build/ResourceManagerResources/Objects
    export RUNTIME_EXCEPTION_ALLOW_DYLD_ENVIRONMENT_VARIABLES\=NO
    export RUNTIME_EXCEPTION_ALLOW_JIT\=NO
    export RUNTIME_EXCEPTION_ALLOW_UNSIGNED_EXECUTABLE_MEMORY\=NO
    export RUNTIME_EXCEPTION_DEBUGGING_TOOL\=NO
    export RUNTIME_EXCEPTION_DISABLE_EXECUTABLE_PAGE_PROTECTION\=NO
    export RUNTIME_EXCEPTION_DISABLE_LIBRARY_VALIDATION\=NO
    export SCAN_ALL_SOURCE_FILES_FOR_INCLUDES\=NO
    export SCRIPT_INPUT_FILE_COUNT\=0
    export SCRIPT_INPUT_FILE_LIST_COUNT\=0
    export SCRIPT_OUTPUT_FILE_COUNT\=0
    export SCRIPT_OUTPUT_FILE_LIST_COUNT\=0
    export SDKROOT\=/Applications/Xcode.app/Contents/Developer/Platforms/iPhoneSimulator.platform/Developer/SDKs/iPhoneSimulator26.2.sdk
    export SDK_DIR\=/Applications/Xcode.app/Contents/Developer/Platforms/iPhoneSimulator.platform/Developer/SDKs/iPhoneSimulator26.2.sdk
    export SDK_DIR_iphonesimulator\=/Applications/Xcode.app/Contents/Developer/Platforms/iPhoneSimulator.platform/Developer/SDKs/iPhoneSimulator26.2.sdk
    export SDK_DIR_iphonesimulator26_2\=/Applications/Xcode.app/Contents/Developer/Platforms/iPhoneSimulator.platform/Developer/SDKs/iPhoneSimulator26.2.sdk
    export SDK_NAME\=iphonesimulator26.2
    export SDK_NAMES\=iphonesimulator26.2
    export SDK_PRODUCT_BUILD_VERSION\=23C53
    export SDK_STAT_CACHE_DIR\=/Users/zevia/code/ai/sales-recorder/ios/build
    export SDK_STAT_CACHE_ENABLE\=YES
    export SDK_STAT_CACHE_PATH\=/Users/zevia/code/ai/sales-recorder/ios/build/SDKStatCaches.noindex/iphonesimulator26.2-23C53-7d00a8b37fbd7999ea79df8ebc024bf0.sdkstatcache
    export SDK_VERSION\=26.2
    export SDK_VERSION_ACTUAL\=260200
    export SDK_VERSION_MAJOR\=260000
    export SDK_VERSION_MINOR\=260200
    export SED\=/usr/bin/sed
    export SEPARATE_STRIP\=NO
    export SEPARATE_SYMBOL_EDIT\=NO
    export SET_DIR_MODE_OWNER_GROUP\=YES
    export SET_FILE_MODE_OWNER_GROUP\=NO
    export SHALLOW_BUNDLE\=NO
    export SHARED_DERIVED_FILE_DIR\=/Users/zevia/code/ai/sales-recorder/ios/build/Build/Products/Release-iphonesimulator/hermes-engine/DerivedSources
    export SHARED_PRECOMPS_DIR\=/Users/zevia/code/ai/sales-recorder/ios/build/Build/Intermediates.noindex/PrecompiledHeaders
    export SKIP_INSTALL\=YES
    export SOURCE_ROOT\=/Users/zevia/code/ai/sales-recorder/ios/Pods
    export SRCROOT\=/Users/zevia/code/ai/sales-recorder/ios/Pods
    export STRINGSDATA_DIR\=/Users/zevia/code/ai/sales-recorder/ios/build/Build/Intermediates.noindex/Pods.build/Release-iphonesimulator/hermes-engine.build/Objects-normal/undefined_arch
    export STRINGSDATA_ROOT\=/Users/zevia/code/ai/sales-recorder/ios/build/Build/Intermediates.noindex/Pods.build/Release-iphonesimulator/hermes-engine.build
    export STRINGS_FILE_INFOPLIST_RENAME\=YES
    export STRINGS_FILE_OUTPUT_ENCODING\=binary
    export STRING_CATALOG_GENERATE_SYMBOLS\=NO
    export STRIP_BITCODE_FROM_COPIED_FILES\=NO
    export STRIP_INSTALLED_PRODUCT\=NO
    export STRIP_STYLE\=all
    export STRIP_SWIFT_SYMBOLS\=YES
    export SUPPORTED_DEVICE_FAMILIES\=1,2
    export SUPPORTED_PLATFORMS\=iphoneos\ iphonesimulator
    export SUPPORTS_TEXT_BASED_API\=NO
    export SUPPRESS_WARNINGS\=NO
    export SWIFT_COMPILATION_MODE\=wholemodule
    export SWIFT_EMIT_CONST_VALUE_PROTOCOLS\=AppIntent\ EntityQuery\ AppEntity\ TransientEntity\ AppEnum\ AppShortcutProviding\ AppShortcutsProvider\ AnyResolverProviding\ AppIntentsPackage\ DynamicOptionsProvider\ _IntentValueRepresentable\ _AssistantIntentsProvider\ _GenerativeFunctionExtractable\ IntentValueQuery\ Resolver\ AppExtension\ ExtensionPointDefining
    export SWIFT_EMIT_LOC_STRINGS\=NO
    export SWIFT_ENABLE_EXPLICIT_MODULES\=YES
    export SWIFT_OPTIMIZATION_LEVEL\=-O
    export SWIFT_PLATFORM_TARGET_PREFIX\=ios
    export SWIFT_RESPONSE_FILE_PATH_normal_arm64\=/Users/zevia/code/ai/sales-recorder/ios/build/Build/Intermediates.noindex/Pods.build/Release-iphonesimulator/hermes-engine.build/Objects-normal/arm64/hermes-engine.SwiftFileList
    export SWIFT_RESPONSE_FILE_PATH_normal_x86_64\=/Users/zevia/code/ai/sales-recorder/ios/build/Build/Intermediates.noindex/Pods.build/Release-iphonesimulator/hermes-engine.build/Objects-normal/x86_64/hermes-engine.SwiftFileList
    export SWIFT_VERSION\=5.0
    export SYMROOT\=/Users/zevia/code/ai/sales-recorder/ios/build/Build/Products
    export SYSTEM_ADMIN_APPS_DIR\=/Applications/Utilities
    export SYSTEM_APPS_DIR\=/Applications
    export SYSTEM_CORE_SERVICES_DIR\=/System/Library/CoreServices
    export SYSTEM_DEMOS_DIR\=/Applications/Extras
    export SYSTEM_DEVELOPER_APPS_DIR\=/Applications/Xcode.app/Contents/Developer/Applications
    export SYSTEM_DEVELOPER_BIN_DIR\=/Applications/Xcode.app/Contents/Developer/usr/bin
    export SYSTEM_DEVELOPER_DEMOS_DIR\=/Applications/Xcode.app/Contents/Developer/Applications/Utilities/Built\ Examples
    export SYSTEM_DEVELOPER_DIR\=/Applications/Xcode.app/Contents/Developer
    export SYSTEM_DEVELOPER_DOC_DIR\=/Applications/Xcode.app/Contents/Developer/ADC\ Reference\ Library
    export SYSTEM_DEVELOPER_GRAPHICS_TOOLS_DIR\=/Applications/Xcode.app/Contents/Developer/Applications/Graphics\ Tools
    export SYSTEM_DEVELOPER_JAVA_TOOLS_DIR\=/Applications/Xcode.app/Contents/Developer/Applications/Java\ Tools
    export SYSTEM_DEVELOPER_PERFORMANCE_TOOLS_DIR\=/Applications/Xcode.app/Contents/Developer/Applications/Performance\ Tools
    export SYSTEM_DEVELOPER_RELEASENOTES_DIR\=/Applications/Xcode.app/Contents/Developer/ADC\ Reference\ Library/releasenotes
    export SYSTEM_DEVELOPER_TOOLS\=/Applications/Xcode.app/Contents/Developer/Tools
    export SYSTEM_DEVELOPER_TOOLS_DOC_DIR\=/Applications/Xcode.app/Contents/Developer/ADC\ Reference\ Library/documentation/DeveloperTools
    export SYSTEM_DEVELOPER_TOOLS_RELEASENOTES_DIR\=/Applications/Xcode.app/Contents/Developer/ADC\ Reference\ Library/releasenotes/DeveloperTools
    export SYSTEM_DEVELOPER_USR_DIR\=/Applications/Xcode.app/Contents/Developer/usr
    export SYSTEM_DEVELOPER_UTILITIES_DIR\=/Applications/Xcode.app/Contents/Developer/Applications/Utilities
    export SYSTEM_DEXT_INSTALL_PATH\=/System/Library/DriverExtensions
    export SYSTEM_DOCUMENTATION_DIR\=/Library/Documentation
    export SYSTEM_KEXT_INSTALL_PATH\=/System/Library/Extensions
    export SYSTEM_LIBRARY_DIR\=/System/Library
    export TAPI_DEMANGLE\=YES
    export TAPI_ENABLE_PROJECT_HEADERS\=NO
    export TAPI_LANGUAGE\=objective-c
    export TAPI_LANGUAGE_STANDARD\=compiler-default
    export TAPI_USE_SRCROOT\=YES
    export TAPI_VERIFY_MODE\=Pedantic
    export TARGETED_DEVICE_FAMILY\=1,2
    export TARGETNAME\=hermes-engine
    export TARGET_BUILD_DIR\=/Users/zevia/code/ai/sales-recorder/ios/build/Build/Products/Release-iphonesimulator/hermes-engine
    export TARGET_DEVICE_IDENTIFIER\=8FA67122-A375-4007-A453-BE28B1595584
    export TARGET_DEVICE_MODEL\=iPhone18,1
    export TARGET_DEVICE_OS_VERSION\=26.2
    export TARGET_DEVICE_PLATFORM_NAME\=iphonesimulator
    export TARGET_NAME\=hermes-engine
    export TARGET_TEMP_DIR\=/Users/zevia/code/ai/sales-recorder/ios/build/Build/Intermediates.noindex/Pods.build/Release-iphonesimulator/hermes-engine.build
    export TEMP_DIR\=/Users/zevia/code/ai/sales-recorder/ios/build/Build/Intermediates.noindex/Pods.build/Release-iphonesimulator/hermes-engine.build
    export TEMP_FILES_DIR\=/Users/zevia/code/ai/sales-recorder/ios/build/Build/Intermediates.noindex/Pods.build/Release-iphonesimulator/hermes-engine.build
    export TEMP_FILE_DIR\=/Users/zevia/code/ai/sales-recorder/ios/build/Build/Intermediates.noindex/Pods.build/Release-iphonesimulator/hermes-engine.build
    export TEMP_ROOT\=/Users/zevia/code/ai/sales-recorder/ios/build/Build/Intermediates.noindex
    export TEMP_SANDBOX_DIR\=/Users/zevia/code/ai/sales-recorder/ios/build/Build/Intermediates.noindex/TemporaryTaskSandboxes
    export TEST_FRAMEWORK_SEARCH_PATHS\=\ /Applications/Xcode.app/Contents/Developer/Platforms/iPhoneSimulator.platform/Developer/Library/Frameworks\ /Applications/Xcode.app/Contents/Developer/Platforms/iPhoneSimulator.platform/Developer/SDKs/iPhoneSimulator26.2.sdk/Developer/Library/Frameworks
    export TEST_LIBRARY_SEARCH_PATHS\=\ /Applications/Xcode.app/Contents/Developer/Platforms/iPhoneSimulator.platform/Developer/usr/lib
    export TOOLCHAINS\=com.apple.dt.toolchain.XcodeDefault
    export TOOLCHAIN_DIR\=/Applications/Xcode.app/Contents/Developer/Toolchains/XcodeDefault.xctoolchain
    export TREAT_MISSING_BASELINES_AS_TEST_FAILURES\=NO
    export TREAT_MISSING_SCRIPT_PHASE_OUTPUTS_AS_ERRORS\=NO
    export UID\=501
    export UNINSTALLED_PRODUCTS_DIR\=/Users/zevia/code/ai/sales-recorder/ios/build/Build/Intermediates.noindex/UninstalledProducts
    export UNSTRIPPED_PRODUCT\=NO
    export USER\=zevia
    export USER_APPS_DIR\=/Users/zevia/Applications
    export USER_LIBRARY_DIR\=/Users/zevia/Library
    export USE_DYNAMIC_NO_PIC\=YES
    export USE_HEADERMAP\=YES
    export USE_HEADER_SYMLINKS\=NO
    export USE_HERMES\=true
    export USE_RECURSIVE_SCRIPT_INPUTS_IN_SCRIPT_PHASES\=YES
    export VALIDATE_DEVELOPMENT_ASSET_PATHS\=YES_ERROR
    export VALIDATE_PRODUCT\=YES
    export VALID_ARCHS\=arm64\ x86_64
    export VERBOSE_PBXCP\=NO
    export VERSION_INFO_BUILDER\=zevia
    export VERSION_INFO_FILE\=hermes-engine_vers.c
    export VERSION_INFO_STRING\=\"@\(\#\)PROGRAM:hermes-engine\ \ PROJECT:Pods-\"
    export WORKSPACE_DIR\=/Users/zevia/code/ai/sales-recorder/ios
    export WRAP_ASSET_PACKS_IN_SEPARATE_DIRECTORIES\=NO
    export XCODE_APP_SUPPORT_DIR\=/Applications/Xcode.app/Contents/Developer/Library/Xcode
    export XCODE_PRODUCT_BUILD_VERSION\=17C52
    export XCODE_VERSION_ACTUAL\=2620
    export XCODE_VERSION_MAJOR\=2600
    export XCODE_VERSION_MINOR\=2620
    export XPCSERVICES_FOLDER_PATH\=/XPCServices
    export YACC\=yacc
    export _DISCOVER_COMMAND_LINE_LINKER_INPUTS\=YES
    export _DISCOVER_COMMAND_LINE_LINKER_INPUTS_INCLUDE_WL\=YES
    export _LD_MULTIARCH\=YES
    export __DIAGNOSE_DEPRECATED_ARCHS\=YES
    export arch\=undefined_arch
    export variant\=normal
    /bin/sh -c /Users/zevia/code/ai/sales-recorder/ios/build/Build/Intermediates.noindex/Pods.build/Release-iphonesimulator/hermes-engine.build/Script-46EB2E00020CA0.sh
Node found at: /opt/homebrew/Cellar/node/23.11.0/bin/node
Found .last_build_configuration file
Same config of the previous build. No need to replace Hermes engine

WriteAuxiliaryFile /Users/zevia/code/ai/sales-recorder/ios/build/Build/Intermediates.noindex/Pods.build/Release-iphonesimulator/Pods-salesrecorder.build/Pods-salesrecorder.DependencyStaticMetadataFileList (in target 'Pods-salesrecorder' from project 'Pods')
    cd /Users/zevia/code/ai/sales-recorder/ios/Pods
    write-file /Users/zevia/code/ai/sales-recorder/ios/build/Build/Intermediates.noindex/Pods.build/Release-iphonesimulator/Pods-salesrecorder.build/Pods-salesrecorder.DependencyStaticMetadataFileList

WriteAuxiliaryFile /Users/zevia/code/ai/sales-recorder/ios/build/Build/Intermediates.noindex/Pods.build/Release-iphonesimulator/Pods-salesrecorder.build/Pods-salesrecorder.hmap (in target 'Pods-salesrecorder' from project 'Pods')
    cd /Users/zevia/code/ai/sales-recorder/ios/Pods
    write-file /Users/zevia/code/ai/sales-recorder/ios/build/Build/Intermediates.noindex/Pods.build/Release-iphonesimulator/Pods-salesrecorder.build/Pods-salesrecorder.hmap

WriteAuxiliaryFile /Users/zevia/code/ai/sales-recorder/ios/build/Build/Intermediates.noindex/Pods.build/Release-iphonesimulator/Pods-salesrecorder.build/Pods-salesrecorder.DependencyMetadataFileList (in target 'Pods-salesrecorder' from project 'Pods')
    cd /Users/zevia/code/ai/sales-recorder/ios/Pods
    write-file /Users/zevia/code/ai/sales-recorder/ios/build/Build/Intermediates.noindex/Pods.build/Release-iphonesimulator/Pods-salesrecorder.build/Pods-salesrecorder.DependencyMetadataFileList

WriteAuxiliaryFile /Users/zevia/code/ai/sales-recorder/ios/build/Build/Intermediates.noindex/Pods.build/Release-iphonesimulator/Pods-salesrecorder.build/Pods-salesrecorder-project-headers.hmap (in target 'Pods-salesrecorder' from project 'Pods')
    cd /Users/zevia/code/ai/sales-recorder/ios/Pods
    write-file /Users/zevia/code/ai/sales-recorder/ios/build/Build/Intermediates.noindex/Pods.build/Release-iphonesimulator/Pods-salesrecorder.build/Pods-salesrecorder-project-headers.hmap

WriteAuxiliaryFile /Users/zevia/code/ai/sales-recorder/ios/build/Build/Intermediates.noindex/Pods.build/Release-iphonesimulator/Pods-salesrecorder.build/Pods-salesrecorder-generated-files.hmap (in target 'Pods-salesrecorder' from project 'Pods')
    cd /Users/zevia/code/ai/sales-recorder/ios/Pods
    write-file /Users/zevia/code/ai/sales-recorder/ios/build/Build/Intermediates.noindex/Pods.build/Release-iphonesimulator/Pods-salesrecorder.build/Pods-salesrecorder-generated-files.hmap

WriteAuxiliaryFile /Users/zevia/code/ai/sales-recorder/ios/build/Build/Intermediates.noindex/Pods.build/Release-iphonesimulator/Pods-salesrecorder.build/Pods-salesrecorder-all-non-framework-target-headers.hmap (in target 'Pods-salesrecorder' from project 'Pods')
    cd /Users/zevia/code/ai/sales-recorder/ios/Pods
    write-file /Users/zevia/code/ai/sales-recorder/ios/build/Build/Intermediates.noindex/Pods.build/Release-iphonesimulator/Pods-salesrecorder.build/Pods-salesrecorder-all-non-framework-target-headers.hmap

WriteAuxiliaryFile /Users/zevia/code/ai/sales-recorder/ios/build/Build/Intermediates.noindex/Pods.build/Release-iphonesimulator/Pods-salesrecorder.build/Pods-salesrecorder-all-target-headers.hmap (in target 'Pods-salesrecorder' from project 'Pods')
    cd /Users/zevia/code/ai/sales-recorder/ios/Pods
    write-file /Users/zevia/code/ai/sales-recorder/ios/build/Build/Intermediates.noindex/Pods.build/Release-iphonesimulator/Pods-salesrecorder.build/Pods-salesrecorder-all-target-headers.hmap

WriteAuxiliaryFile /Users/zevia/code/ai/sales-recorder/ios/build/Build/Intermediates.noindex/Pods.build/Release-iphonesimulator/Pods-salesrecorder.build/Pods-salesrecorder-own-target-headers.hmap (in target 'Pods-salesrecorder' from project 'Pods')
    cd /Users/zevia/code/ai/sales-recorder/ios/Pods
    write-file /Users/zevia/code/ai/sales-recorder/ios/build/Build/Intermediates.noindex/Pods.build/Release-iphonesimulator/Pods-salesrecorder.build/Pods-salesrecorder-own-target-headers.hmap

WriteAuxiliaryFile /Users/zevia/code/ai/sales-recorder/ios/build/Build/Intermediates.noindex/Pods.build/Release-iphonesimulator/Pods-salesrecorder.build/Objects-normal/arm64/e6072d4f65d7061329687fe24e3d63a7-common-args.resp (in target 'Pods-salesrecorder' from project 'Pods')
    cd /Users/zevia/code/ai/sales-recorder/ios/Pods
    write-file /Users/zevia/code/ai/sales-recorder/ios/build/Build/Intermediates.noindex/Pods.build/Release-iphonesimulator/Pods-salesrecorder.build/Objects-normal/arm64/e6072d4f65d7061329687fe24e3d63a7-common-args.resp
-target arm64-apple-ios15.1-simulator '-std=gnu11' -fobjc-arc -fmodules '-fmodules-cache-path=/Users/zevia/code/ai/sales-recorder/ios/build/ModuleCache.noindex' -fpascal-strings -Os -fno-common '-DPOD_CONFIGURATION_RELEASE=1' '-DCOCOAPODS=1' '-DNS_BLOCK_ASSERTIONS=1' '-DOBJC_OLD_DISPATCH_PROTOTYPES=0' -isysroot /Applications/Xcode.app/Contents/Developer/Platforms/iPhoneSimulator.platform/Developer/SDKs/iPhoneSimulator26.2.sdk -g '-fobjc-abi-version=2' -fobjc-legacy-dispatch -iquote /Users/zevia/code/ai/sales-recorder/ios/build/Build/Intermediates.noindex/Pods.build/Release-iphonesimulator/Pods-salesrecorder.build/Pods-salesrecorder-generated-files.hmap -I/Users/zevia/code/ai/sales-recorder/ios/build/Build/Intermediates.noindex/Pods.build/Release-iphonesimulator/Pods-salesrecorder.build/Pods-salesrecorder-own-target-headers.hmap -I/Users/zevia/code/ai/sales-recorder/ios/build/Build/Intermediates.noindex/Pods.build/Release-iphonesimulator/Pods-salesrecorder.build/Pods-salesrecorder-all-non-framework-target-headers.hmap -ivfsoverlay /Users/zevia/code/ai/sales-recorder/ios/build/Build/Intermediates.noindex/Pods.build/Release-iphonesimulator/Pods-8699adb1dd336b26511df848a716bd42-VFS-iphonesimulator/all-product-headers.yaml -iquote /Users/zevia/code/ai/sales-recorder/ios/build/Build/Intermediates.noindex/Pods.build/Release-iphonesimulator/Pods-salesrecorder.build/Pods-salesrecorder-project-headers.hmap -I/Users/zevia/code/ai/sales-recorder/ios/build/Build/Products/Release-iphonesimulator/include -I/Users/zevia/code/ai/sales-recorder/ios/Pods/Headers/Public -I/Users/zevia/code/ai/sales-recorder/ios/Pods/Headers/Public/DoubleConversion -I/Users/zevia/code/ai/sales-recorder/ios/Pods/Headers/Public/EXConstants -I/Users/zevia/code/ai/sales-recorder/ios/Pods/Headers/Public/EXJSONUtils -I/Users/zevia/code/ai/sales-recorder/ios/Pods/Headers/Public/Expo -I/Users/zevia/code/ai/sales-recorder/ios/Pods/Headers/Public/ExpoFileSystem -I/Users/zevia/code/ai/sales-recorder/ios/Pods/Headers/Public/ExpoModulesCore -I/Users/zevia/code/ai/sales-recorder/ios/Pods/Headers/Public/FBLazyVector -I/Users/zevia/code/ai/sales-recorder/ios/Pods/Headers/Public/RCT-Folly -I/Users/zevia/code/ai/sales-recorder/ios/Pods/Headers/Public/RCTDeprecation -I/Users/zevia/code/ai/sales-recorder/ios/Pods/Headers/Public/RCTRequired -I/Users/zevia/code/ai/sales-recorder/ios/Pods/Headers/Public/RCTTypeSafety -I/Users/zevia/code/ai/sales-recorder/ios/Pods/Headers/Public/React-Core -I/Users/zevia/code/ai/sales-recorder/ios/Pods/Headers/Public/React-Fabric -I/Users/zevia/code/ai/sales-recorder/ios/Pods/Headers/Public/React-FabricComponents -I/Users/zevia/code/ai/sales-recorder/ios/Pods/Headers/Public/React-FabricImage -I/Users/zevia/code/ai/sales-recorder/ios/Pods/Headers/Public/React-ImageManager -I/Users/zevia/code/ai/sales-recorder/ios/Pods/Headers/Public/React-Mapbuffer -I/Users/zevia/code/ai/sales-recorder/ios/Pods/Headers/Public/React-NativeModulesApple -I/Users/zevia/code/ai/sales-recorder/ios/Pods/Headers/Public/React-RCTAnimation -I/Users/zevia/code/ai/sales-recorder/ios/Pods/Headers/Public/React-RCTAppDelegate -I/Users/zevia/code/ai/sales-recorder/ios/Pods/Headers/Public/React-RCTBlob -I/Users/zevia/code/ai/sales-recorder/ios/Pods/Headers/Public/React-RCTFBReactNativeSpec -I/Users/zevia/code/ai/sales-recorder/ios/Pods/Headers/Public/React-RCTFabric -I/Users/zevia/code/ai/sales-recorder/ios/Pods/Headers/Public/React-RCTRuntime -I/Users/zevia/code/ai/sales-recorder/ios/Pods/Headers/Public/React-RCTText -I/Users/zevia/code/ai/sales-recorder/ios/Pods/Headers/Public/React-RuntimeApple -I/Users/zevia/code/ai/sales-recorder/ios/Pods/Headers/Public/React-RuntimeCore -I/Users/zevia/code/ai/sales-recorder/ios/Pods/Headers/Public/React-RuntimeHermes -I/Users/zevia/code/ai/sales-recorder/ios/Pods/Headers/Public/React-callinvoker -I/Users/zevia/code/ai/sales-recorder/ios/Pods/Headers/Public/React-cxxreact -I/Users/zevia/code/ai/sales-recorder/ios/Pods/Headers/Public/React-debug -I/Users/zevia/code/ai/sales-recorder/ios/Pods/Headers/Public/React-defaultsnativemodule -I/Users/zevia/code/ai/sales-recorder/ios/Pods/Headers/Public/React-domnativemodule -I/Users/zevia/code/ai/sales-recorder/ios/Pods/Headers/Public/React-featureflags -I/Users/zevia/code/ai/sales-recorder/ios/Pods/Headers/Public/React-featureflagsnativemodule -I/Users/zevia/code/ai/sales-recorder/ios/Pods/Headers/Public/React-graphics -I/Users/zevia/code/ai/sales-recorder/ios/Pods/Headers/Public/React-hermes -I/Users/zevia/code/ai/sales-recorder/ios/Pods/Headers/Public/React-idlecallbacksnativemodule -I/Users/zevia/code/ai/sales-recorder/ios/Pods/Headers/Public/React-jserrorhandler -I/Users/zevia/code/ai/sales-recorder/ios/Pods/Headers/Public/React-jsi -I/Users/zevia/code/ai/sales-recorder/ios/Pods/Headers/Public/React-jsiexecutor -I/Users/zevia/code/ai/sales-recorder/ios/Pods/Headers/Public/React-jsinspector -I/Users/zevia/code/ai/sales-recorder/ios/Pods/Headers/Public/React-jsinspectorcdp -I/Users/zevia/code/ai/sales-recorder/ios/Pods/Headers/Public/React-jsinspectornetwork -I/Users/zevia/code/ai/sales-recorder/ios/Pods/Headers/Public/React-jsinspectortracing -I/Users/zevia/code/ai/sales-recorder/ios/Pods/Headers/Public/React-jsitooling -I/Users/zevia/code/ai/sales-recorder/ios/Pods/Headers/Public/React-logger -I/Users/zevia/code/ai/sales-recorder/ios/Pods/Headers/Public/React-microtasksnativemodule -I/Users/zevia/code/ai/sales-recorder/ios/Pods/Headers/Public/React-oscompat -I/Users/zevia/code/ai/sales-recorder/ios/Pods/Headers/Public/React-perflogger -I/Users/zevia/code/ai/sales-recorder/ios/Pods/Headers/Public/React-performancetimeline -I/Users/zevia/code/ai/sales-recorder/ios/Pods/Headers/Public/React-rendererconsistency -I/Users/zevia/code/ai/sales-recorder/ios/Pods/Headers/Public/React-renderercss -I/Users/zevia/code/ai/sales-recorder/ios/Pods/Headers/Public/React-rendererdebug -I/Users/zevia/code/ai/sales-recorder/ios/Pods/Headers/Public/React-runtimeexecutor -I/Users/zevia/code/ai/sales-recorder/ios/Pods/Headers/Public/React-runtimescheduler -I/Users/zevia/code/ai/sales-recorder/ios/Pods/Headers/Public/React-timing -I/Users/zevia/code/ai/sales-recorder/ios/Pods/Headers/Public/React-utils -I/Users/zevia/code/ai/sales-recorder/ios/Pods/Headers/Public/ReactAppDependencyProvider -I/Users/zevia/code/ai/sales-recorder/ios/Pods/Headers/Public/ReactCodegen -I/Users/zevia/code/ai/sales-recorder/ios/Pods/Headers/Public/ReactCommon -I/Users/zevia/code/ai/sales-recorder/ios/Pods/Headers/Public/SocketRocket -I/Users/zevia/code/ai/sales-recorder/ios/Pods/Headers/Public/Yoga -I/Users/zevia/code/ai/sales-recorder/ios/Pods/Headers/Public/boost -I/Users/zevia/code/ai/sales-recorder/ios/Pods/Headers/Public/expo-dev-launcher -I/Users/zevia/code/ai/sales-recorder/ios/Pods/Headers/Public/expo-dev-menu -I/Users/zevia/code/ai/sales-recorder/ios/Pods/Headers/Public/fast_float -I/Users/zevia/code/ai/sales-recorder/ios/Pods/Headers/Public/fmt -I/Users/zevia/code/ai/sales-recorder/ios/Pods/Headers/Public/glog -I/Users/zevia/code/ai/sales-recorder/ios/Pods/Headers/Public/hermes-engine -I/Users/zevia/code/ai/sales-recorder/ios/Pods/DoubleConversion '-I/Users/zevia/code/ai/sales-recorder/ios/build/Build/Products/Release-iphonesimulator/EXManifests/Swift Compatibility Header' '-I/Users/zevia/code/ai/sales-recorder/ios/build/Build/Products/Release-iphonesimulator/EXUpdatesInterface/Swift Compatibility Header' '-I/Users/zevia/code/ai/sales-recorder/ios/build/Build/Products/Release-iphonesimulator/Expo/Swift Compatibility Header' -I/Users/zevia/code/ai/sales-recorder/ios/Pods/Headers/Private/Yoga '-I/Users/zevia/code/ai/sales-recorder/ios/build/Build/Products/Release-iphonesimulator/ExpoModulesCore/Swift Compatibility Header' -I/Users/zevia/code/ai/sales-recorder/ios/Pods/Headers/Private/Yoga -I/Users/zevia/code/ai/sales-recorder/ios/Pods/boost -I/Users/zevia/code/ai/sales-recorder/ios/Pods/Headers/Private/React-Core -I/Users/zevia/code/ai/sales-recorder/ios/Pods/Headers/Private/React-Core -I/Users/zevia/code/ai/sales-recorder/ios/Pods/Headers/Private/Yoga '-I/Users/zevia/code/ai/sales-recorder/ios/build/Build/Products/Release-iphonesimulator/expo-dev-menu-interface/Swift Compatibility Header' -I/Users/zevia/code/ai/sales-recorder/ios/build/Build/Intermediates.noindex/Pods.build/Release-iphonesimulator/Pods-salesrecorder.build/DerivedSources-normal/arm64 -I/Users/zevia/code/ai/sales-recorder/ios/build/Build/Intermediates.noindex/Pods.build/Release-iphonesimulator/Pods-salesrecorder.build/DerivedSources/arm64 -I/Users/zevia/code/ai/sales-recorder/ios/build/Build/Intermediates.noindex/Pods.build/Release-iphonesimulator/Pods-salesrecorder.build/DerivedSources -F/Users/zevia/code/ai/sales-recorder/ios/build/Build/Products/Release-iphonesimulator -F/Users/zevia/code/ai/sales-recorder/ios/Pods/hermes-engine/destroot/Library/Frameworks/universal -F/Users/zevia/code/ai/sales-recorder/ios/build/Build/Products/Release-iphonesimulator/XCFrameworkIntermediates/hermes-engine/Pre-built '-fmodule-map-file=/Users/zevia/code/ai/sales-recorder/ios/build/Build/Products/Release-iphonesimulator/EXConstants/EXConstants.modulemap' '-fmodule-map-file=/Users/zevia/code/ai/sales-recorder/ios/build/Build/Products/Release-iphonesimulator/EXManifests/EXManifests.modulemap' '-fmodule-map-file=/Users/zevia/code/ai/sales-recorder/ios/build/Build/Products/Release-iphonesimulator/EXUpdatesInterface/EXUpdatesInterface.modulemap' '-fmodule-map-file=/Users/zevia/code/ai/sales-recorder/ios/build/Build/Products/Release-iphonesimulator/Expo/Expo.modulemap' '-fmodule-map-file=/Users/zevia/code/ai/sales-recorder/ios/build/Build/Products/Release-iphonesimulator/ExpoAsset/ExpoAsset.modulemap' '-fmodule-map-file=/Users/zevia/code/ai/sales-recorder/ios/build/Build/Products/Release-iphonesimulator/ExpoFileSystem/ExpoFileSystem.modulemap' '-fmodule-map-file=/Users/zevia/code/ai/sales-recorder/ios/build/Build/Products/Release-iphonesimulator/ExpoFont/ExpoFont.modulemap' '-fmodule-map-file=/Users/zevia/code/ai/sales-recorder/ios/build/Build/Products/Release-iphonesimulator/ExpoKeepAwake/ExpoKeepAwake.modulemap' '-fmodule-map-file=/Users/zevia/code/ai/sales-recorder/ios/build/Build/Products/Release-iphonesimulator/ExpoModulesCore/ExpoModulesCore.modulemap' '-fmodule-map-file=/Users/zevia/code/ai/sales-recorder/ios/build/Build/Products/Release-iphonesimulator/expo-dev-menu-interface/EXDevMenuInterface.modulemap' '-fmodule-map-file=/Users/zevia/code/ai/sales-recorder/ios/Pods/Headers/Public/DoubleConversion/DoubleConversion.modulemap' '-fmodule-map-file=/Users/zevia/code/ai/sales-recorder/ios/Pods/Headers/Public/EXJSONUtils/EXJSONUtils.modulemap' '-fmodule-map-file=/Users/zevia/code/ai/sales-recorder/ios/Pods/Headers/Public/RCTDeprecation/RCTDeprecation.modulemap' '-fmodule-map-file=/Users/zevia/code/ai/sales-recorder/ios/Pods/Headers/Public/RCTFabric/React-RCTFabric.modulemap' '-fmodule-map-file=/Users/zevia/code/ai/sales-recorder/ios/Pods/Headers/Public/RCTImage/React-RCTImage.modulemap' '-fmodule-map-file=/Users/zevia/code/ai/sales-recorder/ios/Pods/Headers/Public/RCTRuntime/React-RCTRuntime.modulemap' '-fmodule-map-file=/Users/zevia/code/ai/sales-recorder/ios/Pods/Headers/Public/RCTTypeSafety/RCTTypeSafety.modulemap' '-fmodule-map-file=/Users/zevia/code/ai/sales-recorder/ios/Pods/Headers/Public/React/React-Core.modulemap' '-fmodule-map-file=/Users/zevia/code/ai/sales-recorder/ios/Pods/Headers/Public/ReactAppDependencyProvider/ReactAppDependencyProvider.modulemap' '-fmodule-map-file=/Users/zevia/code/ai/sales-recorder/ios/Pods/Headers/Public/ReactCodegen/ReactCodegen.modulemap' '-fmodule-map-file=/Users/zevia/code/ai/sales-recorder/ios/Pods/Headers/Public/ReactCommon/ReactCommon.modulemap' '-fmodule-map-file=/Users/zevia/code/ai/sales-recorder/ios/Pods/Headers/Public/React_Fabric/React-Fabric.modulemap' '-fmodule-map-file=/Users/zevia/code/ai/sales-recorder/ios/Pods/Headers/Public/React_FabricComponents/React-FabricComponents.modulemap' '-fmodule-map-file=/Users/zevia/code/ai/sales-recorder/ios/Pods/Headers/Public/React_NativeModulesApple/React-NativeModulesApple.modulemap' '-fmodule-map-file=/Users/zevia/code/ai/sales-recorder/ios/Pods/Headers/Public/React_RCTAppDelegate/React-RCTAppDelegate.modulemap' '-fmodule-map-file=/Users/zevia/code/ai/sales-recorder/ios/Pods/Headers/Public/React_runtimeexecutor/React-runtimeexecutor.modulemap' '-fmodule-map-file=/Users/zevia/code/ai/sales-recorder/ios/Pods/Headers/Public/SocketRocket/SocketRocket.modulemap' '-fmodule-map-file=/Users/zevia/code/ai/sales-recorder/ios/Pods/Headers/Public/fmt/fmt.modulemap' '-fmodule-map-file=/Users/zevia/code/ai/sales-recorder/ios/Pods/Headers/Public/folly/RCT-Folly.modulemap' '-fmodule-map-file=/Users/zevia/code/ai/sales-recorder/ios/Pods/Headers/Public/glog/glog.modulemap' '-fmodule-map-file=/Users/zevia/code/ai/sales-recorder/ios/Pods/Headers/Public/jsi/React-jsi.modulemap' '-fmodule-map-file=/Users/zevia/code/ai/sales-recorder/ios/Pods/Headers/Public/jsinspector_modern/React-jsinspector.modulemap' '-fmodule-map-file=/Users/zevia/code/ai/sales-recorder/ios/Pods/Headers/Public/jsinspector_modern_cdp/React-jsinspectorcdp.modulemap' '-fmodule-map-file=/Users/zevia/code/ai/sales-recorder/ios/Pods/Headers/Public/jsinspector_modern_network/React-jsinspectornetwork.modulemap' '-fmodule-map-file=/Users/zevia/code/ai/sales-recorder/ios/Pods/Headers/Public/jsinspector_modern_tracing/React-jsinspectortracing.modulemap' '-fmodule-map-file=/Users/zevia/code/ai/sales-recorder/ios/Pods/Headers/Public/react_debug/React-debug.modulemap' '-fmodule-map-file=/Users/zevia/code/ai/sales-recorder/ios/Pods/Headers/Public/react_featureflags/React-featureflags.modulemap' '-fmodule-map-file=/Users/zevia/code/ai/sales-recorder/ios/Pods/Headers/Public/react_nativemodule_defaults/React-defaultsnativemodule.modulemap' '-fmodule-map-file=/Users/zevia/code/ai/sales-recorder/ios/Pods/Headers/Public/react_nativemodule_dom/React-domnativemodule.modulemap' '-fmodule-map-file=/Users/zevia/code/ai/sales-recorder/ios/Pods/Headers/Public/react_nativemodule_featureflags/React-featureflagsnativemodule.modulemap' '-fmodule-map-file=/Users/zevia/code/ai/sales-recorder/ios/Pods/Headers/Public/react_nativemodule_idlecallbacks/React-idlecallbacksnativemodule.modulemap' '-fmodule-map-file=/Users/zevia/code/ai/sales-recorder/ios/Pods/Headers/Public/react_nativemodule_microtasks/React-microtasksnativemodule.modulemap' '-fmodule-map-file=/Users/zevia/code/ai/sales-recorder/ios/Pods/Headers/Public/react_renderer_css/React-renderercss.modulemap' '-fmodule-map-file=/Users/zevia/code/ai/sales-recorder/ios/Pods/Headers/Public/react_renderer_debug/React-rendererdebug.modulemap' '-fmodule-map-file=/Users/zevia/code/ai/sales-recorder/ios/Pods/Headers/Public/react_renderer_graphics/React-graphics.modulemap' '-fmodule-map-file=/Users/zevia/code/ai/sales-recorder/ios/Pods/Headers/Public/react_renderer_imagemanager/React-ImageManager.modulemap' '-fmodule-map-file=/Users/zevia/code/ai/sales-recorder/ios/Pods/Headers/Public/react_runtime/React-jsitooling.modulemap' '-fmodule-map-file=/Users/zevia/code/ai/sales-recorder/ios/Pods/Headers/Public/react_utils/React-utils.modulemap' '-fmodule-map-file=/Users/zevia/code/ai/sales-recorder/ios/Pods/Headers/Public/reacthermes/React-hermes.modulemap' '-fmodule-map-file=/Users/zevia/code/ai/sales-recorder/ios/Pods/Headers/Public/yoga/Yoga.modulemap' -DNDEBUG

WriteAuxiliaryFile /Users/zevia/code/ai/sales-recorder/ios/build/Build/Intermediates.noindex/Pods.build/Release-iphonesimulator/Pods-salesrecorder.build/Objects-normal/x86_64/Pods-salesrecorder.LinkFileList (in target 'Pods-salesrecorder' from project 'Pods')
    cd /Users/zevia/code/ai/sales-recorder/ios/Pods
    write-file /Users/zevia/code/ai/sales-recorder/ios/build/Build/Intermediates.noindex/Pods.build/Release-iphonesimulator/Pods-salesrecorder.build/Objects-normal/x86_64/Pods-salesrecorder.LinkFileList

WriteAuxiliaryFile /Users/zevia/code/ai/sales-recorder/ios/build/Build/Intermediates.noindex/Pods.build/Release-iphonesimulator/Pods-salesrecorder.build/Objects-normal/arm64/Pods-salesrecorder.LinkFileList (in target 'Pods-salesrecorder' from project 'Pods')
    cd /Users/zevia/code/ai/sales-recorder/ios/Pods
    write-file /Users/zevia/code/ai/sales-recorder/ios/build/Build/Intermediates.noindex/Pods.build/Release-iphonesimulator/Pods-salesrecorder.build/Objects-normal/arm64/Pods-salesrecorder.LinkFileList

WriteAuxiliaryFile /Users/zevia/code/ai/sales-recorder/ios/build/Build/Intermediates.noindex/Pods.build/Release-iphonesimulator/Pods-salesrecorder.build/Objects-normal/x86_64/e6072d4f65d7061329687fe24e3d63a7-common-args.resp (in target 'Pods-salesrecorder' from project 'Pods')
    cd /Users/zevia/code/ai/sales-recorder/ios/Pods
    write-file /Users/zevia/code/ai/sales-recorder/ios/build/Build/Intermediates.noindex/Pods.build/Release-iphonesimulator/Pods-salesrecorder.build/Objects-normal/x86_64/e6072d4f65d7061329687fe24e3d63a7-common-args.resp
-target x86_64-apple-ios15.1-simulator '-std=gnu11' -fobjc-arc -fmodules '-fmodules-cache-path=/Users/zevia/code/ai/sales-recorder/ios/build/ModuleCache.noindex' -fpascal-strings -Os -fno-common '-DPOD_CONFIGURATION_RELEASE=1' '-DCOCOAPODS=1' '-DNS_BLOCK_ASSERTIONS=1' '-DOBJC_OLD_DISPATCH_PROTOTYPES=0' -isysroot /Applications/Xcode.app/Contents/Developer/Platforms/iPhoneSimulator.platform/Developer/SDKs/iPhoneSimulator26.2.sdk -fasm-blocks -g '-fobjc-abi-version=2' -fobjc-legacy-dispatch -iquote /Users/zevia/code/ai/sales-recorder/ios/build/Build/Intermediates.noindex/Pods.build/Release-iphonesimulator/Pods-salesrecorder.build/Pods-salesrecorder-generated-files.hmap -I/Users/zevia/code/ai/sales-recorder/ios/build/Build/Intermediates.noindex/Pods.build/Release-iphonesimulator/Pods-salesrecorder.build/Pods-salesrecorder-own-target-headers.hmap -I/Users/zevia/code/ai/sales-recorder/ios/build/Build/Intermediates.noindex/Pods.build/Release-iphonesimulator/Pods-salesrecorder.build/Pods-salesrecorder-all-non-framework-target-headers.hmap -ivfsoverlay /Users/zevia/code/ai/sales-recorder/ios/build/Build/Intermediates.noindex/Pods.build/Release-iphonesimulator/Pods-8699adb1dd336b26511df848a716bd42-VFS-iphonesimulator/all-product-headers.yaml -iquote /Users/zevia/code/ai/sales-recorder/ios/build/Build/Intermediates.noindex/Pods.build/Release-iphonesimulator/Pods-salesrecorder.build/Pods-salesrecorder-project-headers.hmap -I/Users/zevia/code/ai/sales-recorder/ios/build/Build/Products/Release-iphonesimulator/include -I/Users/zevia/code/ai/sales-recorder/ios/Pods/Headers/Public -I/Users/zevia/code/ai/sales-recorder/ios/Pods/Headers/Public/DoubleConversion -I/Users/zevia/code/ai/sales-recorder/ios/Pods/Headers/Public/EXConstants -I/Users/zevia/code/ai/sales-recorder/ios/Pods/Headers/Public/EXJSONUtils -I/Users/zevia/code/ai/sales-recorder/ios/Pods/Headers/Public/Expo -I/Users/zevia/code/ai/sales-recorder/ios/Pods/Headers/Public/ExpoFileSystem -I/Users/zevia/code/ai/sales-recorder/ios/Pods/Headers/Public/ExpoModulesCore -I/Users/zevia/code/ai/sales-recorder/ios/Pods/Headers/Public/FBLazyVector -I/Users/zevia/code/ai/sales-recorder/ios/Pods/Headers/Public/RCT-Folly -I/Users/zevia/code/ai/sales-recorder/ios/Pods/Headers/Public/RCTDeprecation -I/Users/zevia/code/ai/sales-recorder/ios/Pods/Headers/Public/RCTRequired -I/Users/zevia/code/ai/sales-recorder/ios/Pods/Headers/Public/RCTTypeSafety -I/Users/zevia/code/ai/sales-recorder/ios/Pods/Headers/Public/React-Core -I/Users/zevia/code/ai/sales-recorder/ios/Pods/Headers/Public/React-Fabric -I/Users/zevia/code/ai/sales-recorder/ios/Pods/Headers/Public/React-FabricComponents -I/Users/zevia/code/ai/sales-recorder/ios/Pods/Headers/Public/React-FabricImage -I/Users/zevia/code/ai/sales-recorder/ios/Pods/Headers/Public/React-ImageManager -I/Users/zevia/code/ai/sales-recorder/ios/Pods/Headers/Public/React-Mapbuffer -I/Users/zevia/code/ai/sales-recorder/ios/Pods/Headers/Public/React-NativeModulesApple -I/Users/zevia/code/ai/sales-recorder/ios/Pods/Headers/Public/React-RCTAnimation -I/Users/zevia/code/ai/sales-recorder/ios/Pods/Headers/Public/React-RCTAppDelegate -I/Users/zevia/code/ai/sales-recorder/ios/Pods/Headers/Public/React-RCTBlob -I/Users/zevia/code/ai/sales-recorder/ios/Pods/Headers/Public/React-RCTFBReactNativeSpec -I/Users/zevia/code/ai/sales-recorder/ios/Pods/Headers/Public/React-RCTFabric -I/Users/zevia/code/ai/sales-recorder/ios/Pods/Headers/Public/React-RCTRuntime -I/Users/zevia/code/ai/sales-recorder/ios/Pods/Headers/Public/React-RCTText -I/Users/zevia/code/ai/sales-recorder/ios/Pods/Headers/Public/React-RuntimeApple -I/Users/zevia/code/ai/sales-recorder/ios/Pods/Headers/Public/React-RuntimeCore -I/Users/zevia/code/ai/sales-recorder/ios/Pods/Headers/Public/React-RuntimeHermes -I/Users/zevia/code/ai/sales-recorder/ios/Pods/Headers/Public/React-callinvoker -I/Users/zevia/code/ai/sales-recorder/ios/Pods/Headers/Public/React-cxxreact -I/Users/zevia/code/ai/sales-recorder/ios/Pods/Headers/Public/React-debug -I/Users/zevia/code/ai/sales-recorder/ios/Pods/Headers/Public/React-defaultsnativemodule -I/Users/zevia/code/ai/sales-recorder/ios/Pods/Headers/Public/React-domnativemodule -I/Users/zevia/code/ai/sales-recorder/ios/Pods/Headers/Public/React-featureflags -I/Users/zevia/code/ai/sales-recorder/ios/Pods/Headers/Public/React-featureflagsnativemodule -I/Users/zevia/code/ai/sales-recorder/ios/Pods/Headers/Public/React-graphics -I/Users/zevia/code/ai/sales-recorder/ios/Pods/Headers/Public/React-hermes -I/Users/zevia/code/ai/sales-recorder/ios/Pods/Headers/Public/React-idlecallbacksnativemodule -I/Users/zevia/code/ai/sales-recorder/ios/Pods/Headers/Public/React-jserrorhandler -I/Users/zevia/code/ai/sales-recorder/ios/Pods/Headers/Public/React-jsi -I/Users/zevia/code/ai/sales-recorder/ios/Pods/Headers/Public/React-jsiexecutor -I/Users/zevia/code/ai/sales-recorder/ios/Pods/Headers/Public/React-jsinspector -I/Users/zevia/code/ai/sales-recorder/ios/Pods/Headers/Public/React-jsinspectorcdp -I/Users/zevia/code/ai/sales-recorder/ios/Pods/Headers/Public/React-jsinspectornetwork -I/Users/zevia/code/ai/sales-recorder/ios/Pods/Headers/Public/React-jsinspectortracing -I/Users/zevia/code/ai/sales-recorder/ios/Pods/Headers/Public/React-jsitooling -I/Users/zevia/code/ai/sales-recorder/ios/Pods/Headers/Public/React-logger -I/Users/zevia/code/ai/sales-recorder/ios/Pods/Headers/Public/React-microtasksnativemodule -I/Users/zevia/code/ai/sales-recorder/ios/Pods/Headers/Public/React-oscompat -I/Users/zevia/code/ai/sales-recorder/ios/Pods/Headers/Public/React-perflogger -I/Users/zevia/code/ai/sales-recorder/ios/Pods/Headers/Public/React-performancetimeline -I/Users/zevia/code/ai/sales-recorder/ios/Pods/Headers/Public/React-rendererconsistency -I/Users/zevia/code/ai/sales-recorder/ios/Pods/Headers/Public/React-renderercss -I/Users/zevia/code/ai/sales-recorder/ios/Pods/Headers/Public/React-rendererdebug -I/Users/zevia/code/ai/sales-recorder/ios/Pods/Headers/Public/React-runtimeexecutor -I/Users/zevia/code/ai/sales-recorder/ios/Pods/Headers/Public/React-runtimescheduler -I/Users/zevia/code/ai/sales-recorder/ios/Pods/Headers/Public/React-timing -I/Users/zevia/code/ai/sales-recorder/ios/Pods/Headers/Public/React-utils -I/Users/zevia/code/ai/sales-recorder/ios/Pods/Headers/Public/ReactAppDependencyProvider -I/Users/zevia/code/ai/sales-recorder/ios/Pods/Headers/Public/ReactCodegen -I/Users/zevia/code/ai/sales-recorder/ios/Pods/Headers/Public/ReactCommon -I/Users/zevia/code/ai/sales-recorder/ios/Pods/Headers/Public/SocketRocket -I/Users/zevia/code/ai/sales-recorder/ios/Pods/Headers/Public/Yoga -I/Users/zevia/code/ai/sales-recorder/ios/Pods/Headers/Public/boost -I/Users/zevia/code/ai/sales-recorder/ios/Pods/Headers/Public/expo-dev-launcher -I/Users/zevia/code/ai/sales-recorder/ios/Pods/Headers/Public/expo-dev-menu -I/Users/zevia/code/ai/sales-recorder/ios/Pods/Headers/Public/fast_float -I/Users/zevia/code/ai/sales-recorder/ios/Pods/Headers/Public/fmt -I/Users/zevia/code/ai/sales-recorder/ios/Pods/Headers/Public/glog -I/Users/zevia/code/ai/sales-recorder/ios/Pods/Headers/Public/hermes-engine -I/Users/zevia/code/ai/sales-recorder/ios/Pods/DoubleConversion '-I/Users/zevia/code/ai/sales-recorder/ios/build/Build/Products/Release-iphonesimulator/EXManifests/Swift Compatibility Header' '-I/Users/zevia/code/ai/sales-recorder/ios/build/Build/Products/Release-iphonesimulator/EXUpdatesInterface/Swift Compatibility Header' '-I/Users/zevia/code/ai/sales-recorder/ios/build/Build/Products/Release-iphonesimulator/Expo/Swift Compatibility Header' -I/Users/zevia/code/ai/sales-recorder/ios/Pods/Headers/Private/Yoga '-I/Users/zevia/code/ai/sales-recorder/ios/build/Build/Products/Release-iphonesimulator/ExpoModulesCore/Swift Compatibility Header' -I/Users/zevia/code/ai/sales-recorder/ios/Pods/Headers/Private/Yoga -I/Users/zevia/code/ai/sales-recorder/ios/Pods/boost -I/Users/zevia/code/ai/sales-recorder/ios/Pods/Headers/Private/React-Core -I/Users/zevia/code/ai/sales-recorder/ios/Pods/Headers/Private/React-Core -I/Users/zevia/code/ai/sales-recorder/ios/Pods/Headers/Private/Yoga '-I/Users/zevia/code/ai/sales-recorder/ios/build/Build/Products/Release-iphonesimulator/expo-dev-menu-interface/Swift Compatibility Header' -I/Users/zevia/code/ai/sales-recorder/ios/build/Build/Intermediates.noindex/Pods.build/Release-iphonesimulator/Pods-salesrecorder.build/DerivedSources-normal/x86_64 -I/Users/zevia/code/ai/sales-recorder/ios/build/Build/Intermediates.noindex/Pods.build/Release-iphonesimulator/Pods-salesrecorder.build/DerivedSources/x86_64 -I/Users/zevia/code/ai/sales-recorder/ios/build/Build/Intermediates.noindex/Pods.build/Release-iphonesimulator/Pods-salesrecorder.build/DerivedSources -F/Users/zevia/code/ai/sales-recorder/ios/build/Build/Products/Release-iphonesimulator -F/Users/zevia/code/ai/sales-recorder/ios/Pods/hermes-engine/destroot/Library/Frameworks/universal -F/Users/zevia/code/ai/sales-recorder/ios/build/Build/Products/Release-iphonesimulator/XCFrameworkIntermediates/hermes-engine/Pre-built '-fmodule-map-file=/Users/zevia/code/ai/sales-recorder/ios/build/Build/Products/Release-iphonesimulator/EXConstants/EXConstants.modulemap' '-fmodule-map-file=/Users/zevia/code/ai/sales-recorder/ios/build/Build/Products/Release-iphonesimulator/EXManifests/EXManifests.modulemap' '-fmodule-map-file=/Users/zevia/code/ai/sales-recorder/ios/build/Build/Products/Release-iphonesimulator/EXUpdatesInterface/EXUpdatesInterface.modulemap' '-fmodule-map-file=/Users/zevia/code/ai/sales-recorder/ios/build/Build/Products/Release-iphonesimulator/Expo/Expo.modulemap' '-fmodule-map-file=/Users/zevia/code/ai/sales-recorder/ios/build/Build/Products/Release-iphonesimulator/ExpoAsset/ExpoAsset.modulemap' '-fmodule-map-file=/Users/zevia/code/ai/sales-recorder/ios/build/Build/Products/Release-iphonesimulator/ExpoFileSystem/ExpoFileSystem.modulemap' '-fmodule-map-file=/Users/zevia/code/ai/sales-recorder/ios/build/Build/Products/Release-iphonesimulator/ExpoFont/ExpoFont.modulemap' '-fmodule-map-file=/Users/zevia/code/ai/sales-recorder/ios/build/Build/Products/Release-iphonesimulator/ExpoKeepAwake/ExpoKeepAwake.modulemap' '-fmodule-map-file=/Users/zevia/code/ai/sales-recorder/ios/build/Build/Products/Release-iphonesimulator/ExpoModulesCore/ExpoModulesCore.modulemap' '-fmodule-map-file=/Users/zevia/code/ai/sales-recorder/ios/build/Build/Products/Release-iphonesimulator/expo-dev-menu-interface/EXDevMenuInterface.modulemap' '-fmodule-map-file=/Users/zevia/code/ai/sales-recorder/ios/Pods/Headers/Public/DoubleConversion/DoubleConversion.modulemap' '-fmodule-map-file=/Users/zevia/code/ai/sales-recorder/ios/Pods/Headers/Public/EXJSONUtils/EXJSONUtils.modulemap' '-fmodule-map-file=/Users/zevia/code/ai/sales-recorder/ios/Pods/Headers/Public/RCTDeprecation/RCTDeprecation.modulemap' '-fmodule-map-file=/Users/zevia/code/ai/sales-recorder/ios/Pods/Headers/Public/RCTFabric/React-RCTFabric.modulemap' '-fmodule-map-file=/Users/zevia/code/ai/sales-recorder/ios/Pods/Headers/Public/RCTImage/React-RCTImage.modulemap' '-fmodule-map-file=/Users/zevia/code/ai/sales-recorder/ios/Pods/Headers/Public/RCTRuntime/React-RCTRuntime.modulemap' '-fmodule-map-file=/Users/zevia/code/ai/sales-recorder/ios/Pods/Headers/Public/RCTTypeSafety/RCTTypeSafety.modulemap' '-fmodule-map-file=/Users/zevia/code/ai/sales-recorder/ios/Pods/Headers/Public/React/React-Core.modulemap' '-fmodule-map-file=/Users/zevia/code/ai/sales-recorder/ios/Pods/Headers/Public/ReactAppDependencyProvider/ReactAppDependencyProvider.modulemap' '-fmodule-map-file=/Users/zevia/code/ai/sales-recorder/ios/Pods/Headers/Public/ReactCodegen/ReactCodegen.modulemap' '-fmodule-map-file=/Users/zevia/code/ai/sales-recorder/ios/Pods/Headers/Public/ReactCommon/ReactCommon.modulemap' '-fmodule-map-file=/Users/zevia/code/ai/sales-recorder/ios/Pods/Headers/Public/React_Fabric/React-Fabric.modulemap' '-fmodule-map-file=/Users/zevia/code/ai/sales-recorder/ios/Pods/Headers/Public/React_FabricComponents/React-FabricComponents.modulemap' '-fmodule-map-file=/Users/zevia/code/ai/sales-recorder/ios/Pods/Headers/Public/React_NativeModulesApple/React-NativeModulesApple.modulemap' '-fmodule-map-file=/Users/zevia/code/ai/sales-recorder/ios/Pods/Headers/Public/React_RCTAppDelegate/React-RCTAppDelegate.modulemap' '-fmodule-map-file=/Users/zevia/code/ai/sales-recorder/ios/Pods/Headers/Public/React_runtimeexecutor/React-runtimeexecutor.modulemap' '-fmodule-map-file=/Users/zevia/code/ai/sales-recorder/ios/Pods/Headers/Public/SocketRocket/SocketRocket.modulemap' '-fmodule-map-file=/Users/zevia/code/ai/sales-recorder/ios/Pods/Headers/Public/fmt/fmt.modulemap' '-fmodule-map-file=/Users/zevia/code/ai/sales-recorder/ios/Pods/Headers/Public/folly/RCT-Folly.modulemap' '-fmodule-map-file=/Users/zevia/code/ai/sales-recorder/ios/Pods/Headers/Public/glog/glog.modulemap' '-fmodule-map-file=/Users/zevia/code/ai/sales-recorder/ios/Pods/Headers/Public/jsi/React-jsi.modulemap' '-fmodule-map-file=/Users/zevia/code/ai/sales-recorder/ios/Pods/Headers/Public/jsinspector_modern/React-jsinspector.modulemap' '-fmodule-map-file=/Users/zevia/code/ai/sales-recorder/ios/Pods/Headers/Public/jsinspector_modern_cdp/React-jsinspectorcdp.modulemap' '-fmodule-map-file=/Users/zevia/code/ai/sales-recorder/ios/Pods/Headers/Public/jsinspector_modern_network/React-jsinspectornetwork.modulemap' '-fmodule-map-file=/Users/zevia/code/ai/sales-recorder/ios/Pods/Headers/Public/jsinspector_modern_tracing/React-jsinspectortracing.modulemap' '-fmodule-map-file=/Users/zevia/code/ai/sales-recorder/ios/Pods/Headers/Public/react_debug/React-debug.modulemap' '-fmodule-map-file=/Users/zevia/code/ai/sales-recorder/ios/Pods/Headers/Public/react_featureflags/React-featureflags.modulemap' '-fmodule-map-file=/Users/zevia/code/ai/sales-recorder/ios/Pods/Headers/Public/react_nativemodule_defaults/React-defaultsnativemodule.modulemap' '-fmodule-map-file=/Users/zevia/code/ai/sales-recorder/ios/Pods/Headers/Public/react_nativemodule_dom/React-domnativemodule.modulemap' '-fmodule-map-file=/Users/zevia/code/ai/sales-recorder/ios/Pods/Headers/Public/react_nativemodule_featureflags/React-featureflagsnativemodule.modulemap' '-fmodule-map-file=/Users/zevia/code/ai/sales-recorder/ios/Pods/Headers/Public/react_nativemodule_idlecallbacks/React-idlecallbacksnativemodule.modulemap' '-fmodule-map-file=/Users/zevia/code/ai/sales-recorder/ios/Pods/Headers/Public/react_nativemodule_microtasks/React-microtasksnativemodule.modulemap' '-fmodule-map-file=/Users/zevia/code/ai/sales-recorder/ios/Pods/Headers/Public/react_renderer_css/React-renderercss.modulemap' '-fmodule-map-file=/Users/zevia/code/ai/sales-recorder/ios/Pods/Headers/Public/react_renderer_debug/React-rendererdebug.modulemap' '-fmodule-map-file=/Users/zevia/code/ai/sales-recorder/ios/Pods/Headers/Public/react_renderer_graphics/React-graphics.modulemap' '-fmodule-map-file=/Users/zevia/code/ai/sales-recorder/ios/Pods/Headers/Public/react_renderer_imagemanager/React-ImageManager.modulemap' '-fmodule-map-file=/Users/zevia/code/ai/sales-recorder/ios/Pods/Headers/Public/react_runtime/React-jsitooling.modulemap' '-fmodule-map-file=/Users/zevia/code/ai/sales-recorder/ios/Pods/Headers/Public/react_utils/React-utils.modulemap' '-fmodule-map-file=/Users/zevia/code/ai/sales-recorder/ios/Pods/Headers/Public/reacthermes/React-hermes.modulemap' '-fmodule-map-file=/Users/zevia/code/ai/sales-recorder/ios/Pods/Headers/Public/yoga/Yoga.modulemap' -DNDEBUG

MkDir /Users/zevia/code/ai/sales-recorder/ios/build/Build/Products/Release-iphonesimulator/salesrecorder.app/Frameworks (in target 'salesrecorder' from project 'salesrecorder')
    cd /Users/zevia/code/ai/sales-recorder/ios
    /bin/mkdir -p /Users/zevia/code/ai/sales-recorder/ios/build/Build/Products/Release-iphonesimulator/salesrecorder.app/Frameworks

MkDir /Users/zevia/code/ai/sales-recorder/ios/build/Build/Products/Release-iphonesimulator/salesrecorder.app (in target 'salesrecorder' from project 'salesrecorder')
    cd /Users/zevia/code/ai/sales-recorder/ios
    /bin/mkdir -p /Users/zevia/code/ai/sales-recorder/ios/build/Build/Products/Release-iphonesimulator/salesrecorder.app

MkDir /Users/zevia/code/ai/sales-recorder/ios/build/Build/Products/Release-iphonesimulator/glog/glog_privacy.bundle (in target 'glog-glog_privacy' from project 'Pods')
    cd /Users/zevia/code/ai/sales-recorder/ios/Pods
    /bin/mkdir -p /Users/zevia/code/ai/sales-recorder/ios/build/Build/Products/Release-iphonesimulator/glog/glog_privacy.bundle

WriteAuxiliaryFile /Users/zevia/code/ai/sales-recorder/ios/build/Build/Intermediates.noindex/Pods.build/Release-iphonesimulator/glog-glog_privacy.build/glog_privacy.DependencyMetadataFileList (in target 'glog-glog_privacy' from project 'Pods')
    cd /Users/zevia/code/ai/sales-recorder/ios/Pods
    write-file /Users/zevia/code/ai/sales-recorder/ios/build/Build/Intermediates.noindex/Pods.build/Release-iphonesimulator/glog-glog_privacy.build/glog_privacy.DependencyMetadataFileList

WriteAuxiliaryFile /Users/zevia/code/ai/sales-recorder/ios/build/Build/Intermediates.noindex/Pods.build/Release-iphonesimulator/glog-glog_privacy.build/glog_privacy.DependencyStaticMetadataFileList (in target 'glog-glog_privacy' from project 'Pods')
    cd /Users/zevia/code/ai/sales-recorder/ios/Pods
    write-file /Users/zevia/code/ai/sales-recorder/ios/build/Build/Intermediates.noindex/Pods.build/Release-iphonesimulator/glog-glog_privacy.build/glog_privacy.DependencyStaticMetadataFileList

WriteAuxiliaryFile /Users/zevia/code/ai/sales-recorder/ios/build/Build/Intermediates.noindex/Pods.build/Release-iphonesimulator/glog.build/glog.DependencyStaticMetadataFileList (in target 'glog' from project 'Pods')
    cd /Users/zevia/code/ai/sales-recorder/ios/Pods
    write-file /Users/zevia/code/ai/sales-recorder/ios/build/Build/Intermediates.noindex/Pods.build/Release-iphonesimulator/glog.build/glog.DependencyStaticMetadataFileList

WriteAuxiliaryFile /Users/zevia/code/ai/sales-recorder/ios/build/Build/Intermediates.noindex/Pods.build/Release-iphonesimulator/glog.build/glog.DependencyMetadataFileList (in target 'glog' from project 'Pods')
    cd /Users/zevia/code/ai/sales-recorder/ios/Pods
    write-file /Users/zevia/code/ai/sales-recorder/ios/build/Build/Intermediates.noindex/Pods.build/Release-iphonesimulator/glog.build/glog.DependencyMetadataFileList

WriteAuxiliaryFile /Users/zevia/code/ai/sales-recorder/ios/build/Build/Intermediates.noindex/Pods.build/Release-iphonesimulator/glog.build/Objects-normal/x86_64/glog.LinkFileList (in target 'glog' from project 'Pods')
    cd /Users/zevia/code/ai/sales-recorder/ios/Pods
    write-file /Users/zevia/code/ai/sales-recorder/ios/build/Build/Intermediates.noindex/Pods.build/Release-iphonesimulator/glog.build/Objects-normal/x86_64/glog.LinkFileList

WriteAuxiliaryFile /Users/zevia/code/ai/sales-recorder/ios/build/Build/Intermediates.noindex/Pods.build/Release-iphonesimulator/glog.build/Objects-normal/x86_64/e6072d4f65d7061329687fe24e3d63a7-common-args.resp (in target 'glog' from project 'Pods')
    cd /Users/zevia/code/ai/sales-recorder/ios/Pods
    write-file /Users/zevia/code/ai/sales-recorder/ios/build/Build/Intermediates.noindex/Pods.build/Release-iphonesimulator/glog.build/Objects-normal/x86_64/e6072d4f65d7061329687fe24e3d63a7-common-args.resp
-target x86_64-apple-ios15.1-simulator '-std=gnu11' -fobjc-arc -fmodules '-fmodules-cache-path=/Users/zevia/code/ai/sales-recorder/ios/build/ModuleCache.noindex' '-fmodule-name=glog' -fpascal-strings -Os -fno-common '-DPOD_CONFIGURATION_RELEASE=1' '-DCOCOAPODS=1' '-DNS_BLOCK_ASSERTIONS=1' '-DOBJC_OLD_DISPATCH_PROTOTYPES=0' -isysroot /Applications/Xcode.app/Contents/Developer/Platforms/iPhoneSimulator.platform/Developer/SDKs/iPhoneSimulator26.2.sdk -fasm-blocks -g '-fobjc-abi-version=2' -fobjc-legacy-dispatch -I/Users/zevia/code/ai/sales-recorder/ios/build/Build/Products/Release-iphonesimulator/glog/include -I/Users/zevia/code/ai/sales-recorder/ios/Pods/Headers/Private -I/Users/zevia/code/ai/sales-recorder/ios/Pods/Headers/Private/glog -I/Users/zevia/code/ai/sales-recorder/ios/Pods/Headers/Public -I/Users/zevia/code/ai/sales-recorder/ios/Pods/Headers/Public/glog -I/Users/zevia/code/ai/sales-recorder/ios/Pods/glog/src -I/Users/zevia/code/ai/sales-recorder/ios/build/Build/Intermediates.noindex/Pods.build/Release-iphonesimulator/glog.build/DerivedSources-normal/x86_64 -I/Users/zevia/code/ai/sales-recorder/ios/build/Build/Intermediates.noindex/Pods.build/Release-iphonesimulator/glog.build/DerivedSources/x86_64 -I/Users/zevia/code/ai/sales-recorder/ios/build/Build/Intermediates.noindex/Pods.build/Release-iphonesimulator/glog.build/DerivedSources -F/Users/zevia/code/ai/sales-recorder/ios/build/Build/Products/Release-iphonesimulator/glog -DNDEBUG

WriteAuxiliaryFile /Users/zevia/code/ai/sales-recorder/ios/build/Build/Intermediates.noindex/Pods.build/Release-iphonesimulator/glog.build/Objects-normal/x86_64/82b82416624d2658e5098eb0a28c15c5-common-args.resp (in target 'glog' from project 'Pods')
    cd /Users/zevia/code/ai/sales-recorder/ios/Pods
    write-file /Users/zevia/code/ai/sales-recorder/ios/build/Build/Intermediates.noindex/Pods.build/Release-iphonesimulator/glog.build/Objects-normal/x86_64/82b82416624d2658e5098eb0a28c15c5-common-args.resp
-target x86_64-apple-ios15.1-simulator '-std=c++20' '-stdlib=libc++' -fmodules -fno-cxx-modules '-fmodules-cache-path=/Users/zevia/code/ai/sales-recorder/ios/build/ModuleCache.noindex' '-fmodule-name=glog' -fpascal-strings -Os -fno-common '-DPOD_CONFIGURATION_RELEASE=1' '-DCOCOAPODS=1' -isysroot /Applications/Xcode.app/Contents/Developer/Platforms/iPhoneSimulator.platform/Developer/SDKs/iPhoneSimulator26.2.sdk -fasm-blocks -g -I/Users/zevia/code/ai/sales-recorder/ios/build/Build/Products/Release-iphonesimulator/glog/include -I/Users/zevia/code/ai/sales-recorder/ios/Pods/Headers/Private -I/Users/zevia/code/ai/sales-recorder/ios/Pods/Headers/Private/glog -I/Users/zevia/code/ai/sales-recorder/ios/Pods/Headers/Public -I/Users/zevia/code/ai/sales-recorder/ios/Pods/Headers/Public/glog -I/Users/zevia/code/ai/sales-recorder/ios/Pods/glog/src -I/Users/zevia/code/ai/sales-recorder/ios/build/Build/Intermediates.noindex/Pods.build/Release-iphonesimulator/glog.build/DerivedSources-normal/x86_64 -I/Users/zevia/code/ai/sales-recorder/ios/build/Build/Intermediates.noindex/Pods.build/Release-iphonesimulator/glog.build/DerivedSources/x86_64 -I/Users/zevia/code/ai/sales-recorder/ios/build/Build/Intermediates.noindex/Pods.build/Release-iphonesimulator/glog.build/DerivedSources -F/Users/zevia/code/ai/sales-recorder/ios/build/Build/Products/Release-iphonesimulator/glog -DNDEBUG -DNDEBUG

WriteAuxiliaryFile /Users/zevia/code/ai/sales-recorder/ios/build/Build/Intermediates.noindex/Pods.build/Release-iphonesimulator/glog.build/Objects-normal/arm64/glog.LinkFileList (in target 'glog' from project 'Pods')
    cd /Users/zevia/code/ai/sales-recorder/ios/Pods
    write-file /Users/zevia/code/ai/sales-recorder/ios/build/Build/Intermediates.noindex/Pods.build/Release-iphonesimulator/glog.build/Objects-normal/arm64/glog.LinkFileList

WriteAuxiliaryFile /Users/zevia/code/ai/sales-recorder/ios/build/Build/Intermediates.noindex/Pods.build/Release-iphonesimulator/glog.build/Objects-normal/arm64/e6072d4f65d7061329687fe24e3d63a7-common-args.resp (in target 'glog' from project 'Pods')
    cd /Users/zevia/code/ai/sales-recorder/ios/Pods
    write-file /Users/zevia/code/ai/sales-recorder/ios/build/Build/Intermediates.noindex/Pods.build/Release-iphonesimulator/glog.build/Objects-normal/arm64/e6072d4f65d7061329687fe24e3d63a7-common-args.resp
-target arm64-apple-ios15.1-simulator '-std=gnu11' -fobjc-arc -fmodules '-fmodules-cache-path=/Users/zevia/code/ai/sales-recorder/ios/build/ModuleCache.noindex' '-fmodule-name=glog' -fpascal-strings -Os -fno-common '-DPOD_CONFIGURATION_RELEASE=1' '-DCOCOAPODS=1' '-DNS_BLOCK_ASSERTIONS=1' '-DOBJC_OLD_DISPATCH_PROTOTYPES=0' -isysroot /Applications/Xcode.app/Contents/Developer/Platforms/iPhoneSimulator.platform/Developer/SDKs/iPhoneSimulator26.2.sdk -g '-fobjc-abi-version=2' -fobjc-legacy-dispatch -I/Users/zevia/code/ai/sales-recorder/ios/build/Build/Products/Release-iphonesimulator/glog/include -I/Users/zevia/code/ai/sales-recorder/ios/Pods/Headers/Private -I/Users/zevia/code/ai/sales-recorder/ios/Pods/Headers/Private/glog -I/Users/zevia/code/ai/sales-recorder/ios/Pods/Headers/Public -I/Users/zevia/code/ai/sales-recorder/ios/Pods/Headers/Public/glog -I/Users/zevia/code/ai/sales-recorder/ios/Pods/glog/src -I/Users/zevia/code/ai/sales-recorder/ios/build/Build/Intermediates.noindex/Pods.build/Release-iphonesimulator/glog.build/DerivedSources-normal/arm64 -I/Users/zevia/code/ai/sales-recorder/ios/build/Build/Intermediates.noindex/Pods.build/Release-iphonesimulator/glog.build/DerivedSources/arm64 -I/Users/zevia/code/ai/sales-recorder/ios/build/Build/Intermediates.noindex/Pods.build/Release-iphonesimulator/glog.build/DerivedSources -F/Users/zevia/code/ai/sales-recorder/ios/build/Build/Products/Release-iphonesimulator/glog -DNDEBUG

WriteAuxiliaryFile /Users/zevia/code/ai/sales-recorder/ios/build/Build/Intermediates.noindex/Pods.build/Release-iphonesimulator/glog.build/Objects-normal/arm64/82b82416624d2658e5098eb0a28c15c5-common-args.resp (in target 'glog' from project 'Pods')
    cd /Users/zevia/code/ai/sales-recorder/ios/Pods
    write-file /Users/zevia/code/ai/sales-recorder/ios/build/Build/Intermediates.noindex/Pods.build/Release-iphonesimulator/glog.build/Objects-normal/arm64/82b82416624d2658e5098eb0a28c15c5-common-args.resp
-target arm64-apple-ios15.1-simulator '-std=c++20' '-stdlib=libc++' -fmodules -fno-cxx-modules '-fmodules-cache-path=/Users/zevia/code/ai/sales-recorder/ios/build/ModuleCache.noindex' '-fmodule-name=glog' -fpascal-strings -Os -fno-common '-DPOD_CONFIGURATION_RELEASE=1' '-DCOCOAPODS=1' -isysroot /Applications/Xcode.app/Contents/Developer/Platforms/iPhoneSimulator.platform/Developer/SDKs/iPhoneSimulator26.2.sdk -g -I/Users/zevia/code/ai/sales-recorder/ios/build/Build/Products/Release-iphonesimulator/glog/include -I/Users/zevia/code/ai/sales-recorder/ios/Pods/Headers/Private -I/Users/zevia/code/ai/sales-recorder/ios/Pods/Headers/Private/glog -I/Users/zevia/code/ai/sales-recorder/ios/Pods/Headers/Public -I/Users/zevia/code/ai/sales-recorder/ios/Pods/Headers/Public/glog -I/Users/zevia/code/ai/sales-recorder/ios/Pods/glog/src -I/Users/zevia/code/ai/sales-recorder/ios/build/Build/Intermediates.noindex/Pods.build/Release-iphonesimulator/glog.build/DerivedSources-normal/arm64 -I/Users/zevia/code/ai/sales-recorder/ios/build/Build/Intermediates.noindex/Pods.build/Release-iphonesimulator/glog.build/DerivedSources/arm64 -I/Users/zevia/code/ai/sales-recorder/ios/build/Build/Intermediates.noindex/Pods.build/Release-iphonesimulator/glog.build/DerivedSources -F/Users/zevia/code/ai/sales-recorder/ios/build/Build/Products/Release-iphonesimulator/glog -DNDEBUG -DNDEBUG

WriteAuxiliaryFile /Users/zevia/code/ai/sales-recorder/ios/build/Build/Intermediates.noindex/Pods.build/Release-iphonesimulator/fmt.build/fmt.hmap (in target 'fmt' from project 'Pods')
    cd /Users/zevia/code/ai/sales-recorder/ios/Pods
    write-file /Users/zevia/code/ai/sales-recorder/ios/build/Build/Intermediates.noindex/Pods.build/Release-iphonesimulator/fmt.build/fmt.hmap

WriteAuxiliaryFile /Users/zevia/code/ai/sales-recorder/ios/build/Build/Intermediates.noindex/Pods.build/Release-iphonesimulator/fmt.build/fmt.DependencyStaticMetadataFileList (in target 'fmt' from project 'Pods')
    cd /Users/zevia/code/ai/sales-recorder/ios/Pods
    write-file /Users/zevia/code/ai/sales-recorder/ios/build/Build/Intermediates.noindex/Pods.build/Release-iphonesimulator/fmt.build/fmt.DependencyStaticMetadataFileList

WriteAuxiliaryFile /Users/zevia/code/ai/sales-recorder/ios/build/Build/Intermediates.noindex/Pods.build/Release-iphonesimulator/fmt.build/fmt.DependencyMetadataFileList (in target 'fmt' from project 'Pods')
    cd /Users/zevia/code/ai/sales-recorder/ios/Pods
    write-file /Users/zevia/code/ai/sales-recorder/ios/build/Build/Intermediates.noindex/Pods.build/Release-iphonesimulator/fmt.build/fmt.DependencyMetadataFileList

WriteAuxiliaryFile /Users/zevia/code/ai/sales-recorder/ios/build/Build/Intermediates.noindex/Pods.build/Release-iphonesimulator/fmt.build/fmt-project-headers.hmap (in target 'fmt' from project 'Pods')
    cd /Users/zevia/code/ai/sales-recorder/ios/Pods
    write-file /Users/zevia/code/ai/sales-recorder/ios/build/Build/Intermediates.noindex/Pods.build/Release-iphonesimulator/fmt.build/fmt-project-headers.hmap

WriteAuxiliaryFile /Users/zevia/code/ai/sales-recorder/ios/build/Build/Intermediates.noindex/Pods.build/Release-iphonesimulator/fmt.build/fmt-own-target-headers.hmap (in target 'fmt' from project 'Pods')
    cd /Users/zevia/code/ai/sales-recorder/ios/Pods
    write-file /Users/zevia/code/ai/sales-recorder/ios/build/Build/Intermediates.noindex/Pods.build/Release-iphonesimulator/fmt.build/fmt-own-target-headers.hmap

WriteAuxiliaryFile /Users/zevia/code/ai/sales-recorder/ios/build/Build/Intermediates.noindex/Pods.build/Release-iphonesimulator/fmt.build/fmt-generated-files.hmap (in target 'fmt' from project 'Pods')
    cd /Users/zevia/code/ai/sales-recorder/ios/Pods
    write-file /Users/zevia/code/ai/sales-recorder/ios/build/Build/Intermediates.noindex/Pods.build/Release-iphonesimulator/fmt.build/fmt-generated-files.hmap

WriteAuxiliaryFile /Users/zevia/code/ai/sales-recorder/ios/build/Build/Intermediates.noindex/Pods.build/Release-iphonesimulator/fmt.build/fmt-all-target-headers.hmap (in target 'fmt' from project 'Pods')
    cd /Users/zevia/code/ai/sales-recorder/ios/Pods
    write-file /Users/zevia/code/ai/sales-recorder/ios/build/Build/Intermediates.noindex/Pods.build/Release-iphonesimulator/fmt.build/fmt-all-target-headers.hmap

WriteAuxiliaryFile /Users/zevia/code/ai/sales-recorder/ios/build/Build/Intermediates.noindex/Pods.build/Release-iphonesimulator/fmt.build/fmt-all-non-framework-target-headers.hmap (in target 'fmt' from project 'Pods')
    cd /Users/zevia/code/ai/sales-recorder/ios/Pods
    write-file /Users/zevia/code/ai/sales-recorder/ios/build/Build/Intermediates.noindex/Pods.build/Release-iphonesimulator/fmt.build/fmt-all-non-framework-target-headers.hmap

WriteAuxiliaryFile /Users/zevia/code/ai/sales-recorder/ios/build/Build/Intermediates.noindex/Pods.build/Release-iphonesimulator/fmt.build/Objects-normal/x86_64/e6072d4f65d7061329687fe24e3d63a7-common-args.resp (in target 'fmt' from project 'Pods')
    cd /Users/zevia/code/ai/sales-recorder/ios/Pods
    write-file /Users/zevia/code/ai/sales-recorder/ios/build/Build/Intermediates.noindex/Pods.build/Release-iphonesimulator/fmt.build/Objects-normal/x86_64/e6072d4f65d7061329687fe24e3d63a7-common-args.resp
-target x86_64-apple-ios15.1-simulator '-std=gnu11' -fobjc-arc -fmodules '-fmodules-cache-path=/Users/zevia/code/ai/sales-recorder/ios/build/ModuleCache.noindex' -fpascal-strings -Os -fno-common '-DPOD_CONFIGURATION_RELEASE=1' '-DCOCOAPODS=1' '-DNS_BLOCK_ASSERTIONS=1' '-DOBJC_OLD_DISPATCH_PROTOTYPES=0' -isysroot /Applications/Xcode.app/Contents/Developer/Platforms/iPhoneSimulator.platform/Developer/SDKs/iPhoneSimulator26.2.sdk -fasm-blocks -g '-fobjc-abi-version=2' -fobjc-legacy-dispatch -iquote /Users/zevia/code/ai/sales-recorder/ios/build/Build/Intermediates.noindex/Pods.build/Release-iphonesimulator/fmt.build/fmt-generated-files.hmap -I/Users/zevia/code/ai/sales-recorder/ios/build/Build/Intermediates.noindex/Pods.build/Release-iphonesimulator/fmt.build/fmt-own-target-headers.hmap -I/Users/zevia/code/ai/sales-recorder/ios/build/Build/Intermediates.noindex/Pods.build/Release-iphonesimulator/fmt.build/fmt-all-non-framework-target-headers.hmap -ivfsoverlay /Users/zevia/code/ai/sales-recorder/ios/build/Build/Intermediates.noindex/Pods.build/Release-iphonesimulator/Pods-8699adb1dd336b26511df848a716bd42-VFS-iphonesimulator/all-product-headers.yaml -iquote /Users/zevia/code/ai/sales-recorder/ios/build/Build/Intermediates.noindex/Pods.build/Release-iphonesimulator/fmt.build/fmt-project-headers.hmap -I/Users/zevia/code/ai/sales-recorder/ios/build/Build/Products/Release-iphonesimulator/fmt/include -I/Users/zevia/code/ai/sales-recorder/ios/Pods/Headers/Private -I/Users/zevia/code/ai/sales-recorder/ios/Pods/Headers/Private/fmt -I/Users/zevia/code/ai/sales-recorder/ios/Pods/Headers/Public -I/Users/zevia/code/ai/sales-recorder/ios/Pods/Headers/Public/fmt -I/Users/zevia/code/ai/sales-recorder/ios/build/Build/Intermediates.noindex/Pods.build/Release-iphonesimulator/fmt.build/DerivedSources-normal/x86_64 -I/Users/zevia/code/ai/sales-recorder/ios/build/Build/Intermediates.noindex/Pods.build/Release-iphonesimulator/fmt.build/DerivedSources/x86_64 -I/Users/zevia/code/ai/sales-recorder/ios/build/Build/Intermediates.noindex/Pods.build/Release-iphonesimulator/fmt.build/DerivedSources -F/Users/zevia/code/ai/sales-recorder/ios/build/Build/Products/Release-iphonesimulator/fmt -DNDEBUG

WriteAuxiliaryFile /Users/zevia/code/ai/sales-recorder/ios/build/Build/Intermediates.noindex/Pods.build/Release-iphonesimulator/fmt.build/Objects-normal/x86_64/fmt.LinkFileList (in target 'fmt' from project 'Pods')
    cd /Users/zevia/code/ai/sales-recorder/ios/Pods
    write-file /Users/zevia/code/ai/sales-recorder/ios/build/Build/Intermediates.noindex/Pods.build/Release-iphonesimulator/fmt.build/Objects-normal/x86_64/fmt.LinkFileList

WriteAuxiliaryFile /Users/zevia/code/ai/sales-recorder/ios/build/Build/Intermediates.noindex/Pods.build/Release-iphonesimulator/fmt.build/Objects-normal/x86_64/82b82416624d2658e5098eb0a28c15c5-common-args.resp (in target 'fmt' from project 'Pods')
    cd /Users/zevia/code/ai/sales-recorder/ios/Pods
    write-file /Users/zevia/code/ai/sales-recorder/ios/build/Build/Intermediates.noindex/Pods.build/Release-iphonesimulator/fmt.build/Objects-normal/x86_64/82b82416624d2658e5098eb0a28c15c5-common-args.resp
-target x86_64-apple-ios15.1-simulator '-std=c++20' '-stdlib=libc++' -fmodules -fno-cxx-modules '-fmodules-cache-path=/Users/zevia/code/ai/sales-recorder/ios/build/ModuleCache.noindex' -fpascal-strings -Os -fno-common '-DPOD_CONFIGURATION_RELEASE=1' '-DCOCOAPODS=1' -isysroot /Applications/Xcode.app/Contents/Developer/Platforms/iPhoneSimulator.platform/Developer/SDKs/iPhoneSimulator26.2.sdk -fasm-blocks -g -iquote /Users/zevia/code/ai/sales-recorder/ios/build/Build/Intermediates.noindex/Pods.build/Release-iphonesimulator/fmt.build/fmt-generated-files.hmap -I/Users/zevia/code/ai/sales-recorder/ios/build/Build/Intermediates.noindex/Pods.build/Release-iphonesimulator/fmt.build/fmt-own-target-headers.hmap -I/Users/zevia/code/ai/sales-recorder/ios/build/Build/Intermediates.noindex/Pods.build/Release-iphonesimulator/fmt.build/fmt-all-non-framework-target-headers.hmap -ivfsoverlay /Users/zevia/code/ai/sales-recorder/ios/build/Build/Intermediates.noindex/Pods.build/Release-iphonesimulator/Pods-8699adb1dd336b26511df848a716bd42-VFS-iphonesimulator/all-product-headers.yaml -iquote /Users/zevia/code/ai/sales-recorder/ios/build/Build/Intermediates.noindex/Pods.build/Release-iphonesimulator/fmt.build/fmt-project-headers.hmap -I/Users/zevia/code/ai/sales-recorder/ios/build/Build/Products/Release-iphonesimulator/fmt/include -I/Users/zevia/code/ai/sales-recorder/ios/Pods/Headers/Private -I/Users/zevia/code/ai/sales-recorder/ios/Pods/Headers/Private/fmt -I/Users/zevia/code/ai/sales-recorder/ios/Pods/Headers/Public -I/Users/zevia/code/ai/sales-recorder/ios/Pods/Headers/Public/fmt -I/Users/zevia/code/ai/sales-recorder/ios/build/Build/Intermediates.noindex/Pods.build/Release-iphonesimulator/fmt.build/DerivedSources-normal/x86_64 -I/Users/zevia/code/ai/sales-recorder/ios/build/Build/Intermediates.noindex/Pods.build/Release-iphonesimulator/fmt.build/DerivedSources/x86_64 -I/Users/zevia/code/ai/sales-recorder/ios/build/Build/Intermediates.noindex/Pods.build/Release-iphonesimulator/fmt.build/DerivedSources -F/Users/zevia/code/ai/sales-recorder/ios/build/Build/Products/Release-iphonesimulator/fmt -DNDEBUG -DNDEBUG

WriteAuxiliaryFile /Users/zevia/code/ai/sales-recorder/ios/build/Build/Intermediates.noindex/Pods.build/Release-iphonesimulator/fmt.build/Objects-normal/arm64/fmt.LinkFileList (in target 'fmt' from project 'Pods')
    cd /Users/zevia/code/ai/sales-recorder/ios/Pods
    write-file /Users/zevia/code/ai/sales-recorder/ios/build/Build/Intermediates.noindex/Pods.build/Release-iphonesimulator/fmt.build/Objects-normal/arm64/fmt.LinkFileList

WriteAuxiliaryFile /Users/zevia/code/ai/sales-recorder/ios/build/Build/Intermediates.noindex/Pods.build/Release-iphonesimulator/fmt.build/Objects-normal/arm64/e6072d4f65d7061329687fe24e3d63a7-common-args.resp (in target 'fmt' from project 'Pods')
    cd /Users/zevia/code/ai/sales-recorder/ios/Pods
    write-file /Users/zevia/code/ai/sales-recorder/ios/build/Build/Intermediates.noindex/Pods.build/Release-iphonesimulator/fmt.build/Objects-normal/arm64/e6072d4f65d7061329687fe24e3d63a7-common-args.resp
-target arm64-apple-ios15.1-simulator '-std=gnu11' -fobjc-arc -fmodules '-fmodules-cache-path=/Users/zevia/code/ai/sales-recorder/ios/build/ModuleCache.noindex' -fpascal-strings -Os -fno-common '-DPOD_CONFIGURATION_RELEASE=1' '-DCOCOAPODS=1' '-DNS_BLOCK_ASSERTIONS=1' '-DOBJC_OLD_DISPATCH_PROTOTYPES=0' -isysroot /Applications/Xcode.app/Contents/Developer/Platforms/iPhoneSimulator.platform/Developer/SDKs/iPhoneSimulator26.2.sdk -g '-fobjc-abi-version=2' -fobjc-legacy-dispatch -iquote /Users/zevia/code/ai/sales-recorder/ios/build/Build/Intermediates.noindex/Pods.build/Release-iphonesimulator/fmt.build/fmt-generated-files.hmap -I/Users/zevia/code/ai/sales-recorder/ios/build/Build/Intermediates.noindex/Pods.build/Release-iphonesimulator/fmt.build/fmt-own-target-headers.hmap -I/Users/zevia/code/ai/sales-recorder/ios/build/Build/Intermediates.noindex/Pods.build/Release-iphonesimulator/fmt.build/fmt-all-non-framework-target-headers.hmap -ivfsoverlay /Users/zevia/code/ai/sales-recorder/ios/build/Build/Intermediates.noindex/Pods.build/Release-iphonesimulator/Pods-8699adb1dd336b26511df848a716bd42-VFS-iphonesimulator/all-product-headers.yaml -iquote /Users/zevia/code/ai/sales-recorder/ios/build/Build/Intermediates.noindex/Pods.build/Release-iphonesimulator/fmt.build/fmt-project-headers.hmap -I/Users/zevia/code/ai/sales-recorder/ios/build/Build/Products/Release-iphonesimulator/fmt/include -I/Users/zevia/code/ai/sales-recorder/ios/Pods/Headers/Private -I/Users/zevia/code/ai/sales-recorder/ios/Pods/Headers/Private/fmt -I/Users/zevia/code/ai/sales-recorder/ios/Pods/Headers/Public -I/Users/zevia/code/ai/sales-recorder/ios/Pods/Headers/Public/fmt -I/Users/zevia/code/ai/sales-recorder/ios/build/Build/Intermediates.noindex/Pods.build/Release-iphonesimulator/fmt.build/DerivedSources-normal/arm64 -I/Users/zevia/code/ai/sales-recorder/ios/build/Build/Intermediates.noindex/Pods.build/Release-iphonesimulator/fmt.build/DerivedSources/arm64 -I/Users/zevia/code/ai/sales-recorder/ios/build/Build/Intermediates.noindex/Pods.build/Release-iphonesimulator/fmt.build/DerivedSources -F/Users/zevia/code/ai/sales-recorder/ios/build/Build/Products/Release-iphonesimulator/fmt -DNDEBUG

WriteAuxiliaryFile /Users/zevia/code/ai/sales-recorder/ios/build/Build/Intermediates.noindex/Pods.build/Release-iphonesimulator/fmt.build/Objects-normal/arm64/82b82416624d2658e5098eb0a28c15c5-common-args.resp (in target 'fmt' from project 'Pods')
    cd /Users/zevia/code/ai/sales-recorder/ios/Pods
    write-file /Users/zevia/code/ai/sales-recorder/ios/build/Build/Intermediates.noindex/Pods.build/Release-iphonesimulator/fmt.build/Objects-normal/arm64/82b82416624d2658e5098eb0a28c15c5-common-args.resp
-target arm64-apple-ios15.1-simulator '-std=c++20' '-stdlib=libc++' -fmodules -fno-cxx-modules '-fmodules-cache-path=/Users/zevia/code/ai/sales-recorder/ios/build/ModuleCache.noindex' -fpascal-strings -Os -fno-common '-DPOD_CONFIGURATION_RELEASE=1' '-DCOCOAPODS=1' -isysroot /Applications/Xcode.app/Contents/Developer/Platforms/iPhoneSimulator.platform/Developer/SDKs/iPhoneSimulator26.2.sdk -g -iquote /Users/zevia/code/ai/sales-recorder/ios/build/Build/Intermediates.noindex/Pods.build/Release-iphonesimulator/fmt.build/fmt-generated-files.hmap -I/Users/zevia/code/ai/sales-recorder/ios/build/Build/Intermediates.noindex/Pods.build/Release-iphonesimulator/fmt.build/fmt-own-target-headers.hmap -I/Users/zevia/code/ai/sales-recorder/ios/build/Build/Intermediates.noindex/Pods.build/Release-iphonesimulator/fmt.build/fmt-all-non-framework-target-headers.hmap -ivfsoverlay /Users/zevia/code/ai/sales-recorder/ios/build/Build/Intermediates.noindex/Pods.build/Release-iphonesimulator/Pods-8699adb1dd336b26511df848a716bd42-VFS-iphonesimulator/all-product-headers.yaml -iquote /Users/zevia/code/ai/sales-recorder/ios/build/Build/Intermediates.noindex/Pods.build/Release-iphonesimulator/fmt.build/fmt-project-headers.hmap -I/Users/zevia/code/ai/sales-recorder/ios/build/Build/Products/Release-iphonesimulator/fmt/include -I/Users/zevia/code/ai/sales-recorder/ios/Pods/Headers/Private -I/Users/zevia/code/ai/sales-recorder/ios/Pods/Headers/Private/fmt -I/Users/zevia/code/ai/sales-recorder/ios/Pods/Headers/Public -I/Users/zevia/code/ai/sales-recorder/ios/Pods/Headers/Public/fmt -I/Users/zevia/code/ai/sales-recorder/ios/build/Build/Intermediates.noindex/Pods.build/Release-iphonesimulator/fmt.build/DerivedSources-normal/arm64 -I/Users/zevia/code/ai/sales-recorder/ios/build/Build/Intermediates.noindex/Pods.build/Release-iphonesimulator/fmt.build/DerivedSources/arm64 -I/Users/zevia/code/ai/sales-recorder/ios/build/Build/Intermediates.noindex/Pods.build/Release-iphonesimulator/fmt.build/DerivedSources -F/Users/zevia/code/ai/sales-recorder/ios/build/Build/Products/Release-iphonesimulator/fmt -DNDEBUG -DNDEBUG

WriteAuxiliaryFile /Users/zevia/code/ai/sales-recorder/ios/build/Build/Intermediates.noindex/Pods.build/Release-iphonesimulator/expo-dev-menu-interface.build/expo-dev-menu-interface.hmap (in target 'expo-dev-menu-interface' from project 'Pods')
    cd /Users/zevia/code/ai/sales-recorder/ios/Pods
    write-file /Users/zevia/code/ai/sales-recorder/ios/build/Build/Intermediates.noindex/Pods.build/Release-iphonesimulator/expo-dev-menu-interface.build/expo-dev-menu-interface.hmap

WriteAuxiliaryFile /Users/zevia/code/ai/sales-recorder/ios/build/Build/Intermediates.noindex/Pods.build/Release-iphonesimulator/expo-dev-menu-interface.build/expo-dev-menu-interface.DependencyStaticMetadataFileList (in target 'expo-dev-menu-interface' from project 'Pods')
    cd /Users/zevia/code/ai/sales-recorder/ios/Pods
    write-file /Users/zevia/code/ai/sales-recorder/ios/build/Build/Intermediates.noindex/Pods.build/Release-iphonesimulator/expo-dev-menu-interface.build/expo-dev-menu-interface.DependencyStaticMetadataFileList

WriteAuxiliaryFile /Users/zevia/code/ai/sales-recorder/ios/build/Build/Intermediates.noindex/Pods.build/Release-iphonesimulator/expo-dev-menu-interface.build/expo-dev-menu-interface.DependencyMetadataFileList (in target 'expo-dev-menu-interface' from project 'Pods')
    cd /Users/zevia/code/ai/sales-recorder/ios/Pods
    write-file /Users/zevia/code/ai/sales-recorder/ios/build/Build/Intermediates.noindex/Pods.build/Release-iphonesimulator/expo-dev-menu-interface.build/expo-dev-menu-interface.DependencyMetadataFileList

WriteAuxiliaryFile /Users/zevia/code/ai/sales-recorder/ios/build/Build/Intermediates.noindex/Pods.build/Release-iphonesimulator/expo-dev-menu-interface.build/expo-dev-menu-interface-project-headers.hmap (in target 'expo-dev-menu-interface' from project 'Pods')
    cd /Users/zevia/code/ai/sales-recorder/ios/Pods
    write-file /Users/zevia/code/ai/sales-recorder/ios/build/Build/Intermediates.noindex/Pods.build/Release-iphonesimulator/expo-dev-menu-interface.build/expo-dev-menu-interface-project-headers.hmap

WriteAuxiliaryFile /Users/zevia/code/ai/sales-recorder/ios/build/Build/Intermediates.noindex/Pods.build/Release-iphonesimulator/expo-dev-menu-interface.build/expo-dev-menu-interface-own-target-headers.hmap (in target 'expo-dev-menu-interface' from project 'Pods')
    cd /Users/zevia/code/ai/sales-recorder/ios/Pods
    write-file /Users/zevia/code/ai/sales-recorder/ios/build/Build/Intermediates.noindex/Pods.build/Release-iphonesimulator/expo-dev-menu-interface.build/expo-dev-menu-interface-own-target-headers.hmap

WriteAuxiliaryFile /Users/zevia/code/ai/sales-recorder/ios/build/Build/Intermediates.noindex/Pods.build/Release-iphonesimulator/expo-dev-menu-interface.build/expo-dev-menu-interface-generated-files.hmap (in target 'expo-dev-menu-interface' from project 'Pods')
    cd /Users/zevia/code/ai/sales-recorder/ios/Pods
    write-file /Users/zevia/code/ai/sales-recorder/ios/build/Build/Intermediates.noindex/Pods.build/Release-iphonesimulator/expo-dev-menu-interface.build/expo-dev-menu-interface-generated-files.hmap

WriteAuxiliaryFile /Users/zevia/code/ai/sales-recorder/ios/build/Build/Intermediates.noindex/Pods.build/Release-iphonesimulator/expo-dev-menu-interface.build/expo-dev-menu-interface-all-target-headers.hmap (in target 'expo-dev-menu-interface' from project 'Pods')
    cd /Users/zevia/code/ai/sales-recorder/ios/Pods
    write-file /Users/zevia/code/ai/sales-recorder/ios/build/Build/Intermediates.noindex/Pods.build/Release-iphonesimulator/expo-dev-menu-interface.build/expo-dev-menu-interface-all-target-headers.hmap

WriteAuxiliaryFile /Users/zevia/code/ai/sales-recorder/ios/build/Build/Intermediates.noindex/Pods.build/Release-iphonesimulator/expo-dev-menu-interface.build/expo-dev-menu-interface-all-non-framework-target-headers.hmap (in target 'expo-dev-menu-interface' from project 'Pods')
    cd /Users/zevia/code/ai/sales-recorder/ios/Pods
    write-file /Users/zevia/code/ai/sales-recorder/ios/build/Build/Intermediates.noindex/Pods.build/Release-iphonesimulator/expo-dev-menu-interface.build/expo-dev-menu-interface-all-non-framework-target-headers.hmap

WriteAuxiliaryFile /Users/zevia/code/ai/sales-recorder/ios/build/Build/Intermediates.noindex/Pods.build/Release-iphonesimulator/expo-dev-menu-interface.build/Script-46EB2E00020590.sh (in target 'expo-dev-menu-interface' from project 'Pods')
    cd /Users/zevia/code/ai/sales-recorder/ios/Pods
    write-file /Users/zevia/code/ai/sales-recorder/ios/build/Build/Intermediates.noindex/Pods.build/Release-iphonesimulator/expo-dev-menu-interface.build/Script-46EB2E00020590.sh

WriteAuxiliaryFile /Users/zevia/code/ai/sales-recorder/ios/build/Build/Intermediates.noindex/Pods.build/Release-iphonesimulator/expo-dev-menu-interface.build/Objects-normal/x86_64/expo-dev-menu-interface.SwiftFileList (in target 'expo-dev-menu-interface' from project 'Pods')
    cd /Users/zevia/code/ai/sales-recorder/ios/Pods
    write-file /Users/zevia/code/ai/sales-recorder/ios/build/Build/Intermediates.noindex/Pods.build/Release-iphonesimulator/expo-dev-menu-interface.build/Objects-normal/x86_64/expo-dev-menu-interface.SwiftFileList

WriteAuxiliaryFile /Users/zevia/code/ai/sales-recorder/ios/build/Build/Intermediates.noindex/Pods.build/Release-iphonesimulator/expo-dev-menu-interface.build/Objects-normal/x86_64/expo-dev-menu-interface_const_extract_protocols.json (in target 'expo-dev-menu-interface' from project 'Pods')
    cd /Users/zevia/code/ai/sales-recorder/ios/Pods
    write-file /Users/zevia/code/ai/sales-recorder/ios/build/Build/Intermediates.noindex/Pods.build/Release-iphonesimulator/expo-dev-menu-interface.build/Objects-normal/x86_64/expo-dev-menu-interface_const_extract_protocols.json

WriteAuxiliaryFile /Users/zevia/code/ai/sales-recorder/ios/build/Build/Intermediates.noindex/Pods.build/Release-iphonesimulator/expo-dev-menu-interface.build/Objects-normal/x86_64/expo-dev-menu-interface.SwiftConstValuesFileList (in target 'expo-dev-menu-interface' from project 'Pods')
    cd /Users/zevia/code/ai/sales-recorder/ios/Pods
    write-file /Users/zevia/code/ai/sales-recorder/ios/build/Build/Intermediates.noindex/Pods.build/Release-iphonesimulator/expo-dev-menu-interface.build/Objects-normal/x86_64/expo-dev-menu-interface.SwiftConstValuesFileList

WriteAuxiliaryFile /Users/zevia/code/ai/sales-recorder/ios/build/Build/Intermediates.noindex/Pods.build/Release-iphonesimulator/expo-dev-menu-interface.build/Objects-normal/x86_64/expo-dev-menu-interface.LinkFileList (in target 'expo-dev-menu-interface' from project 'Pods')
    cd /Users/zevia/code/ai/sales-recorder/ios/Pods
    write-file /Users/zevia/code/ai/sales-recorder/ios/build/Build/Intermediates.noindex/Pods.build/Release-iphonesimulator/expo-dev-menu-interface.build/Objects-normal/x86_64/expo-dev-menu-interface.LinkFileList

WriteAuxiliaryFile /Users/zevia/code/ai/sales-recorder/ios/build/Build/Intermediates.noindex/Pods.build/Release-iphonesimulator/expo-dev-menu-interface.build/Objects-normal/x86_64/e6072d4f65d7061329687fe24e3d63a7-common-args.resp (in target 'expo-dev-menu-interface' from project 'Pods')
    cd /Users/zevia/code/ai/sales-recorder/ios/Pods
    write-file /Users/zevia/code/ai/sales-recorder/ios/build/Build/Intermediates.noindex/Pods.build/Release-iphonesimulator/expo-dev-menu-interface.build/Objects-normal/x86_64/e6072d4f65d7061329687fe24e3d63a7-common-args.resp
-target x86_64-apple-ios15.1-simulator '-std=gnu11' -fobjc-arc -fmodules '-fmodules-cache-path=/Users/zevia/code/ai/sales-recorder/ios/build/ModuleCache.noindex' '-fmodule-name=EXDevMenuInterface' -fpascal-strings -Os -fno-common '-DPOD_CONFIGURATION_RELEASE=1' '-DCOCOAPODS=1' '-DNS_BLOCK_ASSERTIONS=1' '-DOBJC_OLD_DISPATCH_PROTOTYPES=0' -isysroot /Applications/Xcode.app/Contents/Developer/Platforms/iPhoneSimulator.platform/Developer/SDKs/iPhoneSimulator26.2.sdk -fasm-blocks -g '-fobjc-abi-version=2' -fobjc-legacy-dispatch -iquote /Users/zevia/code/ai/sales-recorder/ios/build/Build/Intermediates.noindex/Pods.build/Release-iphonesimulator/expo-dev-menu-interface.build/expo-dev-menu-interface-generated-files.hmap -I/Users/zevia/code/ai/sales-recorder/ios/build/Build/Intermediates.noindex/Pods.build/Release-iphonesimulator/expo-dev-menu-interface.build/expo-dev-menu-interface-own-target-headers.hmap -I/Users/zevia/code/ai/sales-recorder/ios/build/Build/Intermediates.noindex/Pods.build/Release-iphonesimulator/expo-dev-menu-interface.build/expo-dev-menu-interface-all-non-framework-target-headers.hmap -ivfsoverlay /Users/zevia/code/ai/sales-recorder/ios/build/Build/Intermediates.noindex/Pods.build/Release-iphonesimulator/Pods-8699adb1dd336b26511df848a716bd42-VFS-iphonesimulator/all-product-headers.yaml -iquote /Users/zevia/code/ai/sales-recorder/ios/build/Build/Intermediates.noindex/Pods.build/Release-iphonesimulator/expo-dev-menu-interface.build/expo-dev-menu-interface-project-headers.hmap -I/Users/zevia/code/ai/sales-recorder/ios/build/Build/Products/Release-iphonesimulator/expo-dev-menu-interface/include -I/Users/zevia/code/ai/sales-recorder/ios/build/Build/Intermediates.noindex/Pods.build/Release-iphonesimulator/expo-dev-menu-interface.build/DerivedSources-normal/x86_64 -I/Users/zevia/code/ai/sales-recorder/ios/build/Build/Intermediates.noindex/Pods.build/Release-iphonesimulator/expo-dev-menu-interface.build/DerivedSources/x86_64 -I/Users/zevia/code/ai/sales-recorder/ios/build/Build/Intermediates.noindex/Pods.build/Release-iphonesimulator/expo-dev-menu-interface.build/DerivedSources -F/Users/zevia/code/ai/sales-recorder/ios/build/Build/Products/Release-iphonesimulator/expo-dev-menu-interface -DNDEBUG

WriteAuxiliaryFile /Users/zevia/code/ai/sales-recorder/ios/build/Build/Intermediates.noindex/Pods.build/Release-iphonesimulator/expo-dev-menu-interface.build/Objects-normal/x86_64/expo-dev-menu-interface-OutputFileMap.json (in target 'expo-dev-menu-interface' from project 'Pods')
    cd /Users/zevia/code/ai/sales-recorder/ios/Pods
    write-file /Users/zevia/code/ai/sales-recorder/ios/build/Build/Intermediates.noindex/Pods.build/Release-iphonesimulator/expo-dev-menu-interface.build/Objects-normal/x86_64/expo-dev-menu-interface-OutputFileMap.json

WriteAuxiliaryFile /Users/zevia/code/ai/sales-recorder/ios/build/Build/Intermediates.noindex/Pods.build/Release-iphonesimulator/expo-dev-menu-interface.build/Objects-normal/arm64/expo-dev-menu-interface_const_extract_protocols.json (in target 'expo-dev-menu-interface' from project 'Pods')
    cd /Users/zevia/code/ai/sales-recorder/ios/Pods
    write-file /Users/zevia/code/ai/sales-recorder/ios/build/Build/Intermediates.noindex/Pods.build/Release-iphonesimulator/expo-dev-menu-interface.build/Objects-normal/arm64/expo-dev-menu-interface_const_extract_protocols.json

WriteAuxiliaryFile /Users/zevia/code/ai/sales-recorder/ios/build/Build/Intermediates.noindex/Pods.build/Release-iphonesimulator/expo-dev-menu-interface.build/Objects-normal/arm64/expo-dev-menu-interface.SwiftFileList (in target 'expo-dev-menu-interface' from project 'Pods')
    cd /Users/zevia/code/ai/sales-recorder/ios/Pods
    write-file /Users/zevia/code/ai/sales-recorder/ios/build/Build/Intermediates.noindex/Pods.build/Release-iphonesimulator/expo-dev-menu-interface.build/Objects-normal/arm64/expo-dev-menu-interface.SwiftFileList

WriteAuxiliaryFile /Users/zevia/code/ai/sales-recorder/ios/build/Build/Intermediates.noindex/Pods.build/Release-iphonesimulator/expo-dev-menu-interface.build/Objects-normal/arm64/expo-dev-menu-interface.SwiftConstValuesFileList (in target 'expo-dev-menu-interface' from project 'Pods')
    cd /Users/zevia/code/ai/sales-recorder/ios/Pods
    write-file /Users/zevia/code/ai/sales-recorder/ios/build/Build/Intermediates.noindex/Pods.build/Release-iphonesimulator/expo-dev-menu-interface.build/Objects-normal/arm64/expo-dev-menu-interface.SwiftConstValuesFileList

WriteAuxiliaryFile /Users/zevia/code/ai/sales-recorder/ios/build/Build/Intermediates.noindex/Pods.build/Release-iphonesimulator/expo-dev-menu-interface.build/Objects-normal/arm64/expo-dev-menu-interface-OutputFileMap.json (in target 'expo-dev-menu-interface' from project 'Pods')
    cd /Users/zevia/code/ai/sales-recorder/ios/Pods
    write-file /Users/zevia/code/ai/sales-recorder/ios/build/Build/Intermediates.noindex/Pods.build/Release-iphonesimulator/expo-dev-menu-interface.build/Objects-normal/arm64/expo-dev-menu-interface-OutputFileMap.json

WriteAuxiliaryFile /Users/zevia/code/ai/sales-recorder/ios/build/Build/Intermediates.noindex/Pods.build/Release-iphonesimulator/expo-dev-menu-interface.build/Objects-normal/arm64/e6072d4f65d7061329687fe24e3d63a7-common-args.resp (in target 'expo-dev-menu-interface' from project 'Pods')
    cd /Users/zevia/code/ai/sales-recorder/ios/Pods
    write-file /Users/zevia/code/ai/sales-recorder/ios/build/Build/Intermediates.noindex/Pods.build/Release-iphonesimulator/expo-dev-menu-interface.build/Objects-normal/arm64/e6072d4f65d7061329687fe24e3d63a7-common-args.resp
-target arm64-apple-ios15.1-simulator '-std=gnu11' -fobjc-arc -fmodules '-fmodules-cache-path=/Users/zevia/code/ai/sales-recorder/ios/build/ModuleCache.noindex' '-fmodule-name=EXDevMenuInterface' -fpascal-strings -Os -fno-common '-DPOD_CONFIGURATION_RELEASE=1' '-DCOCOAPODS=1' '-DNS_BLOCK_ASSERTIONS=1' '-DOBJC_OLD_DISPATCH_PROTOTYPES=0' -isysroot /Applications/Xcode.app/Contents/Developer/Platforms/iPhoneSimulator.platform/Developer/SDKs/iPhoneSimulator26.2.sdk -g '-fobjc-abi-version=2' -fobjc-legacy-dispatch -iquote /Users/zevia/code/ai/sales-recorder/ios/build/Build/Intermediates.noindex/Pods.build/Release-iphonesimulator/expo-dev-menu-interface.build/expo-dev-menu-interface-generated-files.hmap -I/Users/zevia/code/ai/sales-recorder/ios/build/Build/Intermediates.noindex/Pods.build/Release-iphonesimulator/expo-dev-menu-interface.build/expo-dev-menu-interface-own-target-headers.hmap -I/Users/zevia/code/ai/sales-recorder/ios/build/Build/Intermediates.noindex/Pods.build/Release-iphonesimulator/expo-dev-menu-interface.build/expo-dev-menu-interface-all-non-framework-target-headers.hmap -ivfsoverlay /Users/zevia/code/ai/sales-recorder/ios/build/Build/Intermediates.noindex/Pods.build/Release-iphonesimulator/Pods-8699adb1dd336b26511df848a716bd42-VFS-iphonesimulator/all-product-headers.yaml -iquote /Users/zevia/code/ai/sales-recorder/ios/build/Build/Intermediates.noindex/Pods.build/Release-iphonesimulator/expo-dev-menu-interface.build/expo-dev-menu-interface-project-headers.hmap -I/Users/zevia/code/ai/sales-recorder/ios/build/Build/Products/Release-iphonesimulator/expo-dev-menu-interface/include -I/Users/zevia/code/ai/sales-recorder/ios/build/Build/Intermediates.noindex/Pods.build/Release-iphonesimulator/expo-dev-menu-interface.build/DerivedSources-normal/arm64 -I/Users/zevia/code/ai/sales-recorder/ios/build/Build/Intermediates.noindex/Pods.build/Release-iphonesimulator/expo-dev-menu-interface.build/DerivedSources/arm64 -I/Users/zevia/code/ai/sales-recorder/ios/build/Build/Intermediates.noindex/Pods.build/Release-iphonesimulator/expo-dev-menu-interface.build/DerivedSources -F/Users/zevia/code/ai/sales-recorder/ios/build/Build/Products/Release-iphonesimulator/expo-dev-menu-interface -DNDEBUG

WriteAuxiliaryFile /Users/zevia/code/ai/sales-recorder/ios/build/Build/Intermediates.noindex/Pods.build/Release-iphonesimulator/expo-dev-menu-interface.build/Objects-normal/arm64/expo-dev-menu-interface.LinkFileList (in target 'expo-dev-menu-interface' from project 'Pods')
    cd /Users/zevia/code/ai/sales-recorder/ios/Pods
    write-file /Users/zevia/code/ai/sales-recorder/ios/build/Build/Intermediates.noindex/Pods.build/Release-iphonesimulator/expo-dev-menu-interface.build/Objects-normal/arm64/expo-dev-menu-interface.LinkFileList

WriteAuxiliaryFile /Users/zevia/code/ai/sales-recorder/ios/build/Build/Intermediates.noindex/Pods.build/Release-iphonesimulator/expo-dev-menu-EXDevMenu.build/EXDevMenu.hmap (in target 'expo-dev-menu-EXDevMenu' from project 'Pods')
    cd /Users/zevia/code/ai/sales-recorder/ios/Pods
    write-file /Users/zevia/code/ai/sales-recorder/ios/build/Build/Intermediates.noindex/Pods.build/Release-iphonesimulator/expo-dev-menu-EXDevMenu.build/EXDevMenu.hmap

WriteAuxiliaryFile /Users/zevia/code/ai/sales-recorder/ios/build/Build/Intermediates.noindex/Pods.build/Release-iphonesimulator/expo-dev-menu-EXDevMenu.build/EXDevMenu.DependencyStaticMetadataFileList (in target 'expo-dev-menu-EXDevMenu' from project 'Pods')
    cd /Users/zevia/code/ai/sales-recorder/ios/Pods
    write-file /Users/zevia/code/ai/sales-recorder/ios/build/Build/Intermediates.noindex/Pods.build/Release-iphonesimulator/expo-dev-menu-EXDevMenu.build/EXDevMenu.DependencyStaticMetadataFileList

WriteAuxiliaryFile /Users/zevia/code/ai/sales-recorder/ios/build/Build/Intermediates.noindex/Pods.build/Release-iphonesimulator/expo-dev-menu-EXDevMenu.build/EXDevMenu.DependencyMetadataFileList (in target 'expo-dev-menu-EXDevMenu' from project 'Pods')
    cd /Users/zevia/code/ai/sales-recorder/ios/Pods
    write-file /Users/zevia/code/ai/sales-recorder/ios/build/Build/Intermediates.noindex/Pods.build/Release-iphonesimulator/expo-dev-menu-EXDevMenu.build/EXDevMenu.DependencyMetadataFileList

WriteAuxiliaryFile /Users/zevia/code/ai/sales-recorder/ios/build/Build/Intermediates.noindex/Pods.build/Release-iphonesimulator/expo-dev-menu-EXDevMenu.build/EXDevMenu-project-headers.hmap (in target 'expo-dev-menu-EXDevMenu' from project 'Pods')
    cd /Users/zevia/code/ai/sales-recorder/ios/Pods
    write-file /Users/zevia/code/ai/sales-recorder/ios/build/Build/Intermediates.noindex/Pods.build/Release-iphonesimulator/expo-dev-menu-EXDevMenu.build/EXDevMenu-project-headers.hmap

WriteAuxiliaryFile /Users/zevia/code/ai/sales-recorder/ios/build/Build/Intermediates.noindex/Pods.build/Release-iphonesimulator/expo-dev-menu-EXDevMenu.build/EXDevMenu-own-target-headers.hmap (in target 'expo-dev-menu-EXDevMenu' from project 'Pods')
    cd /Users/zevia/code/ai/sales-recorder/ios/Pods
    write-file /Users/zevia/code/ai/sales-recorder/ios/build/Build/Intermediates.noindex/Pods.build/Release-iphonesimulator/expo-dev-menu-EXDevMenu.build/EXDevMenu-own-target-headers.hmap

WriteAuxiliaryFile /Users/zevia/code/ai/sales-recorder/ios/build/Build/Intermediates.noindex/Pods.build/Release-iphonesimulator/expo-dev-menu-EXDevMenu.build/EXDevMenu-generated-files.hmap (in target 'expo-dev-menu-EXDevMenu' from project 'Pods')
    cd /Users/zevia/code/ai/sales-recorder/ios/Pods
    write-file /Users/zevia/code/ai/sales-recorder/ios/build/Build/Intermediates.noindex/Pods.build/Release-iphonesimulator/expo-dev-menu-EXDevMenu.build/EXDevMenu-generated-files.hmap

WriteAuxiliaryFile /Users/zevia/code/ai/sales-recorder/ios/build/Build/Intermediates.noindex/Pods.build/Release-iphonesimulator/expo-dev-menu-EXDevMenu.build/EXDevMenu-all-target-headers.hmap (in target 'expo-dev-menu-EXDevMenu' from project 'Pods')
    cd /Users/zevia/code/ai/sales-recorder/ios/Pods
    write-file /Users/zevia/code/ai/sales-recorder/ios/build/Build/Intermediates.noindex/Pods.build/Release-iphonesimulator/expo-dev-menu-EXDevMenu.build/EXDevMenu-all-target-headers.hmap

WriteAuxiliaryFile /Users/zevia/code/ai/sales-recorder/ios/build/Build/Intermediates.noindex/Pods.build/Release-iphonesimulator/expo-dev-menu-EXDevMenu.build/EXDevMenu-all-non-framework-target-headers.hmap (in target 'expo-dev-menu-EXDevMenu' from project 'Pods')
    cd /Users/zevia/code/ai/sales-recorder/ios/Pods
    write-file /Users/zevia/code/ai/sales-recorder/ios/build/Build/Intermediates.noindex/Pods.build/Release-iphonesimulator/expo-dev-menu-EXDevMenu.build/EXDevMenu-all-non-framework-target-headers.hmap

WriteAuxiliaryFile /Users/zevia/code/ai/sales-recorder/ios/build/Build/Intermediates.noindex/Pods.build/Release-iphonesimulator/expo-dev-menu.build/expo-dev-menu.hmap (in target 'expo-dev-menu' from project 'Pods')
    cd /Users/zevia/code/ai/sales-recorder/ios/Pods
    write-file /Users/zevia/code/ai/sales-recorder/ios/build/Build/Intermediates.noindex/Pods.build/Release-iphonesimulator/expo-dev-menu.build/expo-dev-menu.hmap

WriteAuxiliaryFile /Users/zevia/code/ai/sales-recorder/ios/build/Build/Intermediates.noindex/Pods.build/Release-iphonesimulator/expo-dev-menu.build/expo-dev-menu.DependencyStaticMetadataFileList (in target 'expo-dev-menu' from project 'Pods')
    cd /Users/zevia/code/ai/sales-recorder/ios/Pods
    write-file /Users/zevia/code/ai/sales-recorder/ios/build/Build/Intermediates.noindex/Pods.build/Release-iphonesimulator/expo-dev-menu.build/expo-dev-menu.DependencyStaticMetadataFileList

WriteAuxiliaryFile /Users/zevia/code/ai/sales-recorder/ios/build/Build/Intermediates.noindex/Pods.build/Release-iphonesimulator/expo-dev-menu.build/expo-dev-menu.DependencyMetadataFileList (in target 'expo-dev-menu' from project 'Pods')
    cd /Users/zevia/code/ai/sales-recorder/ios/Pods
    write-file /Users/zevia/code/ai/sales-recorder/ios/build/Build/Intermediates.noindex/Pods.build/Release-iphonesimulator/expo-dev-menu.build/expo-dev-menu.DependencyMetadataFileList

WriteAuxiliaryFile /Users/zevia/code/ai/sales-recorder/ios/build/Build/Intermediates.noindex/Pods.build/Release-iphonesimulator/expo-dev-menu.build/expo-dev-menu-project-headers.hmap (in target 'expo-dev-menu' from project 'Pods')
    cd /Users/zevia/code/ai/sales-recorder/ios/Pods
    write-file /Users/zevia/code/ai/sales-recorder/ios/build/Build/Intermediates.noindex/Pods.build/Release-iphonesimulator/expo-dev-menu.build/expo-dev-menu-project-headers.hmap

WriteAuxiliaryFile /Users/zevia/code/ai/sales-recorder/ios/build/Build/Intermediates.noindex/Pods.build/Release-iphonesimulator/expo-dev-menu.build/expo-dev-menu-own-target-headers.hmap (in target 'expo-dev-menu' from project 'Pods')
    cd /Users/zevia/code/ai/sales-recorder/ios/Pods
    write-file /Users/zevia/code/ai/sales-recorder/ios/build/Build/Intermediates.noindex/Pods.build/Release-iphonesimulator/expo-dev-menu.build/expo-dev-menu-own-target-headers.hmap

WriteAuxiliaryFile /Users/zevia/code/ai/sales-recorder/ios/build/Build/Intermediates.noindex/Pods.build/Release-iphonesimulator/expo-dev-menu.build/expo-dev-menu-generated-files.hmap (in target 'expo-dev-menu' from project 'Pods')
    cd /Users/zevia/code/ai/sales-recorder/ios/Pods
    write-file /Users/zevia/code/ai/sales-recorder/ios/build/Build/Intermediates.noindex/Pods.build/Release-iphonesimulator/expo-dev-menu.build/expo-dev-menu-generated-files.hmap

WriteAuxiliaryFile /Users/zevia/code/ai/sales-recorder/ios/build/Build/Intermediates.noindex/Pods.build/Release-iphonesimulator/expo-dev-menu.build/expo-dev-menu-all-target-headers.hmap (in target 'expo-dev-menu' from project 'Pods')
    cd /Users/zevia/code/ai/sales-recorder/ios/Pods
    write-file /Users/zevia/code/ai/sales-recorder/ios/build/Build/Intermediates.noindex/Pods.build/Release-iphonesimulator/expo-dev-menu.build/expo-dev-menu-all-target-headers.hmap

WriteAuxiliaryFile /Users/zevia/code/ai/sales-recorder/ios/build/Build/Intermediates.noindex/Pods.build/Release-iphonesimulator/expo-dev-menu.build/expo-dev-menu-all-non-framework-target-headers.hmap (in target 'expo-dev-menu' from project 'Pods')
    cd /Users/zevia/code/ai/sales-recorder/ios/Pods
    write-file /Users/zevia/code/ai/sales-recorder/ios/build/Build/Intermediates.noindex/Pods.build/Release-iphonesimulator/expo-dev-menu.build/expo-dev-menu-all-non-framework-target-headers.hmap

WriteAuxiliaryFile /Users/zevia/code/ai/sales-recorder/ios/build/Build/Intermediates.noindex/Pods.build/Release-iphonesimulator/expo-dev-menu.build/Script-46EB2E00020440.sh (in target 'expo-dev-menu' from project 'Pods')
    cd /Users/zevia/code/ai/sales-recorder/ios/Pods
    write-file /Users/zevia/code/ai/sales-recorder/ios/build/Build/Intermediates.noindex/Pods.build/Release-iphonesimulator/expo-dev-menu.build/Script-46EB2E00020440.sh

WriteAuxiliaryFile /Users/zevia/code/ai/sales-recorder/ios/build/Build/Intermediates.noindex/Pods.build/Release-iphonesimulator/expo-dev-menu.build/Objects-normal/x86_64/expo-dev-menu_const_extract_protocols.json (in target 'expo-dev-menu' from project 'Pods')
    cd /Users/zevia/code/ai/sales-recorder/ios/Pods
    write-file /Users/zevia/code/ai/sales-recorder/ios/build/Build/Intermediates.noindex/Pods.build/Release-iphonesimulator/expo-dev-menu.build/Objects-normal/x86_64/expo-dev-menu_const_extract_protocols.json

WriteAuxiliaryFile /Users/zevia/code/ai/sales-recorder/ios/build/Build/Intermediates.noindex/Pods.build/Release-iphonesimulator/expo-dev-menu.build/Objects-normal/x86_64/expo-dev-menu.SwiftFileList (in target 'expo-dev-menu' from project 'Pods')
    cd /Users/zevia/code/ai/sales-recorder/ios/Pods
    write-file /Users/zevia/code/ai/sales-recorder/ios/build/Build/Intermediates.noindex/Pods.build/Release-iphonesimulator/expo-dev-menu.build/Objects-normal/x86_64/expo-dev-menu.SwiftFileList

WriteAuxiliaryFile /Users/zevia/code/ai/sales-recorder/ios/build/Build/Intermediates.noindex/Pods.build/Release-iphonesimulator/expo-dev-menu.build/Objects-normal/x86_64/expo-dev-menu.SwiftConstValuesFileList (in target 'expo-dev-menu' from project 'Pods')
    cd /Users/zevia/code/ai/sales-recorder/ios/Pods
    write-file /Users/zevia/code/ai/sales-recorder/ios/build/Build/Intermediates.noindex/Pods.build/Release-iphonesimulator/expo-dev-menu.build/Objects-normal/x86_64/expo-dev-menu.SwiftConstValuesFileList

WriteAuxiliaryFile /Users/zevia/code/ai/sales-recorder/ios/build/Build/Intermediates.noindex/Pods.build/Release-iphonesimulator/expo-dev-menu.build/Objects-normal/x86_64/expo-dev-menu.LinkFileList (in target 'expo-dev-menu' from project 'Pods')
    cd /Users/zevia/code/ai/sales-recorder/ios/Pods
    write-file /Users/zevia/code/ai/sales-recorder/ios/build/Build/Intermediates.noindex/Pods.build/Release-iphonesimulator/expo-dev-menu.build/Objects-normal/x86_64/expo-dev-menu.LinkFileList

WriteAuxiliaryFile /Users/zevia/code/ai/sales-recorder/ios/build/Build/Intermediates.noindex/Pods.build/Release-iphonesimulator/expo-dev-menu.build/Objects-normal/x86_64/expo-dev-menu-OutputFileMap.json (in target 'expo-dev-menu' from project 'Pods')
    cd /Users/zevia/code/ai/sales-recorder/ios/Pods
    write-file /Users/zevia/code/ai/sales-recorder/ios/build/Build/Intermediates.noindex/Pods.build/Release-iphonesimulator/expo-dev-menu.build/Objects-normal/x86_64/expo-dev-menu-OutputFileMap.json

WriteAuxiliaryFile /Users/zevia/code/ai/sales-recorder/ios/build/Build/Intermediates.noindex/Pods.build/Release-iphonesimulator/expo-dev-menu.build/Objects-normal/x86_64/e6072d4f65d7061329687fe24e3d63a7-common-args.resp (in target 'expo-dev-menu' from project 'Pods')
    cd /Users/zevia/code/ai/sales-recorder/ios/Pods
    write-file /Users/zevia/code/ai/sales-recorder/ios/build/Build/Intermediates.noindex/Pods.build/Release-iphonesimulator/expo-dev-menu.build/Objects-normal/x86_64/e6072d4f65d7061329687fe24e3d63a7-common-args.resp
-target x86_64-apple-ios15.1-simulator '-std=gnu11' -fobjc-arc -fmodules '-fmodules-cache-path=/Users/zevia/code/ai/sales-recorder/ios/build/ModuleCache.noindex' '-fmodule-name=EXDevMenu' -fpascal-strings -Os -fno-common '-DPOD_CONFIGURATION_RELEASE=1' '-DCOCOAPODS=1' '-DEX_DEV_MENU_ENABLED=1' '-DNS_BLOCK_ASSERTIONS=1' '-DOBJC_OLD_DISPATCH_PROTOTYPES=0' -isysroot /Applications/Xcode.app/Contents/Developer/Platforms/iPhoneSimulator.platform/Developer/SDKs/iPhoneSimulator26.2.sdk -fasm-blocks -g '-fobjc-abi-version=2' -fobjc-legacy-dispatch -iquote /Users/zevia/code/ai/sales-recorder/ios/build/Build/Intermediates.noindex/Pods.build/Release-iphonesimulator/expo-dev-menu.build/expo-dev-menu-generated-files.hmap -I/Users/zevia/code/ai/sales-recorder/ios/build/Build/Intermediates.noindex/Pods.build/Release-iphonesimulator/expo-dev-menu.build/expo-dev-menu-own-target-headers.hmap -I/Users/zevia/code/ai/sales-recorder/ios/build/Build/Intermediates.noindex/Pods.build/Release-iphonesimulator/expo-dev-menu.build/expo-dev-menu-all-non-framework-target-headers.hmap -ivfsoverlay /Users/zevia/code/ai/sales-recorder/ios/build/Build/Intermediates.noindex/Pods.build/Release-iphonesimulator/Pods-8699adb1dd336b26511df848a716bd42-VFS-iphonesimulator/all-product-headers.yaml -iquote /Users/zevia/code/ai/sales-recorder/ios/build/Build/Intermediates.noindex/Pods.build/Release-iphonesimulator/expo-dev-menu.build/expo-dev-menu-project-headers.hmap -I/Users/zevia/code/ai/sales-recorder/ios/build/Build/Products/Release-iphonesimulator/expo-dev-menu/include -I/Users/zevia/code/ai/sales-recorder/ios/Pods/Headers/Private -I/Users/zevia/code/ai/sales-recorder/ios/Pods/Headers/Private/expo-dev-menu -I/Users/zevia/code/ai/sales-recorder/ios/Pods/Headers/Public -I/Users/zevia/code/ai/sales-recorder/ios/Pods/Headers/Public/DoubleConversion -I/Users/zevia/code/ai/sales-recorder/ios/Pods/Headers/Public/ExpoModulesCore -I/Users/zevia/code/ai/sales-recorder/ios/Pods/Headers/Public/FBLazyVector -I/Users/zevia/code/ai/sales-recorder/ios/Pods/Headers/Public/RCT-Folly -I/Users/zevia/code/ai/sales-recorder/ios/Pods/Headers/Public/RCTRequired -I/Users/zevia/code/ai/sales-recorder/ios/Pods/Headers/Public/RCTTypeSafety -I/Users/zevia/code/ai/sales-recorder/ios/Pods/Headers/Public/React-Core -I/Users/zevia/code/ai/sales-recorder/ios/Pods/Headers/Public/React-Fabric -I/Users/zevia/code/ai/sales-recorder/ios/Pods/Headers/Public/React-FabricComponents -I/Users/zevia/code/ai/sales-recorder/ios/Pods/Headers/Public/React-FabricImage -I/Users/zevia/code/ai/sales-recorder/ios/Pods/Headers/Public/React-ImageManager -I/Users/zevia/code/ai/sales-recorder/ios/Pods/Headers/Public/React-Mapbuffer -I/Users/zevia/code/ai/sales-recorder/ios/Pods/Headers/Public/React-NativeModulesApple -I/Users/zevia/code/ai/sales-recorder/ios/Pods/Headers/Public/React-RCTAnimation -I/Users/zevia/code/ai/sales-recorder/ios/Pods/Headers/Public/React-RCTBlob -I/Users/zevia/code/ai/sales-recorder/ios/Pods/Headers/Public/React-RCTFBReactNativeSpec -I/Users/zevia/code/ai/sales-recorder/ios/Pods/Headers/Public/React-RCTFabric -I/Users/zevia/code/ai/sales-recorder/ios/Pods/Headers/Public/React-RCTRuntime -I/Users/zevia/code/ai/sales-recorder/ios/Pods/Headers/Public/React-RCTText -I/Users/zevia/code/ai/sales-recorder/ios/Pods/Headers/Public/React-RuntimeApple -I/Users/zevia/code/ai/sales-recorder/ios/Pods/Headers/Public/React-RuntimeCore -I/Users/zevia/code/ai/sales-recorder/ios/Pods/Headers/Public/React-RuntimeHermes -I/Users/zevia/code/ai/sales-recorder/ios/Pods/Headers/Public/React-callinvoker -I/Users/zevia/code/ai/sales-recorder/ios/Pods/Headers/Public/React-cxxreact -I/Users/zevia/code/ai/sales-recorder/ios/Pods/Headers/Public/React-debug -I/Users/zevia/code/ai/sales-recorder/ios/Pods/Headers/Public/React-defaultsnativemodule -I/Users/zevia/code/ai/sales-recorder/ios/Pods/Headers/Public/React-domnativemodule -I/Users/zevia/code/ai/sales-recorder/ios/Pods/Headers/Public/React-featureflags -I/Users/zevia/code/ai/sales-recorder/ios/Pods/Headers/Public/React-featureflagsnativemodule -I/Users/zevia/code/ai/sales-recorder/ios/Pods/Headers/Public/React-graphics -I/Users/zevia/code/ai/sales-recorder/ios/Pods/Headers/Public/React-hermes -I/Users/zevia/code/ai/sales-recorder/ios/Pods/Headers/Public/React-idlecallbacksnativemodule -I/Users/zevia/code/ai/sales-recorder/ios/Pods/Headers/Public/React-jserrorhandler -I/Users/zevia/code/ai/sales-recorder/ios/Pods/Headers/Public/React-jsi -I/Users/zevia/code/ai/sales-recorder/ios/Pods/Headers/Public/React-jsiexecutor -I/Users/zevia/code/ai/sales-recorder/ios/Pods/Headers/Public/React-jsinspector -I/Users/zevia/code/ai/sales-recorder/ios/Pods/Headers/Public/React-jsinspectorcdp -I/Users/zevia/code/ai/sales-recorder/ios/Pods/Headers/Public/React-jsinspectornetwork -I/Users/zevia/code/ai/sales-recorder/ios/Pods/Headers/Public/React-jsinspectortracing -I/Users/zevia/code/ai/sales-recorder/ios/Pods/Headers/Public/React-jsitooling -I/Users/zevia/code/ai/sales-recorder/ios/Pods/Headers/Public/React-logger -I/Users/zevia/code/ai/sales-recorder/ios/Pods/Headers/Public/React-microtasksnativemodule -I/Users/zevia/code/ai/sales-recorder/ios/Pods/Headers/Public/React-oscompat -I/Users/zevia/code/ai/sales-recorder/ios/Pods/Headers/Public/React-perflogger -I/Users/zevia/code/ai/sales-recorder/ios/Pods/Headers/Public/React-performancetimeline -I/Users/zevia/code/ai/sales-recorder/ios/Pods/Headers/Public/React-rendererconsistency -I/Users/zevia/code/ai/sales-recorder/ios/Pods/Headers/Public/React-renderercss -I/Users/zevia/code/ai/sales-recorder/ios/Pods/Headers/Public/React-rendererdebug -I/Users/zevia/code/ai/sales-recorder/ios/Pods/Headers/Public/React-runtimeexecutor -I/Users/zevia/code/ai/sales-recorder/ios/Pods/Headers/Public/React-runtimescheduler -I/Users/zevia/code/ai/sales-recorder/ios/Pods/Headers/Public/React-timing -I/Users/zevia/code/ai/sales-recorder/ios/Pods/Headers/Public/React-utils -I/Users/zevia/code/ai/sales-recorder/ios/Pods/Headers/Public/ReactCodegen -I/Users/zevia/code/ai/sales-recorder/ios/Pods/Headers/Public/ReactCommon -I/Users/zevia/code/ai/sales-recorder/ios/Pods/Headers/Public/Yoga -I/Users/zevia/code/ai/sales-recorder/ios/Pods/Headers/Public/boost -I/Users/zevia/code/ai/sales-recorder/ios/Pods/Headers/Public/expo-dev-menu -I/Users/zevia/code/ai/sales-recorder/ios/Pods/Headers/Public/fast_float -I/Users/zevia/code/ai/sales-recorder/ios/Pods/Headers/Public/fmt -I/Users/zevia/code/ai/sales-recorder/ios/Pods/Headers/Public/glog -I/Users/zevia/code/ai/sales-recorder/ios/Pods/Headers/Public/hermes-engine -I/Users/zevia/code/ai/sales-recorder/ios/Pods/Headers/Private/React-Core '-I/Users/zevia/code/ai/sales-recorder/ios/build/Build/Products/Release-iphonesimulator/ExpoModulesCore/Swift Compatibility Header' '-I/Users/zevia/code/ai/sales-recorder/ios/build/Build/Products/Release-iphonesimulator/expo-dev-menu-interface/Swift Compatibility Header' -I/Users/zevia/code/ai/sales-recorder/ios/Pods/Headers/Private/Yoga -I/Users/zevia/code/ai/sales-recorder/ios/Pods/glog -I/Users/zevia/code/ai/sales-recorder/ios/Pods/boost -I/Users/zevia/code/ai/sales-recorder/ios/Pods/DoubleConversion -I/Users/zevia/code/ai/sales-recorder/ios/Pods/fast_float/include -I/Users/zevia/code/ai/sales-recorder/ios/Pods/fmt/include -I/Users/zevia/code/ai/sales-recorder/ios/Pods/SocketRocket -I/Users/zevia/code/ai/sales-recorder/ios/Pods/RCT-Folly -I/Users/zevia/code/ai/sales-recorder/ios/Pods/Headers/Private/React-Core '-I/Users/zevia/code/ai/sales-recorder/ios/build/Build/Products/Release-iphonesimulator/ExpoModulesCore/Swift Compatibility Header' '-I/Users/zevia/code/ai/sales-recorder/ios/build/Build/Products/Release-iphonesimulator/expo-dev-menu-interface/Swift Compatibility Header' -I/Users/zevia/code/ai/sales-recorder/ios/Pods/Headers/Private/Yoga -I/Users/zevia/code/ai/sales-recorder/ios/Pods/glog -I/Users/zevia/code/ai/sales-recorder/ios/Pods/boost -I/Users/zevia/code/ai/sales-recorder/ios/Pods/DoubleConversion -I/Users/zevia/code/ai/sales-recorder/ios/Pods/fast_float/include -I/Users/zevia/code/ai/sales-recorder/ios/Pods/fmt/include -I/Users/zevia/code/ai/sales-recorder/ios/Pods/SocketRocket -I/Users/zevia/code/ai/sales-recorder/ios/Pods/RCT-Folly -I/Users/zevia/code/ai/sales-recorder/ios/build/Build/Products/Release-iphonesimulator/React-jsinspector/jsinspector_modern.framework/Headers -I/Users/zevia/code/ai/sales-recorder/ios/build/Build/Intermediates.noindex/Pods.build/Release-iphonesimulator/expo-dev-menu.build/DerivedSources-normal/x86_64 -I/Users/zevia/code/ai/sales-recorder/ios/build/Build/Intermediates.noindex/Pods.build/Release-iphonesimulator/expo-dev-menu.build/DerivedSources/x86_64 -I/Users/zevia/code/ai/sales-recorder/ios/build/Build/Intermediates.noindex/Pods.build/Release-iphonesimulator/expo-dev-menu.build/DerivedSources -F/Users/zevia/code/ai/sales-recorder/ios/build/Build/Products/Release-iphonesimulator/expo-dev-menu -F/Users/zevia/code/ai/sales-recorder/ios/Pods/hermes-engine/destroot/Library/Frameworks/universal -F/Users/zevia/code/ai/sales-recorder/ios/build/Build/Products/Release-iphonesimulator/XCFrameworkIntermediates/hermes-engine/Pre-built '-fmodule-map-file=/Users/zevia/code/ai/sales-recorder/ios/build/Build/Products/Release-iphonesimulator/EXManifests/EXManifests.modulemap' '-fmodule-map-file=/Users/zevia/code/ai/sales-recorder/ios/build/Build/Products/Release-iphonesimulator/ExpoModulesCore/ExpoModulesCore.modulemap' '-fmodule-map-file=/Users/zevia/code/ai/sales-recorder/ios/build/Build/Products/Release-iphonesimulator/expo-dev-menu-interface/EXDevMenuInterface.modulemap' '-fmodule-map-file=/Users/zevia/code/ai/sales-recorder/ios/Pods/Headers/Public/DoubleConversion/DoubleConversion.modulemap' '-fmodule-map-file=/Users/zevia/code/ai/sales-recorder/ios/Pods/Headers/Public/RCTDeprecation/RCTDeprecation.modulemap' '-fmodule-map-file=/Users/zevia/code/ai/sales-recorder/ios/Pods/Headers/Public/RCTFabric/React-RCTFabric.modulemap' '-fmodule-map-file=/Users/zevia/code/ai/sales-recorder/ios/Pods/Headers/Public/RCTImage/React-RCTImage.modulemap' '-fmodule-map-file=/Users/zevia/code/ai/sales-recorder/ios/Pods/Headers/Public/RCTRuntime/React-RCTRuntime.modulemap' '-fmodule-map-file=/Users/zevia/code/ai/sales-recorder/ios/Pods/Headers/Public/RCTTypeSafety/RCTTypeSafety.modulemap' '-fmodule-map-file=/Users/zevia/code/ai/sales-recorder/ios/Pods/Headers/Public/React/React-Core.modulemap' '-fmodule-map-file=/Users/zevia/code/ai/sales-recorder/ios/Pods/Headers/Public/ReactCodegen/ReactCodegen.modulemap' '-fmodule-map-file=/Users/zevia/code/ai/sales-recorder/ios/Pods/Headers/Public/ReactCommon/ReactCommon.modulemap' '-fmodule-map-file=/Users/zevia/code/ai/sales-recorder/ios/Pods/Headers/Public/React_Fabric/React-Fabric.modulemap' '-fmodule-map-file=/Users/zevia/code/ai/sales-recorder/ios/Pods/Headers/Public/React_FabricComponents/React-FabricComponents.modulemap' '-fmodule-map-file=/Users/zevia/code/ai/sales-recorder/ios/Pods/Headers/Public/React_NativeModulesApple/React-NativeModulesApple.modulemap' '-fmodule-map-file=/Users/zevia/code/ai/sales-recorder/ios/Pods/Headers/Public/React_RCTAppDelegate/React-RCTAppDelegate.modulemap' '-fmodule-map-file=/Users/zevia/code/ai/sales-recorder/ios/Pods/Headers/Public/React_runtimeexecutor/React-runtimeexecutor.modulemap' '-fmodule-map-file=/Users/zevia/code/ai/sales-recorder/ios/Pods/Headers/Public/SocketRocket/SocketRocket.modulemap' '-fmodule-map-file=/Users/zevia/code/ai/sales-recorder/ios/Pods/Headers/Public/fmt/fmt.modulemap' '-fmodule-map-file=/Users/zevia/code/ai/sales-recorder/ios/Pods/Headers/Public/folly/RCT-Folly.modulemap' '-fmodule-map-file=/Users/zevia/code/ai/sales-recorder/ios/Pods/Headers/Public/glog/glog.modulemap' '-fmodule-map-file=/Users/zevia/code/ai/sales-recorder/ios/Pods/Headers/Public/jsi/React-jsi.modulemap' '-fmodule-map-file=/Users/zevia/code/ai/sales-recorder/ios/Pods/Headers/Public/jsinspector_modern/React-jsinspector.modulemap' '-fmodule-map-file=/Users/zevia/code/ai/sales-recorder/ios/Pods/Headers/Public/jsinspector_modern_cdp/React-jsinspectorcdp.modulemap' '-fmodule-map-file=/Users/zevia/code/ai/sales-recorder/ios/Pods/Headers/Public/jsinspector_modern_network/React-jsinspectornetwork.modulemap' '-fmodule-map-file=/Users/zevia/code/ai/sales-recorder/ios/Pods/Headers/Public/jsinspector_modern_tracing/React-jsinspectortracing.modulemap' '-fmodule-map-file=/Users/zevia/code/ai/sales-recorder/ios/Pods/Headers/Public/react_debug/React-debug.modulemap' '-fmodule-map-file=/Users/zevia/code/ai/sales-recorder/ios/Pods/Headers/Public/react_featureflags/React-featureflags.modulemap' '-fmodule-map-file=/Users/zevia/code/ai/sales-recorder/ios/Pods/Headers/Public/react_nativemodule_defaults/React-defaultsnativemodule.modulemap' '-fmodule-map-file=/Users/zevia/code/ai/sales-recorder/ios/Pods/Headers/Public/react_nativemodule_dom/React-domnativemodule.modulemap' '-fmodule-map-file=/Users/zevia/code/ai/sales-recorder/ios/Pods/Headers/Public/react_nativemodule_featureflags/React-featureflagsnativemodule.modulemap' '-fmodule-map-file=/Users/zevia/code/ai/sales-recorder/ios/Pods/Headers/Public/react_nativemodule_idlecallbacks/React-idlecallbacksnativemodule.modulemap' '-fmodule-map-file=/Users/zevia/code/ai/sales-recorder/ios/Pods/Headers/Public/react_nativemodule_microtasks/React-microtasksnativemodule.modulemap' '-fmodule-map-file=/Users/zevia/code/ai/sales-recorder/ios/Pods/Headers/Public/react_renderer_css/React-renderercss.modulemap' '-fmodule-map-file=/Users/zevia/code/ai/sales-recorder/ios/Pods/Headers/Public/react_renderer_debug/React-rendererdebug.modulemap' '-fmodule-map-file=/Users/zevia/code/ai/sales-recorder/ios/Pods/Headers/Public/react_renderer_graphics/React-graphics.modulemap' '-fmodule-map-file=/Users/zevia/code/ai/sales-recorder/ios/Pods/Headers/Public/react_renderer_imagemanager/React-ImageManager.modulemap' '-fmodule-map-file=/Users/zevia/code/ai/sales-recorder/ios/Pods/Headers/Public/react_runtime/React-jsitooling.modulemap' '-fmodule-map-file=/Users/zevia/code/ai/sales-recorder/ios/Pods/Headers/Public/react_utils/React-utils.modulemap' '-fmodule-map-file=/Users/zevia/code/ai/sales-recorder/ios/Pods/Headers/Public/reacthermes/React-hermes.modulemap' '-fmodule-map-file=/Users/zevia/code/ai/sales-recorder/ios/Pods/Headers/Public/yoga/Yoga.modulemap' -DNDEBUG

WriteAuxiliaryFile /Users/zevia/code/ai/sales-recorder/ios/build/Build/Intermediates.noindex/Pods.build/Release-iphonesimulator/expo-dev-menu.build/Objects-normal/arm64/expo-dev-menu.SwiftFileList (in target 'expo-dev-menu' from project 'Pods')
    cd /Users/zevia/code/ai/sales-recorder/ios/Pods
    write-file /Users/zevia/code/ai/sales-recorder/ios/build/Build/Intermediates.noindex/Pods.build/Release-iphonesimulator/expo-dev-menu.build/Objects-normal/arm64/expo-dev-menu.SwiftFileList

WriteAuxiliaryFile /Users/zevia/code/ai/sales-recorder/ios/build/Build/Intermediates.noindex/Pods.build/Release-iphonesimulator/expo-dev-menu.build/Objects-normal/arm64/expo-dev-menu_const_extract_protocols.json (in target 'expo-dev-menu' from project 'Pods')
    cd /Users/zevia/code/ai/sales-recorder/ios/Pods
    write-file /Users/zevia/code/ai/sales-recorder/ios/build/Build/Intermediates.noindex/Pods.build/Release-iphonesimulator/expo-dev-menu.build/Objects-normal/arm64/expo-dev-menu_const_extract_protocols.json

WriteAuxiliaryFile /Users/zevia/code/ai/sales-recorder/ios/build/Build/Intermediates.noindex/Pods.build/Release-iphonesimulator/expo-dev-menu.build/Objects-normal/arm64/expo-dev-menu.SwiftConstValuesFileList (in target 'expo-dev-menu' from project 'Pods')
    cd /Users/zevia/code/ai/sales-recorder/ios/Pods
    write-file /Users/zevia/code/ai/sales-recorder/ios/build/Build/Intermediates.noindex/Pods.build/Release-iphonesimulator/expo-dev-menu.build/Objects-normal/arm64/expo-dev-menu.SwiftConstValuesFileList

WriteAuxiliaryFile /Users/zevia/code/ai/sales-recorder/ios/build/Build/Intermediates.noindex/Pods.build/Release-iphonesimulator/expo-dev-menu.build/Objects-normal/arm64/expo-dev-menu.LinkFileList (in target 'expo-dev-menu' from project 'Pods')
    cd /Users/zevia/code/ai/sales-recorder/ios/Pods
    write-file /Users/zevia/code/ai/sales-recorder/ios/build/Build/Intermediates.noindex/Pods.build/Release-iphonesimulator/expo-dev-menu.build/Objects-normal/arm64/expo-dev-menu.LinkFileList

WriteAuxiliaryFile /Users/zevia/code/ai/sales-recorder/ios/build/Build/Intermediates.noindex/Pods.build/Release-iphonesimulator/expo-dev-menu.build/Objects-normal/arm64/expo-dev-menu-OutputFileMap.json (in target 'expo-dev-menu' from project 'Pods')
    cd /Users/zevia/code/ai/sales-recorder/ios/Pods
    write-file /Users/zevia/code/ai/sales-recorder/ios/build/Build/Intermediates.noindex/Pods.build/Release-iphonesimulator/expo-dev-menu.build/Objects-normal/arm64/expo-dev-menu-OutputFileMap.json

WriteAuxiliaryFile /Users/zevia/code/ai/sales-recorder/ios/build/Build/Intermediates.noindex/Pods.build/Release-iphonesimulator/expo-dev-menu.build/Objects-normal/arm64/e6072d4f65d7061329687fe24e3d63a7-common-args.resp (in target 'expo-dev-menu' from project 'Pods')
    cd /Users/zevia/code/ai/sales-recorder/ios/Pods
    write-file /Users/zevia/code/ai/sales-recorder/ios/build/Build/Intermediates.noindex/Pods.build/Release-iphonesimulator/expo-dev-menu.build/Objects-normal/arm64/e6072d4f65d7061329687fe24e3d63a7-common-args.resp
-target arm64-apple-ios15.1-simulator '-std=gnu11' -fobjc-arc -fmodules '-fmodules-cache-path=/Users/zevia/code/ai/sales-recorder/ios/build/ModuleCache.noindex' '-fmodule-name=EXDevMenu' -fpascal-strings -Os -fno-common '-DPOD_CONFIGURATION_RELEASE=1' '-DCOCOAPODS=1' '-DEX_DEV_MENU_ENABLED=1' '-DNS_BLOCK_ASSERTIONS=1' '-DOBJC_OLD_DISPATCH_PROTOTYPES=0' -isysroot /Applications/Xcode.app/Contents/Developer/Platforms/iPhoneSimulator.platform/Developer/SDKs/iPhoneSimulator26.2.sdk -g '-fobjc-abi-version=2' -fobjc-legacy-dispatch -iquote /Users/zevia/code/ai/sales-recorder/ios/build/Build/Intermediates.noindex/Pods.build/Release-iphonesimulator/expo-dev-menu.build/expo-dev-menu-generated-files.hmap -I/Users/zevia/code/ai/sales-recorder/ios/build/Build/Intermediates.noindex/Pods.build/Release-iphonesimulator/expo-dev-menu.build/expo-dev-menu-own-target-headers.hmap -I/Users/zevia/code/ai/sales-recorder/ios/build/Build/Intermediates.noindex/Pods.build/Release-iphonesimulator/expo-dev-menu.build/expo-dev-menu-all-non-framework-target-headers.hmap -ivfsoverlay /Users/zevia/code/ai/sales-recorder/ios/build/Build/Intermediates.noindex/Pods.build/Release-iphonesimulator/Pods-8699adb1dd336b26511df848a716bd42-VFS-iphonesimulator/all-product-headers.yaml -iquote /Users/zevia/code/ai/sales-recorder/ios/build/Build/Intermediates.noindex/Pods.build/Release-iphonesimulator/expo-dev-menu.build/expo-dev-menu-project-headers.hmap -I/Users/zevia/code/ai/sales-recorder/ios/build/Build/Products/Release-iphonesimulator/expo-dev-menu/include -I/Users/zevia/code/ai/sales-recorder/ios/Pods/Headers/Private -I/Users/zevia/code/ai/sales-recorder/ios/Pods/Headers/Private/expo-dev-menu -I/Users/zevia/code/ai/sales-recorder/ios/Pods/Headers/Public -I/Users/zevia/code/ai/sales-recorder/ios/Pods/Headers/Public/DoubleConversion -I/Users/zevia/code/ai/sales-recorder/ios/Pods/Headers/Public/ExpoModulesCore -I/Users/zevia/code/ai/sales-recorder/ios/Pods/Headers/Public/FBLazyVector -I/Users/zevia/code/ai/sales-recorder/ios/Pods/Headers/Public/RCT-Folly -I/Users/zevia/code/ai/sales-recorder/ios/Pods/Headers/Public/RCTRequired -I/Users/zevia/code/ai/sales-recorder/ios/Pods/Headers/Public/RCTTypeSafety -I/Users/zevia/code/ai/sales-recorder/ios/Pods/Headers/Public/React-Core -I/Users/zevia/code/ai/sales-recorder/ios/Pods/Headers/Public/React-Fabric -I/Users/zevia/code/ai/sales-recorder/ios/Pods/Headers/Public/React-FabricComponents -I/Users/zevia/code/ai/sales-recorder/ios/Pods/Headers/Public/React-FabricImage -I/Users/zevia/code/ai/sales-recorder/ios/Pods/Headers/Public/React-ImageManager -I/Users/zevia/code/ai/sales-recorder/ios/Pods/Headers/Public/React-Mapbuffer -I/Users/zevia/code/ai/sales-recorder/ios/Pods/Headers/Public/React-NativeModulesApple -I/Users/zevia/code/ai/sales-recorder/ios/Pods/Headers/Public/React-RCTAnimation -I/Users/zevia/code/ai/sales-recorder/ios/Pods/Headers/Public/React-RCTBlob -I/Users/zevia/code/ai/sales-recorder/ios/Pods/Headers/Public/React-RCTFBReactNativeSpec -I/Users/zevia/code/ai/sales-recorder/ios/Pods/Headers/Public/React-RCTFabric -I/Users/zevia/code/ai/sales-recorder/ios/Pods/Headers/Public/React-RCTRuntime -I/Users/zevia/code/ai/sales-recorder/ios/Pods/Headers/Public/React-RCTText -I/Users/zevia/code/ai/sales-recorder/ios/Pods/Headers/Public/React-RuntimeApple -I/Users/zevia/code/ai/sales-recorder/ios/Pods/Headers/Public/React-RuntimeCore -I/Users/zevia/code/ai/sales-recorder/ios/Pods/Headers/Public/React-RuntimeHermes -I/Users/zevia/code/ai/sales-recorder/ios/Pods/Headers/Public/React-callinvoker -I/Users/zevia/code/ai/sales-recorder/ios/Pods/Headers/Public/React-cxxreact -I/Users/zevia/code/ai/sales-recorder/ios/Pods/Headers/Public/React-debug -I/Users/zevia/code/ai/sales-recorder/ios/Pods/Headers/Public/React-defaultsnativemodule -I/Users/zevia/code/ai/sales-recorder/ios/Pods/Headers/Public/React-domnativemodule -I/Users/zevia/code/ai/sales-recorder/ios/Pods/Headers/Public/React-featureflags -I/Users/zevia/code/ai/sales-recorder/ios/Pods/Headers/Public/React-featureflagsnativemodule -I/Users/zevia/code/ai/sales-recorder/ios/Pods/Headers/Public/React-graphics -I/Users/zevia/code/ai/sales-recorder/ios/Pods/Headers/Public/React-hermes -I/Users/zevia/code/ai/sales-recorder/ios/Pods/Headers/Public/React-idlecallbacksnativemodule -I/Users/zevia/code/ai/sales-recorder/ios/Pods/Headers/Public/React-jserrorhandler -I/Users/zevia/code/ai/sales-recorder/ios/Pods/Headers/Public/React-jsi -I/Users/zevia/code/ai/sales-recorder/ios/Pods/Headers/Public/React-jsiexecutor -I/Users/zevia/code/ai/sales-recorder/ios/Pods/Headers/Public/React-jsinspector -I/Users/zevia/code/ai/sales-recorder/ios/Pods/Headers/Public/React-jsinspectorcdp -I/Users/zevia/code/ai/sales-recorder/ios/Pods/Headers/Public/React-jsinspectornetwork -I/Users/zevia/code/ai/sales-recorder/ios/Pods/Headers/Public/React-jsinspectortracing -I/Users/zevia/code/ai/sales-recorder/ios/Pods/Headers/Public/React-jsitooling -I/Users/zevia/code/ai/sales-recorder/ios/Pods/Headers/Public/React-logger -I/Users/zevia/code/ai/sales-recorder/ios/Pods/Headers/Public/React-microtasksnativemodule -I/Users/zevia/code/ai/sales-recorder/ios/Pods/Headers/Public/React-oscompat -I/Users/zevia/code/ai/sales-recorder/ios/Pods/Headers/Public/React-perflogger -I/Users/zevia/code/ai/sales-recorder/ios/Pods/Headers/Public/React-performancetimeline -I/Users/zevia/code/ai/sales-recorder/ios/Pods/Headers/Public/React-rendererconsistency -I/Users/zevia/code/ai/sales-recorder/ios/Pods/Headers/Public/React-renderercss -I/Users/zevia/code/ai/sales-recorder/ios/Pods/Headers/Public/React-rendererdebug -I/Users/zevia/code/ai/sales-recorder/ios/Pods/Headers/Public/React-runtimeexecutor -I/Users/zevia/code/ai/sales-recorder/ios/Pods/Headers/Public/React-runtimescheduler -I/Users/zevia/code/ai/sales-recorder/ios/Pods/Headers/Public/React-timing -I/Users/zevia/code/ai/sales-recorder/ios/Pods/Headers/Public/React-utils -I/Users/zevia/code/ai/sales-recorder/ios/Pods/Headers/Public/ReactCodegen -I/Users/zevia/code/ai/sales-recorder/ios/Pods/Headers/Public/ReactCommon -I/Users/zevia/code/ai/sales-recorder/ios/Pods/Headers/Public/Yoga -I/Users/zevia/code/ai/sales-recorder/ios/Pods/Headers/Public/boost -I/Users/zevia/code/ai/sales-recorder/ios/Pods/Headers/Public/expo-dev-menu -I/Users/zevia/code/ai/sales-recorder/ios/Pods/Headers/Public/fast_float -I/Users/zevia/code/ai/sales-recorder/ios/Pods/Headers/Public/fmt -I/Users/zevia/code/ai/sales-recorder/ios/Pods/Headers/Public/glog -I/Users/zevia/code/ai/sales-recorder/ios/Pods/Headers/Public/hermes-engine -I/Users/zevia/code/ai/sales-recorder/ios/Pods/Headers/Private/React-Core '-I/Users/zevia/code/ai/sales-recorder/ios/build/Build/Products/Release-iphonesimulator/ExpoModulesCore/Swift Compatibility Header' '-I/Users/zevia/code/ai/sales-recorder/ios/build/Build/Products/Release-iphonesimulator/expo-dev-menu-interface/Swift Compatibility Header' -I/Users/zevia/code/ai/sales-recorder/ios/Pods/Headers/Private/Yoga -I/Users/zevia/code/ai/sales-recorder/ios/Pods/glog -I/Users/zevia/code/ai/sales-recorder/ios/Pods/boost -I/Users/zevia/code/ai/sales-recorder/ios/Pods/DoubleConversion -I/Users/zevia/code/ai/sales-recorder/ios/Pods/fast_float/include -I/Users/zevia/code/ai/sales-recorder/ios/Pods/fmt/include -I/Users/zevia/code/ai/sales-recorder/ios/Pods/SocketRocket -I/Users/zevia/code/ai/sales-recorder/ios/Pods/RCT-Folly -I/Users/zevia/code/ai/sales-recorder/ios/Pods/Headers/Private/React-Core '-I/Users/zevia/code/ai/sales-recorder/ios/build/Build/Products/Release-iphonesimulator/ExpoModulesCore/Swift Compatibility Header' '-I/Users/zevia/code/ai/sales-recorder/ios/build/Build/Products/Release-iphonesimulator/expo-dev-menu-interface/Swift Compatibility Header' -I/Users/zevia/code/ai/sales-recorder/ios/Pods/Headers/Private/Yoga -I/Users/zevia/code/ai/sales-recorder/ios/Pods/glog -I/Users/zevia/code/ai/sales-recorder/ios/Pods/boost -I/Users/zevia/code/ai/sales-recorder/ios/Pods/DoubleConversion -I/Users/zevia/code/ai/sales-recorder/ios/Pods/fast_float/include -I/Users/zevia/code/ai/sales-recorder/ios/Pods/fmt/include -I/Users/zevia/code/ai/sales-recorder/ios/Pods/SocketRocket -I/Users/zevia/code/ai/sales-recorder/ios/Pods/RCT-Folly -I/Users/zevia/code/ai/sales-recorder/ios/build/Build/Products/Release-iphonesimulator/React-jsinspector/jsinspector_modern.framework/Headers -I/Users/zevia/code/ai/sales-recorder/ios/build/Build/Intermediates.noindex/Pods.build/Release-iphonesimulator/expo-dev-menu.build/DerivedSources-normal/arm64 -I/Users/zevia/code/ai/sales-recorder/ios/build/Build/Intermediates.noindex/Pods.build/Release-iphonesimulator/expo-dev-menu.build/DerivedSources/arm64 -I/Users/zevia/code/ai/sales-recorder/ios/build/Build/Intermediates.noindex/Pods.build/Release-iphonesimulator/expo-dev-menu.build/DerivedSources -F/Users/zevia/code/ai/sales-recorder/ios/build/Build/Products/Release-iphonesimulator/expo-dev-menu -F/Users/zevia/code/ai/sales-recorder/ios/Pods/hermes-engine/destroot/Library/Frameworks/universal -F/Users/zevia/code/ai/sales-recorder/ios/build/Build/Products/Release-iphonesimulator/XCFrameworkIntermediates/hermes-engine/Pre-built '-fmodule-map-file=/Users/zevia/code/ai/sales-recorder/ios/build/Build/Products/Release-iphonesimulator/EXManifests/EXManifests.modulemap' '-fmodule-map-file=/Users/zevia/code/ai/sales-recorder/ios/build/Build/Products/Release-iphonesimulator/ExpoModulesCore/ExpoModulesCore.modulemap' '-fmodule-map-file=/Users/zevia/code/ai/sales-recorder/ios/build/Build/Products/Release-iphonesimulator/expo-dev-menu-interface/EXDevMenuInterface.modulemap' '-fmodule-map-file=/Users/zevia/code/ai/sales-recorder/ios/Pods/Headers/Public/DoubleConversion/DoubleConversion.modulemap' '-fmodule-map-file=/Users/zevia/code/ai/sales-recorder/ios/Pods/Headers/Public/RCTDeprecation/RCTDeprecation.modulemap' '-fmodule-map-file=/Users/zevia/code/ai/sales-recorder/ios/Pods/Headers/Public/RCTFabric/React-RCTFabric.modulemap' '-fmodule-map-file=/Users/zevia/code/ai/sales-recorder/ios/Pods/Headers/Public/RCTImage/React-RCTImage.modulemap' '-fmodule-map-file=/Users/zevia/code/ai/sales-recorder/ios/Pods/Headers/Public/RCTRuntime/React-RCTRuntime.modulemap' '-fmodule-map-file=/Users/zevia/code/ai/sales-recorder/ios/Pods/Headers/Public/RCTTypeSafety/RCTTypeSafety.modulemap' '-fmodule-map-file=/Users/zevia/code/ai/sales-recorder/ios/Pods/Headers/Public/React/React-Core.modulemap' '-fmodule-map-file=/Users/zevia/code/ai/sales-recorder/ios/Pods/Headers/Public/ReactCodegen/ReactCodegen.modulemap' '-fmodule-map-file=/Users/zevia/code/ai/sales-recorder/ios/Pods/Headers/Public/ReactCommon/ReactCommon.modulemap' '-fmodule-map-file=/Users/zevia/code/ai/sales-recorder/ios/Pods/Headers/Public/React_Fabric/React-Fabric.modulemap' '-fmodule-map-file=/Users/zevia/code/ai/sales-recorder/ios/Pods/Headers/Public/React_FabricComponents/React-FabricComponents.modulemap' '-fmodule-map-file=/Users/zevia/code/ai/sales-recorder/ios/Pods/Headers/Public/React_NativeModulesApple/React-NativeModulesApple.modulemap' '-fmodule-map-file=/Users/zevia/code/ai/sales-recorder/ios/Pods/Headers/Public/React_RCTAppDelegate/React-RCTAppDelegate.modulemap' '-fmodule-map-file=/Users/zevia/code/ai/sales-recorder/ios/Pods/Headers/Public/React_runtimeexecutor/React-runtimeexecutor.modulemap' '-fmodule-map-file=/Users/zevia/code/ai/sales-recorder/ios/Pods/Headers/Public/SocketRocket/SocketRocket.modulemap' '-fmodule-map-file=/Users/zevia/code/ai/sales-recorder/ios/Pods/Headers/Public/fmt/fmt.modulemap' '-fmodule-map-file=/Users/zevia/code/ai/sales-recorder/ios/Pods/Headers/Public/folly/RCT-Folly.modulemap' '-fmodule-map-file=/Users/zevia/code/ai/sales-recorder/ios/Pods/Headers/Public/glog/glog.modulemap' '-fmodule-map-file=/Users/zevia/code/ai/sales-recorder/ios/Pods/Headers/Public/jsi/React-jsi.modulemap' '-fmodule-map-file=/Users/zevia/code/ai/sales-recorder/ios/Pods/Headers/Public/jsinspector_modern/React-jsinspector.modulemap' '-fmodule-map-file=/Users/zevia/code/ai/sales-recorder/ios/Pods/Headers/Public/jsinspector_modern_cdp/React-jsinspectorcdp.modulemap' '-fmodule-map-file=/Users/zevia/code/ai/sales-recorder/ios/Pods/Headers/Public/jsinspector_modern_network/React-jsinspectornetwork.modulemap' '-fmodule-map-file=/Users/zevia/code/ai/sales-recorder/ios/Pods/Headers/Public/jsinspector_modern_tracing/React-jsinspectortracing.modulemap' '-fmodule-map-file=/Users/zevia/code/ai/sales-recorder/ios/Pods/Headers/Public/react_debug/React-debug.modulemap' '-fmodule-map-file=/Users/zevia/code/ai/sales-recorder/ios/Pods/Headers/Public/react_featureflags/React-featureflags.modulemap' '-fmodule-map-file=/Users/zevia/code/ai/sales-recorder/ios/Pods/Headers/Public/react_nativemodule_defaults/React-defaultsnativemodule.modulemap' '-fmodule-map-file=/Users/zevia/code/ai/sales-recorder/ios/Pods/Headers/Public/react_nativemodule_dom/React-domnativemodule.modulemap' '-fmodule-map-file=/Users/zevia/code/ai/sales-recorder/ios/Pods/Headers/Public/react_nativemodule_featureflags/React-featureflagsnativemodule.modulemap' '-fmodule-map-file=/Users/zevia/code/ai/sales-recorder/ios/Pods/Headers/Public/react_nativemodule_idlecallbacks/React-idlecallbacksnativemodule.modulemap' '-fmodule-map-file=/Users/zevia/code/ai/sales-recorder/ios/Pods/Headers/Public/react_nativemodule_microtasks/React-microtasksnativemodule.modulemap' '-fmodule-map-file=/Users/zevia/code/ai/sales-recorder/ios/Pods/Headers/Public/react_renderer_css/React-renderercss.modulemap' '-fmodule-map-file=/Users/zevia/code/ai/sales-recorder/ios/Pods/Headers/Public/react_renderer_debug/React-rendererdebug.modulemap' '-fmodule-map-file=/Users/zevia/code/ai/sales-recorder/ios/Pods/Headers/Public/react_renderer_graphics/React-graphics.modulemap' '-fmodule-map-file=/Users/zevia/code/ai/sales-recorder/ios/Pods/Headers/Public/react_renderer_imagemanager/React-ImageManager.modulemap' '-fmodule-map-file=/Users/zevia/code/ai/sales-recorder/ios/Pods/Headers/Public/react_runtime/React-jsitooling.modulemap' '-fmodule-map-file=/Users/zevia/code/ai/sales-recorder/ios/Pods/Headers/Public/react_utils/React-utils.modulemap' '-fmodule-map-file=/Users/zevia/code/ai/sales-recorder/ios/Pods/Headers/Public/reacthermes/React-hermes.modulemap' '-fmodule-map-file=/Users/zevia/code/ai/sales-recorder/ios/Pods/Headers/Public/yoga/Yoga.modulemap' -DNDEBUG

WriteAuxiliaryFile /Users/zevia/code/ai/sales-recorder/ios/build/Build/Intermediates.noindex/Pods.build/Release-iphonesimulator/expo-dev-launcher-EXDevLauncher.build/EXDevLauncher.hmap (in target 'expo-dev-launcher-EXDevLauncher' from project 'Pods')
    cd /Users/zevia/code/ai/sales-recorder/ios/Pods
    write-file /Users/zevia/code/ai/sales-recorder/ios/build/Build/Intermediates.noindex/Pods.build/Release-iphonesimulator/expo-dev-launcher-EXDevLauncher.build/EXDevLauncher.hmap

WriteAuxiliaryFile /Users/zevia/code/ai/sales-recorder/ios/build/Build/Intermediates.noindex/Pods.build/Release-iphonesimulator/expo-dev-launcher-EXDevLauncher.build/EXDevLauncher.DependencyStaticMetadataFileList (in target 'expo-dev-launcher-EXDevLauncher' from project 'Pods')
    cd /Users/zevia/code/ai/sales-recorder/ios/Pods
    write-file /Users/zevia/code/ai/sales-recorder/ios/build/Build/Intermediates.noindex/Pods.build/Release-iphonesimulator/expo-dev-launcher-EXDevLauncher.build/EXDevLauncher.DependencyStaticMetadataFileList

WriteAuxiliaryFile /Users/zevia/code/ai/sales-recorder/ios/build/Build/Intermediates.noindex/Pods.build/Release-iphonesimulator/expo-dev-launcher-EXDevLauncher.build/EXDevLauncher.DependencyMetadataFileList (in target 'expo-dev-launcher-EXDevLauncher' from project 'Pods')
    cd /Users/zevia/code/ai/sales-recorder/ios/Pods
    write-file /Users/zevia/code/ai/sales-recorder/ios/build/Build/Intermediates.noindex/Pods.build/Release-iphonesimulator/expo-dev-launcher-EXDevLauncher.build/EXDevLauncher.DependencyMetadataFileList

WriteAuxiliaryFile /Users/zevia/code/ai/sales-recorder/ios/build/Build/Intermediates.noindex/Pods.build/Release-iphonesimulator/expo-dev-launcher-EXDevLauncher.build/EXDevLauncher-project-headers.hmap (in target 'expo-dev-launcher-EXDevLauncher' from project 'Pods')
    cd /Users/zevia/code/ai/sales-recorder/ios/Pods
    write-file /Users/zevia/code/ai/sales-recorder/ios/build/Build/Intermediates.noindex/Pods.build/Release-iphonesimulator/expo-dev-launcher-EXDevLauncher.build/EXDevLauncher-project-headers.hmap

WriteAuxiliaryFile /Users/zevia/code/ai/sales-recorder/ios/build/Build/Intermediates.noindex/Pods.build/Release-iphonesimulator/expo-dev-launcher-EXDevLauncher.build/EXDevLauncher-own-target-headers.hmap (in target 'expo-dev-launcher-EXDevLauncher' from project 'Pods')
    cd /Users/zevia/code/ai/sales-recorder/ios/Pods
    write-file /Users/zevia/code/ai/sales-recorder/ios/build/Build/Intermediates.noindex/Pods.build/Release-iphonesimulator/expo-dev-launcher-EXDevLauncher.build/EXDevLauncher-own-target-headers.hmap

WriteAuxiliaryFile /Users/zevia/code/ai/sales-recorder/ios/build/Build/Intermediates.noindex/Pods.build/Release-iphonesimulator/expo-dev-launcher-EXDevLauncher.build/EXDevLauncher-generated-files.hmap (in target 'expo-dev-launcher-EXDevLauncher' from project 'Pods')
    cd /Users/zevia/code/ai/sales-recorder/ios/Pods
    write-file /Users/zevia/code/ai/sales-recorder/ios/build/Build/Intermediates.noindex/Pods.build/Release-iphonesimulator/expo-dev-launcher-EXDevLauncher.build/EXDevLauncher-generated-files.hmap

WriteAuxiliaryFile /Users/zevia/code/ai/sales-recorder/ios/build/Build/Intermediates.noindex/Pods.build/Release-iphonesimulator/expo-dev-launcher-EXDevLauncher.build/EXDevLauncher-all-target-headers.hmap (in target 'expo-dev-launcher-EXDevLauncher' from project 'Pods')
    cd /Users/zevia/code/ai/sales-recorder/ios/Pods
    write-file /Users/zevia/code/ai/sales-recorder/ios/build/Build/Intermediates.noindex/Pods.build/Release-iphonesimulator/expo-dev-launcher-EXDevLauncher.build/EXDevLauncher-all-target-headers.hmap

WriteAuxiliaryFile /Users/zevia/code/ai/sales-recorder/ios/build/Build/Intermediates.noindex/Pods.build/Release-iphonesimulator/expo-dev-launcher-EXDevLauncher.build/EXDevLauncher-all-non-framework-target-headers.hmap (in target 'expo-dev-launcher-EXDevLauncher' from project 'Pods')
    cd /Users/zevia/code/ai/sales-recorder/ios/Pods
    write-file /Users/zevia/code/ai/sales-recorder/ios/build/Build/Intermediates.noindex/Pods.build/Release-iphonesimulator/expo-dev-launcher-EXDevLauncher.build/EXDevLauncher-all-non-framework-target-headers.hmap

WriteAuxiliaryFile /Users/zevia/code/ai/sales-recorder/ios/build/Build/Intermediates.noindex/Pods.build/Release-iphonesimulator/expo-dev-launcher.build/expo-dev-launcher.hmap (in target 'expo-dev-launcher' from project 'Pods')
    cd /Users/zevia/code/ai/sales-recorder/ios/Pods
    write-file /Users/zevia/code/ai/sales-recorder/ios/build/Build/Intermediates.noindex/Pods.build/Release-iphonesimulator/expo-dev-launcher.build/expo-dev-launcher.hmap

WriteAuxiliaryFile /Users/zevia/code/ai/sales-recorder/ios/build/Build/Intermediates.noindex/Pods.build/Release-iphonesimulator/expo-dev-launcher.build/expo-dev-launcher.DependencyStaticMetadataFileList (in target 'expo-dev-launcher' from project 'Pods')
    cd /Users/zevia/code/ai/sales-recorder/ios/Pods
    write-file /Users/zevia/code/ai/sales-recorder/ios/build/Build/Intermediates.noindex/Pods.build/Release-iphonesimulator/expo-dev-launcher.build/expo-dev-launcher.DependencyStaticMetadataFileList

WriteAuxiliaryFile /Users/zevia/code/ai/sales-recorder/ios/build/Build/Intermediates.noindex/Pods.build/Release-iphonesimulator/expo-dev-launcher.build/expo-dev-launcher.DependencyMetadataFileList (in target 'expo-dev-launcher' from project 'Pods')
    cd /Users/zevia/code/ai/sales-recorder/ios/Pods
    write-file /Users/zevia/code/ai/sales-recorder/ios/build/Build/Intermediates.noindex/Pods.build/Release-iphonesimulator/expo-dev-launcher.build/expo-dev-launcher.DependencyMetadataFileList

WriteAuxiliaryFile /Users/zevia/code/ai/sales-recorder/ios/build/Build/Intermediates.noindex/Pods.build/Release-iphonesimulator/expo-dev-launcher.build/expo-dev-launcher-project-headers.hmap (in target 'expo-dev-launcher' from project 'Pods')
    cd /Users/zevia/code/ai/sales-recorder/ios/Pods
    write-file /Users/zevia/code/ai/sales-recorder/ios/build/Build/Intermediates.noindex/Pods.build/Release-iphonesimulator/expo-dev-launcher.build/expo-dev-launcher-project-headers.hmap

WriteAuxiliaryFile /Users/zevia/code/ai/sales-recorder/ios/build/Build/Intermediates.noindex/Pods.build/Release-iphonesimulator/expo-dev-launcher.build/expo-dev-launcher-own-target-headers.hmap (in target 'expo-dev-launcher' from project 'Pods')
    cd /Users/zevia/code/ai/sales-recorder/ios/Pods
    write-file /Users/zevia/code/ai/sales-recorder/ios/build/Build/Intermediates.noindex/Pods.build/Release-iphonesimulator/expo-dev-launcher.build/expo-dev-launcher-own-target-headers.hmap

WriteAuxiliaryFile /Users/zevia/code/ai/sales-recorder/ios/build/Build/Intermediates.noindex/Pods.build/Release-iphonesimulator/expo-dev-launcher.build/expo-dev-launcher-generated-files.hmap (in target 'expo-dev-launcher' from project 'Pods')
    cd /Users/zevia/code/ai/sales-recorder/ios/Pods
    write-file /Users/zevia/code/ai/sales-recorder/ios/build/Build/Intermediates.noindex/Pods.build/Release-iphonesimulator/expo-dev-launcher.build/expo-dev-launcher-generated-files.hmap

WriteAuxiliaryFile /Users/zevia/code/ai/sales-recorder/ios/build/Build/Intermediates.noindex/Pods.build/Release-iphonesimulator/expo-dev-launcher.build/expo-dev-launcher-all-target-headers.hmap (in target 'expo-dev-launcher' from project 'Pods')
    cd /Users/zevia/code/ai/sales-recorder/ios/Pods
    write-file /Users/zevia/code/ai/sales-recorder/ios/build/Build/Intermediates.noindex/Pods.build/Release-iphonesimulator/expo-dev-launcher.build/expo-dev-launcher-all-target-headers.hmap

WriteAuxiliaryFile /Users/zevia/code/ai/sales-recorder/ios/build/Build/Intermediates.noindex/Pods.build/Release-iphonesimulator/expo-dev-launcher.build/expo-dev-launcher-all-non-framework-target-headers.hmap (in target 'expo-dev-launcher' from project 'Pods')
    cd /Users/zevia/code/ai/sales-recorder/ios/Pods
    write-file /Users/zevia/code/ai/sales-recorder/ios/build/Build/Intermediates.noindex/Pods.build/Release-iphonesimulator/expo-dev-launcher.build/expo-dev-launcher-all-non-framework-target-headers.hmap

WriteAuxiliaryFile /Users/zevia/code/ai/sales-recorder/ios/build/Build/Intermediates.noindex/Pods.build/Release-iphonesimulator/expo-dev-launcher.build/Script-46EB2E00020010.sh (in target 'expo-dev-launcher' from project 'Pods')
    cd /Users/zevia/code/ai/sales-recorder/ios/Pods
    write-file /Users/zevia/code/ai/sales-recorder/ios/build/Build/Intermediates.noindex/Pods.build/Release-iphonesimulator/expo-dev-launcher.build/Script-46EB2E00020010.sh

WriteAuxiliaryFile /Users/zevia/code/ai/sales-recorder/ios/build/Build/Intermediates.noindex/Pods.build/Release-iphonesimulator/expo-dev-launcher.build/Objects-normal/x86_64/expo-dev-launcher.SwiftFileList (in target 'expo-dev-launcher' from project 'Pods')
    cd /Users/zevia/code/ai/sales-recorder/ios/Pods
    write-file /Users/zevia/code/ai/sales-recorder/ios/build/Build/Intermediates.noindex/Pods.build/Release-iphonesimulator/expo-dev-launcher.build/Objects-normal/x86_64/expo-dev-launcher.SwiftFileList

WriteAuxiliaryFile /Users/zevia/code/ai/sales-recorder/ios/build/Build/Intermediates.noindex/Pods.build/Release-iphonesimulator/expo-dev-launcher.build/Objects-normal/x86_64/expo-dev-launcher_const_extract_protocols.json (in target 'expo-dev-launcher' from project 'Pods')
    cd /Users/zevia/code/ai/sales-recorder/ios/Pods
    write-file /Users/zevia/code/ai/sales-recorder/ios/build/Build/Intermediates.noindex/Pods.build/Release-iphonesimulator/expo-dev-launcher.build/Objects-normal/x86_64/expo-dev-launcher_const_extract_protocols.json

WriteAuxiliaryFile /Users/zevia/code/ai/sales-recorder/ios/build/Build/Intermediates.noindex/Pods.build/Release-iphonesimulator/expo-dev-launcher.build/Objects-normal/x86_64/expo-dev-launcher.SwiftConstValuesFileList (in target 'expo-dev-launcher' from project 'Pods')
    cd /Users/zevia/code/ai/sales-recorder/ios/Pods
    write-file /Users/zevia/code/ai/sales-recorder/ios/build/Build/Intermediates.noindex/Pods.build/Release-iphonesimulator/expo-dev-launcher.build/Objects-normal/x86_64/expo-dev-launcher.SwiftConstValuesFileList

WriteAuxiliaryFile /Users/zevia/code/ai/sales-recorder/ios/build/Build/Intermediates.noindex/Pods.build/Release-iphonesimulator/expo-dev-launcher.build/Objects-normal/x86_64/expo-dev-launcher.LinkFileList (in target 'expo-dev-launcher' from project 'Pods')
    cd /Users/zevia/code/ai/sales-recorder/ios/Pods
    write-file /Users/zevia/code/ai/sales-recorder/ios/build/Build/Intermediates.noindex/Pods.build/Release-iphonesimulator/expo-dev-launcher.build/Objects-normal/x86_64/expo-dev-launcher.LinkFileList

WriteAuxiliaryFile /Users/zevia/code/ai/sales-recorder/ios/build/Build/Intermediates.noindex/Pods.build/Release-iphonesimulator/expo-dev-launcher.build/Objects-normal/x86_64/expo-dev-launcher-OutputFileMap.json (in target 'expo-dev-launcher' from project 'Pods')
    cd /Users/zevia/code/ai/sales-recorder/ios/Pods
    write-file /Users/zevia/code/ai/sales-recorder/ios/build/Build/Intermediates.noindex/Pods.build/Release-iphonesimulator/expo-dev-launcher.build/Objects-normal/x86_64/expo-dev-launcher-OutputFileMap.json

WriteAuxiliaryFile /Users/zevia/code/ai/sales-recorder/ios/build/Build/Intermediates.noindex/Pods.build/Release-iphonesimulator/expo-dev-launcher.build/Objects-normal/x86_64/e6072d4f65d7061329687fe24e3d63a7-common-args.resp (in target 'expo-dev-launcher' from project 'Pods')
    cd /Users/zevia/code/ai/sales-recorder/ios/Pods
    write-file /Users/zevia/code/ai/sales-recorder/ios/build/Build/Intermediates.noindex/Pods.build/Release-iphonesimulator/expo-dev-launcher.build/Objects-normal/x86_64/e6072d4f65d7061329687fe24e3d63a7-common-args.resp
-target x86_64-apple-ios15.1-simulator '-std=gnu11' -fobjc-arc -fmodules '-fmodules-cache-path=/Users/zevia/code/ai/sales-recorder/ios/build/ModuleCache.noindex' '-fmodule-name=EXDevLauncher' -fpascal-strings -Os -fno-common '-DPOD_CONFIGURATION_RELEASE=1' '-DCOCOAPODS=1' '-DEX_DEV_LAUNCHER_VERSION=6.0.20' '-DNS_BLOCK_ASSERTIONS=1' '-DOBJC_OLD_DISPATCH_PROTOTYPES=0' -isysroot /Applications/Xcode.app/Contents/Developer/Platforms/iPhoneSimulator.platform/Developer/SDKs/iPhoneSimulator26.2.sdk -fasm-blocks -g '-fobjc-abi-version=2' -fobjc-legacy-dispatch -iquote /Users/zevia/code/ai/sales-recorder/ios/build/Build/Intermediates.noindex/Pods.build/Release-iphonesimulator/expo-dev-launcher.build/expo-dev-launcher-generated-files.hmap -I/Users/zevia/code/ai/sales-recorder/ios/build/Build/Intermediates.noindex/Pods.build/Release-iphonesimulator/expo-dev-launcher.build/expo-dev-launcher-own-target-headers.hmap -I/Users/zevia/code/ai/sales-recorder/ios/build/Build/Intermediates.noindex/Pods.build/Release-iphonesimulator/expo-dev-launcher.build/expo-dev-launcher-all-non-framework-target-headers.hmap -ivfsoverlay /Users/zevia/code/ai/sales-recorder/ios/build/Build/Intermediates.noindex/Pods.build/Release-iphonesimulator/Pods-8699adb1dd336b26511df848a716bd42-VFS-iphonesimulator/all-product-headers.yaml -iquote /Users/zevia/code/ai/sales-recorder/ios/build/Build/Intermediates.noindex/Pods.build/Release-iphonesimulator/expo-dev-launcher.build/expo-dev-launcher-project-headers.hmap -I/Users/zevia/code/ai/sales-recorder/ios/build/Build/Products/Release-iphonesimulator/expo-dev-launcher/include -I/Users/zevia/code/ai/sales-recorder/ios/Pods/Headers/Private -I/Users/zevia/code/ai/sales-recorder/ios/Pods/Headers/Private/expo-dev-launcher -I/Users/zevia/code/ai/sales-recorder/ios/Pods/Headers/Public -I/Users/zevia/code/ai/sales-recorder/ios/Pods/Headers/Public/DoubleConversion -I/Users/zevia/code/ai/sales-recorder/ios/Pods/Headers/Public/ExpoModulesCore -I/Users/zevia/code/ai/sales-recorder/ios/Pods/Headers/Public/FBLazyVector -I/Users/zevia/code/ai/sales-recorder/ios/Pods/Headers/Public/RCT-Folly -I/Users/zevia/code/ai/sales-recorder/ios/Pods/Headers/Public/RCTRequired -I/Users/zevia/code/ai/sales-recorder/ios/Pods/Headers/Public/RCTTypeSafety -I/Users/zevia/code/ai/sales-recorder/ios/Pods/Headers/Public/React-Core -I/Users/zevia/code/ai/sales-recorder/ios/Pods/Headers/Public/React-Fabric -I/Users/zevia/code/ai/sales-recorder/ios/Pods/Headers/Public/React-FabricComponents -I/Users/zevia/code/ai/sales-recorder/ios/Pods/Headers/Public/React-FabricImage -I/Users/zevia/code/ai/sales-recorder/ios/Pods/Headers/Public/React-ImageManager -I/Users/zevia/code/ai/sales-recorder/ios/Pods/Headers/Public/React-Mapbuffer -I/Users/zevia/code/ai/sales-recorder/ios/Pods/Headers/Public/React-NativeModulesApple -I/Users/zevia/code/ai/sales-recorder/ios/Pods/Headers/Public/React-RCTAnimation -I/Users/zevia/code/ai/sales-recorder/ios/Pods/Headers/Public/React-RCTBlob -I/Users/zevia/code/ai/sales-recorder/ios/Pods/Headers/Public/React-RCTFBReactNativeSpec -I/Users/zevia/code/ai/sales-recorder/ios/Pods/Headers/Public/React-RCTFabric -I/Users/zevia/code/ai/sales-recorder/ios/Pods/Headers/Public/React-RCTRuntime -I/Users/zevia/code/ai/sales-recorder/ios/Pods/Headers/Public/React-RCTText -I/Users/zevia/code/ai/sales-recorder/ios/Pods/Headers/Public/React-RuntimeApple -I/Users/zevia/code/ai/sales-recorder/ios/Pods/Headers/Public/React-RuntimeCore -I/Users/zevia/code/ai/sales-recorder/ios/Pods/Headers/Public/React-RuntimeHermes -I/Users/zevia/code/ai/sales-recorder/ios/Pods/Headers/Public/React-callinvoker -I/Users/zevia/code/ai/sales-recorder/ios/Pods/Headers/Public/React-cxxreact -I/Users/zevia/code/ai/sales-recorder/ios/Pods/Headers/Public/React-debug -I/Users/zevia/code/ai/sales-recorder/ios/Pods/Headers/Public/React-defaultsnativemodule -I/Users/zevia/code/ai/sales-recorder/ios/Pods/Headers/Public/React-domnativemodule -I/Users/zevia/code/ai/sales-recorder/ios/Pods/Headers/Public/React-featureflags -I/Users/zevia/code/ai/sales-recorder/ios/Pods/Headers/Public/React-featureflagsnativemodule -I/Users/zevia/code/ai/sales-recorder/ios/Pods/Headers/Public/React-graphics -I/Users/zevia/code/ai/sales-recorder/ios/Pods/Headers/Public/React-hermes -I/Users/zevia/code/ai/sales-recorder/ios/Pods/Headers/Public/React-idlecallbacksnativemodule -I/Users/zevia/code/ai/sales-recorder/ios/Pods/Headers/Public/React-jserrorhandler -I/Users/zevia/code/ai/sales-recorder/ios/Pods/Headers/Public/React-jsi -I/Users/zevia/code/ai/sales-recorder/ios/Pods/Headers/Public/React-jsiexecutor -I/Users/zevia/code/ai/sales-recorder/ios/Pods/Headers/Public/React-jsinspector -I/Users/zevia/code/ai/sales-recorder/ios/Pods/Headers/Public/React-jsinspectorcdp -I/Users/zevia/code/ai/sales-recorder/ios/Pods/Headers/Public/React-jsinspectornetwork -I/Users/zevia/code/ai/sales-recorder/ios/Pods/Headers/Public/React-jsinspectortracing -I/Users/zevia/code/ai/sales-recorder/ios/Pods/Headers/Public/React-jsitooling -I/Users/zevia/code/ai/sales-recorder/ios/Pods/Headers/Public/React-logger -I/Users/zevia/code/ai/sales-recorder/ios/Pods/Headers/Public/React-microtasksnativemodule -I/Users/zevia/code/ai/sales-recorder/ios/Pods/Headers/Public/React-oscompat -I/Users/zevia/code/ai/sales-recorder/ios/Pods/Headers/Public/React-perflogger -I/Users/zevia/code/ai/sales-recorder/ios/Pods/Headers/Public/React-performancetimeline -I/Users/zevia/code/ai/sales-recorder/ios/Pods/Headers/Public/React-rendererconsistency -I/Users/zevia/code/ai/sales-recorder/ios/Pods/Headers/Public/React-renderercss -I/Users/zevia/code/ai/sales-recorder/ios/Pods/Headers/Public/React-rendererdebug -I/Users/zevia/code/ai/sales-recorder/ios/Pods/Headers/Public/React-runtimeexecutor -I/Users/zevia/code/ai/sales-recorder/ios/Pods/Headers/Public/React-runtimescheduler -I/Users/zevia/code/ai/sales-recorder/ios/Pods/Headers/Public/React-timing -I/Users/zevia/code/ai/sales-recorder/ios/Pods/Headers/Public/React-utils -I/Users/zevia/code/ai/sales-recorder/ios/Pods/Headers/Public/ReactCodegen -I/Users/zevia/code/ai/sales-recorder/ios/Pods/Headers/Public/ReactCommon -I/Users/zevia/code/ai/sales-recorder/ios/Pods/Headers/Public/Yoga -I/Users/zevia/code/ai/sales-recorder/ios/Pods/Headers/Public/boost -I/Users/zevia/code/ai/sales-recorder/ios/Pods/Headers/Public/expo-dev-launcher -I/Users/zevia/code/ai/sales-recorder/ios/Pods/Headers/Public/expo-dev-menu -I/Users/zevia/code/ai/sales-recorder/ios/Pods/Headers/Public/fast_float -I/Users/zevia/code/ai/sales-recorder/ios/Pods/Headers/Public/fmt -I/Users/zevia/code/ai/sales-recorder/ios/Pods/Headers/Public/glog -I/Users/zevia/code/ai/sales-recorder/ios/Pods/Headers/Public/hermes-engine -I/Users/zevia/code/ai/sales-recorder/ios/Pods/Headers/Private/React-Core -I/Users/zevia/code/ai/sales-recorder/ios/Pods/Headers/Public/RNReanimated '-I/Users/zevia/code/ai/sales-recorder/ios/build/Build/Products/Release-iphonesimulator/EXManifests/Swift Compatibility Header' '-I/Users/zevia/code/ai/sales-recorder/ios/build/Build/Products/Release-iphonesimulator/EXUpdatesInterface/Swift Compatibility Header' -I/Users/zevia/code/ai/sales-recorder/ios/build/Build/Products/Release-iphonesimulator/React-jsinspector/jsinspector_modern.framework/Headers -I/Users/zevia/code/ai/sales-recorder/ios/Pods/Headers/Private/Yoga -I/Users/zevia/code/ai/sales-recorder/ios/Pods/glog -I/Users/zevia/code/ai/sales-recorder/ios/Pods/boost -I/Users/zevia/code/ai/sales-recorder/ios/Pods/DoubleConversion -I/Users/zevia/code/ai/sales-recorder/ios/Pods/fast_float/include -I/Users/zevia/code/ai/sales-recorder/ios/Pods/fmt/include -I/Users/zevia/code/ai/sales-recorder/ios/Pods/SocketRocket -I/Users/zevia/code/ai/sales-recorder/ios/Pods/RCT-Folly -I/Users/zevia/code/ai/sales-recorder/ios/build/Build/Intermediates.noindex/Pods.build/Release-iphonesimulator/expo-dev-launcher.build/DerivedSources-normal/x86_64 -I/Users/zevia/code/ai/sales-recorder/ios/build/Build/Intermediates.noindex/Pods.build/Release-iphonesimulator/expo-dev-launcher.build/DerivedSources/x86_64 -I/Users/zevia/code/ai/sales-recorder/ios/build/Build/Intermediates.noindex/Pods.build/Release-iphonesimulator/expo-dev-launcher.build/DerivedSources -F/Users/zevia/code/ai/sales-recorder/ios/build/Build/Products/Release-iphonesimulator/expo-dev-launcher -F/Users/zevia/code/ai/sales-recorder/ios/Pods/hermes-engine/destroot/Library/Frameworks/universal -F/Users/zevia/code/ai/sales-recorder/ios/build/Build/Products/Release-iphonesimulator/XCFrameworkIntermediates/hermes-engine/Pre-built -F/Users/zevia/code/ai/sales-recorder/ios/build/Build/Products/Release-iphonesimulator/RNReanimated '-fmodule-map-file=/Users/zevia/code/ai/sales-recorder/ios/build/Build/Products/Release-iphonesimulator/EXManifests/EXManifests.modulemap' '-fmodule-map-file=/Users/zevia/code/ai/sales-recorder/ios/build/Build/Products/Release-iphonesimulator/EXUpdatesInterface/EXUpdatesInterface.modulemap' '-fmodule-map-file=/Users/zevia/code/ai/sales-recorder/ios/build/Build/Products/Release-iphonesimulator/ExpoModulesCore/ExpoModulesCore.modulemap' '-fmodule-map-file=/Users/zevia/code/ai/sales-recorder/ios/build/Build/Products/Release-iphonesimulator/expo-dev-menu-interface/EXDevMenuInterface.modulemap' '-fmodule-map-file=/Users/zevia/code/ai/sales-recorder/ios/build/Build/Products/Release-iphonesimulator/expo-dev-menu/EXDevMenu.modulemap' '-fmodule-map-file=/Users/zevia/code/ai/sales-recorder/ios/Pods/Headers/Public/DoubleConversion/DoubleConversion.modulemap' '-fmodule-map-file=/Users/zevia/code/ai/sales-recorder/ios/Pods/Headers/Public/RCTDeprecation/RCTDeprecation.modulemap' '-fmodule-map-file=/Users/zevia/code/ai/sales-recorder/ios/Pods/Headers/Public/RCTFabric/React-RCTFabric.modulemap' '-fmodule-map-file=/Users/zevia/code/ai/sales-recorder/ios/Pods/Headers/Public/RCTImage/React-RCTImage.modulemap' '-fmodule-map-file=/Users/zevia/code/ai/sales-recorder/ios/Pods/Headers/Public/RCTRuntime/React-RCTRuntime.modulemap' '-fmodule-map-file=/Users/zevia/code/ai/sales-recorder/ios/Pods/Headers/Public/RCTTypeSafety/RCTTypeSafety.modulemap' '-fmodule-map-file=/Users/zevia/code/ai/sales-recorder/ios/Pods/Headers/Public/React/React-Core.modulemap' '-fmodule-map-file=/Users/zevia/code/ai/sales-recorder/ios/Pods/Headers/Public/ReactAppDependencyProvider/ReactAppDependencyProvider.modulemap' '-fmodule-map-file=/Users/zevia/code/ai/sales-recorder/ios/Pods/Headers/Public/ReactCodegen/ReactCodegen.modulemap' '-fmodule-map-file=/Users/zevia/code/ai/sales-recorder/ios/Pods/Headers/Public/ReactCommon/ReactCommon.modulemap' '-fmodule-map-file=/Users/zevia/code/ai/sales-recorder/ios/Pods/Headers/Public/React_Fabric/React-Fabric.modulemap' '-fmodule-map-file=/Users/zevia/code/ai/sales-recorder/ios/Pods/Headers/Public/React_FabricComponents/React-FabricComponents.modulemap' '-fmodule-map-file=/Users/zevia/code/ai/sales-recorder/ios/Pods/Headers/Public/React_NativeModulesApple/React-NativeModulesApple.modulemap' '-fmodule-map-file=/Users/zevia/code/ai/sales-recorder/ios/Pods/Headers/Public/React_RCTAppDelegate/React-RCTAppDelegate.modulemap' '-fmodule-map-file=/Users/zevia/code/ai/sales-recorder/ios/Pods/Headers/Public/React_runtimeexecutor/React-runtimeexecutor.modulemap' '-fmodule-map-file=/Users/zevia/code/ai/sales-recorder/ios/Pods/Headers/Public/SocketRocket/SocketRocket.modulemap' '-fmodule-map-file=/Users/zevia/code/ai/sales-recorder/ios/Pods/Headers/Public/fmt/fmt.modulemap' '-fmodule-map-file=/Users/zevia/code/ai/sales-recorder/ios/Pods/Headers/Public/folly/RCT-Folly.modulemap' '-fmodule-map-file=/Users/zevia/code/ai/sales-recorder/ios/Pods/Headers/Public/glog/glog.modulemap' '-fmodule-map-file=/Users/zevia/code/ai/sales-recorder/ios/Pods/Headers/Public/jsi/React-jsi.modulemap' '-fmodule-map-file=/Users/zevia/code/ai/sales-recorder/ios/Pods/Headers/Public/jsinspector_modern/React-jsinspector.modulemap' '-fmodule-map-file=/Users/zevia/code/ai/sales-recorder/ios/Pods/Headers/Public/jsinspector_modern_cdp/React-jsinspectorcdp.modulemap' '-fmodule-map-file=/Users/zevia/code/ai/sales-recorder/ios/Pods/Headers/Public/jsinspector_modern_network/React-jsinspectornetwork.modulemap' '-fmodule-map-file=/Users/zevia/code/ai/sales-recorder/ios/Pods/Headers/Public/jsinspector_modern_tracing/React-jsinspectortracing.modulemap' '-fmodule-map-file=/Users/zevia/code/ai/sales-recorder/ios/Pods/Headers/Public/react_debug/React-debug.modulemap' '-fmodule-map-file=/Users/zevia/code/ai/sales-recorder/ios/Pods/Headers/Public/react_featureflags/React-featureflags.modulemap' '-fmodule-map-file=/Users/zevia/code/ai/sales-recorder/ios/Pods/Headers/Public/react_nativemodule_defaults/React-defaultsnativemodule.modulemap' '-fmodule-map-file=/Users/zevia/code/ai/sales-recorder/ios/Pods/Headers/Public/react_nativemodule_dom/React-domnativemodule.modulemap' '-fmodule-map-file=/Users/zevia/code/ai/sales-recorder/ios/Pods/Headers/Public/react_nativemodule_featureflags/React-featureflagsnativemodule.modulemap' '-fmodule-map-file=/Users/zevia/code/ai/sales-recorder/ios/Pods/Headers/Public/react_nativemodule_idlecallbacks/React-idlecallbacksnativemodule.modulemap' '-fmodule-map-file=/Users/zevia/code/ai/sales-recorder/ios/Pods/Headers/Public/react_nativemodule_microtasks/React-microtasksnativemodule.modulemap' '-fmodule-map-file=/Users/zevia/code/ai/sales-recorder/ios/Pods/Headers/Public/react_renderer_css/React-renderercss.modulemap' '-fmodule-map-file=/Users/zevia/code/ai/sales-recorder/ios/Pods/Headers/Public/react_renderer_debug/React-rendererdebug.modulemap' '-fmodule-map-file=/Users/zevia/code/ai/sales-recorder/ios/Pods/Headers/Public/react_renderer_graphics/React-graphics.modulemap' '-fmodule-map-file=/Users/zevia/code/ai/sales-recorder/ios/Pods/Headers/Public/react_renderer_imagemanager/React-ImageManager.modulemap' '-fmodule-map-file=/Users/zevia/code/ai/sales-recorder/ios/Pods/Headers/Public/react_runtime/React-jsitooling.modulemap' '-fmodule-map-file=/Users/zevia/code/ai/sales-recorder/ios/Pods/Headers/Public/react_utils/React-utils.modulemap' '-fmodule-map-file=/Users/zevia/code/ai/sales-recorder/ios/Pods/Headers/Public/reacthermes/React-hermes.modulemap' '-fmodule-map-file=/Users/zevia/code/ai/sales-recorder/ios/Pods/Headers/Public/yoga/Yoga.modulemap' '-DREACT_NATIVE_TARGET_VERSION=81' -DUSE_HERMES -DNDEBUG

WriteAuxiliaryFile /Users/zevia/code/ai/sales-recorder/ios/build/Build/Intermediates.noindex/Pods.build/Release-iphonesimulator/expo-dev-launcher.build/Objects-normal/x86_64/af3fcb34312c57c0f52879cdce924b91-common-args.resp (in target 'expo-dev-launcher' from project 'Pods')
    cd /Users/zevia/code/ai/sales-recorder/ios/Pods
    write-file /Users/zevia/code/ai/sales-recorder/ios/build/Build/Intermediates.noindex/Pods.build/Release-iphonesimulator/expo-dev-launcher.build/Objects-normal/x86_64/af3fcb34312c57c0f52879cdce924b91-common-args.resp
-target x86_64-apple-ios15.1-simulator '-std=c++20' '-stdlib=libc++' -fobjc-arc -fmodules -fno-cxx-modules '-fmodules-cache-path=/Users/zevia/code/ai/sales-recorder/ios/build/ModuleCache.noindex' '-fmodule-name=EXDevLauncher' -fpascal-strings -Os -fno-common '-DPOD_CONFIGURATION_RELEASE=1' '-DCOCOAPODS=1' '-DEX_DEV_LAUNCHER_VERSION=6.0.20' '-DNS_BLOCK_ASSERTIONS=1' '-DOBJC_OLD_DISPATCH_PROTOTYPES=0' -isysroot /Applications/Xcode.app/Contents/Developer/Platforms/iPhoneSimulator.platform/Developer/SDKs/iPhoneSimulator26.2.sdk -fasm-blocks -g '-fobjc-abi-version=2' -fobjc-legacy-dispatch -iquote /Users/zevia/code/ai/sales-recorder/ios/build/Build/Intermediates.noindex/Pods.build/Release-iphonesimulator/expo-dev-launcher.build/expo-dev-launcher-generated-files.hmap -I/Users/zevia/code/ai/sales-recorder/ios/build/Build/Intermediates.noindex/Pods.build/Release-iphonesimulator/expo-dev-launcher.build/expo-dev-launcher-own-target-headers.hmap -I/Users/zevia/code/ai/sales-recorder/ios/build/Build/Intermediates.noindex/Pods.build/Release-iphonesimulator/expo-dev-launcher.build/expo-dev-launcher-all-non-framework-target-headers.hmap -ivfsoverlay /Users/zevia/code/ai/sales-recorder/ios/build/Build/Intermediates.noindex/Pods.build/Release-iphonesimulator/Pods-8699adb1dd336b26511df848a716bd42-VFS-iphonesimulator/all-product-headers.yaml -iquote /Users/zevia/code/ai/sales-recorder/ios/build/Build/Intermediates.noindex/Pods.build/Release-iphonesimulator/expo-dev-launcher.build/expo-dev-launcher-project-headers.hmap -I/Users/zevia/code/ai/sales-recorder/ios/build/Build/Products/Release-iphonesimulator/expo-dev-launcher/include -I/Users/zevia/code/ai/sales-recorder/ios/Pods/Headers/Private -I/Users/zevia/code/ai/sales-recorder/ios/Pods/Headers/Private/expo-dev-launcher -I/Users/zevia/code/ai/sales-recorder/ios/Pods/Headers/Public -I/Users/zevia/code/ai/sales-recorder/ios/Pods/Headers/Public/DoubleConversion -I/Users/zevia/code/ai/sales-recorder/ios/Pods/Headers/Public/ExpoModulesCore -I/Users/zevia/code/ai/sales-recorder/ios/Pods/Headers/Public/FBLazyVector -I/Users/zevia/code/ai/sales-recorder/ios/Pods/Headers/Public/RCT-Folly -I/Users/zevia/code/ai/sales-recorder/ios/Pods/Headers/Public/RCTRequired -I/Users/zevia/code/ai/sales-recorder/ios/Pods/Headers/Public/RCTTypeSafety -I/Users/zevia/code/ai/sales-recorder/ios/Pods/Headers/Public/React-Core -I/Users/zevia/code/ai/sales-recorder/ios/Pods/Headers/Public/React-Fabric -I/Users/zevia/code/ai/sales-recorder/ios/Pods/Headers/Public/React-FabricComponents -I/Users/zevia/code/ai/sales-recorder/ios/Pods/Headers/Public/React-FabricImage -I/Users/zevia/code/ai/sales-recorder/ios/Pods/Headers/Public/React-ImageManager -I/Users/zevia/code/ai/sales-recorder/ios/Pods/Headers/Public/React-Mapbuffer -I/Users/zevia/code/ai/sales-recorder/ios/Pods/Headers/Public/React-NativeModulesApple -I/Users/zevia/code/ai/sales-recorder/ios/Pods/Headers/Public/React-RCTAnimation -I/Users/zevia/code/ai/sales-recorder/ios/Pods/Headers/Public/React-RCTBlob -I/Users/zevia/code/ai/sales-recorder/ios/Pods/Headers/Public/React-RCTFBReactNativeSpec -I/Users/zevia/code/ai/sales-recorder/ios/Pods/Headers/Public/React-RCTFabric -I/Users/zevia/code/ai/sales-recorder/ios/Pods/Headers/Public/React-RCTRuntime -I/Users/zevia/code/ai/sales-recorder/ios/Pods/Headers/Public/React-RCTText -I/Users/zevia/code/ai/sales-recorder/ios/Pods/Headers/Public/React-RuntimeApple -I/Users/zevia/code/ai/sales-recorder/ios/Pods/Headers/Public/React-RuntimeCore -I/Users/zevia/code/ai/sales-recorder/ios/Pods/Headers/Public/React-RuntimeHermes -I/Users/zevia/code/ai/sales-recorder/ios/Pods/Headers/Public/React-callinvoker -I/Users/zevia/code/ai/sales-recorder/ios/Pods/Headers/Public/React-cxxreact -I/Users/zevia/code/ai/sales-recorder/ios/Pods/Headers/Public/React-debug -I/Users/zevia/code/ai/sales-recorder/ios/Pods/Headers/Public/React-defaultsnativemodule -I/Users/zevia/code/ai/sales-recorder/ios/Pods/Headers/Public/React-domnativemodule -I/Users/zevia/code/ai/sales-recorder/ios/Pods/Headers/Public/React-featureflags -I/Users/zevia/code/ai/sales-recorder/ios/Pods/Headers/Public/React-featureflagsnativemodule -I/Users/zevia/code/ai/sales-recorder/ios/Pods/Headers/Public/React-graphics -I/Users/zevia/code/ai/sales-recorder/ios/Pods/Headers/Public/React-hermes -I/Users/zevia/code/ai/sales-recorder/ios/Pods/Headers/Public/React-idlecallbacksnativemodule -I/Users/zevia/code/ai/sales-recorder/ios/Pods/Headers/Public/React-jserrorhandler -I/Users/zevia/code/ai/sales-recorder/ios/Pods/Headers/Public/React-jsi -I/Users/zevia/code/ai/sales-recorder/ios/Pods/Headers/Public/React-jsiexecutor -I/Users/zevia/code/ai/sales-recorder/ios/Pods/Headers/Public/React-jsinspector -I/Users/zevia/code/ai/sales-recorder/ios/Pods/Headers/Public/React-jsinspectorcdp -I/Users/zevia/code/ai/sales-recorder/ios/Pods/Headers/Public/React-jsinspectornetwork -I/Users/zevia/code/ai/sales-recorder/ios/Pods/Headers/Public/React-jsinspectortracing -I/Users/zevia/code/ai/sales-recorder/ios/Pods/Headers/Public/React-jsitooling -I/Users/zevia/code/ai/sales-recorder/ios/Pods/Headers/Public/React-logger -I/Users/zevia/code/ai/sales-recorder/ios/Pods/Headers/Public/React-microtasksnativemodule -I/Users/zevia/code/ai/sales-recorder/ios/Pods/Headers/Public/React-oscompat -I/Users/zevia/code/ai/sales-recorder/ios/Pods/Headers/Public/React-perflogger -I/Users/zevia/code/ai/sales-recorder/ios/Pods/Headers/Public/React-performancetimeline -I/Users/zevia/code/ai/sales-recorder/ios/Pods/Headers/Public/React-rendererconsistency -I/Users/zevia/code/ai/sales-recorder/ios/Pods/Headers/Public/React-renderercss -I/Users/zevia/code/ai/sales-recorder/ios/Pods/Headers/Public/React-rendererdebug -I/Users/zevia/code/ai/sales-recorder/ios/Pods/Headers/Public/React-runtimeexecutor -I/Users/zevia/code/ai/sales-recorder/ios/Pods/Headers/Public/React-runtimescheduler -I/Users/zevia/code/ai/sales-recorder/ios/Pods/Headers/Public/React-timing -I/Users/zevia/code/ai/sales-recorder/ios/Pods/Headers/Public/React-utils -I/Users/zevia/code/ai/sales-recorder/ios/Pods/Headers/Public/ReactCodegen -I/Users/zevia/code/ai/sales-recorder/ios/Pods/Headers/Public/ReactCommon -I/Users/zevia/code/ai/sales-recorder/ios/Pods/Headers/Public/Yoga -I/Users/zevia/code/ai/sales-recorder/ios/Pods/Headers/Public/boost -I/Users/zevia/code/ai/sales-recorder/ios/Pods/Headers/Public/expo-dev-launcher -I/Users/zevia/code/ai/sales-recorder/ios/Pods/Headers/Public/expo-dev-menu -I/Users/zevia/code/ai/sales-recorder/ios/Pods/Headers/Public/fast_float -I/Users/zevia/code/ai/sales-recorder/ios/Pods/Headers/Public/fmt -I/Users/zevia/code/ai/sales-recorder/ios/Pods/Headers/Public/glog -I/Users/zevia/code/ai/sales-recorder/ios/Pods/Headers/Public/hermes-engine -I/Users/zevia/code/ai/sales-recorder/ios/Pods/Headers/Private/React-Core -I/Users/zevia/code/ai/sales-recorder/ios/Pods/Headers/Public/RNReanimated '-I/Users/zevia/code/ai/sales-recorder/ios/build/Build/Products/Release-iphonesimulator/EXManifests/Swift Compatibility Header' '-I/Users/zevia/code/ai/sales-recorder/ios/build/Build/Products/Release-iphonesimulator/EXUpdatesInterface/Swift Compatibility Header' -I/Users/zevia/code/ai/sales-recorder/ios/build/Build/Products/Release-iphonesimulator/React-jsinspector/jsinspector_modern.framework/Headers -I/Users/zevia/code/ai/sales-recorder/ios/Pods/Headers/Private/Yoga -I/Users/zevia/code/ai/sales-recorder/ios/Pods/glog -I/Users/zevia/code/ai/sales-recorder/ios/Pods/boost -I/Users/zevia/code/ai/sales-recorder/ios/Pods/DoubleConversion -I/Users/zevia/code/ai/sales-recorder/ios/Pods/fast_float/include -I/Users/zevia/code/ai/sales-recorder/ios/Pods/fmt/include -I/Users/zevia/code/ai/sales-recorder/ios/Pods/SocketRocket -I/Users/zevia/code/ai/sales-recorder/ios/Pods/RCT-Folly -I/Users/zevia/code/ai/sales-recorder/ios/build/Build/Intermediates.noindex/Pods.build/Release-iphonesimulator/expo-dev-launcher.build/DerivedSources-normal/x86_64 -I/Users/zevia/code/ai/sales-recorder/ios/build/Build/Intermediates.noindex/Pods.build/Release-iphonesimulator/expo-dev-launcher.build/DerivedSources/x86_64 -I/Users/zevia/code/ai/sales-recorder/ios/build/Build/Intermediates.noindex/Pods.build/Release-iphonesimulator/expo-dev-launcher.build/DerivedSources -F/Users/zevia/code/ai/sales-recorder/ios/build/Build/Products/Release-iphonesimulator/expo-dev-launcher -F/Users/zevia/code/ai/sales-recorder/ios/Pods/hermes-engine/destroot/Library/Frameworks/universal -F/Users/zevia/code/ai/sales-recorder/ios/build/Build/Products/Release-iphonesimulator/XCFrameworkIntermediates/hermes-engine/Pre-built -F/Users/zevia/code/ai/sales-recorder/ios/build/Build/Products/Release-iphonesimulator/RNReanimated '-fmodule-map-file=/Users/zevia/code/ai/sales-recorder/ios/build/Build/Products/Release-iphonesimulator/EXManifests/EXManifests.modulemap' '-fmodule-map-file=/Users/zevia/code/ai/sales-recorder/ios/build/Build/Products/Release-iphonesimulator/EXUpdatesInterface/EXUpdatesInterface.modulemap' '-fmodule-map-file=/Users/zevia/code/ai/sales-recorder/ios/build/Build/Products/Release-iphonesimulator/ExpoModulesCore/ExpoModulesCore.modulemap' '-fmodule-map-file=/Users/zevia/code/ai/sales-recorder/ios/build/Build/Products/Release-iphonesimulator/expo-dev-menu-interface/EXDevMenuInterface.modulemap' '-fmodule-map-file=/Users/zevia/code/ai/sales-recorder/ios/build/Build/Products/Release-iphonesimulator/expo-dev-menu/EXDevMenu.modulemap' '-fmodule-map-file=/Users/zevia/code/ai/sales-recorder/ios/Pods/Headers/Public/DoubleConversion/DoubleConversion.modulemap' '-fmodule-map-file=/Users/zevia/code/ai/sales-recorder/ios/Pods/Headers/Public/RCTDeprecation/RCTDeprecation.modulemap' '-fmodule-map-file=/Users/zevia/code/ai/sales-recorder/ios/Pods/Headers/Public/RCTFabric/React-RCTFabric.modulemap' '-fmodule-map-file=/Users/zevia/code/ai/sales-recorder/ios/Pods/Headers/Public/RCTImage/React-RCTImage.modulemap' '-fmodule-map-file=/Users/zevia/code/ai/sales-recorder/ios/Pods/Headers/Public/RCTRuntime/React-RCTRuntime.modulemap' '-fmodule-map-file=/Users/zevia/code/ai/sales-recorder/ios/Pods/Headers/Public/RCTTypeSafety/RCTTypeSafety.modulemap' '-fmodule-map-file=/Users/zevia/code/ai/sales-recorder/ios/Pods/Headers/Public/React/React-Core.modulemap' '-fmodule-map-file=/Users/zevia/code/ai/sales-recorder/ios/Pods/Headers/Public/ReactAppDependencyProvider/ReactAppDependencyProvider.modulemap' '-fmodule-map-file=/Users/zevia/code/ai/sales-recorder/ios/Pods/Headers/Public/ReactCodegen/ReactCodegen.modulemap' '-fmodule-map-file=/Users/zevia/code/ai/sales-recorder/ios/Pods/Headers/Public/ReactCommon/ReactCommon.modulemap' '-fmodule-map-file=/Users/zevia/code/ai/sales-recorder/ios/Pods/Headers/Public/React_Fabric/React-Fabric.modulemap' '-fmodule-map-file=/Users/zevia/code/ai/sales-recorder/ios/Pods/Headers/Public/React_FabricComponents/React-FabricComponents.modulemap' '-fmodule-map-file=/Users/zevia/code/ai/sales-recorder/ios/Pods/Headers/Public/React_NativeModulesApple/React-NativeModulesApple.modulemap' '-fmodule-map-file=/Users/zevia/code/ai/sales-recorder/ios/Pods/Headers/Public/React_RCTAppDelegate/React-RCTAppDelegate.modulemap' '-fmodule-map-file=/Users/zevia/code/ai/sales-recorder/ios/Pods/Headers/Public/React_runtimeexecutor/React-runtimeexecutor.modulemap' '-fmodule-map-file=/Users/zevia/code/ai/sales-recorder/ios/Pods/Headers/Public/SocketRocket/SocketRocket.modulemap' '-fmodule-map-file=/Users/zevia/code/ai/sales-recorder/ios/Pods/Headers/Public/fmt/fmt.modulemap' '-fmodule-map-file=/Users/zevia/code/ai/sales-recorder/ios/Pods/Headers/Public/folly/RCT-Folly.modulemap' '-fmodule-map-file=/Users/zevia/code/ai/sales-recorder/ios/Pods/Headers/Public/glog/glog.modulemap' '-fmodule-map-file=/Users/zevia/code/ai/sales-recorder/ios/Pods/Headers/Public/jsi/React-jsi.modulemap' '-fmodule-map-file=/Users/zevia/code/ai/sales-recorder/ios/Pods/Headers/Public/jsinspector_modern/React-jsinspector.modulemap' '-fmodule-map-file=/Users/zevia/code/ai/sales-recorder/ios/Pods/Headers/Public/jsinspector_modern_cdp/React-jsinspectorcdp.modulemap' '-fmodule-map-file=/Users/zevia/code/ai/sales-recorder/ios/Pods/Headers/Public/jsinspector_modern_network/React-jsinspectornetwork.modulemap' '-fmodule-map-file=/Users/zevia/code/ai/sales-recorder/ios/Pods/Headers/Public/jsinspector_modern_tracing/React-jsinspectortracing.modulemap' '-fmodule-map-file=/Users/zevia/code/ai/sales-recorder/ios/Pods/Headers/Public/react_debug/React-debug.modulemap' '-fmodule-map-file=/Users/zevia/code/ai/sales-recorder/ios/Pods/Headers/Public/react_featureflags/React-featureflags.modulemap' '-fmodule-map-file=/Users/zevia/code/ai/sales-recorder/ios/Pods/Headers/Public/react_nativemodule_defaults/React-defaultsnativemodule.modulemap' '-fmodule-map-file=/Users/zevia/code/ai/sales-recorder/ios/Pods/Headers/Public/react_nativemodule_dom/React-domnativemodule.modulemap' '-fmodule-map-file=/Users/zevia/code/ai/sales-recorder/ios/Pods/Headers/Public/react_nativemodule_featureflags/React-featureflagsnativemodule.modulemap' '-fmodule-map-file=/Users/zevia/code/ai/sales-recorder/ios/Pods/Headers/Public/react_nativemodule_idlecallbacks/React-idlecallbacksnativemodule.modulemap' '-fmodule-map-file=/Users/zevia/code/ai/sales-recorder/ios/Pods/Headers/Public/react_nativemodule_microtasks/React-microtasksnativemodule.modulemap' '-fmodule-map-file=/Users/zevia/code/ai/sales-recorder/ios/Pods/Headers/Public/react_renderer_css/React-renderercss.modulemap' '-fmodule-map-file=/Users/zevia/code/ai/sales-recorder/ios/Pods/Headers/Public/react_renderer_debug/React-rendererdebug.modulemap' '-fmodule-map-file=/Users/zevia/code/ai/sales-recorder/ios/Pods/Headers/Public/react_renderer_graphics/React-graphics.modulemap' '-fmodule-map-file=/Users/zevia/code/ai/sales-recorder/ios/Pods/Headers/Public/react_renderer_imagemanager/React-ImageManager.modulemap' '-fmodule-map-file=/Users/zevia/code/ai/sales-recorder/ios/Pods/Headers/Public/react_runtime/React-jsitooling.modulemap' '-fmodule-map-file=/Users/zevia/code/ai/sales-recorder/ios/Pods/Headers/Public/react_utils/React-utils.modulemap' '-fmodule-map-file=/Users/zevia/code/ai/sales-recorder/ios/Pods/Headers/Public/reacthermes/React-hermes.modulemap' '-fmodule-map-file=/Users/zevia/code/ai/sales-recorder/ios/Pods/Headers/Public/yoga/Yoga.modulemap' '-DREACT_NATIVE_TARGET_VERSION=81' -DUSE_HERMES -DNDEBUG -DNDEBUG

WriteAuxiliaryFile /Users/zevia/code/ai/sales-recorder/ios/build/Build/Intermediates.noindex/Pods.build/Release-iphonesimulator/expo-dev-launcher.build/Objects-normal/arm64/expo-dev-launcher_const_extract_protocols.json (in target 'expo-dev-launcher' from project 'Pods')
    cd /Users/zevia/code/ai/sales-recorder/ios/Pods
    write-file /Users/zevia/code/ai/sales-recorder/ios/build/Build/Intermediates.noindex/Pods.build/Release-iphonesimulator/expo-dev-launcher.build/Objects-normal/arm64/expo-dev-launcher_const_extract_protocols.json

WriteAuxiliaryFile /Users/zevia/code/ai/sales-recorder/ios/build/Build/Intermediates.noindex/Pods.build/Release-iphonesimulator/expo-dev-launcher.build/Objects-normal/arm64/expo-dev-launcher.SwiftFileList (in target 'expo-dev-launcher' from project 'Pods')
    cd /Users/zevia/code/ai/sales-recorder/ios/Pods
    write-file /Users/zevia/code/ai/sales-recorder/ios/build/Build/Intermediates.noindex/Pods.build/Release-iphonesimulator/expo-dev-launcher.build/Objects-normal/arm64/expo-dev-launcher.SwiftFileList

WriteAuxiliaryFile /Users/zevia/code/ai/sales-recorder/ios/build/Build/Intermediates.noindex/Pods.build/Release-iphonesimulator/expo-dev-launcher.build/Objects-normal/arm64/expo-dev-launcher.SwiftConstValuesFileList (in target 'expo-dev-launcher' from project 'Pods')
    cd /Users/zevia/code/ai/sales-recorder/ios/Pods
    write-file /Users/zevia/code/ai/sales-recorder/ios/build/Build/Intermediates.noindex/Pods.build/Release-iphonesimulator/expo-dev-launcher.build/Objects-normal/arm64/expo-dev-launcher.SwiftConstValuesFileList

WriteAuxiliaryFile /Users/zevia/code/ai/sales-recorder/ios/build/Build/Intermediates.noindex/Pods.build/Release-iphonesimulator/expo-dev-launcher.build/Objects-normal/arm64/expo-dev-launcher.LinkFileList (in target 'expo-dev-launcher' from project 'Pods')
    cd /Users/zevia/code/ai/sales-recorder/ios/Pods
    write-file /Users/zevia/code/ai/sales-recorder/ios/build/Build/Intermediates.noindex/Pods.build/Release-iphonesimulator/expo-dev-launcher.build/Objects-normal/arm64/expo-dev-launcher.LinkFileList

WriteAuxiliaryFile /Users/zevia/code/ai/sales-recorder/ios/build/Build/Intermediates.noindex/Pods.build/Release-iphonesimulator/expo-dev-launcher.build/Objects-normal/arm64/expo-dev-launcher-OutputFileMap.json (in target 'expo-dev-launcher' from project 'Pods')
    cd /Users/zevia/code/ai/sales-recorder/ios/Pods
    write-file /Users/zevia/code/ai/sales-recorder/ios/build/Build/Intermediates.noindex/Pods.build/Release-iphonesimulator/expo-dev-launcher.build/Objects-normal/arm64/expo-dev-launcher-OutputFileMap.json

WriteAuxiliaryFile /Users/zevia/code/ai/sales-recorder/ios/build/Build/Intermediates.noindex/Pods.build/Release-iphonesimulator/expo-dev-launcher.build/Objects-normal/arm64/e6072d4f65d7061329687fe24e3d63a7-common-args.resp (in target 'expo-dev-launcher' from project 'Pods')
    cd /Users/zevia/code/ai/sales-recorder/ios/Pods
    write-file /Users/zevia/code/ai/sales-recorder/ios/build/Build/Intermediates.noindex/Pods.build/Release-iphonesimulator/expo-dev-launcher.build/Objects-normal/arm64/e6072d4f65d7061329687fe24e3d63a7-common-args.resp
-target arm64-apple-ios15.1-simulator '-std=gnu11' -fobjc-arc -fmodules '-fmodules-cache-path=/Users/zevia/code/ai/sales-recorder/ios/build/ModuleCache.noindex' '-fmodule-name=EXDevLauncher' -fpascal-strings -Os -fno-common '-DPOD_CONFIGURATION_RELEASE=1' '-DCOCOAPODS=1' '-DEX_DEV_LAUNCHER_VERSION=6.0.20' '-DNS_BLOCK_ASSERTIONS=1' '-DOBJC_OLD_DISPATCH_PROTOTYPES=0' -isysroot /Applications/Xcode.app/Contents/Developer/Platforms/iPhoneSimulator.platform/Developer/SDKs/iPhoneSimulator26.2.sdk -g '-fobjc-abi-version=2' -fobjc-legacy-dispatch -iquote /Users/zevia/code/ai/sales-recorder/ios/build/Build/Intermediates.noindex/Pods.build/Release-iphonesimulator/expo-dev-launcher.build/expo-dev-launcher-generated-files.hmap -I/Users/zevia/code/ai/sales-recorder/ios/build/Build/Intermediates.noindex/Pods.build/Release-iphonesimulator/expo-dev-launcher.build/expo-dev-launcher-own-target-headers.hmap -I/Users/zevia/code/ai/sales-recorder/ios/build/Build/Intermediates.noindex/Pods.build/Release-iphonesimulator/expo-dev-launcher.build/expo-dev-launcher-all-non-framework-target-headers.hmap -ivfsoverlay /Users/zevia/code/ai/sales-recorder/ios/build/Build/Intermediates.noindex/Pods.build/Release-iphonesimulator/Pods-8699adb1dd336b26511df848a716bd42-VFS-iphonesimulator/all-product-headers.yaml -iquote /Users/zevia/code/ai/sales-recorder/ios/build/Build/Intermediates.noindex/Pods.build/Release-iphonesimulator/expo-dev-launcher.build/expo-dev-launcher-project-headers.hmap -I/Users/zevia/code/ai/sales-recorder/ios/build/Build/Products/Release-iphonesimulator/expo-dev-launcher/include -I/Users/zevia/code/ai/sales-recorder/ios/Pods/Headers/Private -I/Users/zevia/code/ai/sales-recorder/ios/Pods/Headers/Private/expo-dev-launcher -I/Users/zevia/code/ai/sales-recorder/ios/Pods/Headers/Public -I/Users/zevia/code/ai/sales-recorder/ios/Pods/Headers/Public/DoubleConversion -I/Users/zevia/code/ai/sales-recorder/ios/Pods/Headers/Public/ExpoModulesCore -I/Users/zevia/code/ai/sales-recorder/ios/Pods/Headers/Public/FBLazyVector -I/Users/zevia/code/ai/sales-recorder/ios/Pods/Headers/Public/RCT-Folly -I/Users/zevia/code/ai/sales-recorder/ios/Pods/Headers/Public/RCTRequired -I/Users/zevia/code/ai/sales-recorder/ios/Pods/Headers/Public/RCTTypeSafety -I/Users/zevia/code/ai/sales-recorder/ios/Pods/Headers/Public/React-Core -I/Users/zevia/code/ai/sales-recorder/ios/Pods/Headers/Public/React-Fabric -I/Users/zevia/code/ai/sales-recorder/ios/Pods/Headers/Public/React-FabricComponents -I/Users/zevia/code/ai/sales-recorder/ios/Pods/Headers/Public/React-FabricImage -I/Users/zevia/code/ai/sales-recorder/ios/Pods/Headers/Public/React-ImageManager -I/Users/zevia/code/ai/sales-recorder/ios/Pods/Headers/Public/React-Mapbuffer -I/Users/zevia/code/ai/sales-recorder/ios/Pods/Headers/Public/React-NativeModulesApple -I/Users/zevia/code/ai/sales-recorder/ios/Pods/Headers/Public/React-RCTAnimation -I/Users/zevia/code/ai/sales-recorder/ios/Pods/Headers/Public/React-RCTBlob -I/Users/zevia/code/ai/sales-recorder/ios/Pods/Headers/Public/React-RCTFBReactNativeSpec -I/Users/zevia/code/ai/sales-recorder/ios/Pods/Headers/Public/React-RCTFabric -I/Users/zevia/code/ai/sales-recorder/ios/Pods/Headers/Public/React-RCTRuntime -I/Users/zevia/code/ai/sales-recorder/ios/Pods/Headers/Public/React-RCTText -I/Users/zevia/code/ai/sales-recorder/ios/Pods/Headers/Public/React-RuntimeApple -I/Users/zevia/code/ai/sales-recorder/ios/Pods/Headers/Public/React-RuntimeCore -I/Users/zevia/code/ai/sales-recorder/ios/Pods/Headers/Public/React-RuntimeHermes -I/Users/zevia/code/ai/sales-recorder/ios/Pods/Headers/Public/React-callinvoker -I/Users/zevia/code/ai/sales-recorder/ios/Pods/Headers/Public/React-cxxreact -I/Users/zevia/code/ai/sales-recorder/ios/Pods/Headers/Public/React-debug -I/Users/zevia/code/ai/sales-recorder/ios/Pods/Headers/Public/React-defaultsnativemodule -I/Users/zevia/code/ai/sales-recorder/ios/Pods/Headers/Public/React-domnativemodule -I/Users/zevia/code/ai/sales-recorder/ios/Pods/Headers/Public/React-featureflags -I/Users/zevia/code/ai/sales-recorder/ios/Pods/Headers/Public/React-featureflagsnativemodule -I/Users/zevia/code/ai/sales-recorder/ios/Pods/Headers/Public/React-graphics -I/Users/zevia/code/ai/sales-recorder/ios/Pods/Headers/Public/React-hermes -I/Users/zevia/code/ai/sales-recorder/ios/Pods/Headers/Public/React-idlecallbacksnativemodule -I/Users/zevia/code/ai/sales-recorder/ios/Pods/Headers/Public/React-jserrorhandler -I/Users/zevia/code/ai/sales-recorder/ios/Pods/Headers/Public/React-jsi -I/Users/zevia/code/ai/sales-recorder/ios/Pods/Headers/Public/React-jsiexecutor -I/Users/zevia/code/ai/sales-recorder/ios/Pods/Headers/Public/React-jsinspector -I/Users/zevia/code/ai/sales-recorder/ios/Pods/Headers/Public/React-jsinspectorcdp -I/Users/zevia/code/ai/sales-recorder/ios/Pods/Headers/Public/React-jsinspectornetwork -I/Users/zevia/code/ai/sales-recorder/ios/Pods/Headers/Public/React-jsinspectortracing -I/Users/zevia/code/ai/sales-recorder/ios/Pods/Headers/Public/React-jsitooling -I/Users/zevia/code/ai/sales-recorder/ios/Pods/Headers/Public/React-logger -I/Users/zevia/code/ai/sales-recorder/ios/Pods/Headers/Public/React-microtasksnativemodule -I/Users/zevia/code/ai/sales-recorder/ios/Pods/Headers/Public/React-oscompat -I/Users/zevia/code/ai/sales-recorder/ios/Pods/Headers/Public/React-perflogger -I/Users/zevia/code/ai/sales-recorder/ios/Pods/Headers/Public/React-performancetimeline -I/Users/zevia/code/ai/sales-recorder/ios/Pods/Headers/Public/React-rendererconsistency -I/Users/zevia/code/ai/sales-recorder/ios/Pods/Headers/Public/React-renderercss -I/Users/zevia/code/ai/sales-recorder/ios/Pods/Headers/Public/React-rendererdebug -I/Users/zevia/code/ai/sales-recorder/ios/Pods/Headers/Public/React-runtimeexecutor -I/Users/zevia/code/ai/sales-recorder/ios/Pods/Headers/Public/React-runtimescheduler -I/Users/zevia/code/ai/sales-recorder/ios/Pods/Headers/Public/React-timing -I/Users/zevia/code/ai/sales-recorder/ios/Pods/Headers/Public/React-utils -I/Users/zevia/code/ai/sales-recorder/ios/Pods/Headers/Public/ReactCodegen -I/Users/zevia/code/ai/sales-recorder/ios/Pods/Headers/Public/ReactCommon -I/Users/zevia/code/ai/sales-recorder/ios/Pods/Headers/Public/Yoga -I/Users/zevia/code/ai/sales-recorder/ios/Pods/Headers/Public/boost -I/Users/zevia/code/ai/sales-recorder/ios/Pods/Headers/Public/expo-dev-launcher -I/Users/zevia/code/ai/sales-recorder/ios/Pods/Headers/Public/expo-dev-menu -I/Users/zevia/code/ai/sales-recorder/ios/Pods/Headers/Public/fast_float -I/Users/zevia/code/ai/sales-recorder/ios/Pods/Headers/Public/fmt -I/Users/zevia/code/ai/sales-recorder/ios/Pods/Headers/Public/glog -I/Users/zevia/code/ai/sales-recorder/ios/Pods/Headers/Public/hermes-engine -I/Users/zevia/code/ai/sales-recorder/ios/Pods/Headers/Private/React-Core -I/Users/zevia/code/ai/sales-recorder/ios/Pods/Headers/Public/RNReanimated '-I/Users/zevia/code/ai/sales-recorder/ios/build/Build/Products/Release-iphonesimulator/EXManifests/Swift Compatibility Header' '-I/Users/zevia/code/ai/sales-recorder/ios/build/Build/Products/Release-iphonesimulator/EXUpdatesInterface/Swift Compatibility Header' -I/Users/zevia/code/ai/sales-recorder/ios/build/Build/Products/Release-iphonesimulator/React-jsinspector/jsinspector_modern.framework/Headers -I/Users/zevia/code/ai/sales-recorder/ios/Pods/Headers/Private/Yoga -I/Users/zevia/code/ai/sales-recorder/ios/Pods/glog -I/Users/zevia/code/ai/sales-recorder/ios/Pods/boost -I/Users/zevia/code/ai/sales-recorder/ios/Pods/DoubleConversion -I/Users/zevia/code/ai/sales-recorder/ios/Pods/fast_float/include -I/Users/zevia/code/ai/sales-recorder/ios/Pods/fmt/include -I/Users/zevia/code/ai/sales-recorder/ios/Pods/SocketRocket -I/Users/zevia/code/ai/sales-recorder/ios/Pods/RCT-Folly -I/Users/zevia/code/ai/sales-recorder/ios/build/Build/Intermediates.noindex/Pods.build/Release-iphonesimulator/expo-dev-launcher.build/DerivedSources-normal/arm64 -I/Users/zevia/code/ai/sales-recorder/ios/build/Build/Intermediates.noindex/Pods.build/Release-iphonesimulator/expo-dev-launcher.build/DerivedSources/arm64 -I/Users/zevia/code/ai/sales-recorder/ios/build/Build/Intermediates.noindex/Pods.build/Release-iphonesimulator/expo-dev-launcher.build/DerivedSources -F/Users/zevia/code/ai/sales-recorder/ios/build/Build/Products/Release-iphonesimulator/expo-dev-launcher -F/Users/zevia/code/ai/sales-recorder/ios/Pods/hermes-engine/destroot/Library/Frameworks/universal -F/Users/zevia/code/ai/sales-recorder/ios/build/Build/Products/Release-iphonesimulator/XCFrameworkIntermediates/hermes-engine/Pre-built -F/Users/zevia/code/ai/sales-recorder/ios/build/Build/Products/Release-iphonesimulator/RNReanimated '-fmodule-map-file=/Users/zevia/code/ai/sales-recorder/ios/build/Build/Products/Release-iphonesimulator/EXManifests/EXManifests.modulemap' '-fmodule-map-file=/Users/zevia/code/ai/sales-recorder/ios/build/Build/Products/Release-iphonesimulator/EXUpdatesInterface/EXUpdatesInterface.modulemap' '-fmodule-map-file=/Users/zevia/code/ai/sales-recorder/ios/build/Build/Products/Release-iphonesimulator/ExpoModulesCore/ExpoModulesCore.modulemap' '-fmodule-map-file=/Users/zevia/code/ai/sales-recorder/ios/build/Build/Products/Release-iphonesimulator/expo-dev-menu-interface/EXDevMenuInterface.modulemap' '-fmodule-map-file=/Users/zevia/code/ai/sales-recorder/ios/build/Build/Products/Release-iphonesimulator/expo-dev-menu/EXDevMenu.modulemap' '-fmodule-map-file=/Users/zevia/code/ai/sales-recorder/ios/Pods/Headers/Public/DoubleConversion/DoubleConversion.modulemap' '-fmodule-map-file=/Users/zevia/code/ai/sales-recorder/ios/Pods/Headers/Public/RCTDeprecation/RCTDeprecation.modulemap' '-fmodule-map-file=/Users/zevia/code/ai/sales-recorder/ios/Pods/Headers/Public/RCTFabric/React-RCTFabric.modulemap' '-fmodule-map-file=/Users/zevia/code/ai/sales-recorder/ios/Pods/Headers/Public/RCTImage/React-RCTImage.modulemap' '-fmodule-map-file=/Users/zevia/code/ai/sales-recorder/ios/Pods/Headers/Public/RCTRuntime/React-RCTRuntime.modulemap' '-fmodule-map-file=/Users/zevia/code/ai/sales-recorder/ios/Pods/Headers/Public/RCTTypeSafety/RCTTypeSafety.modulemap' '-fmodule-map-file=/Users/zevia/code/ai/sales-recorder/ios/Pods/Headers/Public/React/React-Core.modulemap' '-fmodule-map-file=/Users/zevia/code/ai/sales-recorder/ios/Pods/Headers/Public/ReactAppDependencyProvider/ReactAppDependencyProvider.modulemap' '-fmodule-map-file=/Users/zevia/code/ai/sales-recorder/ios/Pods/Headers/Public/ReactCodegen/ReactCodegen.modulemap' '-fmodule-map-file=/Users/zevia/code/ai/sales-recorder/ios/Pods/Headers/Public/ReactCommon/ReactCommon.modulemap' '-fmodule-map-file=/Users/zevia/code/ai/sales-recorder/ios/Pods/Headers/Public/React_Fabric/React-Fabric.modulemap' '-fmodule-map-file=/Users/zevia/code/ai/sales-recorder/ios/Pods/Headers/Public/React_FabricComponents/React-FabricComponents.modulemap' '-fmodule-map-file=/Users/zevia/code/ai/sales-recorder/ios/Pods/Headers/Public/React_NativeModulesApple/React-NativeModulesApple.modulemap' '-fmodule-map-file=/Users/zevia/code/ai/sales-recorder/ios/Pods/Headers/Public/React_RCTAppDelegate/React-RCTAppDelegate.modulemap' '-fmodule-map-file=/Users/zevia/code/ai/sales-recorder/ios/Pods/Headers/Public/React_runtimeexecutor/React-runtimeexecutor.modulemap' '-fmodule-map-file=/Users/zevia/code/ai/sales-recorder/ios/Pods/Headers/Public/SocketRocket/SocketRocket.modulemap' '-fmodule-map-file=/Users/zevia/code/ai/sales-recorder/ios/Pods/Headers/Public/fmt/fmt.modulemap' '-fmodule-map-file=/Users/zevia/code/ai/sales-recorder/ios/Pods/Headers/Public/folly/RCT-Folly.modulemap' '-fmodule-map-file=/Users/zevia/code/ai/sales-recorder/ios/Pods/Headers/Public/glog/glog.modulemap' '-fmodule-map-file=/Users/zevia/code/ai/sales-recorder/ios/Pods/Headers/Public/jsi/React-jsi.modulemap' '-fmodule-map-file=/Users/zevia/code/ai/sales-recorder/ios/Pods/Headers/Public/jsinspector_modern/React-jsinspector.modulemap' '-fmodule-map-file=/Users/zevia/code/ai/sales-recorder/ios/Pods/Headers/Public/jsinspector_modern_cdp/React-jsinspectorcdp.modulemap' '-fmodule-map-file=/Users/zevia/code/ai/sales-recorder/ios/Pods/Headers/Public/jsinspector_modern_network/React-jsinspectornetwork.modulemap' '-fmodule-map-file=/Users/zevia/code/ai/sales-recorder/ios/Pods/Headers/Public/jsinspector_modern_tracing/React-jsinspectortracing.modulemap' '-fmodule-map-file=/Users/zevia/code/ai/sales-recorder/ios/Pods/Headers/Public/react_debug/React-debug.modulemap' '-fmodule-map-file=/Users/zevia/code/ai/sales-recorder/ios/Pods/Headers/Public/react_featureflags/React-featureflags.modulemap' '-fmodule-map-file=/Users/zevia/code/ai/sales-recorder/ios/Pods/Headers/Public/react_nativemodule_defaults/React-defaultsnativemodule.modulemap' '-fmodule-map-file=/Users/zevia/code/ai/sales-recorder/ios/Pods/Headers/Public/react_nativemodule_dom/React-domnativemodule.modulemap' '-fmodule-map-file=/Users/zevia/code/ai/sales-recorder/ios/Pods/Headers/Public/react_nativemodule_featureflags/React-featureflagsnativemodule.modulemap' '-fmodule-map-file=/Users/zevia/code/ai/sales-recorder/ios/Pods/Headers/Public/react_nativemodule_idlecallbacks/React-idlecallbacksnativemodule.modulemap' '-fmodule-map-file=/Users/zevia/code/ai/sales-recorder/ios/Pods/Headers/Public/react_nativemodule_microtasks/React-microtasksnativemodule.modulemap' '-fmodule-map-file=/Users/zevia/code/ai/sales-recorder/ios/Pods/Headers/Public/react_renderer_css/React-renderercss.modulemap' '-fmodule-map-file=/Users/zevia/code/ai/sales-recorder/ios/Pods/Headers/Public/react_renderer_debug/React-rendererdebug.modulemap' '-fmodule-map-file=/Users/zevia/code/ai/sales-recorder/ios/Pods/Headers/Public/react_renderer_graphics/React-graphics.modulemap' '-fmodule-map-file=/Users/zevia/code/ai/sales-recorder/ios/Pods/Headers/Public/react_renderer_imagemanager/React-ImageManager.modulemap' '-fmodule-map-file=/Users/zevia/code/ai/sales-recorder/ios/Pods/Headers/Public/react_runtime/React-jsitooling.modulemap' '-fmodule-map-file=/Users/zevia/code/ai/sales-recorder/ios/Pods/Headers/Public/react_utils/React-utils.modulemap' '-fmodule-map-file=/Users/zevia/code/ai/sales-recorder/ios/Pods/Headers/Public/reacthermes/React-hermes.modulemap' '-fmodule-map-file=/Users/zevia/code/ai/sales-recorder/ios/Pods/Headers/Public/yoga/Yoga.modulemap' '-DREACT_NATIVE_TARGET_VERSION=81' -DUSE_HERMES -DNDEBUG

WriteAuxiliaryFile /Users/zevia/code/ai/sales-recorder/ios/build/Build/Intermediates.noindex/Pods.build/Release-iphonesimulator/expo-dev-launcher.build/Objects-normal/arm64/af3fcb34312c57c0f52879cdce924b91-common-args.resp (in target 'expo-dev-launcher' from project 'Pods')
    cd /Users/zevia/code/ai/sales-recorder/ios/Pods
    write-file /Users/zevia/code/ai/sales-recorder/ios/build/Build/Intermediates.noindex/Pods.build/Release-iphonesimulator/expo-dev-launcher.build/Objects-normal/arm64/af3fcb34312c57c0f52879cdce924b91-common-args.resp
-target arm64-apple-ios15.1-simulator '-std=c++20' '-stdlib=libc++' -fobjc-arc -fmodules -fno-cxx-modules '-fmodules-cache-path=/Users/zevia/code/ai/sales-recorder/ios/build/ModuleCache.noindex' '-fmodule-name=EXDevLauncher' -fpascal-strings -Os -fno-common '-DPOD_CONFIGURATION_RELEASE=1' '-DCOCOAPODS=1' '-DEX_DEV_LAUNCHER_VERSION=6.0.20' '-DNS_BLOCK_ASSERTIONS=1' '-DOBJC_OLD_DISPATCH_PROTOTYPES=0' -isysroot /Applications/Xcode.app/Contents/Developer/Platforms/iPhoneSimulator.platform/Developer/SDKs/iPhoneSimulator26.2.sdk -g '-fobjc-abi-version=2' -fobjc-legacy-dispatch -iquote /Users/zevia/code/ai/sales-recorder/ios/build/Build/Intermediates.noindex/Pods.build/Release-iphonesimulator/expo-dev-launcher.build/expo-dev-launcher-generated-files.hmap -I/Users/zevia/code/ai/sales-recorder/ios/build/Build/Intermediates.noindex/Pods.build/Release-iphonesimulator/expo-dev-launcher.build/expo-dev-launcher-own-target-headers.hmap -I/Users/zevia/code/ai/sales-recorder/ios/build/Build/Intermediates.noindex/Pods.build/Release-iphonesimulator/expo-dev-launcher.build/expo-dev-launcher-all-non-framework-target-headers.hmap -ivfsoverlay /Users/zevia/code/ai/sales-recorder/ios/build/Build/Intermediates.noindex/Pods.build/Release-iphonesimulator/Pods-8699adb1dd336b26511df848a716bd42-VFS-iphonesimulator/all-product-headers.yaml -iquote /Users/zevia/code/ai/sales-recorder/ios/build/Build/Intermediates.noindex/Pods.build/Release-iphonesimulator/expo-dev-launcher.build/expo-dev-launcher-project-headers.hmap -I/Users/zevia/code/ai/sales-recorder/ios/build/Build/Products/Release-iphonesimulator/expo-dev-launcher/include -I/Users/zevia/code/ai/sales-recorder/ios/Pods/Headers/Private -I/Users/zevia/code/ai/sales-recorder/ios/Pods/Headers/Private/expo-dev-launcher -I/Users/zevia/code/ai/sales-recorder/ios/Pods/Headers/Public -I/Users/zevia/code/ai/sales-recorder/ios/Pods/Headers/Public/DoubleConversion -I/Users/zevia/code/ai/sales-recorder/ios/Pods/Headers/Public/ExpoModulesCore -I/Users/zevia/code/ai/sales-recorder/ios/Pods/Headers/Public/FBLazyVector -I/Users/zevia/code/ai/sales-recorder/ios/Pods/Headers/Public/RCT-Folly -I/Users/zevia/code/ai/sales-recorder/ios/Pods/Headers/Public/RCTRequired -I/Users/zevia/code/ai/sales-recorder/ios/Pods/Headers/Public/RCTTypeSafety -I/Users/zevia/code/ai/sales-recorder/ios/Pods/Headers/Public/React-Core -I/Users/zevia/code/ai/sales-recorder/ios/Pods/Headers/Public/React-Fabric -I/Users/zevia/code/ai/sales-recorder/ios/Pods/Headers/Public/React-FabricComponents -I/Users/zevia/code/ai/sales-recorder/ios/Pods/Headers/Public/React-FabricImage -I/Users/zevia/code/ai/sales-recorder/ios/Pods/Headers/Public/React-ImageManager -I/Users/zevia/code/ai/sales-recorder/ios/Pods/Headers/Public/React-Mapbuffer -I/Users/zevia/code/ai/sales-recorder/ios/Pods/Headers/Public/React-NativeModulesApple -I/Users/zevia/code/ai/sales-recorder/ios/Pods/Headers/Public/React-RCTAnimation -I/Users/zevia/code/ai/sales-recorder/ios/Pods/Headers/Public/React-RCTBlob -I/Users/zevia/code/ai/sales-recorder/ios/Pods/Headers/Public/React-RCTFBReactNativeSpec -I/Users/zevia/code/ai/sales-recorder/ios/Pods/Headers/Public/React-RCTFabric -I/Users/zevia/code/ai/sales-recorder/ios/Pods/Headers/Public/React-RCTRuntime -I/Users/zevia/code/ai/sales-recorder/ios/Pods/Headers/Public/React-RCTText -I/Users/zevia/code/ai/sales-recorder/ios/Pods/Headers/Public/React-RuntimeApple -I/Users/zevia/code/ai/sales-recorder/ios/Pods/Headers/Public/React-RuntimeCore -I/Users/zevia/code/ai/sales-recorder/ios/Pods/Headers/Public/React-RuntimeHermes -I/Users/zevia/code/ai/sales-recorder/ios/Pods/Headers/Public/React-callinvoker -I/Users/zevia/code/ai/sales-recorder/ios/Pods/Headers/Public/React-cxxreact -I/Users/zevia/code/ai/sales-recorder/ios/Pods/Headers/Public/React-debug -I/Users/zevia/code/ai/sales-recorder/ios/Pods/Headers/Public/React-defaultsnativemodule -I/Users/zevia/code/ai/sales-recorder/ios/Pods/Headers/Public/React-domnativemodule -I/Users/zevia/code/ai/sales-recorder/ios/Pods/Headers/Public/React-featureflags -I/Users/zevia/code/ai/sales-recorder/ios/Pods/Headers/Public/React-featureflagsnativemodule -I/Users/zevia/code/ai/sales-recorder/ios/Pods/Headers/Public/React-graphics -I/Users/zevia/code/ai/sales-recorder/ios/Pods/Headers/Public/React-hermes -I/Users/zevia/code/ai/sales-recorder/ios/Pods/Headers/Public/React-idlecallbacksnativemodule -I/Users/zevia/code/ai/sales-recorder/ios/Pods/Headers/Public/React-jserrorhandler -I/Users/zevia/code/ai/sales-recorder/ios/Pods/Headers/Public/React-jsi -I/Users/zevia/code/ai/sales-recorder/ios/Pods/Headers/Public/React-jsiexecutor -I/Users/zevia/code/ai/sales-recorder/ios/Pods/Headers/Public/React-jsinspector -I/Users/zevia/code/ai/sales-recorder/ios/Pods/Headers/Public/React-jsinspectorcdp -I/Users/zevia/code/ai/sales-recorder/ios/Pods/Headers/Public/React-jsinspectornetwork -I/Users/zevia/code/ai/sales-recorder/ios/Pods/Headers/Public/React-jsinspectortracing -I/Users/zevia/code/ai/sales-recorder/ios/Pods/Headers/Public/React-jsitooling -I/Users/zevia/code/ai/sales-recorder/ios/Pods/Headers/Public/React-logger -I/Users/zevia/code/ai/sales-recorder/ios/Pods/Headers/Public/React-microtasksnativemodule -I/Users/zevia/code/ai/sales-recorder/ios/Pods/Headers/Public/React-oscompat -I/Users/zevia/code/ai/sales-recorder/ios/Pods/Headers/Public/React-perflogger -I/Users/zevia/code/ai/sales-recorder/ios/Pods/Headers/Public/React-performancetimeline -I/Users/zevia/code/ai/sales-recorder/ios/Pods/Headers/Public/React-rendererconsistency -I/Users/zevia/code/ai/sales-recorder/ios/Pods/Headers/Public/React-renderercss -I/Users/zevia/code/ai/sales-recorder/ios/Pods/Headers/Public/React-rendererdebug -I/Users/zevia/code/ai/sales-recorder/ios/Pods/Headers/Public/React-runtimeexecutor -I/Users/zevia/code/ai/sales-recorder/ios/Pods/Headers/Public/React-runtimescheduler -I/Users/zevia/code/ai/sales-recorder/ios/Pods/Headers/Public/React-timing -I/Users/zevia/code/ai/sales-recorder/ios/Pods/Headers/Public/React-utils -I/Users/zevia/code/ai/sales-recorder/ios/Pods/Headers/Public/ReactCodegen -I/Users/zevia/code/ai/sales-recorder/ios/Pods/Headers/Public/ReactCommon -I/Users/zevia/code/ai/sales-recorder/ios/Pods/Headers/Public/Yoga -I/Users/zevia/code/ai/sales-recorder/ios/Pods/Headers/Public/boost -I/Users/zevia/code/ai/sales-recorder/ios/Pods/Headers/Public/expo-dev-launcher -I/Users/zevia/code/ai/sales-recorder/ios/Pods/Headers/Public/expo-dev-menu -I/Users/zevia/code/ai/sales-recorder/ios/Pods/Headers/Public/fast_float -I/Users/zevia/code/ai/sales-recorder/ios/Pods/Headers/Public/fmt -I/Users/zevia/code/ai/sales-recorder/ios/Pods/Headers/Public/glog -I/Users/zevia/code/ai/sales-recorder/ios/Pods/Headers/Public/hermes-engine -I/Users/zevia/code/ai/sales-recorder/ios/Pods/Headers/Private/React-Core -I/Users/zevia/code/ai/sales-recorder/ios/Pods/Headers/Public/RNReanimated '-I/Users/zevia/code/ai/sales-recorder/ios/build/Build/Products/Release-iphonesimulator/EXManifests/Swift Compatibility Header' '-I/Users/zevia/code/ai/sales-recorder/ios/build/Build/Products/Release-iphonesimulator/EXUpdatesInterface/Swift Compatibility Header' -I/Users/zevia/code/ai/sales-recorder/ios/build/Build/Products/Release-iphonesimulator/React-jsinspector/jsinspector_modern.framework/Headers -I/Users/zevia/code/ai/sales-recorder/ios/Pods/Headers/Private/Yoga -I/Users/zevia/code/ai/sales-recorder/ios/Pods/glog -I/Users/zevia/code/ai/sales-recorder/ios/Pods/boost -I/Users/zevia/code/ai/sales-recorder/ios/Pods/DoubleConversion -I/Users/zevia/code/ai/sales-recorder/ios/Pods/fast_float/include -I/Users/zevia/code/ai/sales-recorder/ios/Pods/fmt/include -I/Users/zevia/code/ai/sales-recorder/ios/Pods/SocketRocket -I/Users/zevia/code/ai/sales-recorder/ios/Pods/RCT-Folly -I/Users/zevia/code/ai/sales-recorder/ios/build/Build/Intermediates.noindex/Pods.build/Release-iphonesimulator/expo-dev-launcher.build/DerivedSources-normal/arm64 -I/Users/zevia/code/ai/sales-recorder/ios/build/Build/Intermediates.noindex/Pods.build/Release-iphonesimulator/expo-dev-launcher.build/DerivedSources/arm64 -I/Users/zevia/code/ai/sales-recorder/ios/build/Build/Intermediates.noindex/Pods.build/Release-iphonesimulator/expo-dev-launcher.build/DerivedSources -F/Users/zevia/code/ai/sales-recorder/ios/build/Build/Products/Release-iphonesimulator/expo-dev-launcher -F/Users/zevia/code/ai/sales-recorder/ios/Pods/hermes-engine/destroot/Library/Frameworks/universal -F/Users/zevia/code/ai/sales-recorder/ios/build/Build/Products/Release-iphonesimulator/XCFrameworkIntermediates/hermes-engine/Pre-built -F/Users/zevia/code/ai/sales-recorder/ios/build/Build/Products/Release-iphonesimulator/RNReanimated '-fmodule-map-file=/Users/zevia/code/ai/sales-recorder/ios/build/Build/Products/Release-iphonesimulator/EXManifests/EXManifests.modulemap' '-fmodule-map-file=/Users/zevia/code/ai/sales-recorder/ios/build/Build/Products/Release-iphonesimulator/EXUpdatesInterface/EXUpdatesInterface.modulemap' '-fmodule-map-file=/Users/zevia/code/ai/sales-recorder/ios/build/Build/Products/Release-iphonesimulator/ExpoModulesCore/ExpoModulesCore.modulemap' '-fmodule-map-file=/Users/zevia/code/ai/sales-recorder/ios/build/Build/Products/Release-iphonesimulator/expo-dev-menu-interface/EXDevMenuInterface.modulemap' '-fmodule-map-file=/Users/zevia/code/ai/sales-recorder/ios/build/Build/Products/Release-iphonesimulator/expo-dev-menu/EXDevMenu.modulemap' '-fmodule-map-file=/Users/zevia/code/ai/sales-recorder/ios/Pods/Headers/Public/DoubleConversion/DoubleConversion.modulemap' '-fmodule-map-file=/Users/zevia/code/ai/sales-recorder/ios/Pods/Headers/Public/RCTDeprecation/RCTDeprecation.modulemap' '-fmodule-map-file=/Users/zevia/code/ai/sales-recorder/ios/Pods/Headers/Public/RCTFabric/React-RCTFabric.modulemap' '-fmodule-map-file=/Users/zevia/code/ai/sales-recorder/ios/Pods/Headers/Public/RCTImage/React-RCTImage.modulemap' '-fmodule-map-file=/Users/zevia/code/ai/sales-recorder/ios/Pods/Headers/Public/RCTRuntime/React-RCTRuntime.modulemap' '-fmodule-map-file=/Users/zevia/code/ai/sales-recorder/ios/Pods/Headers/Public/RCTTypeSafety/RCTTypeSafety.modulemap' '-fmodule-map-file=/Users/zevia/code/ai/sales-recorder/ios/Pods/Headers/Public/React/React-Core.modulemap' '-fmodule-map-file=/Users/zevia/code/ai/sales-recorder/ios/Pods/Headers/Public/ReactAppDependencyProvider/ReactAppDependencyProvider.modulemap' '-fmodule-map-file=/Users/zevia/code/ai/sales-recorder/ios/Pods/Headers/Public/ReactCodegen/ReactCodegen.modulemap' '-fmodule-map-file=/Users/zevia/code/ai/sales-recorder/ios/Pods/Headers/Public/ReactCommon/ReactCommon.modulemap' '-fmodule-map-file=/Users/zevia/code/ai/sales-recorder/ios/Pods/Headers/Public/React_Fabric/React-Fabric.modulemap' '-fmodule-map-file=/Users/zevia/code/ai/sales-recorder/ios/Pods/Headers/Public/React_FabricComponents/React-FabricComponents.modulemap' '-fmodule-map-file=/Users/zevia/code/ai/sales-recorder/ios/Pods/Headers/Public/React_NativeModulesApple/React-NativeModulesApple.modulemap' '-fmodule-map-file=/Users/zevia/code/ai/sales-recorder/ios/Pods/Headers/Public/React_RCTAppDelegate/React-RCTAppDelegate.modulemap' '-fmodule-map-file=/Users/zevia/code/ai/sales-recorder/ios/Pods/Headers/Public/React_runtimeexecutor/React-runtimeexecutor.modulemap' '-fmodule-map-file=/Users/zevia/code/ai/sales-recorder/ios/Pods/Headers/Public/SocketRocket/SocketRocket.modulemap' '-fmodule-map-file=/Users/zevia/code/ai/sales-recorder/ios/Pods/Headers/Public/fmt/fmt.modulemap' '-fmodule-map-file=/Users/zevia/code/ai/sales-recorder/ios/Pods/Headers/Public/folly/RCT-Folly.modulemap' '-fmodule-map-file=/Users/zevia/code/ai/sales-recorder/ios/Pods/Headers/Public/glog/glog.modulemap' '-fmodule-map-file=/Users/zevia/code/ai/sales-recorder/ios/Pods/Headers/Public/jsi/React-jsi.modulemap' '-fmodule-map-file=/Users/zevia/code/ai/sales-recorder/ios/Pods/Headers/Public/jsinspector_modern/React-jsinspector.modulemap' '-fmodule-map-file=/Users/zevia/code/ai/sales-recorder/ios/Pods/Headers/Public/jsinspector_modern_cdp/React-jsinspectorcdp.modulemap' '-fmodule-map-file=/Users/zevia/code/ai/sales-recorder/ios/Pods/Headers/Public/jsinspector_modern_network/React-jsinspectornetwork.modulemap' '-fmodule-map-file=/Users/zevia/code/ai/sales-recorder/ios/Pods/Headers/Public/jsinspector_modern_tracing/React-jsinspectortracing.modulemap' '-fmodule-map-file=/Users/zevia/code/ai/sales-recorder/ios/Pods/Headers/Public/react_debug/React-debug.modulemap' '-fmodule-map-file=/Users/zevia/code/ai/sales-recorder/ios/Pods/Headers/Public/react_featureflags/React-featureflags.modulemap' '-fmodule-map-file=/Users/zevia/code/ai/sales-recorder/ios/Pods/Headers/Public/react_nativemodule_defaults/React-defaultsnativemodule.modulemap' '-fmodule-map-file=/Users/zevia/code/ai/sales-recorder/ios/Pods/Headers/Public/react_nativemodule_dom/React-domnativemodule.modulemap' '-fmodule-map-file=/Users/zevia/code/ai/sales-recorder/ios/Pods/Headers/Public/react_nativemodule_featureflags/React-featureflagsnativemodule.modulemap' '-fmodule-map-file=/Users/zevia/code/ai/sales-recorder/ios/Pods/Headers/Public/react_nativemodule_idlecallbacks/React-idlecallbacksnativemodule.modulemap' '-fmodule-map-file=/Users/zevia/code/ai/sales-recorder/ios/Pods/Headers/Public/react_nativemodule_microtasks/React-microtasksnativemodule.modulemap' '-fmodule-map-file=/Users/zevia/code/ai/sales-recorder/ios/Pods/Headers/Public/react_renderer_css/React-renderercss.modulemap' '-fmodule-map-file=/Users/zevia/code/ai/sales-recorder/ios/Pods/Headers/Public/react_renderer_debug/React-rendererdebug.modulemap' '-fmodule-map-file=/Users/zevia/code/ai/sales-recorder/ios/Pods/Headers/Public/react_renderer_graphics/React-graphics.modulemap' '-fmodule-map-file=/Users/zevia/code/ai/sales-recorder/ios/Pods/Headers/Public/react_renderer_imagemanager/React-ImageManager.modulemap' '-fmodule-map-file=/Users/zevia/code/ai/sales-recorder/ios/Pods/Headers/Public/react_runtime/React-jsitooling.modulemap' '-fmodule-map-file=/Users/zevia/code/ai/sales-recorder/ios/Pods/Headers/Public/react_utils/React-utils.modulemap' '-fmodule-map-file=/Users/zevia/code/ai/sales-recorder/ios/Pods/Headers/Public/reacthermes/React-hermes.modulemap' '-fmodule-map-file=/Users/zevia/code/ai/sales-recorder/ios/Pods/Headers/Public/yoga/Yoga.modulemap' '-DREACT_NATIVE_TARGET_VERSION=81' -DUSE_HERMES -DNDEBUG -DNDEBUG

MkDir /Users/zevia/code/ai/sales-recorder/ios/build/Build/Products/Release-iphonesimulator/expo-dev-menu/EXDevMenu.bundle (in target 'expo-dev-menu-EXDevMenu' from project 'Pods')
    cd /Users/zevia/code/ai/sales-recorder/ios/Pods
    /bin/mkdir -p /Users/zevia/code/ai/sales-recorder/ios/build/Build/Products/Release-iphonesimulator/expo-dev-menu/EXDevMenu.bundle

MkDir /Users/zevia/code/ai/sales-recorder/ios/build/Build/Products/Release-iphonesimulator/expo-dev-launcher/EXDevLauncher.bundle (in target 'expo-dev-launcher-EXDevLauncher' from project 'Pods')
    cd /Users/zevia/code/ai/sales-recorder/ios/Pods
    /bin/mkdir -p /Users/zevia/code/ai/sales-recorder/ios/build/Build/Products/Release-iphonesimulator/expo-dev-launcher/EXDevLauncher.bundle

WriteAuxiliaryFile /Users/zevia/code/ai/sales-recorder/ios/build/Build/Intermediates.noindex/Pods.build/Release-iphonesimulator/boost-boost_privacy.build/boost_privacy.DependencyStaticMetadataFileList (in target 'boost-boost_privacy' from project 'Pods')
    cd /Users/zevia/code/ai/sales-recorder/ios/Pods
    write-file /Users/zevia/code/ai/sales-recorder/ios/build/Build/Intermediates.noindex/Pods.build/Release-iphonesimulator/boost-boost_privacy.build/boost_privacy.DependencyStaticMetadataFileList

WriteAuxiliaryFile /Users/zevia/code/ai/sales-recorder/ios/build/Build/Intermediates.noindex/Pods.build/Release-iphonesimulator/boost-boost_privacy.build/boost_privacy.hmap (in target 'boost-boost_privacy' from project 'Pods')
    cd /Users/zevia/code/ai/sales-recorder/ios/Pods
    write-file /Users/zevia/code/ai/sales-recorder/ios/build/Build/Intermediates.noindex/Pods.build/Release-iphonesimulator/boost-boost_privacy.build/boost_privacy.hmap

WriteAuxiliaryFile /Users/zevia/code/ai/sales-recorder/ios/build/Build/Intermediates.noindex/Pods.build/Release-iphonesimulator/boost-boost_privacy.build/boost_privacy.DependencyMetadataFileList (in target 'boost-boost_privacy' from project 'Pods')
    cd /Users/zevia/code/ai/sales-recorder/ios/Pods
    write-file /Users/zevia/code/ai/sales-recorder/ios/build/Build/Intermediates.noindex/Pods.build/Release-iphonesimulator/boost-boost_privacy.build/boost_privacy.DependencyMetadataFileList

WriteAuxiliaryFile /Users/zevia/code/ai/sales-recorder/ios/build/Build/Intermediates.noindex/Pods.build/Release-iphonesimulator/boost-boost_privacy.build/boost_privacy-project-headers.hmap (in target 'boost-boost_privacy' from project 'Pods')
    cd /Users/zevia/code/ai/sales-recorder/ios/Pods
    write-file /Users/zevia/code/ai/sales-recorder/ios/build/Build/Intermediates.noindex/Pods.build/Release-iphonesimulator/boost-boost_privacy.build/boost_privacy-project-headers.hmap

WriteAuxiliaryFile /Users/zevia/code/ai/sales-recorder/ios/build/Build/Intermediates.noindex/Pods.build/Release-iphonesimulator/boost-boost_privacy.build/boost_privacy-own-target-headers.hmap (in target 'boost-boost_privacy' from project 'Pods')
    cd /Users/zevia/code/ai/sales-recorder/ios/Pods
    write-file /Users/zevia/code/ai/sales-recorder/ios/build/Build/Intermediates.noindex/Pods.build/Release-iphonesimulator/boost-boost_privacy.build/boost_privacy-own-target-headers.hmap

WriteAuxiliaryFile /Users/zevia/code/ai/sales-recorder/ios/build/Build/Intermediates.noindex/Pods.build/Release-iphonesimulator/boost-boost_privacy.build/boost_privacy-generated-files.hmap (in target 'boost-boost_privacy' from project 'Pods')
    cd /Users/zevia/code/ai/sales-recorder/ios/Pods
    write-file /Users/zevia/code/ai/sales-recorder/ios/build/Build/Intermediates.noindex/Pods.build/Release-iphonesimulator/boost-boost_privacy.build/boost_privacy-generated-files.hmap

WriteAuxiliaryFile /Users/zevia/code/ai/sales-recorder/ios/build/Build/Intermediates.noindex/Pods.build/Release-iphonesimulator/boost-boost_privacy.build/boost_privacy-all-target-headers.hmap (in target 'boost-boost_privacy' from project 'Pods')
    cd /Users/zevia/code/ai/sales-recorder/ios/Pods
    write-file /Users/zevia/code/ai/sales-recorder/ios/build/Build/Intermediates.noindex/Pods.build/Release-iphonesimulator/boost-boost_privacy.build/boost_privacy-all-target-headers.hmap

WriteAuxiliaryFile /Users/zevia/code/ai/sales-recorder/ios/build/Build/Intermediates.noindex/Pods.build/Release-iphonesimulator/boost-boost_privacy.build/boost_privacy-all-non-framework-target-headers.hmap (in target 'boost-boost_privacy' from project 'Pods')
    cd /Users/zevia/code/ai/sales-recorder/ios/Pods
    write-file /Users/zevia/code/ai/sales-recorder/ios/build/Build/Intermediates.noindex/Pods.build/Release-iphonesimulator/boost-boost_privacy.build/boost_privacy-all-non-framework-target-headers.hmap

WriteAuxiliaryFile /Users/zevia/code/ai/sales-recorder/ios/build/Build/Intermediates.noindex/Pods.build/Release-iphonesimulator/Yoga.build/Yoga.hmap (in target 'Yoga' from project 'Pods')
    cd /Users/zevia/code/ai/sales-recorder/ios/Pods
    write-file /Users/zevia/code/ai/sales-recorder/ios/build/Build/Intermediates.noindex/Pods.build/Release-iphonesimulator/Yoga.build/Yoga.hmap

WriteAuxiliaryFile /Users/zevia/code/ai/sales-recorder/ios/build/Build/Intermediates.noindex/Pods.build/Release-iphonesimulator/Yoga.build/Yoga.DependencyStaticMetadataFileList (in target 'Yoga' from project 'Pods')
    cd /Users/zevia/code/ai/sales-recorder/ios/Pods
    write-file /Users/zevia/code/ai/sales-recorder/ios/build/Build/Intermediates.noindex/Pods.build/Release-iphonesimulator/Yoga.build/Yoga.DependencyStaticMetadataFileList

WriteAuxiliaryFile /Users/zevia/code/ai/sales-recorder/ios/build/Build/Intermediates.noindex/Pods.build/Release-iphonesimulator/Yoga.build/Yoga.DependencyMetadataFileList (in target 'Yoga' from project 'Pods')
    cd /Users/zevia/code/ai/sales-recorder/ios/Pods
    write-file /Users/zevia/code/ai/sales-recorder/ios/build/Build/Intermediates.noindex/Pods.build/Release-iphonesimulator/Yoga.build/Yoga.DependencyMetadataFileList

WriteAuxiliaryFile /Users/zevia/code/ai/sales-recorder/ios/build/Build/Intermediates.noindex/Pods.build/Release-iphonesimulator/Yoga.build/Yoga-project-headers.hmap (in target 'Yoga' from project 'Pods')
    cd /Users/zevia/code/ai/sales-recorder/ios/Pods
    write-file /Users/zevia/code/ai/sales-recorder/ios/build/Build/Intermediates.noindex/Pods.build/Release-iphonesimulator/Yoga.build/Yoga-project-headers.hmap

WriteAuxiliaryFile /Users/zevia/code/ai/sales-recorder/ios/build/Build/Intermediates.noindex/Pods.build/Release-iphonesimulator/Yoga.build/Yoga-own-target-headers.hmap (in target 'Yoga' from project 'Pods')
    cd /Users/zevia/code/ai/sales-recorder/ios/Pods
    write-file /Users/zevia/code/ai/sales-recorder/ios/build/Build/Intermediates.noindex/Pods.build/Release-iphonesimulator/Yoga.build/Yoga-own-target-headers.hmap

WriteAuxiliaryFile /Users/zevia/code/ai/sales-recorder/ios/build/Build/Intermediates.noindex/Pods.build/Release-iphonesimulator/Yoga.build/Yoga-generated-files.hmap (in target 'Yoga' from project 'Pods')
    cd /Users/zevia/code/ai/sales-recorder/ios/Pods
    write-file /Users/zevia/code/ai/sales-recorder/ios/build/Build/Intermediates.noindex/Pods.build/Release-iphonesimulator/Yoga.build/Yoga-generated-files.hmap

WriteAuxiliaryFile /Users/zevia/code/ai/sales-recorder/ios/build/Build/Intermediates.noindex/Pods.build/Release-iphonesimulator/Yoga.build/Yoga-all-target-headers.hmap (in target 'Yoga' from project 'Pods')
    cd /Users/zevia/code/ai/sales-recorder/ios/Pods
    write-file /Users/zevia/code/ai/sales-recorder/ios/build/Build/Intermediates.noindex/Pods.build/Release-iphonesimulator/Yoga.build/Yoga-all-target-headers.hmap

WriteAuxiliaryFile /Users/zevia/code/ai/sales-recorder/ios/build/Build/Intermediates.noindex/Pods.build/Release-iphonesimulator/Yoga.build/Yoga-all-non-framework-target-headers.hmap (in target 'Yoga' from project 'Pods')
    cd /Users/zevia/code/ai/sales-recorder/ios/Pods
    write-file /Users/zevia/code/ai/sales-recorder/ios/build/Build/Intermediates.noindex/Pods.build/Release-iphonesimulator/Yoga.build/Yoga-all-non-framework-target-headers.hmap

WriteAuxiliaryFile /Users/zevia/code/ai/sales-recorder/ios/build/Build/Intermediates.noindex/Pods.build/Release-iphonesimulator/Yoga.build/Objects-normal/x86_64/e6072d4f65d7061329687fe24e3d63a7-common-args.resp (in target 'Yoga' from project 'Pods')
    cd /Users/zevia/code/ai/sales-recorder/ios/Pods
    write-file /Users/zevia/code/ai/sales-recorder/ios/build/Build/Intermediates.noindex/Pods.build/Release-iphonesimulator/Yoga.build/Objects-normal/x86_64/e6072d4f65d7061329687fe24e3d63a7-common-args.resp
-target x86_64-apple-ios15.1-simulator '-std=gnu11' -fobjc-arc -fmodules '-fmodules-cache-path=/Users/zevia/code/ai/sales-recorder/ios/build/ModuleCache.noindex' '-fmodule-name=yoga' -fpascal-strings -Os -fno-common '-DPOD_CONFIGURATION_RELEASE=1' '-DCOCOAPODS=1' '-DNS_BLOCK_ASSERTIONS=1' '-DOBJC_OLD_DISPATCH_PROTOTYPES=0' -isysroot /Applications/Xcode.app/Contents/Developer/Platforms/iPhoneSimulator.platform/Developer/SDKs/iPhoneSimulator26.2.sdk -fasm-blocks -g '-fobjc-abi-version=2' -fobjc-legacy-dispatch -iquote /Users/zevia/code/ai/sales-recorder/ios/build/Build/Intermediates.noindex/Pods.build/Release-iphonesimulator/Yoga.build/Yoga-generated-files.hmap -I/Users/zevia/code/ai/sales-recorder/ios/build/Build/Intermediates.noindex/Pods.build/Release-iphonesimulator/Yoga.build/Yoga-own-target-headers.hmap -I/Users/zevia/code/ai/sales-recorder/ios/build/Build/Intermediates.noindex/Pods.build/Release-iphonesimulator/Yoga.build/Yoga-all-non-framework-target-headers.hmap -ivfsoverlay /Users/zevia/code/ai/sales-recorder/ios/build/Build/Intermediates.noindex/Pods.build/Release-iphonesimulator/Pods-8699adb1dd336b26511df848a716bd42-VFS-iphonesimulator/all-product-headers.yaml -iquote /Users/zevia/code/ai/sales-recorder/ios/build/Build/Intermediates.noindex/Pods.build/Release-iphonesimulator/Yoga.build/Yoga-project-headers.hmap -I/Users/zevia/code/ai/sales-recorder/ios/build/Build/Products/Release-iphonesimulator/Yoga/include -I/Users/zevia/code/ai/sales-recorder/ios/Pods/Headers/Private -I/Users/zevia/code/ai/sales-recorder/ios/Pods/Headers/Private/Yoga -I/Users/zevia/code/ai/sales-recorder/ios/Pods/Headers/Public -I/Users/zevia/code/ai/sales-recorder/ios/Pods/Headers/Public/Yoga -I/Users/zevia/code/ai/sales-recorder/ios/build/Build/Intermediates.noindex/Pods.build/Release-iphonesimulator/Yoga.build/DerivedSources-normal/x86_64 -I/Users/zevia/code/ai/sales-recorder/ios/build/Build/Intermediates.noindex/Pods.build/Release-iphonesimulator/Yoga.build/DerivedSources/x86_64 -I/Users/zevia/code/ai/sales-recorder/ios/build/Build/Intermediates.noindex/Pods.build/Release-iphonesimulator/Yoga.build/DerivedSources -F/Users/zevia/code/ai/sales-recorder/ios/build/Build/Products/Release-iphonesimulator/Yoga -DNDEBUG

WriteAuxiliaryFile /Users/zevia/code/ai/sales-recorder/ios/build/Build/Intermediates.noindex/Pods.build/Release-iphonesimulator/Yoga.build/Objects-normal/x86_64/Yoga.LinkFileList (in target 'Yoga' from project 'Pods')
    cd /Users/zevia/code/ai/sales-recorder/ios/Pods
    write-file /Users/zevia/code/ai/sales-recorder/ios/build/Build/Intermediates.noindex/Pods.build/Release-iphonesimulator/Yoga.build/Objects-normal/x86_64/Yoga.LinkFileList

WriteAuxiliaryFile /Users/zevia/code/ai/sales-recorder/ios/build/Build/Intermediates.noindex/Pods.build/Release-iphonesimulator/Yoga.build/Objects-normal/x86_64/82b82416624d2658e5098eb0a28c15c5-common-args.resp (in target 'Yoga' from project 'Pods')
    cd /Users/zevia/code/ai/sales-recorder/ios/Pods
    write-file /Users/zevia/code/ai/sales-recorder/ios/build/Build/Intermediates.noindex/Pods.build/Release-iphonesimulator/Yoga.build/Objects-normal/x86_64/82b82416624d2658e5098eb0a28c15c5-common-args.resp
-target x86_64-apple-ios15.1-simulator '-std=c++20' '-stdlib=libc++' -fmodules -fno-cxx-modules '-fmodules-cache-path=/Users/zevia/code/ai/sales-recorder/ios/build/ModuleCache.noindex' '-fmodule-name=yoga' -fpascal-strings -Os -fno-common '-DPOD_CONFIGURATION_RELEASE=1' '-DCOCOAPODS=1' -isysroot /Applications/Xcode.app/Contents/Developer/Platforms/iPhoneSimulator.platform/Developer/SDKs/iPhoneSimulator26.2.sdk -fasm-blocks -g -iquote /Users/zevia/code/ai/sales-recorder/ios/build/Build/Intermediates.noindex/Pods.build/Release-iphonesimulator/Yoga.build/Yoga-generated-files.hmap -I/Users/zevia/code/ai/sales-recorder/ios/build/Build/Intermediates.noindex/Pods.build/Release-iphonesimulator/Yoga.build/Yoga-own-target-headers.hmap -I/Users/zevia/code/ai/sales-recorder/ios/build/Build/Intermediates.noindex/Pods.build/Release-iphonesimulator/Yoga.build/Yoga-all-non-framework-target-headers.hmap -ivfsoverlay /Users/zevia/code/ai/sales-recorder/ios/build/Build/Intermediates.noindex/Pods.build/Release-iphonesimulator/Pods-8699adb1dd336b26511df848a716bd42-VFS-iphonesimulator/all-product-headers.yaml -iquote /Users/zevia/code/ai/sales-recorder/ios/build/Build/Intermediates.noindex/Pods.build/Release-iphonesimulator/Yoga.build/Yoga-project-headers.hmap -I/Users/zevia/code/ai/sales-recorder/ios/build/Build/Products/Release-iphonesimulator/Yoga/include -I/Users/zevia/code/ai/sales-recorder/ios/Pods/Headers/Private -I/Users/zevia/code/ai/sales-recorder/ios/Pods/Headers/Private/Yoga -I/Users/zevia/code/ai/sales-recorder/ios/Pods/Headers/Public -I/Users/zevia/code/ai/sales-recorder/ios/Pods/Headers/Public/Yoga -I/Users/zevia/code/ai/sales-recorder/ios/build/Build/Intermediates.noindex/Pods.build/Release-iphonesimulator/Yoga.build/DerivedSources-normal/x86_64 -I/Users/zevia/code/ai/sales-recorder/ios/build/Build/Intermediates.noindex/Pods.build/Release-iphonesimulator/Yoga.build/DerivedSources/x86_64 -I/Users/zevia/code/ai/sales-recorder/ios/build/Build/Intermediates.noindex/Pods.build/Release-iphonesimulator/Yoga.build/DerivedSources -F/Users/zevia/code/ai/sales-recorder/ios/build/Build/Products/Release-iphonesimulator/Yoga -DNDEBUG -DNDEBUG

WriteAuxiliaryFile /Users/zevia/code/ai/sales-recorder/ios/build/Build/Intermediates.noindex/Pods.build/Release-iphonesimulator/Yoga.build/Objects-normal/arm64/e6072d4f65d7061329687fe24e3d63a7-common-args.resp (in target 'Yoga' from project 'Pods')
    cd /Users/zevia/code/ai/sales-recorder/ios/Pods
    write-file /Users/zevia/code/ai/sales-recorder/ios/build/Build/Intermediates.noindex/Pods.build/Release-iphonesimulator/Yoga.build/Objects-normal/arm64/e6072d4f65d7061329687fe24e3d63a7-common-args.resp
-target arm64-apple-ios15.1-simulator '-std=gnu11' -fobjc-arc -fmodules '-fmodules-cache-path=/Users/zevia/code/ai/sales-recorder/ios/build/ModuleCache.noindex' '-fmodule-name=yoga' -fpascal-strings -Os -fno-common '-DPOD_CONFIGURATION_RELEASE=1' '-DCOCOAPODS=1' '-DNS_BLOCK_ASSERTIONS=1' '-DOBJC_OLD_DISPATCH_PROTOTYPES=0' -isysroot /Applications/Xcode.app/Contents/Developer/Platforms/iPhoneSimulator.platform/Developer/SDKs/iPhoneSimulator26.2.sdk -g '-fobjc-abi-version=2' -fobjc-legacy-dispatch -iquote /Users/zevia/code/ai/sales-recorder/ios/build/Build/Intermediates.noindex/Pods.build/Release-iphonesimulator/Yoga.build/Yoga-generated-files.hmap -I/Users/zevia/code/ai/sales-recorder/ios/build/Build/Intermediates.noindex/Pods.build/Release-iphonesimulator/Yoga.build/Yoga-own-target-headers.hmap -I/Users/zevia/code/ai/sales-recorder/ios/build/Build/Intermediates.noindex/Pods.build/Release-iphonesimulator/Yoga.build/Yoga-all-non-framework-target-headers.hmap -ivfsoverlay /Users/zevia/code/ai/sales-recorder/ios/build/Build/Intermediates.noindex/Pods.build/Release-iphonesimulator/Pods-8699adb1dd336b26511df848a716bd42-VFS-iphonesimulator/all-product-headers.yaml -iquote /Users/zevia/code/ai/sales-recorder/ios/build/Build/Intermediates.noindex/Pods.build/Release-iphonesimulator/Yoga.build/Yoga-project-headers.hmap -I/Users/zevia/code/ai/sales-recorder/ios/build/Build/Products/Release-iphonesimulator/Yoga/include -I/Users/zevia/code/ai/sales-recorder/ios/Pods/Headers/Private -I/Users/zevia/code/ai/sales-recorder/ios/Pods/Headers/Private/Yoga -I/Users/zevia/code/ai/sales-recorder/ios/Pods/Headers/Public -I/Users/zevia/code/ai/sales-recorder/ios/Pods/Headers/Public/Yoga -I/Users/zevia/code/ai/sales-recorder/ios/build/Build/Intermediates.noindex/Pods.build/Release-iphonesimulator/Yoga.build/DerivedSources-normal/arm64 -I/Users/zevia/code/ai/sales-recorder/ios/build/Build/Intermediates.noindex/Pods.build/Release-iphonesimulator/Yoga.build/DerivedSources/arm64 -I/Users/zevia/code/ai/sales-recorder/ios/build/Build/Intermediates.noindex/Pods.build/Release-iphonesimulator/Yoga.build/DerivedSources -F/Users/zevia/code/ai/sales-recorder/ios/build/Build/Products/Release-iphonesimulator/Yoga -DNDEBUG

WriteAuxiliaryFile /Users/zevia/code/ai/sales-recorder/ios/build/Build/Intermediates.noindex/Pods.build/Release-iphonesimulator/Yoga.build/Objects-normal/arm64/Yoga.LinkFileList (in target 'Yoga' from project 'Pods')
    cd /Users/zevia/code/ai/sales-recorder/ios/Pods
    write-file /Users/zevia/code/ai/sales-recorder/ios/build/Build/Intermediates.noindex/Pods.build/Release-iphonesimulator/Yoga.build/Objects-normal/arm64/Yoga.LinkFileList

WriteAuxiliaryFile /Users/zevia/code/ai/sales-recorder/ios/build/Build/Intermediates.noindex/Pods.build/Release-iphonesimulator/Yoga.build/Objects-normal/arm64/82b82416624d2658e5098eb0a28c15c5-common-args.resp (in target 'Yoga' from project 'Pods')
    cd /Users/zevia/code/ai/sales-recorder/ios/Pods
    write-file /Users/zevia/code/ai/sales-recorder/ios/build/Build/Intermediates.noindex/Pods.build/Release-iphonesimulator/Yoga.build/Objects-normal/arm64/82b82416624d2658e5098eb0a28c15c5-common-args.resp
-target arm64-apple-ios15.1-simulator '-std=c++20' '-stdlib=libc++' -fmodules -fno-cxx-modules '-fmodules-cache-path=/Users/zevia/code/ai/sales-recorder/ios/build/ModuleCache.noindex' '-fmodule-name=yoga' -fpascal-strings -Os -fno-common '-DPOD_CONFIGURATION_RELEASE=1' '-DCOCOAPODS=1' -isysroot /Applications/Xcode.app/Contents/Developer/Platforms/iPhoneSimulator.platform/Developer/SDKs/iPhoneSimulator26.2.sdk -g -iquote /Users/zevia/code/ai/sales-recorder/ios/build/Build/Intermediates.noindex/Pods.build/Release-iphonesimulator/Yoga.build/Yoga-generated-files.hmap -I/Users/zevia/code/ai/sales-recorder/ios/build/Build/Intermediates.noindex/Pods.build/Release-iphonesimulator/Yoga.build/Yoga-own-target-headers.hmap -I/Users/zevia/code/ai/sales-recorder/ios/build/Build/Intermediates.noindex/Pods.build/Release-iphonesimulator/Yoga.build/Yoga-all-non-framework-target-headers.hmap -ivfsoverlay /Users/zevia/code/ai/sales-recorder/ios/build/Build/Intermediates.noindex/Pods.build/Release-iphonesimulator/Pods-8699adb1dd336b26511df848a716bd42-VFS-iphonesimulator/all-product-headers.yaml -iquote /Users/zevia/code/ai/sales-recorder/ios/build/Build/Intermediates.noindex/Pods.build/Release-iphonesimulator/Yoga.build/Yoga-project-headers.hmap -I/Users/zevia/code/ai/sales-recorder/ios/build/Build/Products/Release-iphonesimulator/Yoga/include -I/Users/zevia/code/ai/sales-recorder/ios/Pods/Headers/Private -I/Users/zevia/code/ai/sales-recorder/ios/Pods/Headers/Private/Yoga -I/Users/zevia/code/ai/sales-recorder/ios/Pods/Headers/Public -I/Users/zevia/code/ai/sales-recorder/ios/Pods/Headers/Public/Yoga -I/Users/zevia/code/ai/sales-recorder/ios/build/Build/Intermediates.noindex/Pods.build/Release-iphonesimulator/Yoga.build/DerivedSources-normal/arm64 -I/Users/zevia/code/ai/sales-recorder/ios/build/Build/Intermediates.noindex/Pods.build/Release-iphonesimulator/Yoga.build/DerivedSources/arm64 -I/Users/zevia/code/ai/sales-recorder/ios/build/Build/Intermediates.noindex/Pods.build/Release-iphonesimulator/Yoga.build/DerivedSources -F/Users/zevia/code/ai/sales-recorder/ios/build/Build/Products/Release-iphonesimulator/Yoga -DNDEBUG -DNDEBUG

WriteAuxiliaryFile /Users/zevia/code/ai/sales-recorder/ios/build/Build/Intermediates.noindex/Pods.build/Release-iphonesimulator/SocketRocket.build/SocketRocket.hmap (in target 'SocketRocket' from project 'Pods')
    cd /Users/zevia/code/ai/sales-recorder/ios/Pods
    write-file /Users/zevia/code/ai/sales-recorder/ios/build/Build/Intermediates.noindex/Pods.build/Release-iphonesimulator/SocketRocket.build/SocketRocket.hmap

WriteAuxiliaryFile /Users/zevia/code/ai/sales-recorder/ios/build/Build/Intermediates.noindex/Pods.build/Release-iphonesimulator/SocketRocket.build/SocketRocket.DependencyStaticMetadataFileList (in target 'SocketRocket' from project 'Pods')
    cd /Users/zevia/code/ai/sales-recorder/ios/Pods
    write-file /Users/zevia/code/ai/sales-recorder/ios/build/Build/Intermediates.noindex/Pods.build/Release-iphonesimulator/SocketRocket.build/SocketRocket.DependencyStaticMetadataFileList

WriteAuxiliaryFile /Users/zevia/code/ai/sales-recorder/ios/build/Build/Intermediates.noindex/Pods.build/Release-iphonesimulator/SocketRocket.build/SocketRocket.DependencyMetadataFileList (in target 'SocketRocket' from project 'Pods')
    cd /Users/zevia/code/ai/sales-recorder/ios/Pods
    write-file /Users/zevia/code/ai/sales-recorder/ios/build/Build/Intermediates.noindex/Pods.build/Release-iphonesimulator/SocketRocket.build/SocketRocket.DependencyMetadataFileList

WriteAuxiliaryFile /Users/zevia/code/ai/sales-recorder/ios/build/Build/Intermediates.noindex/Pods.build/Release-iphonesimulator/SocketRocket.build/SocketRocket-project-headers.hmap (in target 'SocketRocket' from project 'Pods')
    cd /Users/zevia/code/ai/sales-recorder/ios/Pods
    write-file /Users/zevia/code/ai/sales-recorder/ios/build/Build/Intermediates.noindex/Pods.build/Release-iphonesimulator/SocketRocket.build/SocketRocket-project-headers.hmap

WriteAuxiliaryFile /Users/zevia/code/ai/sales-recorder/ios/build/Build/Intermediates.noindex/Pods.build/Release-iphonesimulator/SocketRocket.build/SocketRocket-own-target-headers.hmap (in target 'SocketRocket' from project 'Pods')
    cd /Users/zevia/code/ai/sales-recorder/ios/Pods
    write-file /Users/zevia/code/ai/sales-recorder/ios/build/Build/Intermediates.noindex/Pods.build/Release-iphonesimulator/SocketRocket.build/SocketRocket-own-target-headers.hmap

WriteAuxiliaryFile /Users/zevia/code/ai/sales-recorder/ios/build/Build/Intermediates.noindex/Pods.build/Release-iphonesimulator/SocketRocket.build/SocketRocket-generated-files.hmap (in target 'SocketRocket' from project 'Pods')
    cd /Users/zevia/code/ai/sales-recorder/ios/Pods
    write-file /Users/zevia/code/ai/sales-recorder/ios/build/Build/Intermediates.noindex/Pods.build/Release-iphonesimulator/SocketRocket.build/SocketRocket-generated-files.hmap

WriteAuxiliaryFile /Users/zevia/code/ai/sales-recorder/ios/build/Build/Intermediates.noindex/Pods.build/Release-iphonesimulator/SocketRocket.build/SocketRocket-all-target-headers.hmap (in target 'SocketRocket' from project 'Pods')
    cd /Users/zevia/code/ai/sales-recorder/ios/Pods
    write-file /Users/zevia/code/ai/sales-recorder/ios/build/Build/Intermediates.noindex/Pods.build/Release-iphonesimulator/SocketRocket.build/SocketRocket-all-target-headers.hmap

WriteAuxiliaryFile /Users/zevia/code/ai/sales-recorder/ios/build/Build/Intermediates.noindex/Pods.build/Release-iphonesimulator/SocketRocket.build/SocketRocket-all-non-framework-target-headers.hmap (in target 'SocketRocket' from project 'Pods')
    cd /Users/zevia/code/ai/sales-recorder/ios/Pods
    write-file /Users/zevia/code/ai/sales-recorder/ios/build/Build/Intermediates.noindex/Pods.build/Release-iphonesimulator/SocketRocket.build/SocketRocket-all-non-framework-target-headers.hmap

WriteAuxiliaryFile /Users/zevia/code/ai/sales-recorder/ios/build/Build/Intermediates.noindex/Pods.build/Release-iphonesimulator/SocketRocket.build/Objects-normal/x86_64/SocketRocket.LinkFileList (in target 'SocketRocket' from project 'Pods')
    cd /Users/zevia/code/ai/sales-recorder/ios/Pods
    write-file /Users/zevia/code/ai/sales-recorder/ios/build/Build/Intermediates.noindex/Pods.build/Release-iphonesimulator/SocketRocket.build/Objects-normal/x86_64/SocketRocket.LinkFileList

WriteAuxiliaryFile /Users/zevia/code/ai/sales-recorder/ios/build/Build/Intermediates.noindex/Pods.build/Release-iphonesimulator/SocketRocket.build/Objects-normal/x86_64/e6072d4f65d7061329687fe24e3d63a7-common-args.resp (in target 'SocketRocket' from project 'Pods')
    cd /Users/zevia/code/ai/sales-recorder/ios/Pods
    write-file /Users/zevia/code/ai/sales-recorder/ios/build/Build/Intermediates.noindex/Pods.build/Release-iphonesimulator/SocketRocket.build/Objects-normal/x86_64/e6072d4f65d7061329687fe24e3d63a7-common-args.resp
-target x86_64-apple-ios15.1-simulator '-std=gnu11' -fobjc-arc -fmodules '-fmodules-cache-path=/Users/zevia/code/ai/sales-recorder/ios/build/ModuleCache.noindex' -fpascal-strings -Os -fno-common '-DPOD_CONFIGURATION_RELEASE=1' '-DCOCOAPODS=1' '-DNS_BLOCK_ASSERTIONS=1' '-DOBJC_OLD_DISPATCH_PROTOTYPES=0' -isysroot /Applications/Xcode.app/Contents/Developer/Platforms/iPhoneSimulator.platform/Developer/SDKs/iPhoneSimulator26.2.sdk -fasm-blocks -g '-fobjc-abi-version=2' -fobjc-legacy-dispatch -iquote /Users/zevia/code/ai/sales-recorder/ios/build/Build/Intermediates.noindex/Pods.build/Release-iphonesimulator/SocketRocket.build/SocketRocket-generated-files.hmap -I/Users/zevia/code/ai/sales-recorder/ios/build/Build/Intermediates.noindex/Pods.build/Release-iphonesimulator/SocketRocket.build/SocketRocket-own-target-headers.hmap -I/Users/zevia/code/ai/sales-recorder/ios/build/Build/Intermediates.noindex/Pods.build/Release-iphonesimulator/SocketRocket.build/SocketRocket-all-non-framework-target-headers.hmap -ivfsoverlay /Users/zevia/code/ai/sales-recorder/ios/build/Build/Intermediates.noindex/Pods.build/Release-iphonesimulator/Pods-8699adb1dd336b26511df848a716bd42-VFS-iphonesimulator/all-product-headers.yaml -iquote /Users/zevia/code/ai/sales-recorder/ios/build/Build/Intermediates.noindex/Pods.build/Release-iphonesimulator/SocketRocket.build/SocketRocket-project-headers.hmap -I/Users/zevia/code/ai/sales-recorder/ios/build/Build/Products/Release-iphonesimulator/SocketRocket/include -I/Users/zevia/code/ai/sales-recorder/ios/Pods/Headers/Private -I/Users/zevia/code/ai/sales-recorder/ios/Pods/Headers/Private/SocketRocket -I/Users/zevia/code/ai/sales-recorder/ios/Pods/Headers/Public -I/Users/zevia/code/ai/sales-recorder/ios/build/Build/Intermediates.noindex/Pods.build/Release-iphonesimulator/SocketRocket.build/DerivedSources-normal/x86_64 -I/Users/zevia/code/ai/sales-recorder/ios/build/Build/Intermediates.noindex/Pods.build/Release-iphonesimulator/SocketRocket.build/DerivedSources/x86_64 -I/Users/zevia/code/ai/sales-recorder/ios/build/Build/Intermediates.noindex/Pods.build/Release-iphonesimulator/SocketRocket.build/DerivedSources -F/Users/zevia/code/ai/sales-recorder/ios/build/Build/Products/Release-iphonesimulator/SocketRocket -DNDEBUG

WriteAuxiliaryFile /Users/zevia/code/ai/sales-recorder/ios/build/Build/Intermediates.noindex/Pods.build/Release-iphonesimulator/SocketRocket.build/Objects-normal/arm64/e6072d4f65d7061329687fe24e3d63a7-common-args.resp (in target 'SocketRocket' from project 'Pods')
    cd /Users/zevia/code/ai/sales-recorder/ios/Pods
    write-file /Users/zevia/code/ai/sales-recorder/ios/build/Build/Intermediates.noindex/Pods.build/Release-iphonesimulator/SocketRocket.build/Objects-normal/arm64/e6072d4f65d7061329687fe24e3d63a7-common-args.resp
-target arm64-apple-ios15.1-simulator '-std=gnu11' -fobjc-arc -fmodules '-fmodules-cache-path=/Users/zevia/code/ai/sales-recorder/ios/build/ModuleCache.noindex' -fpascal-strings -Os -fno-common '-DPOD_CONFIGURATION_RELEASE=1' '-DCOCOAPODS=1' '-DNS_BLOCK_ASSERTIONS=1' '-DOBJC_OLD_DISPATCH_PROTOTYPES=0' -isysroot /Applications/Xcode.app/Contents/Developer/Platforms/iPhoneSimulator.platform/Developer/SDKs/iPhoneSimulator26.2.sdk -g '-fobjc-abi-version=2' -fobjc-legacy-dispatch -iquote /Users/zevia/code/ai/sales-recorder/ios/build/Build/Intermediates.noindex/Pods.build/Release-iphonesimulator/SocketRocket.build/SocketRocket-generated-files.hmap -I/Users/zevia/code/ai/sales-recorder/ios/build/Build/Intermediates.noindex/Pods.build/Release-iphonesimulator/SocketRocket.build/SocketRocket-own-target-headers.hmap -I/Users/zevia/code/ai/sales-recorder/ios/build/Build/Intermediates.noindex/Pods.build/Release-iphonesimulator/SocketRocket.build/SocketRocket-all-non-framework-target-headers.hmap -ivfsoverlay /Users/zevia/code/ai/sales-recorder/ios/build/Build/Intermediates.noindex/Pods.build/Release-iphonesimulator/Pods-8699adb1dd336b26511df848a716bd42-VFS-iphonesimulator/all-product-headers.yaml -iquote /Users/zevia/code/ai/sales-recorder/ios/build/Build/Intermediates.noindex/Pods.build/Release-iphonesimulator/SocketRocket.build/SocketRocket-project-headers.hmap -I/Users/zevia/code/ai/sales-recorder/ios/build/Build/Products/Release-iphonesimulator/SocketRocket/include -I/Users/zevia/code/ai/sales-recorder/ios/Pods/Headers/Private -I/Users/zevia/code/ai/sales-recorder/ios/Pods/Headers/Private/SocketRocket -I/Users/zevia/code/ai/sales-recorder/ios/Pods/Headers/Public -I/Users/zevia/code/ai/sales-recorder/ios/build/Build/Intermediates.noindex/Pods.build/Release-iphonesimulator/SocketRocket.build/DerivedSources-normal/arm64 -I/Users/zevia/code/ai/sales-recorder/ios/build/Build/Intermediates.noindex/Pods.build/Release-iphonesimulator/SocketRocket.build/DerivedSources/arm64 -I/Users/zevia/code/ai/sales-recorder/ios/build/Build/Intermediates.noindex/Pods.build/Release-iphonesimulator/SocketRocket.build/DerivedSources -F/Users/zevia/code/ai/sales-recorder/ios/build/Build/Products/Release-iphonesimulator/SocketRocket -DNDEBUG

WriteAuxiliaryFile /Users/zevia/code/ai/sales-recorder/ios/build/Build/Intermediates.noindex/Pods.build/Release-iphonesimulator/SocketRocket.build/Objects-normal/arm64/SocketRocket.LinkFileList (in target 'SocketRocket' from project 'Pods')
    cd /Users/zevia/code/ai/sales-recorder/ios/Pods
    write-file /Users/zevia/code/ai/sales-recorder/ios/build/Build/Intermediates.noindex/Pods.build/Release-iphonesimulator/SocketRocket.build/Objects-normal/arm64/SocketRocket.LinkFileList

MkDir /Users/zevia/code/ai/sales-recorder/ios/build/Build/Products/Release-iphonesimulator/boost/boost_privacy.bundle (in target 'boost-boost_privacy' from project 'Pods')
    cd /Users/zevia/code/ai/sales-recorder/ios/Pods
    /bin/mkdir -p /Users/zevia/code/ai/sales-recorder/ios/build/Build/Products/Release-iphonesimulator/boost/boost_privacy.bundle

WriteAuxiliaryFile /Users/zevia/code/ai/sales-recorder/ios/build/Build/Intermediates.noindex/Pods.build/Release-iphonesimulator/ReactCommon.build/ReactCommon.DependencyStaticMetadataFileList (in target 'ReactCommon' from project 'Pods')
    cd /Users/zevia/code/ai/sales-recorder/ios/Pods
    write-file /Users/zevia/code/ai/sales-recorder/ios/build/Build/Intermediates.noindex/Pods.build/Release-iphonesimulator/ReactCommon.build/ReactCommon.DependencyStaticMetadataFileList

WriteAuxiliaryFile /Users/zevia/code/ai/sales-recorder/ios/build/Build/Intermediates.noindex/Pods.build/Release-iphonesimulator/ReactCommon.build/ReactCommon.hmap (in target 'ReactCommon' from project 'Pods')
    cd /Users/zevia/code/ai/sales-recorder/ios/Pods
    write-file /Users/zevia/code/ai/sales-recorder/ios/build/Build/Intermediates.noindex/Pods.build/Release-iphonesimulator/ReactCommon.build/ReactCommon.hmap

WriteAuxiliaryFile /Users/zevia/code/ai/sales-recorder/ios/build/Build/Intermediates.noindex/Pods.build/Release-iphonesimulator/ReactCommon.build/ReactCommon-project-headers.hmap (in target 'ReactCommon' from project 'Pods')
    cd /Users/zevia/code/ai/sales-recorder/ios/Pods
    write-file /Users/zevia/code/ai/sales-recorder/ios/build/Build/Intermediates.noindex/Pods.build/Release-iphonesimulator/ReactCommon.build/ReactCommon-project-headers.hmap

WriteAuxiliaryFile /Users/zevia/code/ai/sales-recorder/ios/build/Build/Intermediates.noindex/Pods.build/Release-iphonesimulator/ReactCommon.build/ReactCommon.DependencyMetadataFileList (in target 'ReactCommon' from project 'Pods')
    cd /Users/zevia/code/ai/sales-recorder/ios/Pods
    write-file /Users/zevia/code/ai/sales-recorder/ios/build/Build/Intermediates.noindex/Pods.build/Release-iphonesimulator/ReactCommon.build/ReactCommon.DependencyMetadataFileList

WriteAuxiliaryFile /Users/zevia/code/ai/sales-recorder/ios/build/Build/Intermediates.noindex/Pods.build/Release-iphonesimulator/ReactCommon.build/ReactCommon-own-target-headers.hmap (in target 'ReactCommon' from project 'Pods')
    cd /Users/zevia/code/ai/sales-recorder/ios/Pods
    write-file /Users/zevia/code/ai/sales-recorder/ios/build/Build/Intermediates.noindex/Pods.build/Release-iphonesimulator/ReactCommon.build/ReactCommon-own-target-headers.hmap

WriteAuxiliaryFile /Users/zevia/code/ai/sales-recorder/ios/build/Build/Intermediates.noindex/Pods.build/Release-iphonesimulator/ReactCommon.build/ReactCommon-generated-files.hmap (in target 'ReactCommon' from project 'Pods')
    cd /Users/zevia/code/ai/sales-recorder/ios/Pods
    write-file /Users/zevia/code/ai/sales-recorder/ios/build/Build/Intermediates.noindex/Pods.build/Release-iphonesimulator/ReactCommon.build/ReactCommon-generated-files.hmap

WriteAuxiliaryFile /Users/zevia/code/ai/sales-recorder/ios/build/Build/Intermediates.noindex/Pods.build/Release-iphonesimulator/ReactCommon.build/ReactCommon-all-target-headers.hmap (in target 'ReactCommon' from project 'Pods')
    cd /Users/zevia/code/ai/sales-recorder/ios/Pods
    write-file /Users/zevia/code/ai/sales-recorder/ios/build/Build/Intermediates.noindex/Pods.build/Release-iphonesimulator/ReactCommon.build/ReactCommon-all-target-headers.hmap

WriteAuxiliaryFile /Users/zevia/code/ai/sales-recorder/ios/build/Build/Intermediates.noindex/Pods.build/Release-iphonesimulator/ReactCommon.build/ReactCommon-all-non-framework-target-headers.hmap (in target 'ReactCommon' from project 'Pods')
    cd /Users/zevia/code/ai/sales-recorder/ios/Pods
    write-file /Users/zevia/code/ai/sales-recorder/ios/build/Build/Intermediates.noindex/Pods.build/Release-iphonesimulator/ReactCommon.build/ReactCommon-all-non-framework-target-headers.hmap

WriteAuxiliaryFile /Users/zevia/code/ai/sales-recorder/ios/build/Build/Intermediates.noindex/Pods.build/Release-iphonesimulator/ReactCommon.build/Objects-normal/x86_64/ReactCommon.LinkFileList (in target 'ReactCommon' from project 'Pods')
    cd /Users/zevia/code/ai/sales-recorder/ios/Pods
    write-file /Users/zevia/code/ai/sales-recorder/ios/build/Build/Intermediates.noindex/Pods.build/Release-iphonesimulator/ReactCommon.build/Objects-normal/x86_64/ReactCommon.LinkFileList

WriteAuxiliaryFile /Users/zevia/code/ai/sales-recorder/ios/build/Build/Intermediates.noindex/Pods.build/Release-iphonesimulator/ReactCommon.build/Objects-normal/x86_64/e6072d4f65d7061329687fe24e3d63a7-common-args.resp (in target 'ReactCommon' from project 'Pods')
    cd /Users/zevia/code/ai/sales-recorder/ios/Pods
    write-file /Users/zevia/code/ai/sales-recorder/ios/build/Build/Intermediates.noindex/Pods.build/Release-iphonesimulator/ReactCommon.build/Objects-normal/x86_64/e6072d4f65d7061329687fe24e3d63a7-common-args.resp
-target x86_64-apple-ios15.1-simulator '-std=gnu11' -fobjc-arc -fmodules '-fmodules-cache-path=/Users/zevia/code/ai/sales-recorder/ios/build/ModuleCache.noindex' '-fmodule-name=ReactCommon' -fpascal-strings -Os -fno-common -pedantic '-DPOD_CONFIGURATION_RELEASE=1' '-DCOCOAPODS=1' '-DNS_BLOCK_ASSERTIONS=1' '-DOBJC_OLD_DISPATCH_PROTOTYPES=0' -isysroot /Applications/Xcode.app/Contents/Developer/Platforms/iPhoneSimulator.platform/Developer/SDKs/iPhoneSimulator26.2.sdk -fasm-blocks -g '-fobjc-abi-version=2' -fobjc-legacy-dispatch -iquote /Users/zevia/code/ai/sales-recorder/ios/build/Build/Intermediates.noindex/Pods.build/Release-iphonesimulator/ReactCommon.build/ReactCommon-generated-files.hmap -I/Users/zevia/code/ai/sales-recorder/ios/build/Build/Intermediates.noindex/Pods.build/Release-iphonesimulator/ReactCommon.build/ReactCommon-own-target-headers.hmap -I/Users/zevia/code/ai/sales-recorder/ios/build/Build/Intermediates.noindex/Pods.build/Release-iphonesimulator/ReactCommon.build/ReactCommon-all-non-framework-target-headers.hmap -ivfsoverlay /Users/zevia/code/ai/sales-recorder/ios/build/Build/Intermediates.noindex/Pods.build/Release-iphonesimulator/Pods-8699adb1dd336b26511df848a716bd42-VFS-iphonesimulator/all-product-headers.yaml -iquote /Users/zevia/code/ai/sales-recorder/ios/build/Build/Intermediates.noindex/Pods.build/Release-iphonesimulator/ReactCommon.build/ReactCommon-project-headers.hmap -I/Users/zevia/code/ai/sales-recorder/ios/build/Build/Products/Release-iphonesimulator/ReactCommon/include -I/Users/zevia/code/ai/sales-recorder/ios/Pods/Headers/Private -I/Users/zevia/code/ai/sales-recorder/ios/Pods/Headers/Private/ReactCommon -I/Users/zevia/code/ai/sales-recorder/ios/Pods/Headers/Public -I/Users/zevia/code/ai/sales-recorder/ios/Pods/Headers/Public/DoubleConversion -I/Users/zevia/code/ai/sales-recorder/ios/Pods/Headers/Public/RCT-Folly -I/Users/zevia/code/ai/sales-recorder/ios/Pods/Headers/Public/React-callinvoker -I/Users/zevia/code/ai/sales-recorder/ios/Pods/Headers/Public/React-cxxreact -I/Users/zevia/code/ai/sales-recorder/ios/Pods/Headers/Public/React-debug -I/Users/zevia/code/ai/sales-recorder/ios/Pods/Headers/Public/React-featureflags -I/Users/zevia/code/ai/sales-recorder/ios/Pods/Headers/Public/React-jsi -I/Users/zevia/code/ai/sales-recorder/ios/Pods/Headers/Public/React-jsinspector -I/Users/zevia/code/ai/sales-recorder/ios/Pods/Headers/Public/React-jsinspectorcdp -I/Users/zevia/code/ai/sales-recorder/ios/Pods/Headers/Public/React-jsinspectornetwork -I/Users/zevia/code/ai/sales-recorder/ios/Pods/Headers/Public/React-jsinspectortracing -I/Users/zevia/code/ai/sales-recorder/ios/Pods/Headers/Public/React-logger -I/Users/zevia/code/ai/sales-recorder/ios/Pods/Headers/Public/React-oscompat -I/Users/zevia/code/ai/sales-recorder/ios/Pods/Headers/Public/React-perflogger -I/Users/zevia/code/ai/sales-recorder/ios/Pods/Headers/Public/React-performancetimeline -I/Users/zevia/code/ai/sales-recorder/ios/Pods/Headers/Public/React-runtimeexecutor -I/Users/zevia/code/ai/sales-recorder/ios/Pods/Headers/Public/React-timing -I/Users/zevia/code/ai/sales-recorder/ios/Pods/Headers/Public/React-utils -I/Users/zevia/code/ai/sales-recorder/ios/Pods/Headers/Public/ReactCommon -I/Users/zevia/code/ai/sales-recorder/ios/Pods/Headers/Public/boost -I/Users/zevia/code/ai/sales-recorder/ios/Pods/Headers/Public/fast_float -I/Users/zevia/code/ai/sales-recorder/ios/Pods/Headers/Public/fmt -I/Users/zevia/code/ai/sales-recorder/ios/Pods/Headers/Public/glog -I/Users/zevia/code/ai/sales-recorder/ios/Pods/Headers/Public/hermes-engine -I/Users/zevia/code/ai/sales-recorder/ios/Pods/Headers/Private/React-Core -I/Users/zevia/code/ai/sales-recorder/ios/Pods/glog -I/Users/zevia/code/ai/sales-recorder/ios/Pods/boost -I/Users/zevia/code/ai/sales-recorder/ios/Pods/DoubleConversion -I/Users/zevia/code/ai/sales-recorder/ios/Pods/fast_float/include -I/Users/zevia/code/ai/sales-recorder/ios/Pods/fmt/include -I/Users/zevia/code/ai/sales-recorder/ios/Pods/SocketRocket -I/Users/zevia/code/ai/sales-recorder/ios/Pods/RCT-Folly -I/Users/zevia/code/ai/sales-recorder/ios/Pods/Headers/Private/React-Core -I/Users/zevia/code/ai/sales-recorder/ios/Pods/glog -I/Users/zevia/code/ai/sales-recorder/ios/Pods/boost -I/Users/zevia/code/ai/sales-recorder/ios/Pods/DoubleConversion -I/Users/zevia/code/ai/sales-recorder/ios/Pods/fast_float/include -I/Users/zevia/code/ai/sales-recorder/ios/Pods/fmt/include -I/Users/zevia/code/ai/sales-recorder/ios/Pods/SocketRocket -I/Users/zevia/code/ai/sales-recorder/ios/Pods/RCT-Folly -I/Users/zevia/code/ai/sales-recorder/node_modules/react-native/ReactCommon/ReactCommon -I/Users/zevia/code/ai/sales-recorder/ios/Pods/Headers/Private/React-Core -I/Users/zevia/code/ai/sales-recorder/ios/Pods/glog -I/Users/zevia/code/ai/sales-recorder/ios/Pods/boost -I/Users/zevia/code/ai/sales-recorder/ios/Pods/DoubleConversion -I/Users/zevia/code/ai/sales-recorder/ios/Pods/fast_float/include -I/Users/zevia/code/ai/sales-recorder/ios/Pods/fmt/include -I/Users/zevia/code/ai/sales-recorder/ios/Pods/SocketRocket -I/Users/zevia/code/ai/sales-recorder/ios/Pods/RCT-Folly -I/Users/zevia/code/ai/sales-recorder/node_modules/react-native/ReactCommon/ReactCommon -I/Users/zevia/code/ai/sales-recorder/ios/build/Build/Products/Release-iphonesimulator/React-debug/React_debug.framework/Headers -I/Users/zevia/code/ai/sales-recorder/ios/build/Build/Products/Release-iphonesimulator/React-debug/React_featureflags.framework/Headers -I/Users/zevia/code/ai/sales-recorder/ios/build/Build/Products/Release-iphonesimulator/React-utils/React_utils.framework/Headers -I/Users/zevia/code/ai/sales-recorder/ios/build/Build/Intermediates.noindex/Pods.build/Release-iphonesimulator/ReactCommon.build/DerivedSources-normal/x86_64 -I/Users/zevia/code/ai/sales-recorder/ios/build/Build/Intermediates.noindex/Pods.build/Release-iphonesimulator/ReactCommon.build/DerivedSources/x86_64 -I/Users/zevia/code/ai/sales-recorder/ios/build/Build/Intermediates.noindex/Pods.build/Release-iphonesimulator/ReactCommon.build/DerivedSources -F/Users/zevia/code/ai/sales-recorder/ios/build/Build/Products/Release-iphonesimulator/ReactCommon -F/Users/zevia/code/ai/sales-recorder/ios/Pods/hermes-engine/destroot/Library/Frameworks/universal -F/Users/zevia/code/ai/sales-recorder/ios/build/Build/Products/Release-iphonesimulator/XCFrameworkIntermediates/hermes-engine/Pre-built '-fmodule-map-file=/Users/zevia/code/ai/sales-recorder/ios/Pods/Headers/Public/DoubleConversion/DoubleConversion.modulemap' '-fmodule-map-file=/Users/zevia/code/ai/sales-recorder/ios/Pods/Headers/Public/React_runtimeexecutor/React-runtimeexecutor.modulemap' '-fmodule-map-file=/Users/zevia/code/ai/sales-recorder/ios/Pods/Headers/Public/SocketRocket/SocketRocket.modulemap' '-fmodule-map-file=/Users/zevia/code/ai/sales-recorder/ios/Pods/Headers/Public/fmt/fmt.modulemap' '-fmodule-map-file=/Users/zevia/code/ai/sales-recorder/ios/Pods/Headers/Public/folly/RCT-Folly.modulemap' '-fmodule-map-file=/Users/zevia/code/ai/sales-recorder/ios/Pods/Headers/Public/glog/glog.modulemap' '-fmodule-map-file=/Users/zevia/code/ai/sales-recorder/ios/Pods/Headers/Public/jsi/React-jsi.modulemap' '-fmodule-map-file=/Users/zevia/code/ai/sales-recorder/ios/Pods/Headers/Public/jsinspector_modern/React-jsinspector.modulemap' '-fmodule-map-file=/Users/zevia/code/ai/sales-recorder/ios/Pods/Headers/Public/jsinspector_modern_cdp/React-jsinspectorcdp.modulemap' '-fmodule-map-file=/Users/zevia/code/ai/sales-recorder/ios/Pods/Headers/Public/jsinspector_modern_network/React-jsinspectornetwork.modulemap' '-fmodule-map-file=/Users/zevia/code/ai/sales-recorder/ios/Pods/Headers/Public/jsinspector_modern_tracing/React-jsinspectortracing.modulemap' '-fmodule-map-file=/Users/zevia/code/ai/sales-recorder/ios/Pods/Headers/Public/react_debug/React-debug.modulemap' '-fmodule-map-file=/Users/zevia/code/ai/sales-recorder/ios/Pods/Headers/Public/react_featureflags/React-featureflags.modulemap' '-fmodule-map-file=/Users/zevia/code/ai/sales-recorder/ios/Pods/Headers/Public/react_utils/React-utils.modulemap' -DNDEBUG

WriteAuxiliaryFile /Users/zevia/code/ai/sales-recorder/ios/build/Build/Intermediates.noindex/Pods.build/Release-iphonesimulator/ReactCommon.build/Objects-normal/x86_64/82b82416624d2658e5098eb0a28c15c5-common-args.resp (in target 'ReactCommon' from project 'Pods')
    cd /Users/zevia/code/ai/sales-recorder/ios/Pods
    write-file /Users/zevia/code/ai/sales-recorder/ios/build/Build/Intermediates.noindex/Pods.build/Release-iphonesimulator/ReactCommon.build/Objects-normal/x86_64/82b82416624d2658e5098eb0a28c15c5-common-args.resp
-target x86_64-apple-ios15.1-simulator '-std=c++20' '-stdlib=libc++' -fmodules -fno-cxx-modules '-fmodules-cache-path=/Users/zevia/code/ai/sales-recorder/ios/build/ModuleCache.noindex' '-fmodule-name=ReactCommon' -fpascal-strings -Os -fno-common -pedantic '-DPOD_CONFIGURATION_RELEASE=1' '-DCOCOAPODS=1' -isysroot /Applications/Xcode.app/Contents/Developer/Platforms/iPhoneSimulator.platform/Developer/SDKs/iPhoneSimulator26.2.sdk -fasm-blocks -g -iquote /Users/zevia/code/ai/sales-recorder/ios/build/Build/Intermediates.noindex/Pods.build/Release-iphonesimulator/ReactCommon.build/ReactCommon-generated-files.hmap -I/Users/zevia/code/ai/sales-recorder/ios/build/Build/Intermediates.noindex/Pods.build/Release-iphonesimulator/ReactCommon.build/ReactCommon-own-target-headers.hmap -I/Users/zevia/code/ai/sales-recorder/ios/build/Build/Intermediates.noindex/Pods.build/Release-iphonesimulator/ReactCommon.build/ReactCommon-all-non-framework-target-headers.hmap -ivfsoverlay /Users/zevia/code/ai/sales-recorder/ios/build/Build/Intermediates.noindex/Pods.build/Release-iphonesimulator/Pods-8699adb1dd336b26511df848a716bd42-VFS-iphonesimulator/all-product-headers.yaml -iquote /Users/zevia/code/ai/sales-recorder/ios/build/Build/Intermediates.noindex/Pods.build/Release-iphonesimulator/ReactCommon.build/ReactCommon-project-headers.hmap -I/Users/zevia/code/ai/sales-recorder/ios/build/Build/Products/Release-iphonesimulator/ReactCommon/include -I/Users/zevia/code/ai/sales-recorder/ios/Pods/Headers/Private -I/Users/zevia/code/ai/sales-recorder/ios/Pods/Headers/Private/ReactCommon -I/Users/zevia/code/ai/sales-recorder/ios/Pods/Headers/Public -I/Users/zevia/code/ai/sales-recorder/ios/Pods/Headers/Public/DoubleConversion -I/Users/zevia/code/ai/sales-recorder/ios/Pods/Headers/Public/RCT-Folly -I/Users/zevia/code/ai/sales-recorder/ios/Pods/Headers/Public/React-callinvoker -I/Users/zevia/code/ai/sales-recorder/ios/Pods/Headers/Public/React-cxxreact -I/Users/zevia/code/ai/sales-recorder/ios/Pods/Headers/Public/React-debug -I/Users/zevia/code/ai/sales-recorder/ios/Pods/Headers/Public/React-featureflags -I/Users/zevia/code/ai/sales-recorder/ios/Pods/Headers/Public/React-jsi -I/Users/zevia/code/ai/sales-recorder/ios/Pods/Headers/Public/React-jsinspector -I/Users/zevia/code/ai/sales-recorder/ios/Pods/Headers/Public/React-jsinspectorcdp -I/Users/zevia/code/ai/sales-recorder/ios/Pods/Headers/Public/React-jsinspectornetwork -I/Users/zevia/code/ai/sales-recorder/ios/Pods/Headers/Public/React-jsinspectortracing -I/Users/zevia/code/ai/sales-recorder/ios/Pods/Headers/Public/React-logger -I/Users/zevia/code/ai/sales-recorder/ios/Pods/Headers/Public/React-oscompat -I/Users/zevia/code/ai/sales-recorder/ios/Pods/Headers/Public/React-perflogger -I/Users/zevia/code/ai/sales-recorder/ios/Pods/Headers/Public/React-performancetimeline -I/Users/zevia/code/ai/sales-recorder/ios/Pods/Headers/Public/React-runtimeexecutor -I/Users/zevia/code/ai/sales-recorder/ios/Pods/Headers/Public/React-timing -I/Users/zevia/code/ai/sales-recorder/ios/Pods/Headers/Public/React-utils -I/Users/zevia/code/ai/sales-recorder/ios/Pods/Headers/Public/ReactCommon -I/Users/zevia/code/ai/sales-recorder/ios/Pods/Headers/Public/boost -I/Users/zevia/code/ai/sales-recorder/ios/Pods/Headers/Public/fast_float -I/Users/zevia/code/ai/sales-recorder/ios/Pods/Headers/Public/fmt -I/Users/zevia/code/ai/sales-recorder/ios/Pods/Headers/Public/glog -I/Users/zevia/code/ai/sales-recorder/ios/Pods/Headers/Public/hermes-engine -I/Users/zevia/code/ai/sales-recorder/ios/Pods/Headers/Private/React-Core -I/Users/zevia/code/ai/sales-recorder/ios/Pods/glog -I/Users/zevia/code/ai/sales-recorder/ios/Pods/boost -I/Users/zevia/code/ai/sales-recorder/ios/Pods/DoubleConversion -I/Users/zevia/code/ai/sales-recorder/ios/Pods/fast_float/include -I/Users/zevia/code/ai/sales-recorder/ios/Pods/fmt/include -I/Users/zevia/code/ai/sales-recorder/ios/Pods/SocketRocket -I/Users/zevia/code/ai/sales-recorder/ios/Pods/RCT-Folly -I/Users/zevia/code/ai/sales-recorder/ios/Pods/Headers/Private/React-Core -I/Users/zevia/code/ai/sales-recorder/ios/Pods/glog -I/Users/zevia/code/ai/sales-recorder/ios/Pods/boost -I/Users/zevia/code/ai/sales-recorder/ios/Pods/DoubleConversion -I/Users/zevia/code/ai/sales-recorder/ios/Pods/fast_float/include -I/Users/zevia/code/ai/sales-recorder/ios/Pods/fmt/include -I/Users/zevia/code/ai/sales-recorder/ios/Pods/SocketRocket -I/Users/zevia/code/ai/sales-recorder/ios/Pods/RCT-Folly -I/Users/zevia/code/ai/sales-recorder/node_modules/react-native/ReactCommon/ReactCommon -I/Users/zevia/code/ai/sales-recorder/ios/Pods/Headers/Private/React-Core -I/Users/zevia/code/ai/sales-recorder/ios/Pods/glog -I/Users/zevia/code/ai/sales-recorder/ios/Pods/boost -I/Users/zevia/code/ai/sales-recorder/ios/Pods/DoubleConversion -I/Users/zevia/code/ai/sales-recorder/ios/Pods/fast_float/include -I/Users/zevia/code/ai/sales-recorder/ios/Pods/fmt/include -I/Users/zevia/code/ai/sales-recorder/ios/Pods/SocketRocket -I/Users/zevia/code/ai/sales-recorder/ios/Pods/RCT-Folly -I/Users/zevia/code/ai/sales-recorder/node_modules/react-native/ReactCommon/ReactCommon -I/Users/zevia/code/ai/sales-recorder/ios/build/Build/Products/Release-iphonesimulator/React-debug/React_debug.framework/Headers -I/Users/zevia/code/ai/sales-recorder/ios/build/Build/Products/Release-iphonesimulator/React-debug/React_featureflags.framework/Headers -I/Users/zevia/code/ai/sales-recorder/ios/build/Build/Products/Release-iphonesimulator/React-utils/React_utils.framework/Headers -I/Users/zevia/code/ai/sales-recorder/ios/build/Build/Intermediates.noindex/Pods.build/Release-iphonesimulator/ReactCommon.build/DerivedSources-normal/x86_64 -I/Users/zevia/code/ai/sales-recorder/ios/build/Build/Intermediates.noindex/Pods.build/Release-iphonesimulator/ReactCommon.build/DerivedSources/x86_64 -I/Users/zevia/code/ai/sales-recorder/ios/build/Build/Intermediates.noindex/Pods.build/Release-iphonesimulator/ReactCommon.build/DerivedSources -F/Users/zevia/code/ai/sales-recorder/ios/build/Build/Products/Release-iphonesimulator/ReactCommon -F/Users/zevia/code/ai/sales-recorder/ios/Pods/hermes-engine/destroot/Library/Frameworks/universal -F/Users/zevia/code/ai/sales-recorder/ios/build/Build/Products/Release-iphonesimulator/XCFrameworkIntermediates/hermes-engine/Pre-built '-fmodule-map-file=/Users/zevia/code/ai/sales-recorder/ios/Pods/Headers/Public/DoubleConversion/DoubleConversion.modulemap' '-fmodule-map-file=/Users/zevia/code/ai/sales-recorder/ios/Pods/Headers/Public/React_runtimeexecutor/React-runtimeexecutor.modulemap' '-fmodule-map-file=/Users/zevia/code/ai/sales-recorder/ios/Pods/Headers/Public/SocketRocket/SocketRocket.modulemap' '-fmodule-map-file=/Users/zevia/code/ai/sales-recorder/ios/Pods/Headers/Public/fmt/fmt.modulemap' '-fmodule-map-file=/Users/zevia/code/ai/sales-recorder/ios/Pods/Headers/Public/folly/RCT-Folly.modulemap' '-fmodule-map-file=/Users/zevia/code/ai/sales-recorder/ios/Pods/Headers/Public/glog/glog.modulemap' '-fmodule-map-file=/Users/zevia/code/ai/sales-recorder/ios/Pods/Headers/Public/jsi/React-jsi.modulemap' '-fmodule-map-file=/Users/zevia/code/ai/sales-recorder/ios/Pods/Headers/Public/jsinspector_modern/React-jsinspector.modulemap' '-fmodule-map-file=/Users/zevia/code/ai/sales-recorder/ios/Pods/Headers/Public/jsinspector_modern_cdp/React-jsinspectorcdp.modulemap' '-fmodule-map-file=/Users/zevia/code/ai/sales-recorder/ios/Pods/Headers/Public/jsinspector_modern_network/React-jsinspectornetwork.modulemap' '-fmodule-map-file=/Users/zevia/code/ai/sales-recorder/ios/Pods/Headers/Public/jsinspector_modern_tracing/React-jsinspectortracing.modulemap' '-fmodule-map-file=/Users/zevia/code/ai/sales-recorder/ios/Pods/Headers/Public/react_debug/React-debug.modulemap' '-fmodule-map-file=/Users/zevia/code/ai/sales-recorder/ios/Pods/Headers/Public/react_featureflags/React-featureflags.modulemap' '-fmodule-map-file=/Users/zevia/code/ai/sales-recorder/ios/Pods/Headers/Public/react_utils/React-utils.modulemap' -DNDEBUG -DNDEBUG

WriteAuxiliaryFile /Users/zevia/code/ai/sales-recorder/ios/build/Build/Intermediates.noindex/Pods.build/Release-iphonesimulator/ReactCommon.build/Objects-normal/arm64/ReactCommon.LinkFileList (in target 'ReactCommon' from project 'Pods')
    cd /Users/zevia/code/ai/sales-recorder/ios/Pods
    write-file /Users/zevia/code/ai/sales-recorder/ios/build/Build/Intermediates.noindex/Pods.build/Release-iphonesimulator/ReactCommon.build/Objects-normal/arm64/ReactCommon.LinkFileList

WriteAuxiliaryFile /Users/zevia/code/ai/sales-recorder/ios/build/Build/Intermediates.noindex/Pods.build/Release-iphonesimulator/ReactCommon.build/Objects-normal/arm64/e6072d4f65d7061329687fe24e3d63a7-common-args.resp (in target 'ReactCommon' from project 'Pods')
    cd /Users/zevia/code/ai/sales-recorder/ios/Pods
    write-file /Users/zevia/code/ai/sales-recorder/ios/build/Build/Intermediates.noindex/Pods.build/Release-iphonesimulator/ReactCommon.build/Objects-normal/arm64/e6072d4f65d7061329687fe24e3d63a7-common-args.resp
-target arm64-apple-ios15.1-simulator '-std=gnu11' -fobjc-arc -fmodules '-fmodules-cache-path=/Users/zevia/code/ai/sales-recorder/ios/build/ModuleCache.noindex' '-fmodule-name=ReactCommon' -fpascal-strings -Os -fno-common -pedantic '-DPOD_CONFIGURATION_RELEASE=1' '-DCOCOAPODS=1' '-DNS_BLOCK_ASSERTIONS=1' '-DOBJC_OLD_DISPATCH_PROTOTYPES=0' -isysroot /Applications/Xcode.app/Contents/Developer/Platforms/iPhoneSimulator.platform/Developer/SDKs/iPhoneSimulator26.2.sdk -g '-fobjc-abi-version=2' -fobjc-legacy-dispatch -iquote /Users/zevia/code/ai/sales-recorder/ios/build/Build/Intermediates.noindex/Pods.build/Release-iphonesimulator/ReactCommon.build/ReactCommon-generated-files.hmap -I/Users/zevia/code/ai/sales-recorder/ios/build/Build/Intermediates.noindex/Pods.build/Release-iphonesimulator/ReactCommon.build/ReactCommon-own-target-headers.hmap -I/Users/zevia/code/ai/sales-recorder/ios/build/Build/Intermediates.noindex/Pods.build/Release-iphonesimulator/ReactCommon.build/ReactCommon-all-non-framework-target-headers.hmap -ivfsoverlay /Users/zevia/code/ai/sales-recorder/ios/build/Build/Intermediates.noindex/Pods.build/Release-iphonesimulator/Pods-8699adb1dd336b26511df848a716bd42-VFS-iphonesimulator/all-product-headers.yaml -iquote /Users/zevia/code/ai/sales-recorder/ios/build/Build/Intermediates.noindex/Pods.build/Release-iphonesimulator/ReactCommon.build/ReactCommon-project-headers.hmap -I/Users/zevia/code/ai/sales-recorder/ios/build/Build/Products/Release-iphonesimulator/ReactCommon/include -I/Users/zevia/code/ai/sales-recorder/ios/Pods/Headers/Private -I/Users/zevia/code/ai/sales-recorder/ios/Pods/Headers/Private/ReactCommon -I/Users/zevia/code/ai/sales-recorder/ios/Pods/Headers/Public -I/Users/zevia/code/ai/sales-recorder/ios/Pods/Headers/Public/DoubleConversion -I/Users/zevia/code/ai/sales-recorder/ios/Pods/Headers/Public/RCT-Folly -I/Users/zevia/code/ai/sales-recorder/ios/Pods/Headers/Public/React-callinvoker -I/Users/zevia/code/ai/sales-recorder/ios/Pods/Headers/Public/React-cxxreact -I/Users/zevia/code/ai/sales-recorder/ios/Pods/Headers/Public/React-debug -I/Users/zevia/code/ai/sales-recorder/ios/Pods/Headers/Public/React-featureflags -I/Users/zevia/code/ai/sales-recorder/ios/Pods/Headers/Public/React-jsi -I/Users/zevia/code/ai/sales-recorder/ios/Pods/Headers/Public/React-jsinspector -I/Users/zevia/code/ai/sales-recorder/ios/Pods/Headers/Public/React-jsinspectorcdp -I/Users/zevia/code/ai/sales-recorder/ios/Pods/Headers/Public/React-jsinspectornetwork -I/Users/zevia/code/ai/sales-recorder/ios/Pods/Headers/Public/React-jsinspectortracing -I/Users/zevia/code/ai/sales-recorder/ios/Pods/Headers/Public/React-logger -I/Users/zevia/code/ai/sales-recorder/ios/Pods/Headers/Public/React-oscompat -I/Users/zevia/code/ai/sales-recorder/ios/Pods/Headers/Public/React-perflogger -I/Users/zevia/code/ai/sales-recorder/ios/Pods/Headers/Public/React-performancetimeline -I/Users/zevia/code/ai/sales-recorder/ios/Pods/Headers/Public/React-runtimeexecutor -I/Users/zevia/code/ai/sales-recorder/ios/Pods/Headers/Public/React-timing -I/Users/zevia/code/ai/sales-recorder/ios/Pods/Headers/Public/React-utils -I/Users/zevia/code/ai/sales-recorder/ios/Pods/Headers/Public/ReactCommon -I/Users/zevia/code/ai/sales-recorder/ios/Pods/Headers/Public/boost -I/Users/zevia/code/ai/sales-recorder/ios/Pods/Headers/Public/fast_float -I/Users/zevia/code/ai/sales-recorder/ios/Pods/Headers/Public/fmt -I/Users/zevia/code/ai/sales-recorder/ios/Pods/Headers/Public/glog -I/Users/zevia/code/ai/sales-recorder/ios/Pods/Headers/Public/hermes-engine -I/Users/zevia/code/ai/sales-recorder/ios/Pods/Headers/Private/React-Core -I/Users/zevia/code/ai/sales-recorder/ios/Pods/glog -I/Users/zevia/code/ai/sales-recorder/ios/Pods/boost -I/Users/zevia/code/ai/sales-recorder/ios/Pods/DoubleConversion -I/Users/zevia/code/ai/sales-recorder/ios/Pods/fast_float/include -I/Users/zevia/code/ai/sales-recorder/ios/Pods/fmt/include -I/Users/zevia/code/ai/sales-recorder/ios/Pods/SocketRocket -I/Users/zevia/code/ai/sales-recorder/ios/Pods/RCT-Folly -I/Users/zevia/code/ai/sales-recorder/ios/Pods/Headers/Private/React-Core -I/Users/zevia/code/ai/sales-recorder/ios/Pods/glog -I/Users/zevia/code/ai/sales-recorder/ios/Pods/boost -I/Users/zevia/code/ai/sales-recorder/ios/Pods/DoubleConversion -I/Users/zevia/code/ai/sales-recorder/ios/Pods/fast_float/include -I/Users/zevia/code/ai/sales-recorder/ios/Pods/fmt/include -I/Users/zevia/code/ai/sales-recorder/ios/Pods/SocketRocket -I/Users/zevia/code/ai/sales-recorder/ios/Pods/RCT-Folly -I/Users/zevia/code/ai/sales-recorder/node_modules/react-native/ReactCommon/ReactCommon -I/Users/zevia/code/ai/sales-recorder/ios/Pods/Headers/Private/React-Core -I/Users/zevia/code/ai/sales-recorder/ios/Pods/glog -I/Users/zevia/code/ai/sales-recorder/ios/Pods/boost -I/Users/zevia/code/ai/sales-recorder/ios/Pods/DoubleConversion -I/Users/zevia/code/ai/sales-recorder/ios/Pods/fast_float/include -I/Users/zevia/code/ai/sales-recorder/ios/Pods/fmt/include -I/Users/zevia/code/ai/sales-recorder/ios/Pods/SocketRocket -I/Users/zevia/code/ai/sales-recorder/ios/Pods/RCT-Folly -I/Users/zevia/code/ai/sales-recorder/node_modules/react-native/ReactCommon/ReactCommon -I/Users/zevia/code/ai/sales-recorder/ios/build/Build/Products/Release-iphonesimulator/React-debug/React_debug.framework/Headers -I/Users/zevia/code/ai/sales-recorder/ios/build/Build/Products/Release-iphonesimulator/React-debug/React_featureflags.framework/Headers -I/Users/zevia/code/ai/sales-recorder/ios/build/Build/Products/Release-iphonesimulator/React-utils/React_utils.framework/Headers -I/Users/zevia/code/ai/sales-recorder/ios/build/Build/Intermediates.noindex/Pods.build/Release-iphonesimulator/ReactCommon.build/DerivedSources-normal/arm64 -I/Users/zevia/code/ai/sales-recorder/ios/build/Build/Intermediates.noindex/Pods.build/Release-iphonesimulator/ReactCommon.build/DerivedSources/arm64 -I/Users/zevia/code/ai/sales-recorder/ios/build/Build/Intermediates.noindex/Pods.build/Release-iphonesimulator/ReactCommon.build/DerivedSources -F/Users/zevia/code/ai/sales-recorder/ios/build/Build/Products/Release-iphonesimulator/ReactCommon -F/Users/zevia/code/ai/sales-recorder/ios/Pods/hermes-engine/destroot/Library/Frameworks/universal -F/Users/zevia/code/ai/sales-recorder/ios/build/Build/Products/Release-iphonesimulator/XCFrameworkIntermediates/hermes-engine/Pre-built '-fmodule-map-file=/Users/zevia/code/ai/sales-recorder/ios/Pods/Headers/Public/DoubleConversion/DoubleConversion.modulemap' '-fmodule-map-file=/Users/zevia/code/ai/sales-recorder/ios/Pods/Headers/Public/React_runtimeexecutor/React-runtimeexecutor.modulemap' '-fmodule-map-file=/Users/zevia/code/ai/sales-recorder/ios/Pods/Headers/Public/SocketRocket/SocketRocket.modulemap' '-fmodule-map-file=/Users/zevia/code/ai/sales-recorder/ios/Pods/Headers/Public/fmt/fmt.modulemap' '-fmodule-map-file=/Users/zevia/code/ai/sales-recorder/ios/Pods/Headers/Public/folly/RCT-Folly.modulemap' '-fmodule-map-file=/Users/zevia/code/ai/sales-recorder/ios/Pods/Headers/Public/glog/glog.modulemap' '-fmodule-map-file=/Users/zevia/code/ai/sales-recorder/ios/Pods/Headers/Public/jsi/React-jsi.modulemap' '-fmodule-map-file=/Users/zevia/code/ai/sales-recorder/ios/Pods/Headers/Public/jsinspector_modern/React-jsinspector.modulemap' '-fmodule-map-file=/Users/zevia/code/ai/sales-recorder/ios/Pods/Headers/Public/jsinspector_modern_cdp/React-jsinspectorcdp.modulemap' '-fmodule-map-file=/Users/zevia/code/ai/sales-recorder/ios/Pods/Headers/Public/jsinspector_modern_network/React-jsinspectornetwork.modulemap' '-fmodule-map-file=/Users/zevia/code/ai/sales-recorder/ios/Pods/Headers/Public/jsinspector_modern_tracing/React-jsinspectortracing.modulemap' '-fmodule-map-file=/Users/zevia/code/ai/sales-recorder/ios/Pods/Headers/Public/react_debug/React-debug.modulemap' '-fmodule-map-file=/Users/zevia/code/ai/sales-recorder/ios/Pods/Headers/Public/react_featureflags/React-featureflags.modulemap' '-fmodule-map-file=/Users/zevia/code/ai/sales-recorder/ios/Pods/Headers/Public/react_utils/React-utils.modulemap' -DNDEBUG

WriteAuxiliaryFile /Users/zevia/code/ai/sales-recorder/ios/build/Build/Intermediates.noindex/Pods.build/Release-iphonesimulator/ReactCommon.build/Objects-normal/arm64/82b82416624d2658e5098eb0a28c15c5-common-args.resp (in target 'ReactCommon' from project 'Pods')
    cd /Users/zevia/code/ai/sales-recorder/ios/Pods
    write-file /Users/zevia/code/ai/sales-recorder/ios/build/Build/Intermediates.noindex/Pods.build/Release-iphonesimulator/ReactCommon.build/Objects-normal/arm64/82b82416624d2658e5098eb0a28c15c5-common-args.resp
-target arm64-apple-ios15.1-simulator '-std=c++20' '-stdlib=libc++' -fmodules -fno-cxx-modules '-fmodules-cache-path=/Users/zevia/code/ai/sales-recorder/ios/build/ModuleCache.noindex' '-fmodule-name=ReactCommon' -fpascal-strings -Os -fno-common -pedantic '-DPOD_CONFIGURATION_RELEASE=1' '-DCOCOAPODS=1' -isysroot /Applications/Xcode.app/Contents/Developer/Platforms/iPhoneSimulator.platform/Developer/SDKs/iPhoneSimulator26.2.sdk -g -iquote /Users/zevia/code/ai/sales-recorder/ios/build/Build/Intermediates.noindex/Pods.build/Release-iphonesimulator/ReactCommon.build/ReactCommon-generated-files.hmap -I/Users/zevia/code/ai/sales-recorder/ios/build/Build/Intermediates.noindex/Pods.build/Release-iphonesimulator/ReactCommon.build/ReactCommon-own-target-headers.hmap -I/Users/zevia/code/ai/sales-recorder/ios/build/Build/Intermediates.noindex/Pods.build/Release-iphonesimulator/ReactCommon.build/ReactCommon-all-non-framework-target-headers.hmap -ivfsoverlay /Users/zevia/code/ai/sales-recorder/ios/build/Build/Intermediates.noindex/Pods.build/Release-iphonesimulator/Pods-8699adb1dd336b26511df848a716bd42-VFS-iphonesimulator/all-product-headers.yaml -iquote /Users/zevia/code/ai/sales-recorder/ios/build/Build/Intermediates.noindex/Pods.build/Release-iphonesimulator/ReactCommon.build/ReactCommon-project-headers.hmap -I/Users/zevia/code/ai/sales-recorder/ios/build/Build/Products/Release-iphonesimulator/ReactCommon/include -I/Users/zevia/code/ai/sales-recorder/ios/Pods/Headers/Private -I/Users/zevia/code/ai/sales-recorder/ios/Pods/Headers/Private/ReactCommon -I/Users/zevia/code/ai/sales-recorder/ios/Pods/Headers/Public -I/Users/zevia/code/ai/sales-recorder/ios/Pods/Headers/Public/DoubleConversion -I/Users/zevia/code/ai/sales-recorder/ios/Pods/Headers/Public/RCT-Folly -I/Users/zevia/code/ai/sales-recorder/ios/Pods/Headers/Public/React-callinvoker -I/Users/zevia/code/ai/sales-recorder/ios/Pods/Headers/Public/React-cxxreact -I/Users/zevia/code/ai/sales-recorder/ios/Pods/Headers/Public/React-debug -I/Users/zevia/code/ai/sales-recorder/ios/Pods/Headers/Public/React-featureflags -I/Users/zevia/code/ai/sales-recorder/ios/Pods/Headers/Public/React-jsi -I/Users/zevia/code/ai/sales-recorder/ios/Pods/Headers/Public/React-jsinspector -I/Users/zevia/code/ai/sales-recorder/ios/Pods/Headers/Public/React-jsinspectorcdp -I/Users/zevia/code/ai/sales-recorder/ios/Pods/Headers/Public/React-jsinspectornetwork -I/Users/zevia/code/ai/sales-recorder/ios/Pods/Headers/Public/React-jsinspectortracing -I/Users/zevia/code/ai/sales-recorder/ios/Pods/Headers/Public/React-logger -I/Users/zevia/code/ai/sales-recorder/ios/Pods/Headers/Public/React-oscompat -I/Users/zevia/code/ai/sales-recorder/ios/Pods/Headers/Public/React-perflogger -I/Users/zevia/code/ai/sales-recorder/ios/Pods/Headers/Public/React-performancetimeline -I/Users/zevia/code/ai/sales-recorder/ios/Pods/Headers/Public/React-runtimeexecutor -I/Users/zevia/code/ai/sales-recorder/ios/Pods/Headers/Public/React-timing -I/Users/zevia/code/ai/sales-recorder/ios/Pods/Headers/Public/React-utils -I/Users/zevia/code/ai/sales-recorder/ios/Pods/Headers/Public/ReactCommon -I/Users/zevia/code/ai/sales-recorder/ios/Pods/Headers/Public/boost -I/Users/zevia/code/ai/sales-recorder/ios/Pods/Headers/Public/fast_float -I/Users/zevia/code/ai/sales-recorder/ios/Pods/Headers/Public/fmt -I/Users/zevia/code/ai/sales-recorder/ios/Pods/Headers/Public/glog -I/Users/zevia/code/ai/sales-recorder/ios/Pods/Headers/Public/hermes-engine -I/Users/zevia/code/ai/sales-recorder/ios/Pods/Headers/Private/React-Core -I/Users/zevia/code/ai/sales-recorder/ios/Pods/glog -I/Users/zevia/code/ai/sales-recorder/ios/Pods/boost -I/Users/zevia/code/ai/sales-recorder/ios/Pods/DoubleConversion -I/Users/zevia/code/ai/sales-recorder/ios/Pods/fast_float/include -I/Users/zevia/code/ai/sales-recorder/ios/Pods/fmt/include -I/Users/zevia/code/ai/sales-recorder/ios/Pods/SocketRocket -I/Users/zevia/code/ai/sales-recorder/ios/Pods/RCT-Folly -I/Users/zevia/code/ai/sales-recorder/ios/Pods/Headers/Private/React-Core -I/Users/zevia/code/ai/sales-recorder/ios/Pods/glog -I/Users/zevia/code/ai/sales-recorder/ios/Pods/boost -I/Users/zevia/code/ai/sales-recorder/ios/Pods/DoubleConversion -I/Users/zevia/code/ai/sales-recorder/ios/Pods/fast_float/include -I/Users/zevia/code/ai/sales-recorder/ios/Pods/fmt/include -I/Users/zevia/code/ai/sales-recorder/ios/Pods/SocketRocket -I/Users/zevia/code/ai/sales-recorder/ios/Pods/RCT-Folly -I/Users/zevia/code/ai/sales-recorder/node_modules/react-native/ReactCommon/ReactCommon -I/Users/zevia/code/ai/sales-recorder/ios/Pods/Headers/Private/React-Core -I/Users/zevia/code/ai/sales-recorder/ios/Pods/glog -I/Users/zevia/code/ai/sales-recorder/ios/Pods/boost -I/Users/zevia/code/ai/sales-recorder/ios/Pods/DoubleConversion -I/Users/zevia/code/ai/sales-recorder/ios/Pods/fast_float/include -I/Users/zevia/code/ai/sales-recorder/ios/Pods/fmt/include -I/Users/zevia/code/ai/sales-recorder/ios/Pods/SocketRocket -I/Users/zevia/code/ai/sales-recorder/ios/Pods/RCT-Folly -I/Users/zevia/code/ai/sales-recorder/node_modules/react-native/ReactCommon/ReactCommon -I/Users/zevia/code/ai/sales-recorder/ios/build/Build/Products/Release-iphonesimulator/React-debug/React_debug.framework/Headers -I/Users/zevia/code/ai/sales-recorder/ios/build/Build/Products/Release-iphonesimulator/React-debug/React_featureflags.framework/Headers -I/Users/zevia/code/ai/sales-recorder/ios/build/Build/Products/Release-iphonesimulator/React-utils/React_utils.framework/Headers -I/Users/zevia/code/ai/sales-recorder/ios/build/Build/Intermediates.noindex/Pods.build/Release-iphonesimulator/ReactCommon.build/DerivedSources-normal/arm64 -I/Users/zevia/code/ai/sales-recorder/ios/build/Build/Intermediates.noindex/Pods.build/Release-iphonesimulator/ReactCommon.build/DerivedSources/arm64 -I/Users/zevia/code/ai/sales-recorder/ios/build/Build/Intermediates.noindex/Pods.build/Release-iphonesimulator/ReactCommon.build/DerivedSources -F/Users/zevia/code/ai/sales-recorder/ios/build/Build/Products/Release-iphonesimulator/ReactCommon -F/Users/zevia/code/ai/sales-recorder/ios/Pods/hermes-engine/destroot/Library/Frameworks/universal -F/Users/zevia/code/ai/sales-recorder/ios/build/Build/Products/Release-iphonesimulator/XCFrameworkIntermediates/hermes-engine/Pre-built '-fmodule-map-file=/Users/zevia/code/ai/sales-recorder/ios/Pods/Headers/Public/DoubleConversion/DoubleConversion.modulemap' '-fmodule-map-file=/Users/zevia/code/ai/sales-recorder/ios/Pods/Headers/Public/React_runtimeexecutor/React-runtimeexecutor.modulemap' '-fmodule-map-file=/Users/zevia/code/ai/sales-recorder/ios/Pods/Headers/Public/SocketRocket/SocketRocket.modulemap' '-fmodule-map-file=/Users/zevia/code/ai/sales-recorder/ios/Pods/Headers/Public/fmt/fmt.modulemap' '-fmodule-map-file=/Users/zevia/code/ai/sales-recorder/ios/Pods/Headers/Public/folly/RCT-Folly.modulemap' '-fmodule-map-file=/Users/zevia/code/ai/sales-recorder/ios/Pods/Headers/Public/glog/glog.modulemap' '-fmodule-map-file=/Users/zevia/code/ai/sales-recorder/ios/Pods/Headers/Public/jsi/React-jsi.modulemap' '-fmodule-map-file=/Users/zevia/code/ai/sales-recorder/ios/Pods/Headers/Public/jsinspector_modern/React-jsinspector.modulemap' '-fmodule-map-file=/Users/zevia/code/ai/sales-recorder/ios/Pods/Headers/Public/jsinspector_modern_cdp/React-jsinspectorcdp.modulemap' '-fmodule-map-file=/Users/zevia/code/ai/sales-recorder/ios/Pods/Headers/Public/jsinspector_modern_network/React-jsinspectornetwork.modulemap' '-fmodule-map-file=/Users/zevia/code/ai/sales-recorder/ios/Pods/Headers/Public/jsinspector_modern_tracing/React-jsinspectortracing.modulemap' '-fmodule-map-file=/Users/zevia/code/ai/sales-recorder/ios/Pods/Headers/Public/react_debug/React-debug.modulemap' '-fmodule-map-file=/Users/zevia/code/ai/sales-recorder/ios/Pods/Headers/Public/react_featureflags/React-featureflags.modulemap' '-fmodule-map-file=/Users/zevia/code/ai/sales-recorder/ios/Pods/Headers/Public/react_utils/React-utils.modulemap' -DNDEBUG -DNDEBUG

WriteAuxiliaryFile /Users/zevia/code/ai/sales-recorder/ios/build/Build/Intermediates.noindex/Pods.build/Release-iphonesimulator/ReactCodegen.build/Script-46EB2E00020C80.sh (in target 'ReactCodegen' from project 'Pods')
    cd /Users/zevia/code/ai/sales-recorder/ios/Pods
    write-file /Users/zevia/code/ai/sales-recorder/ios/build/Build/Intermediates.noindex/Pods.build/Release-iphonesimulator/ReactCodegen.build/Script-46EB2E00020C80.sh

WriteAuxiliaryFile /Users/zevia/code/ai/sales-recorder/ios/build/Build/Intermediates.noindex/Pods.build/Release-iphonesimulator/ReactCodegen.build/ReactCodegen.hmap (in target 'ReactCodegen' from project 'Pods')
    cd /Users/zevia/code/ai/sales-recorder/ios/Pods
    write-file /Users/zevia/code/ai/sales-recorder/ios/build/Build/Intermediates.noindex/Pods.build/Release-iphonesimulator/ReactCodegen.build/ReactCodegen.hmap

WriteAuxiliaryFile /Users/zevia/code/ai/sales-recorder/ios/build/Build/Intermediates.noindex/Pods.build/Release-iphonesimulator/ReactCodegen.build/ReactCodegen.DependencyStaticMetadataFileList (in target 'ReactCodegen' from project 'Pods')
    cd /Users/zevia/code/ai/sales-recorder/ios/Pods
    write-file /Users/zevia/code/ai/sales-recorder/ios/build/Build/Intermediates.noindex/Pods.build/Release-iphonesimulator/ReactCodegen.build/ReactCodegen.DependencyStaticMetadataFileList

WriteAuxiliaryFile /Users/zevia/code/ai/sales-recorder/ios/build/Build/Intermediates.noindex/Pods.build/Release-iphonesimulator/ReactCodegen.build/ReactCodegen-project-headers.hmap (in target 'ReactCodegen' from project 'Pods')
    cd /Users/zevia/code/ai/sales-recorder/ios/Pods
    write-file /Users/zevia/code/ai/sales-recorder/ios/build/Build/Intermediates.noindex/Pods.build/Release-iphonesimulator/ReactCodegen.build/ReactCodegen-project-headers.hmap

WriteAuxiliaryFile /Users/zevia/code/ai/sales-recorder/ios/build/Build/Intermediates.noindex/Pods.build/Release-iphonesimulator/ReactCodegen.build/ReactCodegen.DependencyMetadataFileList (in target 'ReactCodegen' from project 'Pods')
    cd /Users/zevia/code/ai/sales-recorder/ios/Pods
    write-file /Users/zevia/code/ai/sales-recorder/ios/build/Build/Intermediates.noindex/Pods.build/Release-iphonesimulator/ReactCodegen.build/ReactCodegen.DependencyMetadataFileList

WriteAuxiliaryFile /Users/zevia/code/ai/sales-recorder/ios/build/Build/Intermediates.noindex/Pods.build/Release-iphonesimulator/ReactCodegen.build/ReactCodegen-own-target-headers.hmap (in target 'ReactCodegen' from project 'Pods')
    cd /Users/zevia/code/ai/sales-recorder/ios/Pods
    write-file /Users/zevia/code/ai/sales-recorder/ios/build/Build/Intermediates.noindex/Pods.build/Release-iphonesimulator/ReactCodegen.build/ReactCodegen-own-target-headers.hmap

WriteAuxiliaryFile /Users/zevia/code/ai/sales-recorder/ios/build/Build/Intermediates.noindex/Pods.build/Release-iphonesimulator/ReactCodegen.build/ReactCodegen-generated-files.hmap (in target 'ReactCodegen' from project 'Pods')
    cd /Users/zevia/code/ai/sales-recorder/ios/Pods
    write-file /Users/zevia/code/ai/sales-recorder/ios/build/Build/Intermediates.noindex/Pods.build/Release-iphonesimulator/ReactCodegen.build/ReactCodegen-generated-files.hmap

WriteAuxiliaryFile /Users/zevia/code/ai/sales-recorder/ios/build/Build/Intermediates.noindex/Pods.build/Release-iphonesimulator/ReactCodegen.build/ReactCodegen-all-target-headers.hmap (in target 'ReactCodegen' from project 'Pods')
    cd /Users/zevia/code/ai/sales-recorder/ios/Pods
    write-file /Users/zevia/code/ai/sales-recorder/ios/build/Build/Intermediates.noindex/Pods.build/Release-iphonesimulator/ReactCodegen.build/ReactCodegen-all-target-headers.hmap

WriteAuxiliaryFile /Users/zevia/code/ai/sales-recorder/ios/build/Build/Intermediates.noindex/Pods.build/Release-iphonesimulator/ReactCodegen.build/ReactCodegen-all-non-framework-target-headers.hmap (in target 'ReactCodegen' from project 'Pods')
    cd /Users/zevia/code/ai/sales-recorder/ios/Pods
    write-file /Users/zevia/code/ai/sales-recorder/ios/build/Build/Intermediates.noindex/Pods.build/Release-iphonesimulator/ReactCodegen.build/ReactCodegen-all-non-framework-target-headers.hmap

WriteAuxiliaryFile /Users/zevia/code/ai/sales-recorder/ios/build/Build/Intermediates.noindex/Pods.build/Release-iphonesimulator/ReactCodegen.build/Objects-normal/x86_64/e6072d4f65d7061329687fe24e3d63a7-common-args.resp (in target 'ReactCodegen' from project 'Pods')
    cd /Users/zevia/code/ai/sales-recorder/ios/Pods
    write-file /Users/zevia/code/ai/sales-recorder/ios/build/Build/Intermediates.noindex/Pods.build/Release-iphonesimulator/ReactCodegen.build/Objects-normal/x86_64/e6072d4f65d7061329687fe24e3d63a7-common-args.resp
-target x86_64-apple-ios15.1-simulator '-std=gnu11' -fobjc-arc -fmodules '-fmodules-cache-path=/Users/zevia/code/ai/sales-recorder/ios/build/ModuleCache.noindex' -fpascal-strings -Os -fno-common '-DPOD_CONFIGURATION_RELEASE=1' '-DCOCOAPODS=1' '-DNS_BLOCK_ASSERTIONS=1' '-DOBJC_OLD_DISPATCH_PROTOTYPES=0' -isysroot /Applications/Xcode.app/Contents/Developer/Platforms/iPhoneSimulator.platform/Developer/SDKs/iPhoneSimulator26.2.sdk -fasm-blocks -g '-fobjc-abi-version=2' -fobjc-legacy-dispatch -iquote /Users/zevia/code/ai/sales-recorder/ios/build/Build/Intermediates.noindex/Pods.build/Release-iphonesimulator/ReactCodegen.build/ReactCodegen-generated-files.hmap -I/Users/zevia/code/ai/sales-recorder/ios/build/Build/Intermediates.noindex/Pods.build/Release-iphonesimulator/ReactCodegen.build/ReactCodegen-own-target-headers.hmap -I/Users/zevia/code/ai/sales-recorder/ios/build/Build/Intermediates.noindex/Pods.build/Release-iphonesimulator/ReactCodegen.build/ReactCodegen-all-non-framework-target-headers.hmap -ivfsoverlay /Users/zevia/code/ai/sales-recorder/ios/build/Build/Intermediates.noindex/Pods.build/Release-iphonesimulator/Pods-8699adb1dd336b26511df848a716bd42-VFS-iphonesimulator/all-product-headers.yaml -iquote /Users/zevia/code/ai/sales-recorder/ios/build/Build/Intermediates.noindex/Pods.build/Release-iphonesimulator/ReactCodegen.build/ReactCodegen-project-headers.hmap -I/Users/zevia/code/ai/sales-recorder/ios/build/Build/Products/Release-iphonesimulator/ReactCodegen/include -I/Users/zevia/code/ai/sales-recorder/ios/Pods/Headers/Private -I/Users/zevia/code/ai/sales-recorder/ios/Pods/Headers/Private/ReactCodegen -I/Users/zevia/code/ai/sales-recorder/ios/Pods/Headers/Public -I/Users/zevia/code/ai/sales-recorder/ios/Pods/Headers/Public/DoubleConversion -I/Users/zevia/code/ai/sales-recorder/ios/Pods/Headers/Public/FBLazyVector -I/Users/zevia/code/ai/sales-recorder/ios/Pods/Headers/Public/RCT-Folly -I/Users/zevia/code/ai/sales-recorder/ios/Pods/Headers/Public/RCTRequired -I/Users/zevia/code/ai/sales-recorder/ios/Pods/Headers/Public/RCTTypeSafety -I/Users/zevia/code/ai/sales-recorder/ios/Pods/Headers/Public/React-Core -I/Users/zevia/code/ai/sales-recorder/ios/Pods/Headers/Public/React-Fabric -I/Users/zevia/code/ai/sales-recorder/ios/Pods/Headers/Public/React-FabricComponents -I/Users/zevia/code/ai/sales-recorder/ios/Pods/Headers/Public/React-FabricImage -I/Users/zevia/code/ai/sales-recorder/ios/Pods/Headers/Public/React-ImageManager -I/Users/zevia/code/ai/sales-recorder/ios/Pods/Headers/Public/React-Mapbuffer -I/Users/zevia/code/ai/sales-recorder/ios/Pods/Headers/Public/React-NativeModulesApple -I/Users/zevia/code/ai/sales-recorder/ios/Pods/Headers/Public/React-RCTAnimation -I/Users/zevia/code/ai/sales-recorder/ios/Pods/Headers/Public/React-RCTBlob -I/Users/zevia/code/ai/sales-recorder/ios/Pods/Headers/Public/React-RCTFBReactNativeSpec -I/Users/zevia/code/ai/sales-recorder/ios/Pods/Headers/Public/React-RCTFabric -I/Users/zevia/code/ai/sales-recorder/ios/Pods/Headers/Public/React-RCTRuntime -I/Users/zevia/code/ai/sales-recorder/ios/Pods/Headers/Public/React-RCTText -I/Users/zevia/code/ai/sales-recorder/ios/Pods/Headers/Public/React-RuntimeApple -I/Users/zevia/code/ai/sales-recorder/ios/Pods/Headers/Public/React-RuntimeCore -I/Users/zevia/code/ai/sales-recorder/ios/Pods/Headers/Public/React-RuntimeHermes -I/Users/zevia/code/ai/sales-recorder/ios/Pods/Headers/Public/React-callinvoker -I/Users/zevia/code/ai/sales-recorder/ios/Pods/Headers/Public/React-cxxreact -I/Users/zevia/code/ai/sales-recorder/ios/Pods/Headers/Public/React-debug -I/Users/zevia/code/ai/sales-recorder/ios/Pods/Headers/Public/React-defaultsnativemodule -I/Users/zevia/code/ai/sales-recorder/ios/Pods/Headers/Public/React-domnativemodule -I/Users/zevia/code/ai/sales-recorder/ios/Pods/Headers/Public/React-featureflags -I/Users/zevia/code/ai/sales-recorder/ios/Pods/Headers/Public/React-featureflagsnativemodule -I/Users/zevia/code/ai/sales-recorder/ios/Pods/Headers/Public/React-graphics -I/Users/zevia/code/ai/sales-recorder/ios/Pods/Headers/Public/React-hermes -I/Users/zevia/code/ai/sales-recorder/ios/Pods/Headers/Public/React-idlecallbacksnativemodule -I/Users/zevia/code/ai/sales-recorder/ios/Pods/Headers/Public/React-jserrorhandler -I/Users/zevia/code/ai/sales-recorder/ios/Pods/Headers/Public/React-jsi -I/Users/zevia/code/ai/sales-recorder/ios/Pods/Headers/Public/React-jsiexecutor -I/Users/zevia/code/ai/sales-recorder/ios/Pods/Headers/Public/React-jsinspector -I/Users/zevia/code/ai/sales-recorder/ios/Pods/Headers/Public/React-jsinspectorcdp -I/Users/zevia/code/ai/sales-recorder/ios/Pods/Headers/Public/React-jsinspectornetwork -I/Users/zevia/code/ai/sales-recorder/ios/Pods/Headers/Public/React-jsinspectortracing -I/Users/zevia/code/ai/sales-recorder/ios/Pods/Headers/Public/React-jsitooling -I/Users/zevia/code/ai/sales-recorder/ios/Pods/Headers/Public/React-logger -I/Users/zevia/code/ai/sales-recorder/ios/Pods/Headers/Public/React-microtasksnativemodule -I/Users/zevia/code/ai/sales-recorder/ios/Pods/Headers/Public/React-oscompat -I/Users/zevia/code/ai/sales-recorder/ios/Pods/Headers/Public/React-perflogger -I/Users/zevia/code/ai/sales-recorder/ios/Pods/Headers/Public/React-performancetimeline -I/Users/zevia/code/ai/sales-recorder/ios/Pods/Headers/Public/React-rendererconsistency -I/Users/zevia/code/ai/sales-recorder/ios/Pods/Headers/Public/React-renderercss -I/Users/zevia/code/ai/sales-recorder/ios/Pods/Headers/Public/React-rendererdebug -I/Users/zevia/code/ai/sales-recorder/ios/Pods/Headers/Public/React-runtimeexecutor -I/Users/zevia/code/ai/sales-recorder/ios/Pods/Headers/Public/React-runtimescheduler -I/Users/zevia/code/ai/sales-recorder/ios/Pods/Headers/Public/React-timing -I/Users/zevia/code/ai/sales-recorder/ios/Pods/Headers/Public/React-utils -I/Users/zevia/code/ai/sales-recorder/ios/Pods/Headers/Public/ReactCodegen -I/Users/zevia/code/ai/sales-recorder/ios/Pods/Headers/Public/ReactCommon -I/Users/zevia/code/ai/sales-recorder/ios/Pods/Headers/Public/Yoga -I/Users/zevia/code/ai/sales-recorder/ios/Pods/Headers/Public/boost -I/Users/zevia/code/ai/sales-recorder/ios/Pods/Headers/Public/fast_float -I/Users/zevia/code/ai/sales-recorder/ios/Pods/Headers/Public/fmt -I/Users/zevia/code/ai/sales-recorder/ios/Pods/Headers/Public/glog -I/Users/zevia/code/ai/sales-recorder/ios/Pods/Headers/Public/hermes-engine -I/Users/zevia/code/ai/sales-recorder/ios/Pods/ReactNativeDependencies -I/Users/zevia/code/ai/sales-recorder/ios/Pods/Headers/Public/ReactCodegen/react/renderer/components -I/Users/zevia/code/ai/sales-recorder/ios/Pods/Headers/Private/React-Fabric -I/Users/zevia/code/ai/sales-recorder/ios/Pods/Headers/Private/React-RCTFabric -I/Users/zevia/code/ai/sales-recorder/ios/Pods/Headers/Private/Yoga -I/Users/zevia/code/ai/sales-recorder/ios/build/generated/ios -I/Users/zevia/code/ai/sales-recorder/ios/Pods/glog -I/Users/zevia/code/ai/sales-recorder/ios/Pods/boost -I/Users/zevia/code/ai/sales-recorder/ios/Pods/DoubleConversion -I/Users/zevia/code/ai/sales-recorder/ios/Pods/fast_float/include -I/Users/zevia/code/ai/sales-recorder/ios/Pods/fmt/include -I/Users/zevia/code/ai/sales-recorder/ios/Pods/SocketRocket -I/Users/zevia/code/ai/sales-recorder/ios/Pods/RCT-Folly -I/Users/zevia/code/ai/sales-recorder/ios/build/Build/Intermediates.noindex/Pods.build/Release-iphonesimulator/ReactCodegen.build/DerivedSources-normal/x86_64 -I/Users/zevia/code/ai/sales-recorder/ios/build/Build/Intermediates.noindex/Pods.build/Release-iphonesimulator/ReactCodegen.build/DerivedSources/x86_64 -I/Users/zevia/code/ai/sales-recorder/ios/build/Build/Intermediates.noindex/Pods.build/Release-iphonesimulator/ReactCodegen.build/DerivedSources -F/Users/zevia/code/ai/sales-recorder/ios/build/Build/Products/Release-iphonesimulator/ReactCodegen -F/Users/zevia/code/ai/sales-recorder/ios/Pods/hermes-engine/destroot/Library/Frameworks/universal -F/Users/zevia/code/ai/sales-recorder/ios/build/Build/Products/Release-iphonesimulator/XCFrameworkIntermediates/hermes-engine/Pre-built '-fmodule-map-file=/Users/zevia/code/ai/sales-recorder/ios/Pods/Headers/Public/DoubleConversion/DoubleConversion.modulemap' '-fmodule-map-file=/Users/zevia/code/ai/sales-recorder/ios/Pods/Headers/Public/RCTDeprecation/RCTDeprecation.modulemap' '-fmodule-map-file=/Users/zevia/code/ai/sales-recorder/ios/Pods/Headers/Public/RCTFabric/React-RCTFabric.modulemap' '-fmodule-map-file=/Users/zevia/code/ai/sales-recorder/ios/Pods/Headers/Public/RCTImage/React-RCTImage.modulemap' '-fmodule-map-file=/Users/zevia/code/ai/sales-recorder/ios/Pods/Headers/Public/RCTRuntime/React-RCTRuntime.modulemap' '-fmodule-map-file=/Users/zevia/code/ai/sales-recorder/ios/Pods/Headers/Public/RCTTypeSafety/RCTTypeSafety.modulemap' '-fmodule-map-file=/Users/zevia/code/ai/sales-recorder/ios/Pods/Headers/Public/React/React-Core.modulemap' '-fmodule-map-file=/Users/zevia/code/ai/sales-recorder/ios/Pods/Headers/Public/ReactCommon/ReactCommon.modulemap' '-fmodule-map-file=/Users/zevia/code/ai/sales-recorder/ios/Pods/Headers/Public/React_Fabric/React-Fabric.modulemap' '-fmodule-map-file=/Users/zevia/code/ai/sales-recorder/ios/Pods/Headers/Public/React_FabricComponents/React-FabricComponents.modulemap' '-fmodule-map-file=/Users/zevia/code/ai/sales-recorder/ios/Pods/Headers/Public/React_NativeModulesApple/React-NativeModulesApple.modulemap' '-fmodule-map-file=/Users/zevia/code/ai/sales-recorder/ios/Pods/Headers/Public/React_RCTAppDelegate/React-RCTAppDelegate.modulemap' '-fmodule-map-file=/Users/zevia/code/ai/sales-recorder/ios/Pods/Headers/Public/React_runtimeexecutor/React-runtimeexecutor.modulemap' '-fmodule-map-file=/Users/zevia/code/ai/sales-recorder/ios/Pods/Headers/Public/SocketRocket/SocketRocket.modulemap' '-fmodule-map-file=/Users/zevia/code/ai/sales-recorder/ios/Pods/Headers/Public/fmt/fmt.modulemap' '-fmodule-map-file=/Users/zevia/code/ai/sales-recorder/ios/Pods/Headers/Public/folly/RCT-Folly.modulemap' '-fmodule-map-file=/Users/zevia/code/ai/sales-recorder/ios/Pods/Headers/Public/glog/glog.modulemap' '-fmodule-map-file=/Users/zevia/code/ai/sales-recorder/ios/Pods/Headers/Public/jsi/React-jsi.modulemap' '-fmodule-map-file=/Users/zevia/code/ai/sales-recorder/ios/Pods/Headers/Public/jsinspector_modern/React-jsinspector.modulemap' '-fmodule-map-file=/Users/zevia/code/ai/sales-recorder/ios/Pods/Headers/Public/jsinspector_modern_cdp/React-jsinspectorcdp.modulemap' '-fmodule-map-file=/Users/zevia/code/ai/sales-recorder/ios/Pods/Headers/Public/jsinspector_modern_network/React-jsinspectornetwork.modulemap' '-fmodule-map-file=/Users/zevia/code/ai/sales-recorder/ios/Pods/Headers/Public/jsinspector_modern_tracing/React-jsinspectortracing.modulemap' '-fmodule-map-file=/Users/zevia/code/ai/sales-recorder/ios/Pods/Headers/Public/react_debug/React-debug.modulemap' '-fmodule-map-file=/Users/zevia/code/ai/sales-recorder/ios/Pods/Headers/Public/react_featureflags/React-featureflags.modulemap' '-fmodule-map-file=/Users/zevia/code/ai/sales-recorder/ios/Pods/Headers/Public/react_nativemodule_defaults/React-defaultsnativemodule.modulemap' '-fmodule-map-file=/Users/zevia/code/ai/sales-recorder/ios/Pods/Headers/Public/react_nativemodule_dom/React-domnativemodule.modulemap' '-fmodule-map-file=/Users/zevia/code/ai/sales-recorder/ios/Pods/Headers/Public/react_nativemodule_featureflags/React-featureflagsnativemodule.modulemap' '-fmodule-map-file=/Users/zevia/code/ai/sales-recorder/ios/Pods/Headers/Public/react_nativemodule_idlecallbacks/React-idlecallbacksnativemodule.modulemap' '-fmodule-map-file=/Users/zevia/code/ai/sales-recorder/ios/Pods/Headers/Public/react_nativemodule_microtasks/React-microtasksnativemodule.modulemap' '-fmodule-map-file=/Users/zevia/code/ai/sales-recorder/ios/Pods/Headers/Public/react_renderer_css/React-renderercss.modulemap' '-fmodule-map-file=/Users/zevia/code/ai/sales-recorder/ios/Pods/Headers/Public/react_renderer_debug/React-rendererdebug.modulemap' '-fmodule-map-file=/Users/zevia/code/ai/sales-recorder/ios/Pods/Headers/Public/react_renderer_graphics/React-graphics.modulemap' '-fmodule-map-file=/Users/zevia/code/ai/sales-recorder/ios/Pods/Headers/Public/react_renderer_imagemanager/React-ImageManager.modulemap' '-fmodule-map-file=/Users/zevia/code/ai/sales-recorder/ios/Pods/Headers/Public/react_runtime/React-jsitooling.modulemap' '-fmodule-map-file=/Users/zevia/code/ai/sales-recorder/ios/Pods/Headers/Public/react_utils/React-utils.modulemap' '-fmodule-map-file=/Users/zevia/code/ai/sales-recorder/ios/Pods/Headers/Public/reacthermes/React-hermes.modulemap' '-fmodule-map-file=/Users/zevia/code/ai/sales-recorder/ios/Pods/Headers/Public/yoga/Yoga.modulemap' -DNDEBUG

WriteAuxiliaryFile /Users/zevia/code/ai/sales-recorder/ios/build/Build/Intermediates.noindex/Pods.build/Release-iphonesimulator/ReactCodegen.build/Objects-normal/x86_64/af3fcb34312c57c0f52879cdce924b91-common-args.resp (in target 'ReactCodegen' from project 'Pods')
    cd /Users/zevia/code/ai/sales-recorder/ios/Pods
    write-file /Users/zevia/code/ai/sales-recorder/ios/build/Build/Intermediates.noindex/Pods.build/Release-iphonesimulator/ReactCodegen.build/Objects-normal/x86_64/af3fcb34312c57c0f52879cdce924b91-common-args.resp
-target x86_64-apple-ios15.1-simulator '-std=c++20' '-stdlib=libc++' -fobjc-arc -fmodules -fno-cxx-modules '-fmodules-cache-path=/Users/zevia/code/ai/sales-recorder/ios/build/ModuleCache.noindex' -fpascal-strings -Os -fno-common '-DPOD_CONFIGURATION_RELEASE=1' '-DCOCOAPODS=1' '-DNS_BLOCK_ASSERTIONS=1' '-DOBJC_OLD_DISPATCH_PROTOTYPES=0' -isysroot /Applications/Xcode.app/Contents/Developer/Platforms/iPhoneSimulator.platform/Developer/SDKs/iPhoneSimulator26.2.sdk -fasm-blocks -g '-fobjc-abi-version=2' -fobjc-legacy-dispatch -iquote /Users/zevia/code/ai/sales-recorder/ios/build/Build/Intermediates.noindex/Pods.build/Release-iphonesimulator/ReactCodegen.build/ReactCodegen-generated-files.hmap -I/Users/zevia/code/ai/sales-recorder/ios/build/Build/Intermediates.noindex/Pods.build/Release-iphonesimulator/ReactCodegen.build/ReactCodegen-own-target-headers.hmap -I/Users/zevia/code/ai/sales-recorder/ios/build/Build/Intermediates.noindex/Pods.build/Release-iphonesimulator/ReactCodegen.build/ReactCodegen-all-non-framework-target-headers.hmap -ivfsoverlay /Users/zevia/code/ai/sales-recorder/ios/build/Build/Intermediates.noindex/Pods.build/Release-iphonesimulator/Pods-8699adb1dd336b26511df848a716bd42-VFS-iphonesimulator/all-product-headers.yaml -iquote /Users/zevia/code/ai/sales-recorder/ios/build/Build/Intermediates.noindex/Pods.build/Release-iphonesimulator/ReactCodegen.build/ReactCodegen-project-headers.hmap -I/Users/zevia/code/ai/sales-recorder/ios/build/Build/Products/Release-iphonesimulator/ReactCodegen/include -I/Users/zevia/code/ai/sales-recorder/ios/Pods/Headers/Private -I/Users/zevia/code/ai/sales-recorder/ios/Pods/Headers/Private/ReactCodegen -I/Users/zevia/code/ai/sales-recorder/ios/Pods/Headers/Public -I/Users/zevia/code/ai/sales-recorder/ios/Pods/Headers/Public/DoubleConversion -I/Users/zevia/code/ai/sales-recorder/ios/Pods/Headers/Public/FBLazyVector -I/Users/zevia/code/ai/sales-recorder/ios/Pods/Headers/Public/RCT-Folly -I/Users/zevia/code/ai/sales-recorder/ios/Pods/Headers/Public/RCTRequired -I/Users/zevia/code/ai/sales-recorder/ios/Pods/Headers/Public/RCTTypeSafety -I/Users/zevia/code/ai/sales-recorder/ios/Pods/Headers/Public/React-Core -I/Users/zevia/code/ai/sales-recorder/ios/Pods/Headers/Public/React-Fabric -I/Users/zevia/code/ai/sales-recorder/ios/Pods/Headers/Public/React-FabricComponents -I/Users/zevia/code/ai/sales-recorder/ios/Pods/Headers/Public/React-FabricImage -I/Users/zevia/code/ai/sales-recorder/ios/Pods/Headers/Public/React-ImageManager -I/Users/zevia/code/ai/sales-recorder/ios/Pods/Headers/Public/React-Mapbuffer -I/Users/zevia/code/ai/sales-recorder/ios/Pods/Headers/Public/React-NativeModulesApple -I/Users/zevia/code/ai/sales-recorder/ios/Pods/Headers/Public/React-RCTAnimation -I/Users/zevia/code/ai/sales-recorder/ios/Pods/Headers/Public/React-RCTBlob -I/Users/zevia/code/ai/sales-recorder/ios/Pods/Headers/Public/React-RCTFBReactNativeSpec -I/Users/zevia/code/ai/sales-recorder/ios/Pods/Headers/Public/React-RCTFabric -I/Users/zevia/code/ai/sales-recorder/ios/Pods/Headers/Public/React-RCTRuntime -I/Users/zevia/code/ai/sales-recorder/ios/Pods/Headers/Public/React-RCTText -I/Users/zevia/code/ai/sales-recorder/ios/Pods/Headers/Public/React-RuntimeApple -I/Users/zevia/code/ai/sales-recorder/ios/Pods/Headers/Public/React-RuntimeCore -I/Users/zevia/code/ai/sales-recorder/ios/Pods/Headers/Public/React-RuntimeHermes -I/Users/zevia/code/ai/sales-recorder/ios/Pods/Headers/Public/React-callinvoker -I/Users/zevia/code/ai/sales-recorder/ios/Pods/Headers/Public/React-cxxreact -I/Users/zevia/code/ai/sales-recorder/ios/Pods/Headers/Public/React-debug -I/Users/zevia/code/ai/sales-recorder/ios/Pods/Headers/Public/React-defaultsnativemodule -I/Users/zevia/code/ai/sales-recorder/ios/Pods/Headers/Public/React-domnativemodule -I/Users/zevia/code/ai/sales-recorder/ios/Pods/Headers/Public/React-featureflags -I/Users/zevia/code/ai/sales-recorder/ios/Pods/Headers/Public/React-featureflagsnativemodule -I/Users/zevia/code/ai/sales-recorder/ios/Pods/Headers/Public/React-graphics -I/Users/zevia/code/ai/sales-recorder/ios/Pods/Headers/Public/React-hermes -I/Users/zevia/code/ai/sales-recorder/ios/Pods/Headers/Public/React-idlecallbacksnativemodule -I/Users/zevia/code/ai/sales-recorder/ios/Pods/Headers/Public/React-jserrorhandler -I/Users/zevia/code/ai/sales-recorder/ios/Pods/Headers/Public/React-jsi -I/Users/zevia/code/ai/sales-recorder/ios/Pods/Headers/Public/React-jsiexecutor -I/Users/zevia/code/ai/sales-recorder/ios/Pods/Headers/Public/React-jsinspector -I/Users/zevia/code/ai/sales-recorder/ios/Pods/Headers/Public/React-jsinspectorcdp -I/Users/zevia/code/ai/sales-recorder/ios/Pods/Headers/Public/React-jsinspectornetwork -I/Users/zevia/code/ai/sales-recorder/ios/Pods/Headers/Public/React-jsinspectortracing -I/Users/zevia/code/ai/sales-recorder/ios/Pods/Headers/Public/React-jsitooling -I/Users/zevia/code/ai/sales-recorder/ios/Pods/Headers/Public/React-logger -I/Users/zevia/code/ai/sales-recorder/ios/Pods/Headers/Public/React-microtasksnativemodule -I/Users/zevia/code/ai/sales-recorder/ios/Pods/Headers/Public/React-oscompat -I/Users/zevia/code/ai/sales-recorder/ios/Pods/Headers/Public/React-perflogger -I/Users/zevia/code/ai/sales-recorder/ios/Pods/Headers/Public/React-performancetimeline -I/Users/zevia/code/ai/sales-recorder/ios/Pods/Headers/Public/React-rendererconsistency -I/Users/zevia/code/ai/sales-recorder/ios/Pods/Headers/Public/React-renderercss -I/Users/zevia/code/ai/sales-recorder/ios/Pods/Headers/Public/React-rendererdebug -I/Users/zevia/code/ai/sales-recorder/ios/Pods/Headers/Public/React-runtimeexecutor -I/Users/zevia/code/ai/sales-recorder/ios/Pods/Headers/Public/React-runtimescheduler -I/Users/zevia/code/ai/sales-recorder/ios/Pods/Headers/Public/React-timing -I/Users/zevia/code/ai/sales-recorder/ios/Pods/Headers/Public/React-utils -I/Users/zevia/code/ai/sales-recorder/ios/Pods/Headers/Public/ReactCodegen -I/Users/zevia/code/ai/sales-recorder/ios/Pods/Headers/Public/ReactCommon -I/Users/zevia/code/ai/sales-recorder/ios/Pods/Headers/Public/Yoga -I/Users/zevia/code/ai/sales-recorder/ios/Pods/Headers/Public/boost -I/Users/zevia/code/ai/sales-recorder/ios/Pods/Headers/Public/fast_float -I/Users/zevia/code/ai/sales-recorder/ios/Pods/Headers/Public/fmt -I/Users/zevia/code/ai/sales-recorder/ios/Pods/Headers/Public/glog -I/Users/zevia/code/ai/sales-recorder/ios/Pods/Headers/Public/hermes-engine -I/Users/zevia/code/ai/sales-recorder/ios/Pods/ReactNativeDependencies -I/Users/zevia/code/ai/sales-recorder/ios/Pods/Headers/Public/ReactCodegen/react/renderer/components -I/Users/zevia/code/ai/sales-recorder/ios/Pods/Headers/Private/React-Fabric -I/Users/zevia/code/ai/sales-recorder/ios/Pods/Headers/Private/React-RCTFabric -I/Users/zevia/code/ai/sales-recorder/ios/Pods/Headers/Private/Yoga -I/Users/zevia/code/ai/sales-recorder/ios/build/generated/ios -I/Users/zevia/code/ai/sales-recorder/ios/Pods/glog -I/Users/zevia/code/ai/sales-recorder/ios/Pods/boost -I/Users/zevia/code/ai/sales-recorder/ios/Pods/DoubleConversion -I/Users/zevia/code/ai/sales-recorder/ios/Pods/fast_float/include -I/Users/zevia/code/ai/sales-recorder/ios/Pods/fmt/include -I/Users/zevia/code/ai/sales-recorder/ios/Pods/SocketRocket -I/Users/zevia/code/ai/sales-recorder/ios/Pods/RCT-Folly -I/Users/zevia/code/ai/sales-recorder/ios/build/Build/Intermediates.noindex/Pods.build/Release-iphonesimulator/ReactCodegen.build/DerivedSources-normal/x86_64 -I/Users/zevia/code/ai/sales-recorder/ios/build/Build/Intermediates.noindex/Pods.build/Release-iphonesimulator/ReactCodegen.build/DerivedSources/x86_64 -I/Users/zevia/code/ai/sales-recorder/ios/build/Build/Intermediates.noindex/Pods.build/Release-iphonesimulator/ReactCodegen.build/DerivedSources -F/Users/zevia/code/ai/sales-recorder/ios/build/Build/Products/Release-iphonesimulator/ReactCodegen -F/Users/zevia/code/ai/sales-recorder/ios/Pods/hermes-engine/destroot/Library/Frameworks/universal -F/Users/zevia/code/ai/sales-recorder/ios/build/Build/Products/Release-iphonesimulator/XCFrameworkIntermediates/hermes-engine/Pre-built '-fmodule-map-file=/Users/zevia/code/ai/sales-recorder/ios/Pods/Headers/Public/DoubleConversion/DoubleConversion.modulemap' '-fmodule-map-file=/Users/zevia/code/ai/sales-recorder/ios/Pods/Headers/Public/RCTDeprecation/RCTDeprecation.modulemap' '-fmodule-map-file=/Users/zevia/code/ai/sales-recorder/ios/Pods/Headers/Public/RCTFabric/React-RCTFabric.modulemap' '-fmodule-map-file=/Users/zevia/code/ai/sales-recorder/ios/Pods/Headers/Public/RCTImage/React-RCTImage.modulemap' '-fmodule-map-file=/Users/zevia/code/ai/sales-recorder/ios/Pods/Headers/Public/RCTRuntime/React-RCTRuntime.modulemap' '-fmodule-map-file=/Users/zevia/code/ai/sales-recorder/ios/Pods/Headers/Public/RCTTypeSafety/RCTTypeSafety.modulemap' '-fmodule-map-file=/Users/zevia/code/ai/sales-recorder/ios/Pods/Headers/Public/React/React-Core.modulemap' '-fmodule-map-file=/Users/zevia/code/ai/sales-recorder/ios/Pods/Headers/Public/ReactCommon/ReactCommon.modulemap' '-fmodule-map-file=/Users/zevia/code/ai/sales-recorder/ios/Pods/Headers/Public/React_Fabric/React-Fabric.modulemap' '-fmodule-map-file=/Users/zevia/code/ai/sales-recorder/ios/Pods/Headers/Public/React_FabricComponents/React-FabricComponents.modulemap' '-fmodule-map-file=/Users/zevia/code/ai/sales-recorder/ios/Pods/Headers/Public/React_NativeModulesApple/React-NativeModulesApple.modulemap' '-fmodule-map-file=/Users/zevia/code/ai/sales-recorder/ios/Pods/Headers/Public/React_RCTAppDelegate/React-RCTAppDelegate.modulemap' '-fmodule-map-file=/Users/zevia/code/ai/sales-recorder/ios/Pods/Headers/Public/React_runtimeexecutor/React-runtimeexecutor.modulemap' '-fmodule-map-file=/Users/zevia/code/ai/sales-recorder/ios/Pods/Headers/Public/SocketRocket/SocketRocket.modulemap' '-fmodule-map-file=/Users/zevia/code/ai/sales-recorder/ios/Pods/Headers/Public/fmt/fmt.modulemap' '-fmodule-map-file=/Users/zevia/code/ai/sales-recorder/ios/Pods/Headers/Public/folly/RCT-Folly.modulemap' '-fmodule-map-file=/Users/zevia/code/ai/sales-recorder/ios/Pods/Headers/Public/glog/glog.modulemap' '-fmodule-map-file=/Users/zevia/code/ai/sales-recorder/ios/Pods/Headers/Public/jsi/React-jsi.modulemap' '-fmodule-map-file=/Users/zevia/code/ai/sales-recorder/ios/Pods/Headers/Public/jsinspector_modern/React-jsinspector.modulemap' '-fmodule-map-file=/Users/zevia/code/ai/sales-recorder/ios/Pods/Headers/Public/jsinspector_modern_cdp/React-jsinspectorcdp.modulemap' '-fmodule-map-file=/Users/zevia/code/ai/sales-recorder/ios/Pods/Headers/Public/jsinspector_modern_network/React-jsinspectornetwork.modulemap' '-fmodule-map-file=/Users/zevia/code/ai/sales-recorder/ios/Pods/Headers/Public/jsinspector_modern_tracing/React-jsinspectortracing.modulemap' '-fmodule-map-file=/Users/zevia/code/ai/sales-recorder/ios/Pods/Headers/Public/react_debug/React-debug.modulemap' '-fmodule-map-file=/Users/zevia/code/ai/sales-recorder/ios/Pods/Headers/Public/react_featureflags/React-featureflags.modulemap' '-fmodule-map-file=/Users/zevia/code/ai/sales-recorder/ios/Pods/Headers/Public/react_nativemodule_defaults/React-defaultsnativemodule.modulemap' '-fmodule-map-file=/Users/zevia/code/ai/sales-recorder/ios/Pods/Headers/Public/react_nativemodule_dom/React-domnativemodule.modulemap' '-fmodule-map-file=/Users/zevia/code/ai/sales-recorder/ios/Pods/Headers/Public/react_nativemodule_featureflags/React-featureflagsnativemodule.modulemap' '-fmodule-map-file=/Users/zevia/code/ai/sales-recorder/ios/Pods/Headers/Public/react_nativemodule_idlecallbacks/React-idlecallbacksnativemodule.modulemap' '-fmodule-map-file=/Users/zevia/code/ai/sales-recorder/ios/Pods/Headers/Public/react_nativemodule_microtasks/React-microtasksnativemodule.modulemap' '-fmodule-map-file=/Users/zevia/code/ai/sales-recorder/ios/Pods/Headers/Public/react_renderer_css/React-renderercss.modulemap' '-fmodule-map-file=/Users/zevia/code/ai/sales-recorder/ios/Pods/Headers/Public/react_renderer_debug/React-rendererdebug.modulemap' '-fmodule-map-file=/Users/zevia/code/ai/sales-recorder/ios/Pods/Headers/Public/react_renderer_graphics/React-graphics.modulemap' '-fmodule-map-file=/Users/zevia/code/ai/sales-recorder/ios/Pods/Headers/Public/react_renderer_imagemanager/React-ImageManager.modulemap' '-fmodule-map-file=/Users/zevia/code/ai/sales-recorder/ios/Pods/Headers/Public/react_runtime/React-jsitooling.modulemap' '-fmodule-map-file=/Users/zevia/code/ai/sales-recorder/ios/Pods/Headers/Public/react_utils/React-utils.modulemap' '-fmodule-map-file=/Users/zevia/code/ai/sales-recorder/ios/Pods/Headers/Public/reacthermes/React-hermes.modulemap' '-fmodule-map-file=/Users/zevia/code/ai/sales-recorder/ios/Pods/Headers/Public/yoga/Yoga.modulemap' -DNDEBUG '-DFOLLY_MOBILE=1' '-DFOLLY_USE_LIBCPP=1' '-DFOLLY_CFG_NO_COROUTINES=1' '-DFOLLY_HAVE_CLOCK_GETTIME=1' -DNDEBUG

WriteAuxiliaryFile /Users/zevia/code/ai/sales-recorder/ios/build/Build/Intermediates.noindex/Pods.build/Release-iphonesimulator/ReactCodegen.build/Objects-normal/x86_64/ReactCodegen.LinkFileList (in target 'ReactCodegen' from project 'Pods')
    cd /Users/zevia/code/ai/sales-recorder/ios/Pods
    write-file /Users/zevia/code/ai/sales-recorder/ios/build/Build/Intermediates.noindex/Pods.build/Release-iphonesimulator/ReactCodegen.build/Objects-normal/x86_64/ReactCodegen.LinkFileList

WriteAuxiliaryFile /Users/zevia/code/ai/sales-recorder/ios/build/Build/Intermediates.noindex/Pods.build/Release-iphonesimulator/ReactCodegen.build/Objects-normal/arm64/e6072d4f65d7061329687fe24e3d63a7-common-args.resp (in target 'ReactCodegen' from project 'Pods')
    cd /Users/zevia/code/ai/sales-recorder/ios/Pods
    write-file /Users/zevia/code/ai/sales-recorder/ios/build/Build/Intermediates.noindex/Pods.build/Release-iphonesimulator/ReactCodegen.build/Objects-normal/arm64/e6072d4f65d7061329687fe24e3d63a7-common-args.resp
-target arm64-apple-ios15.1-simulator '-std=gnu11' -fobjc-arc -fmodules '-fmodules-cache-path=/Users/zevia/code/ai/sales-recorder/ios/build/ModuleCache.noindex' -fpascal-strings -Os -fno-common '-DPOD_CONFIGURATION_RELEASE=1' '-DCOCOAPODS=1' '-DNS_BLOCK_ASSERTIONS=1' '-DOBJC_OLD_DISPATCH_PROTOTYPES=0' -isysroot /Applications/Xcode.app/Contents/Developer/Platforms/iPhoneSimulator.platform/Developer/SDKs/iPhoneSimulator26.2.sdk -g '-fobjc-abi-version=2' -fobjc-legacy-dispatch -iquote /Users/zevia/code/ai/sales-recorder/ios/build/Build/Intermediates.noindex/Pods.build/Release-iphonesimulator/ReactCodegen.build/ReactCodegen-generated-files.hmap -I/Users/zevia/code/ai/sales-recorder/ios/build/Build/Intermediates.noindex/Pods.build/Release-iphonesimulator/ReactCodegen.build/ReactCodegen-own-target-headers.hmap -I/Users/zevia/code/ai/sales-recorder/ios/build/Build/Intermediates.noindex/Pods.build/Release-iphonesimulator/ReactCodegen.build/ReactCodegen-all-non-framework-target-headers.hmap -ivfsoverlay /Users/zevia/code/ai/sales-recorder/ios/build/Build/Intermediates.noindex/Pods.build/Release-iphonesimulator/Pods-8699adb1dd336b26511df848a716bd42-VFS-iphonesimulator/all-product-headers.yaml -iquote /Users/zevia/code/ai/sales-recorder/ios/build/Build/Intermediates.noindex/Pods.build/Release-iphonesimulator/ReactCodegen.build/ReactCodegen-project-headers.hmap -I/Users/zevia/code/ai/sales-recorder/ios/build/Build/Products/Release-iphonesimulator/ReactCodegen/include -I/Users/zevia/code/ai/sales-recorder/ios/Pods/Headers/Private -I/Users/zevia/code/ai/sales-recorder/ios/Pods/Headers/Private/ReactCodegen -I/Users/zevia/code/ai/sales-recorder/ios/Pods/Headers/Public -I/Users/zevia/code/ai/sales-recorder/ios/Pods/Headers/Public/DoubleConversion -I/Users/zevia/code/ai/sales-recorder/ios/Pods/Headers/Public/FBLazyVector -I/Users/zevia/code/ai/sales-recorder/ios/Pods/Headers/Public/RCT-Folly -I/Users/zevia/code/ai/sales-recorder/ios/Pods/Headers/Public/RCTRequired -I/Users/zevia/code/ai/sales-recorder/ios/Pods/Headers/Public/RCTTypeSafety -I/Users/zevia/code/ai/sales-recorder/ios/Pods/Headers/Public/React-Core -I/Users/zevia/code/ai/sales-recorder/ios/Pods/Headers/Public/React-Fabric -I/Users/zevia/code/ai/sales-recorder/ios/Pods/Headers/Public/React-FabricComponents -I/Users/zevia/code/ai/sales-recorder/ios/Pods/Headers/Public/React-FabricImage -I/Users/zevia/code/ai/sales-recorder/ios/Pods/Headers/Public/React-ImageManager -I/Users/zevia/code/ai/sales-recorder/ios/Pods/Headers/Public/React-Mapbuffer -I/Users/zevia/code/ai/sales-recorder/ios/Pods/Headers/Public/React-NativeModulesApple -I/Users/zevia/code/ai/sales-recorder/ios/Pods/Headers/Public/React-RCTAnimation -I/Users/zevia/code/ai/sales-recorder/ios/Pods/Headers/Public/React-RCTBlob -I/Users/zevia/code/ai/sales-recorder/ios/Pods/Headers/Public/React-RCTFBReactNativeSpec -I/Users/zevia/code/ai/sales-recorder/ios/Pods/Headers/Public/React-RCTFabric -I/Users/zevia/code/ai/sales-recorder/ios/Pods/Headers/Public/React-RCTRuntime -I/Users/zevia/code/ai/sales-recorder/ios/Pods/Headers/Public/React-RCTText -I/Users/zevia/code/ai/sales-recorder/ios/Pods/Headers/Public/React-RuntimeApple -I/Users/zevia/code/ai/sales-recorder/ios/Pods/Headers/Public/React-RuntimeCore -I/Users/zevia/code/ai/sales-recorder/ios/Pods/Headers/Public/React-RuntimeHermes -I/Users/zevia/code/ai/sales-recorder/ios/Pods/Headers/Public/React-callinvoker -I/Users/zevia/code/ai/sales-recorder/ios/Pods/Headers/Public/React-cxxreact -I/Users/zevia/code/ai/sales-recorder/ios/Pods/Headers/Public/React-debug -I/Users/zevia/code/ai/sales-recorder/ios/Pods/Headers/Public/React-defaultsnativemodule -I/Users/zevia/code/ai/sales-recorder/ios/Pods/Headers/Public/React-domnativemodule -I/Users/zevia/code/ai/sales-recorder/ios/Pods/Headers/Public/React-featureflags -I/Users/zevia/code/ai/sales-recorder/ios/Pods/Headers/Public/React-featureflagsnativemodule -I/Users/zevia/code/ai/sales-recorder/ios/Pods/Headers/Public/React-graphics -I/Users/zevia/code/ai/sales-recorder/ios/Pods/Headers/Public/React-hermes -I/Users/zevia/code/ai/sales-recorder/ios/Pods/Headers/Public/React-idlecallbacksnativemodule -I/Users/zevia/code/ai/sales-recorder/ios/Pods/Headers/Public/React-jserrorhandler -I/Users/zevia/code/ai/sales-recorder/ios/Pods/Headers/Public/React-jsi -I/Users/zevia/code/ai/sales-recorder/ios/Pods/Headers/Public/React-jsiexecutor -I/Users/zevia/code/ai/sales-recorder/ios/Pods/Headers/Public/React-jsinspector -I/Users/zevia/code/ai/sales-recorder/ios/Pods/Headers/Public/React-jsinspectorcdp -I/Users/zevia/code/ai/sales-recorder/ios/Pods/Headers/Public/React-jsinspectornetwork -I/Users/zevia/code/ai/sales-recorder/ios/Pods/Headers/Public/React-jsinspectortracing -I/Users/zevia/code/ai/sales-recorder/ios/Pods/Headers/Public/React-jsitooling -I/Users/zevia/code/ai/sales-recorder/ios/Pods/Headers/Public/React-logger -I/Users/zevia/code/ai/sales-recorder/ios/Pods/Headers/Public/React-microtasksnativemodule -I/Users/zevia/code/ai/sales-recorder/ios/Pods/Headers/Public/React-oscompat -I/Users/zevia/code/ai/sales-recorder/ios/Pods/Headers/Public/React-perflogger -I/Users/zevia/code/ai/sales-recorder/ios/Pods/Headers/Public/React-performancetimeline -I/Users/zevia/code/ai/sales-recorder/ios/Pods/Headers/Public/React-rendererconsistency -I/Users/zevia/code/ai/sales-recorder/ios/Pods/Headers/Public/React-renderercss -I/Users/zevia/code/ai/sales-recorder/ios/Pods/Headers/Public/React-rendererdebug -I/Users/zevia/code/ai/sales-recorder/ios/Pods/Headers/Public/React-runtimeexecutor -I/Users/zevia/code/ai/sales-recorder/ios/Pods/Headers/Public/React-runtimescheduler -I/Users/zevia/code/ai/sales-recorder/ios/Pods/Headers/Public/React-timing -I/Users/zevia/code/ai/sales-recorder/ios/Pods/Headers/Public/React-utils -I/Users/zevia/code/ai/sales-recorder/ios/Pods/Headers/Public/ReactCodegen -I/Users/zevia/code/ai/sales-recorder/ios/Pods/Headers/Public/ReactCommon -I/Users/zevia/code/ai/sales-recorder/ios/Pods/Headers/Public/Yoga -I/Users/zevia/code/ai/sales-recorder/ios/Pods/Headers/Public/boost -I/Users/zevia/code/ai/sales-recorder/ios/Pods/Headers/Public/fast_float -I/Users/zevia/code/ai/sales-recorder/ios/Pods/Headers/Public/fmt -I/Users/zevia/code/ai/sales-recorder/ios/Pods/Headers/Public/glog -I/Users/zevia/code/ai/sales-recorder/ios/Pods/Headers/Public/hermes-engine -I/Users/zevia/code/ai/sales-recorder/ios/Pods/ReactNativeDependencies -I/Users/zevia/code/ai/sales-recorder/ios/Pods/Headers/Public/ReactCodegen/react/renderer/components -I/Users/zevia/code/ai/sales-recorder/ios/Pods/Headers/Private/React-Fabric -I/Users/zevia/code/ai/sales-recorder/ios/Pods/Headers/Private/React-RCTFabric -I/Users/zevia/code/ai/sales-recorder/ios/Pods/Headers/Private/Yoga -I/Users/zevia/code/ai/sales-recorder/ios/build/generated/ios -I/Users/zevia/code/ai/sales-recorder/ios/Pods/glog -I/Users/zevia/code/ai/sales-recorder/ios/Pods/boost -I/Users/zevia/code/ai/sales-recorder/ios/Pods/DoubleConversion -I/Users/zevia/code/ai/sales-recorder/ios/Pods/fast_float/include -I/Users/zevia/code/ai/sales-recorder/ios/Pods/fmt/include -I/Users/zevia/code/ai/sales-recorder/ios/Pods/SocketRocket -I/Users/zevia/code/ai/sales-recorder/ios/Pods/RCT-Folly -I/Users/zevia/code/ai/sales-recorder/ios/build/Build/Intermediates.noindex/Pods.build/Release-iphonesimulator/ReactCodegen.build/DerivedSources-normal/arm64 -I/Users/zevia/code/ai/sales-recorder/ios/build/Build/Intermediates.noindex/Pods.build/Release-iphonesimulator/ReactCodegen.build/DerivedSources/arm64 -I/Users/zevia/code/ai/sales-recorder/ios/build/Build/Intermediates.noindex/Pods.build/Release-iphonesimulator/ReactCodegen.build/DerivedSources -F/Users/zevia/code/ai/sales-recorder/ios/build/Build/Products/Release-iphonesimulator/ReactCodegen -F/Users/zevia/code/ai/sales-recorder/ios/Pods/hermes-engine/destroot/Library/Frameworks/universal -F/Users/zevia/code/ai/sales-recorder/ios/build/Build/Products/Release-iphonesimulator/XCFrameworkIntermediates/hermes-engine/Pre-built '-fmodule-map-file=/Users/zevia/code/ai/sales-recorder/ios/Pods/Headers/Public/DoubleConversion/DoubleConversion.modulemap' '-fmodule-map-file=/Users/zevia/code/ai/sales-recorder/ios/Pods/Headers/Public/RCTDeprecation/RCTDeprecation.modulemap' '-fmodule-map-file=/Users/zevia/code/ai/sales-recorder/ios/Pods/Headers/Public/RCTFabric/React-RCTFabric.modulemap' '-fmodule-map-file=/Users/zevia/code/ai/sales-recorder/ios/Pods/Headers/Public/RCTImage/React-RCTImage.modulemap' '-fmodule-map-file=/Users/zevia/code/ai/sales-recorder/ios/Pods/Headers/Public/RCTRuntime/React-RCTRuntime.modulemap' '-fmodule-map-file=/Users/zevia/code/ai/sales-recorder/ios/Pods/Headers/Public/RCTTypeSafety/RCTTypeSafety.modulemap' '-fmodule-map-file=/Users/zevia/code/ai/sales-recorder/ios/Pods/Headers/Public/React/React-Core.modulemap' '-fmodule-map-file=/Users/zevia/code/ai/sales-recorder/ios/Pods/Headers/Public/ReactCommon/ReactCommon.modulemap' '-fmodule-map-file=/Users/zevia/code/ai/sales-recorder/ios/Pods/Headers/Public/React_Fabric/React-Fabric.modulemap' '-fmodule-map-file=/Users/zevia/code/ai/sales-recorder/ios/Pods/Headers/Public/React_FabricComponents/React-FabricComponents.modulemap' '-fmodule-map-file=/Users/zevia/code/ai/sales-recorder/ios/Pods/Headers/Public/React_NativeModulesApple/React-NativeModulesApple.modulemap' '-fmodule-map-file=/Users/zevia/code/ai/sales-recorder/ios/Pods/Headers/Public/React_RCTAppDelegate/React-RCTAppDelegate.modulemap' '-fmodule-map-file=/Users/zevia/code/ai/sales-recorder/ios/Pods/Headers/Public/React_runtimeexecutor/React-runtimeexecutor.modulemap' '-fmodule-map-file=/Users/zevia/code/ai/sales-recorder/ios/Pods/Headers/Public/SocketRocket/SocketRocket.modulemap' '-fmodule-map-file=/Users/zevia/code/ai/sales-recorder/ios/Pods/Headers/Public/fmt/fmt.modulemap' '-fmodule-map-file=/Users/zevia/code/ai/sales-recorder/ios/Pods/Headers/Public/folly/RCT-Folly.modulemap' '-fmodule-map-file=/Users/zevia/code/ai/sales-recorder/ios/Pods/Headers/Public/glog/glog.modulemap' '-fmodule-map-file=/Users/zevia/code/ai/sales-recorder/ios/Pods/Headers/Public/jsi/React-jsi.modulemap' '-fmodule-map-file=/Users/zevia/code/ai/sales-recorder/ios/Pods/Headers/Public/jsinspector_modern/React-jsinspector.modulemap' '-fmodule-map-file=/Users/zevia/code/ai/sales-recorder/ios/Pods/Headers/Public/jsinspector_modern_cdp/React-jsinspectorcdp.modulemap' '-fmodule-map-file=/Users/zevia/code/ai/sales-recorder/ios/Pods/Headers/Public/jsinspector_modern_network/React-jsinspectornetwork.modulemap' '-fmodule-map-file=/Users/zevia/code/ai/sales-recorder/ios/Pods/Headers/Public/jsinspector_modern_tracing/React-jsinspectortracing.modulemap' '-fmodule-map-file=/Users/zevia/code/ai/sales-recorder/ios/Pods/Headers/Public/react_debug/React-debug.modulemap' '-fmodule-map-file=/Users/zevia/code/ai/sales-recorder/ios/Pods/Headers/Public/react_featureflags/React-featureflags.modulemap' '-fmodule-map-file=/Users/zevia/code/ai/sales-recorder/ios/Pods/Headers/Public/react_nativemodule_defaults/React-defaultsnativemodule.modulemap' '-fmodule-map-file=/Users/zevia/code/ai/sales-recorder/ios/Pods/Headers/Public/react_nativemodule_dom/React-domnativemodule.modulemap' '-fmodule-map-file=/Users/zevia/code/ai/sales-recorder/ios/Pods/Headers/Public/react_nativemodule_featureflags/React-featureflagsnativemodule.modulemap' '-fmodule-map-file=/Users/zevia/code/ai/sales-recorder/ios/Pods/Headers/Public/react_nativemodule_idlecallbacks/React-idlecallbacksnativemodule.modulemap' '-fmodule-map-file=/Users/zevia/code/ai/sales-recorder/ios/Pods/Headers/Public/react_nativemodule_microtasks/React-microtasksnativemodule.modulemap' '-fmodule-map-file=/Users/zevia/code/ai/sales-recorder/ios/Pods/Headers/Public/react_renderer_css/React-renderercss.modulemap' '-fmodule-map-file=/Users/zevia/code/ai/sales-recorder/ios/Pods/Headers/Public/react_renderer_debug/React-rendererdebug.modulemap' '-fmodule-map-file=/Users/zevia/code/ai/sales-recorder/ios/Pods/Headers/Public/react_renderer_graphics/React-graphics.modulemap' '-fmodule-map-file=/Users/zevia/code/ai/sales-recorder/ios/Pods/Headers/Public/react_renderer_imagemanager/React-ImageManager.modulemap' '-fmodule-map-file=/Users/zevia/code/ai/sales-recorder/ios/Pods/Headers/Public/react_runtime/React-jsitooling.modulemap' '-fmodule-map-file=/Users/zevia/code/ai/sales-recorder/ios/Pods/Headers/Public/react_utils/React-utils.modulemap' '-fmodule-map-file=/Users/zevia/code/ai/sales-recorder/ios/Pods/Headers/Public/reacthermes/React-hermes.modulemap' '-fmodule-map-file=/Users/zevia/code/ai/sales-recorder/ios/Pods/Headers/Public/yoga/Yoga.modulemap' -DNDEBUG

WriteAuxiliaryFile /Users/zevia/code/ai/sales-recorder/ios/build/Build/Intermediates.noindex/Pods.build/Release-iphonesimulator/ReactCodegen.build/Objects-normal/arm64/af3fcb34312c57c0f52879cdce924b91-common-args.resp (in target 'ReactCodegen' from project 'Pods')
    cd /Users/zevia/code/ai/sales-recorder/ios/Pods
    write-file /Users/zevia/code/ai/sales-recorder/ios/build/Build/Intermediates.noindex/Pods.build/Release-iphonesimulator/ReactCodegen.build/Objects-normal/arm64/af3fcb34312c57c0f52879cdce924b91-common-args.resp
-target arm64-apple-ios15.1-simulator '-std=c++20' '-stdlib=libc++' -fobjc-arc -fmodules -fno-cxx-modules '-fmodules-cache-path=/Users/zevia/code/ai/sales-recorder/ios/build/ModuleCache.noindex' -fpascal-strings -Os -fno-common '-DPOD_CONFIGURATION_RELEASE=1' '-DCOCOAPODS=1' '-DNS_BLOCK_ASSERTIONS=1' '-DOBJC_OLD_DISPATCH_PROTOTYPES=0' -isysroot /Applications/Xcode.app/Contents/Developer/Platforms/iPhoneSimulator.platform/Developer/SDKs/iPhoneSimulator26.2.sdk -g '-fobjc-abi-version=2' -fobjc-legacy-dispatch -iquote /Users/zevia/code/ai/sales-recorder/ios/build/Build/Intermediates.noindex/Pods.build/Release-iphonesimulator/ReactCodegen.build/ReactCodegen-generated-files.hmap -I/Users/zevia/code/ai/sales-recorder/ios/build/Build/Intermediates.noindex/Pods.build/Release-iphonesimulator/ReactCodegen.build/ReactCodegen-own-target-headers.hmap -I/Users/zevia/code/ai/sales-recorder/ios/build/Build/Intermediates.noindex/Pods.build/Release-iphonesimulator/ReactCodegen.build/ReactCodegen-all-non-framework-target-headers.hmap -ivfsoverlay /Users/zevia/code/ai/sales-recorder/ios/build/Build/Intermediates.noindex/Pods.build/Release-iphonesimulator/Pods-8699adb1dd336b26511df848a716bd42-VFS-iphonesimulator/all-product-headers.yaml -iquote /Users/zevia/code/ai/sales-recorder/ios/build/Build/Intermediates.noindex/Pods.build/Release-iphonesimulator/ReactCodegen.build/ReactCodegen-project-headers.hmap -I/Users/zevia/code/ai/sales-recorder/ios/build/Build/Products/Release-iphonesimulator/ReactCodegen/include -I/Users/zevia/code/ai/sales-recorder/ios/Pods/Headers/Private -I/Users/zevia/code/ai/sales-recorder/ios/Pods/Headers/Private/ReactCodegen -I/Users/zevia/code/ai/sales-recorder/ios/Pods/Headers/Public -I/Users/zevia/code/ai/sales-recorder/ios/Pods/Headers/Public/DoubleConversion -I/Users/zevia/code/ai/sales-recorder/ios/Pods/Headers/Public/FBLazyVector -I/Users/zevia/code/ai/sales-recorder/ios/Pods/Headers/Public/RCT-Folly -I/Users/zevia/code/ai/sales-recorder/ios/Pods/Headers/Public/RCTRequired -I/Users/zevia/code/ai/sales-recorder/ios/Pods/Headers/Public/RCTTypeSafety -I/Users/zevia/code/ai/sales-recorder/ios/Pods/Headers/Public/React-Core -I/Users/zevia/code/ai/sales-recorder/ios/Pods/Headers/Public/React-Fabric -I/Users/zevia/code/ai/sales-recorder/ios/Pods/Headers/Public/React-FabricComponents -I/Users/zevia/code/ai/sales-recorder/ios/Pods/Headers/Public/React-FabricImage -I/Users/zevia/code/ai/sales-recorder/ios/Pods/Headers/Public/React-ImageManager -I/Users/zevia/code/ai/sales-recorder/ios/Pods/Headers/Public/React-Mapbuffer -I/Users/zevia/code/ai/sales-recorder/ios/Pods/Headers/Public/React-NativeModulesApple -I/Users/zevia/code/ai/sales-recorder/ios/Pods/Headers/Public/React-RCTAnimation -I/Users/zevia/code/ai/sales-recorder/ios/Pods/Headers/Public/React-RCTBlob -I/Users/zevia/code/ai/sales-recorder/ios/Pods/Headers/Public/React-RCTFBReactNativeSpec -I/Users/zevia/code/ai/sales-recorder/ios/Pods/Headers/Public/React-RCTFabric -I/Users/zevia/code/ai/sales-recorder/ios/Pods/Headers/Public/React-RCTRuntime -I/Users/zevia/code/ai/sales-recorder/ios/Pods/Headers/Public/React-RCTText -I/Users/zevia/code/ai/sales-recorder/ios/Pods/Headers/Public/React-RuntimeApple -I/Users/zevia/code/ai/sales-recorder/ios/Pods/Headers/Public/React-RuntimeCore -I/Users/zevia/code/ai/sales-recorder/ios/Pods/Headers/Public/React-RuntimeHermes -I/Users/zevia/code/ai/sales-recorder/ios/Pods/Headers/Public/React-callinvoker -I/Users/zevia/code/ai/sales-recorder/ios/Pods/Headers/Public/React-cxxreact -I/Users/zevia/code/ai/sales-recorder/ios/Pods/Headers/Public/React-debug -I/Users/zevia/code/ai/sales-recorder/ios/Pods/Headers/Public/React-defaultsnativemodule -I/Users/zevia/code/ai/sales-recorder/ios/Pods/Headers/Public/React-domnativemodule -I/Users/zevia/code/ai/sales-recorder/ios/Pods/Headers/Public/React-featureflags -I/Users/zevia/code/ai/sales-recorder/ios/Pods/Headers/Public/React-featureflagsnativemodule -I/Users/zevia/code/ai/sales-recorder/ios/Pods/Headers/Public/React-graphics -I/Users/zevia/code/ai/sales-recorder/ios/Pods/Headers/Public/React-hermes -I/Users/zevia/code/ai/sales-recorder/ios/Pods/Headers/Public/React-idlecallbacksnativemodule -I/Users/zevia/code/ai/sales-recorder/ios/Pods/Headers/Public/React-jserrorhandler -I/Users/zevia/code/ai/sales-recorder/ios/Pods/Headers/Public/React-jsi -I/Users/zevia/code/ai/sales-recorder/ios/Pods/Headers/Public/React-jsiexecutor -I/Users/zevia/code/ai/sales-recorder/ios/Pods/Headers/Public/React-jsinspector -I/Users/zevia/code/ai/sales-recorder/ios/Pods/Headers/Public/React-jsinspectorcdp -I/Users/zevia/code/ai/sales-recorder/ios/Pods/Headers/Public/React-jsinspectornetwork -I/Users/zevia/code/ai/sales-recorder/ios/Pods/Headers/Public/React-jsinspectortracing -I/Users/zevia/code/ai/sales-recorder/ios/Pods/Headers/Public/React-jsitooling -I/Users/zevia/code/ai/sales-recorder/ios/Pods/Headers/Public/React-logger -I/Users/zevia/code/ai/sales-recorder/ios/Pods/Headers/Public/React-microtasksnativemodule -I/Users/zevia/code/ai/sales-recorder/ios/Pods/Headers/Public/React-oscompat -I/Users/zevia/code/ai/sales-recorder/ios/Pods/Headers/Public/React-perflogger -I/Users/zevia/code/ai/sales-recorder/ios/Pods/Headers/Public/React-performancetimeline -I/Users/zevia/code/ai/sales-recorder/ios/Pods/Headers/Public/React-rendererconsistency -I/Users/zevia/code/ai/sales-recorder/ios/Pods/Headers/Public/React-renderercss -I/Users/zevia/code/ai/sales-recorder/ios/Pods/Headers/Public/React-rendererdebug -I/Users/zevia/code/ai/sales-recorder/ios/Pods/Headers/Public/React-runtimeexecutor -I/Users/zevia/code/ai/sales-recorder/ios/Pods/Headers/Public/React-runtimescheduler -I/Users/zevia/code/ai/sales-recorder/ios/Pods/Headers/Public/React-timing -I/Users/zevia/code/ai/sales-recorder/ios/Pods/Headers/Public/React-utils -I/Users/zevia/code/ai/sales-recorder/ios/Pods/Headers/Public/ReactCodegen -I/Users/zevia/code/ai/sales-recorder/ios/Pods/Headers/Public/ReactCommon -I/Users/zevia/code/ai/sales-recorder/ios/Pods/Headers/Public/Yoga -I/Users/zevia/code/ai/sales-recorder/ios/Pods/Headers/Public/boost -I/Users/zevia/code/ai/sales-recorder/ios/Pods/Headers/Public/fast_float -I/Users/zevia/code/ai/sales-recorder/ios/Pods/Headers/Public/fmt -I/Users/zevia/code/ai/sales-recorder/ios/Pods/Headers/Public/glog -I/Users/zevia/code/ai/sales-recorder/ios/Pods/Headers/Public/hermes-engine -I/Users/zevia/code/ai/sales-recorder/ios/Pods/ReactNativeDependencies -I/Users/zevia/code/ai/sales-recorder/ios/Pods/Headers/Public/ReactCodegen/react/renderer/components -I/Users/zevia/code/ai/sales-recorder/ios/Pods/Headers/Private/React-Fabric -I/Users/zevia/code/ai/sales-recorder/ios/Pods/Headers/Private/React-RCTFabric -I/Users/zevia/code/ai/sales-recorder/ios/Pods/Headers/Private/Yoga -I/Users/zevia/code/ai/sales-recorder/ios/build/generated/ios -I/Users/zevia/code/ai/sales-recorder/ios/Pods/glog -I/Users/zevia/code/ai/sales-recorder/ios/Pods/boost -I/Users/zevia/code/ai/sales-recorder/ios/Pods/DoubleConversion -I/Users/zevia/code/ai/sales-recorder/ios/Pods/fast_float/include -I/Users/zevia/code/ai/sales-recorder/ios/Pods/fmt/include -I/Users/zevia/code/ai/sales-recorder/ios/Pods/SocketRocket -I/Users/zevia/code/ai/sales-recorder/ios/Pods/RCT-Folly -I/Users/zevia/code/ai/sales-recorder/ios/build/Build/Intermediates.noindex/Pods.build/Release-iphonesimulator/ReactCodegen.build/DerivedSources-normal/arm64 -I/Users/zevia/code/ai/sales-recorder/ios/build/Build/Intermediates.noindex/Pods.build/Release-iphonesimulator/ReactCodegen.build/DerivedSources/arm64 -I/Users/zevia/code/ai/sales-recorder/ios/build/Build/Intermediates.noindex/Pods.build/Release-iphonesimulator/ReactCodegen.build/DerivedSources -F/Users/zevia/code/ai/sales-recorder/ios/build/Build/Products/Release-iphonesimulator/ReactCodegen -F/Users/zevia/code/ai/sales-recorder/ios/Pods/hermes-engine/destroot/Library/Frameworks/universal -F/Users/zevia/code/ai/sales-recorder/ios/build/Build/Products/Release-iphonesimulator/XCFrameworkIntermediates/hermes-engine/Pre-built '-fmodule-map-file=/Users/zevia/code/ai/sales-recorder/ios/Pods/Headers/Public/DoubleConversion/DoubleConversion.modulemap' '-fmodule-map-file=/Users/zevia/code/ai/sales-recorder/ios/Pods/Headers/Public/RCTDeprecation/RCTDeprecation.modulemap' '-fmodule-map-file=/Users/zevia/code/ai/sales-recorder/ios/Pods/Headers/Public/RCTFabric/React-RCTFabric.modulemap' '-fmodule-map-file=/Users/zevia/code/ai/sales-recorder/ios/Pods/Headers/Public/RCTImage/React-RCTImage.modulemap' '-fmodule-map-file=/Users/zevia/code/ai/sales-recorder/ios/Pods/Headers/Public/RCTRuntime/React-RCTRuntime.modulemap' '-fmodule-map-file=/Users/zevia/code/ai/sales-recorder/ios/Pods/Headers/Public/RCTTypeSafety/RCTTypeSafety.modulemap' '-fmodule-map-file=/Users/zevia/code/ai/sales-recorder/ios/Pods/Headers/Public/React/React-Core.modulemap' '-fmodule-map-file=/Users/zevia/code/ai/sales-recorder/ios/Pods/Headers/Public/ReactCommon/ReactCommon.modulemap' '-fmodule-map-file=/Users/zevia/code/ai/sales-recorder/ios/Pods/Headers/Public/React_Fabric/React-Fabric.modulemap' '-fmodule-map-file=/Users/zevia/code/ai/sales-recorder/ios/Pods/Headers/Public/React_FabricComponents/React-FabricComponents.modulemap' '-fmodule-map-file=/Users/zevia/code/ai/sales-recorder/ios/Pods/Headers/Public/React_NativeModulesApple/React-NativeModulesApple.modulemap' '-fmodule-map-file=/Users/zevia/code/ai/sales-recorder/ios/Pods/Headers/Public/React_RCTAppDelegate/React-RCTAppDelegate.modulemap' '-fmodule-map-file=/Users/zevia/code/ai/sales-recorder/ios/Pods/Headers/Public/React_runtimeexecutor/React-runtimeexecutor.modulemap' '-fmodule-map-file=/Users/zevia/code/ai/sales-recorder/ios/Pods/Headers/Public/SocketRocket/SocketRocket.modulemap' '-fmodule-map-file=/Users/zevia/code/ai/sales-recorder/ios/Pods/Headers/Public/fmt/fmt.modulemap' '-fmodule-map-file=/Users/zevia/code/ai/sales-recorder/ios/Pods/Headers/Public/folly/RCT-Folly.modulemap' '-fmodule-map-file=/Users/zevia/code/ai/sales-recorder/ios/Pods/Headers/Public/glog/glog.modulemap' '-fmodule-map-file=/Users/zevia/code/ai/sales-recorder/ios/Pods/Headers/Public/jsi/React-jsi.modulemap' '-fmodule-map-file=/Users/zevia/code/ai/sales-recorder/ios/Pods/Headers/Public/jsinspector_modern/React-jsinspector.modulemap' '-fmodule-map-file=/Users/zevia/code/ai/sales-recorder/ios/Pods/Headers/Public/jsinspector_modern_cdp/React-jsinspectorcdp.modulemap' '-fmodule-map-file=/Users/zevia/code/ai/sales-recorder/ios/Pods/Headers/Public/jsinspector_modern_network/React-jsinspectornetwork.modulemap' '-fmodule-map-file=/Users/zevia/code/ai/sales-recorder/ios/Pods/Headers/Public/jsinspector_modern_tracing/React-jsinspectortracing.modulemap' '-fmodule-map-file=/Users/zevia/code/ai/sales-recorder/ios/Pods/Headers/Public/react_debug/React-debug.modulemap' '-fmodule-map-file=/Users/zevia/code/ai/sales-recorder/ios/Pods/Headers/Public/react_featureflags/React-featureflags.modulemap' '-fmodule-map-file=/Users/zevia/code/ai/sales-recorder/ios/Pods/Headers/Public/react_nativemodule_defaults/React-defaultsnativemodule.modulemap' '-fmodule-map-file=/Users/zevia/code/ai/sales-recorder/ios/Pods/Headers/Public/react_nativemodule_dom/React-domnativemodule.modulemap' '-fmodule-map-file=/Users/zevia/code/ai/sales-recorder/ios/Pods/Headers/Public/react_nativemodule_featureflags/React-featureflagsnativemodule.modulemap' '-fmodule-map-file=/Users/zevia/code/ai/sales-recorder/ios/Pods/Headers/Public/react_nativemodule_idlecallbacks/React-idlecallbacksnativemodule.modulemap' '-fmodule-map-file=/Users/zevia/code/ai/sales-recorder/ios/Pods/Headers/Public/react_nativemodule_microtasks/React-microtasksnativemodule.modulemap' '-fmodule-map-file=/Users/zevia/code/ai/sales-recorder/ios/Pods/Headers/Public/react_renderer_css/React-renderercss.modulemap' '-fmodule-map-file=/Users/zevia/code/ai/sales-recorder/ios/Pods/Headers/Public/react_renderer_debug/React-rendererdebug.modulemap' '-fmodule-map-file=/Users/zevia/code/ai/sales-recorder/ios/Pods/Headers/Public/react_renderer_graphics/React-graphics.modulemap' '-fmodule-map-file=/Users/zevia/code/ai/sales-recorder/ios/Pods/Headers/Public/react_renderer_imagemanager/React-ImageManager.modulemap' '-fmodule-map-file=/Users/zevia/code/ai/sales-recorder/ios/Pods/Headers/Public/react_runtime/React-jsitooling.modulemap' '-fmodule-map-file=/Users/zevia/code/ai/sales-recorder/ios/Pods/Headers/Public/react_utils/React-utils.modulemap' '-fmodule-map-file=/Users/zevia/code/ai/sales-recorder/ios/Pods/Headers/Public/reacthermes/React-hermes.modulemap' '-fmodule-map-file=/Users/zevia/code/ai/sales-recorder/ios/Pods/Headers/Public/yoga/Yoga.modulemap' -DNDEBUG '-DFOLLY_MOBILE=1' '-DFOLLY_USE_LIBCPP=1' '-DFOLLY_CFG_NO_COROUTINES=1' '-DFOLLY_HAVE_CLOCK_GETTIME=1' -DNDEBUG

WriteAuxiliaryFile /Users/zevia/code/ai/sales-recorder/ios/build/Build/Intermediates.noindex/Pods.build/Release-iphonesimulator/ReactCodegen.build/Objects-normal/arm64/ReactCodegen.LinkFileList (in target 'ReactCodegen' from project 'Pods')
    cd /Users/zevia/code/ai/sales-recorder/ios/Pods
    write-file /Users/zevia/code/ai/sales-recorder/ios/build/Build/Intermediates.noindex/Pods.build/Release-iphonesimulator/ReactCodegen.build/Objects-normal/arm64/ReactCodegen.LinkFileList

WriteAuxiliaryFile /Users/zevia/code/ai/sales-recorder/ios/build/Build/Intermediates.noindex/Pods.build/Release-iphonesimulator/ReactAppDependencyProvider.build/ReactAppDependencyProvider.hmap (in target 'ReactAppDependencyProvider' from project 'Pods')
    cd /Users/zevia/code/ai/sales-recorder/ios/Pods
    write-file /Users/zevia/code/ai/sales-recorder/ios/build/Build/Intermediates.noindex/Pods.build/Release-iphonesimulator/ReactAppDependencyProvider.build/ReactAppDependencyProvider.hmap

WriteAuxiliaryFile /Users/zevia/code/ai/sales-recorder/ios/build/Build/Intermediates.noindex/Pods.build/Release-iphonesimulator/ReactAppDependencyProvider.build/ReactAppDependencyProvider.DependencyStaticMetadataFileList (in target 'ReactAppDependencyProvider' from project 'Pods')
    cd /Users/zevia/code/ai/sales-recorder/ios/Pods
    write-file /Users/zevia/code/ai/sales-recorder/ios/build/Build/Intermediates.noindex/Pods.build/Release-iphonesimulator/ReactAppDependencyProvider.build/ReactAppDependencyProvider.DependencyStaticMetadataFileList

WriteAuxiliaryFile /Users/zevia/code/ai/sales-recorder/ios/build/Build/Intermediates.noindex/Pods.build/Release-iphonesimulator/ReactAppDependencyProvider.build/ReactAppDependencyProvider.DependencyMetadataFileList (in target 'ReactAppDependencyProvider' from project 'Pods')
    cd /Users/zevia/code/ai/sales-recorder/ios/Pods
    write-file /Users/zevia/code/ai/sales-recorder/ios/build/Build/Intermediates.noindex/Pods.build/Release-iphonesimulator/ReactAppDependencyProvider.build/ReactAppDependencyProvider.DependencyMetadataFileList

WriteAuxiliaryFile /Users/zevia/code/ai/sales-recorder/ios/build/Build/Intermediates.noindex/Pods.build/Release-iphonesimulator/ReactAppDependencyProvider.build/ReactAppDependencyProvider-project-headers.hmap (in target 'ReactAppDependencyProvider' from project 'Pods')
    cd /Users/zevia/code/ai/sales-recorder/ios/Pods
    write-file /Users/zevia/code/ai/sales-recorder/ios/build/Build/Intermediates.noindex/Pods.build/Release-iphonesimulator/ReactAppDependencyProvider.build/ReactAppDependencyProvider-project-headers.hmap

WriteAuxiliaryFile /Users/zevia/code/ai/sales-recorder/ios/build/Build/Intermediates.noindex/Pods.build/Release-iphonesimulator/ReactAppDependencyProvider.build/ReactAppDependencyProvider-own-target-headers.hmap (in target 'ReactAppDependencyProvider' from project 'Pods')
    cd /Users/zevia/code/ai/sales-recorder/ios/Pods
    write-file /Users/zevia/code/ai/sales-recorder/ios/build/Build/Intermediates.noindex/Pods.build/Release-iphonesimulator/ReactAppDependencyProvider.build/ReactAppDependencyProvider-own-target-headers.hmap

WriteAuxiliaryFile /Users/zevia/code/ai/sales-recorder/ios/build/Build/Intermediates.noindex/Pods.build/Release-iphonesimulator/ReactAppDependencyProvider.build/ReactAppDependencyProvider-generated-files.hmap (in target 'ReactAppDependencyProvider' from project 'Pods')
    cd /Users/zevia/code/ai/sales-recorder/ios/Pods
    write-file /Users/zevia/code/ai/sales-recorder/ios/build/Build/Intermediates.noindex/Pods.build/Release-iphonesimulator/ReactAppDependencyProvider.build/ReactAppDependencyProvider-generated-files.hmap

WriteAuxiliaryFile /Users/zevia/code/ai/sales-recorder/ios/build/Build/Intermediates.noindex/Pods.build/Release-iphonesimulator/ReactAppDependencyProvider.build/ReactAppDependencyProvider-all-target-headers.hmap (in target 'ReactAppDependencyProvider' from project 'Pods')
    cd /Users/zevia/code/ai/sales-recorder/ios/Pods
    write-file /Users/zevia/code/ai/sales-recorder/ios/build/Build/Intermediates.noindex/Pods.build/Release-iphonesimulator/ReactAppDependencyProvider.build/ReactAppDependencyProvider-all-target-headers.hmap

WriteAuxiliaryFile /Users/zevia/code/ai/sales-recorder/ios/build/Build/Intermediates.noindex/Pods.build/Release-iphonesimulator/ReactAppDependencyProvider.build/ReactAppDependencyProvider-all-non-framework-target-headers.hmap (in target 'ReactAppDependencyProvider' from project 'Pods')
    cd /Users/zevia/code/ai/sales-recorder/ios/Pods
    write-file /Users/zevia/code/ai/sales-recorder/ios/build/Build/Intermediates.noindex/Pods.build/Release-iphonesimulator/ReactAppDependencyProvider.build/ReactAppDependencyProvider-all-non-framework-target-headers.hmap

WriteAuxiliaryFile /Users/zevia/code/ai/sales-recorder/ios/build/Build/Intermediates.noindex/Pods.build/Release-iphonesimulator/ReactAppDependencyProvider.build/Objects-normal/x86_64/e6072d4f65d7061329687fe24e3d63a7-common-args.resp (in target 'ReactAppDependencyProvider' from project 'Pods')
    cd /Users/zevia/code/ai/sales-recorder/ios/Pods
    write-file /Users/zevia/code/ai/sales-recorder/ios/build/Build/Intermediates.noindex/Pods.build/Release-iphonesimulator/ReactAppDependencyProvider.build/Objects-normal/x86_64/e6072d4f65d7061329687fe24e3d63a7-common-args.resp
-target x86_64-apple-ios15.1-simulator '-std=gnu11' -fobjc-arc -fmodules '-fmodules-cache-path=/Users/zevia/code/ai/sales-recorder/ios/build/ModuleCache.noindex' '-fmodule-name=ReactAppDependencyProvider' -fpascal-strings -Os -fno-common '-DPOD_CONFIGURATION_RELEASE=1' '-DCOCOAPODS=1' '-DNS_BLOCK_ASSERTIONS=1' '-DOBJC_OLD_DISPATCH_PROTOTYPES=0' -isysroot /Applications/Xcode.app/Contents/Developer/Platforms/iPhoneSimulator.platform/Developer/SDKs/iPhoneSimulator26.2.sdk -fasm-blocks -g '-fobjc-abi-version=2' -fobjc-legacy-dispatch -iquote /Users/zevia/code/ai/sales-recorder/ios/build/Build/Intermediates.noindex/Pods.build/Release-iphonesimulator/ReactAppDependencyProvider.build/ReactAppDependencyProvider-generated-files.hmap -I/Users/zevia/code/ai/sales-recorder/ios/build/Build/Intermediates.noindex/Pods.build/Release-iphonesimulator/ReactAppDependencyProvider.build/ReactAppDependencyProvider-own-target-headers.hmap -I/Users/zevia/code/ai/sales-recorder/ios/build/Build/Intermediates.noindex/Pods.build/Release-iphonesimulator/ReactAppDependencyProvider.build/ReactAppDependencyProvider-all-non-framework-target-headers.hmap -ivfsoverlay /Users/zevia/code/ai/sales-recorder/ios/build/Build/Intermediates.noindex/Pods.build/Release-iphonesimulator/Pods-8699adb1dd336b26511df848a716bd42-VFS-iphonesimulator/all-product-headers.yaml -iquote /Users/zevia/code/ai/sales-recorder/ios/build/Build/Intermediates.noindex/Pods.build/Release-iphonesimulator/ReactAppDependencyProvider.build/ReactAppDependencyProvider-project-headers.hmap -I/Users/zevia/code/ai/sales-recorder/ios/build/Build/Products/Release-iphonesimulator/ReactAppDependencyProvider/include -I/Users/zevia/code/ai/sales-recorder/ios/Pods/Headers/Private -I/Users/zevia/code/ai/sales-recorder/ios/Pods/Headers/Private/ReactAppDependencyProvider -I/Users/zevia/code/ai/sales-recorder/ios/Pods/Headers/Public -I/Users/zevia/code/ai/sales-recorder/ios/Pods/Headers/Public/DoubleConversion -I/Users/zevia/code/ai/sales-recorder/ios/Pods/Headers/Public/FBLazyVector -I/Users/zevia/code/ai/sales-recorder/ios/Pods/Headers/Public/RCT-Folly -I/Users/zevia/code/ai/sales-recorder/ios/Pods/Headers/Public/RCTRequired -I/Users/zevia/code/ai/sales-recorder/ios/Pods/Headers/Public/RCTTypeSafety -I/Users/zevia/code/ai/sales-recorder/ios/Pods/Headers/Public/React-Core -I/Users/zevia/code/ai/sales-recorder/ios/Pods/Headers/Public/React-Fabric -I/Users/zevia/code/ai/sales-recorder/ios/Pods/Headers/Public/React-FabricComponents -I/Users/zevia/code/ai/sales-recorder/ios/Pods/Headers/Public/React-FabricImage -I/Users/zevia/code/ai/sales-recorder/ios/Pods/Headers/Public/React-ImageManager -I/Users/zevia/code/ai/sales-recorder/ios/Pods/Headers/Public/React-Mapbuffer -I/Users/zevia/code/ai/sales-recorder/ios/Pods/Headers/Public/React-NativeModulesApple -I/Users/zevia/code/ai/sales-recorder/ios/Pods/Headers/Public/React-RCTAnimation -I/Users/zevia/code/ai/sales-recorder/ios/Pods/Headers/Public/React-RCTBlob -I/Users/zevia/code/ai/sales-recorder/ios/Pods/Headers/Public/React-RCTFBReactNativeSpec -I/Users/zevia/code/ai/sales-recorder/ios/Pods/Headers/Public/React-RCTFabric -I/Users/zevia/code/ai/sales-recorder/ios/Pods/Headers/Public/React-RCTRuntime -I/Users/zevia/code/ai/sales-recorder/ios/Pods/Headers/Public/React-RCTText -I/Users/zevia/code/ai/sales-recorder/ios/Pods/Headers/Public/React-RuntimeApple -I/Users/zevia/code/ai/sales-recorder/ios/Pods/Headers/Public/React-RuntimeCore -I/Users/zevia/code/ai/sales-recorder/ios/Pods/Headers/Public/React-RuntimeHermes -I/Users/zevia/code/ai/sales-recorder/ios/Pods/Headers/Public/React-callinvoker -I/Users/zevia/code/ai/sales-recorder/ios/Pods/Headers/Public/React-cxxreact -I/Users/zevia/code/ai/sales-recorder/ios/Pods/Headers/Public/React-debug -I/Users/zevia/code/ai/sales-recorder/ios/Pods/Headers/Public/React-defaultsnativemodule -I/Users/zevia/code/ai/sales-recorder/ios/Pods/Headers/Public/React-domnativemodule -I/Users/zevia/code/ai/sales-recorder/ios/Pods/Headers/Public/React-featureflags -I/Users/zevia/code/ai/sales-recorder/ios/Pods/Headers/Public/React-featureflagsnativemodule -I/Users/zevia/code/ai/sales-recorder/ios/Pods/Headers/Public/React-graphics -I/Users/zevia/code/ai/sales-recorder/ios/Pods/Headers/Public/React-hermes -I/Users/zevia/code/ai/sales-recorder/ios/Pods/Headers/Public/React-idlecallbacksnativemodule -I/Users/zevia/code/ai/sales-recorder/ios/Pods/Headers/Public/React-jserrorhandler -I/Users/zevia/code/ai/sales-recorder/ios/Pods/Headers/Public/React-jsi -I/Users/zevia/code/ai/sales-recorder/ios/Pods/Headers/Public/React-jsiexecutor -I/Users/zevia/code/ai/sales-recorder/ios/Pods/Headers/Public/React-jsinspector -I/Users/zevia/code/ai/sales-recorder/ios/Pods/Headers/Public/React-jsinspectorcdp -I/Users/zevia/code/ai/sales-recorder/ios/Pods/Headers/Public/React-jsinspectornetwork -I/Users/zevia/code/ai/sales-recorder/ios/Pods/Headers/Public/React-jsinspectortracing -I/Users/zevia/code/ai/sales-recorder/ios/Pods/Headers/Public/React-jsitooling -I/Users/zevia/code/ai/sales-recorder/ios/Pods/Headers/Public/React-logger -I/Users/zevia/code/ai/sales-recorder/ios/Pods/Headers/Public/React-microtasksnativemodule -I/Users/zevia/code/ai/sales-recorder/ios/Pods/Headers/Public/React-oscompat -I/Users/zevia/code/ai/sales-recorder/ios/Pods/Headers/Public/React-perflogger -I/Users/zevia/code/ai/sales-recorder/ios/Pods/Headers/Public/React-performancetimeline -I/Users/zevia/code/ai/sales-recorder/ios/Pods/Headers/Public/React-rendererconsistency -I/Users/zevia/code/ai/sales-recorder/ios/Pods/Headers/Public/React-renderercss -I/Users/zevia/code/ai/sales-recorder/ios/Pods/Headers/Public/React-rendererdebug -I/Users/zevia/code/ai/sales-recorder/ios/Pods/Headers/Public/React-runtimeexecutor -I/Users/zevia/code/ai/sales-recorder/ios/Pods/Headers/Public/React-runtimescheduler -I/Users/zevia/code/ai/sales-recorder/ios/Pods/Headers/Public/React-timing -I/Users/zevia/code/ai/sales-recorder/ios/Pods/Headers/Public/React-utils -I/Users/zevia/code/ai/sales-recorder/ios/Pods/Headers/Public/ReactCodegen -I/Users/zevia/code/ai/sales-recorder/ios/Pods/Headers/Public/ReactCommon -I/Users/zevia/code/ai/sales-recorder/ios/Pods/Headers/Public/Yoga -I/Users/zevia/code/ai/sales-recorder/ios/Pods/Headers/Public/boost -I/Users/zevia/code/ai/sales-recorder/ios/Pods/Headers/Public/fast_float -I/Users/zevia/code/ai/sales-recorder/ios/Pods/Headers/Public/fmt -I/Users/zevia/code/ai/sales-recorder/ios/Pods/Headers/Public/glog -I/Users/zevia/code/ai/sales-recorder/ios/Pods/Headers/Public/hermes-engine -I/Users/zevia/code/ai/sales-recorder/ios/build/Build/Intermediates.noindex/Pods.build/Release-iphonesimulator/ReactAppDependencyProvider.build/DerivedSources-normal/x86_64 -I/Users/zevia/code/ai/sales-recorder/ios/build/Build/Intermediates.noindex/Pods.build/Release-iphonesimulator/ReactAppDependencyProvider.build/DerivedSources/x86_64 -I/Users/zevia/code/ai/sales-recorder/ios/build/Build/Intermediates.noindex/Pods.build/Release-iphonesimulator/ReactAppDependencyProvider.build/DerivedSources -F/Users/zevia/code/ai/sales-recorder/ios/build/Build/Products/Release-iphonesimulator/ReactAppDependencyProvider -F/Users/zevia/code/ai/sales-recorder/ios/Pods/hermes-engine/destroot/Library/Frameworks/universal -F/Users/zevia/code/ai/sales-recorder/ios/build/Build/Products/Release-iphonesimulator/XCFrameworkIntermediates/hermes-engine/Pre-built '-fmodule-map-file=/Users/zevia/code/ai/sales-recorder/ios/Pods/Headers/Public/DoubleConversion/DoubleConversion.modulemap' '-fmodule-map-file=/Users/zevia/code/ai/sales-recorder/ios/Pods/Headers/Public/RCTDeprecation/RCTDeprecation.modulemap' '-fmodule-map-file=/Users/zevia/code/ai/sales-recorder/ios/Pods/Headers/Public/RCTFabric/React-RCTFabric.modulemap' '-fmodule-map-file=/Users/zevia/code/ai/sales-recorder/ios/Pods/Headers/Public/RCTImage/React-RCTImage.modulemap' '-fmodule-map-file=/Users/zevia/code/ai/sales-recorder/ios/Pods/Headers/Public/RCTRuntime/React-RCTRuntime.modulemap' '-fmodule-map-file=/Users/zevia/code/ai/sales-recorder/ios/Pods/Headers/Public/RCTTypeSafety/RCTTypeSafety.modulemap' '-fmodule-map-file=/Users/zevia/code/ai/sales-recorder/ios/Pods/Headers/Public/React/React-Core.modulemap' '-fmodule-map-file=/Users/zevia/code/ai/sales-recorder/ios/Pods/Headers/Public/ReactCodegen/ReactCodegen.modulemap' '-fmodule-map-file=/Users/zevia/code/ai/sales-recorder/ios/Pods/Headers/Public/ReactCommon/ReactCommon.modulemap' '-fmodule-map-file=/Users/zevia/code/ai/sales-recorder/ios/Pods/Headers/Public/React_Fabric/React-Fabric.modulemap' '-fmodule-map-file=/Users/zevia/code/ai/sales-recorder/ios/Pods/Headers/Public/React_FabricComponents/React-FabricComponents.modulemap' '-fmodule-map-file=/Users/zevia/code/ai/sales-recorder/ios/Pods/Headers/Public/React_NativeModulesApple/React-NativeModulesApple.modulemap' '-fmodule-map-file=/Users/zevia/code/ai/sales-recorder/ios/Pods/Headers/Public/React_RCTAppDelegate/React-RCTAppDelegate.modulemap' '-fmodule-map-file=/Users/zevia/code/ai/sales-recorder/ios/Pods/Headers/Public/React_runtimeexecutor/React-runtimeexecutor.modulemap' '-fmodule-map-file=/Users/zevia/code/ai/sales-recorder/ios/Pods/Headers/Public/SocketRocket/SocketRocket.modulemap' '-fmodule-map-file=/Users/zevia/code/ai/sales-recorder/ios/Pods/Headers/Public/fmt/fmt.modulemap' '-fmodule-map-file=/Users/zevia/code/ai/sales-recorder/ios/Pods/Headers/Public/folly/RCT-Folly.modulemap' '-fmodule-map-file=/Users/zevia/code/ai/sales-recorder/ios/Pods/Headers/Public/glog/glog.modulemap' '-fmodule-map-file=/Users/zevia/code/ai/sales-recorder/ios/Pods/Headers/Public/jsi/React-jsi.modulemap' '-fmodule-map-file=/Users/zevia/code/ai/sales-recorder/ios/Pods/Headers/Public/jsinspector_modern/React-jsinspector.modulemap' '-fmodule-map-file=/Users/zevia/code/ai/sales-recorder/ios/Pods/Headers/Public/jsinspector_modern_cdp/React-jsinspectorcdp.modulemap' '-fmodule-map-file=/Users/zevia/code/ai/sales-recorder/ios/Pods/Headers/Public/jsinspector_modern_network/React-jsinspectornetwork.modulemap' '-fmodule-map-file=/Users/zevia/code/ai/sales-recorder/ios/Pods/Headers/Public/jsinspector_modern_tracing/React-jsinspectortracing.modulemap' '-fmodule-map-file=/Users/zevia/code/ai/sales-recorder/ios/Pods/Headers/Public/react_debug/React-debug.modulemap' '-fmodule-map-file=/Users/zevia/code/ai/sales-recorder/ios/Pods/Headers/Public/react_featureflags/React-featureflags.modulemap' '-fmodule-map-file=/Users/zevia/code/ai/sales-recorder/ios/Pods/Headers/Public/react_nativemodule_defaults/React-defaultsnativemodule.modulemap' '-fmodule-map-file=/Users/zevia/code/ai/sales-recorder/ios/Pods/Headers/Public/react_nativemodule_dom/React-domnativemodule.modulemap' '-fmodule-map-file=/Users/zevia/code/ai/sales-recorder/ios/Pods/Headers/Public/react_nativemodule_featureflags/React-featureflagsnativemodule.modulemap' '-fmodule-map-file=/Users/zevia/code/ai/sales-recorder/ios/Pods/Headers/Public/react_nativemodule_idlecallbacks/React-idlecallbacksnativemodule.modulemap' '-fmodule-map-file=/Users/zevia/code/ai/sales-recorder/ios/Pods/Headers/Public/react_nativemodule_microtasks/React-microtasksnativemodule.modulemap' '-fmodule-map-file=/Users/zevia/code/ai/sales-recorder/ios/Pods/Headers/Public/react_renderer_css/React-renderercss.modulemap' '-fmodule-map-file=/Users/zevia/code/ai/sales-recorder/ios/Pods/Headers/Public/react_renderer_debug/React-rendererdebug.modulemap' '-fmodule-map-file=/Users/zevia/code/ai/sales-recorder/ios/Pods/Headers/Public/react_renderer_graphics/React-graphics.modulemap' '-fmodule-map-file=/Users/zevia/code/ai/sales-recorder/ios/Pods/Headers/Public/react_renderer_imagemanager/React-ImageManager.modulemap' '-fmodule-map-file=/Users/zevia/code/ai/sales-recorder/ios/Pods/Headers/Public/react_runtime/React-jsitooling.modulemap' '-fmodule-map-file=/Users/zevia/code/ai/sales-recorder/ios/Pods/Headers/Public/react_utils/React-utils.modulemap' '-fmodule-map-file=/Users/zevia/code/ai/sales-recorder/ios/Pods/Headers/Public/reacthermes/React-hermes.modulemap' '-fmodule-map-file=/Users/zevia/code/ai/sales-recorder/ios/Pods/Headers/Public/yoga/Yoga.modulemap' -DNDEBUG

WriteAuxiliaryFile /Users/zevia/code/ai/sales-recorder/ios/build/Build/Intermediates.noindex/Pods.build/Release-iphonesimulator/ReactAppDependencyProvider.build/Objects-normal/x86_64/af3fcb34312c57c0f52879cdce924b91-common-args.resp (in target 'ReactAppDependencyProvider' from project 'Pods')
    cd /Users/zevia/code/ai/sales-recorder/ios/Pods
    write-file /Users/zevia/code/ai/sales-recorder/ios/build/Build/Intermediates.noindex/Pods.build/Release-iphonesimulator/ReactAppDependencyProvider.build/Objects-normal/x86_64/af3fcb34312c57c0f52879cdce924b91-common-args.resp
-target x86_64-apple-ios15.1-simulator '-std=c++20' '-stdlib=libc++' -fobjc-arc -fmodules -fno-cxx-modules '-fmodules-cache-path=/Users/zevia/code/ai/sales-recorder/ios/build/ModuleCache.noindex' '-fmodule-name=ReactAppDependencyProvider' -fpascal-strings -Os -fno-common '-DPOD_CONFIGURATION_RELEASE=1' '-DCOCOAPODS=1' '-DNS_BLOCK_ASSERTIONS=1' '-DOBJC_OLD_DISPATCH_PROTOTYPES=0' -isysroot /Applications/Xcode.app/Contents/Developer/Platforms/iPhoneSimulator.platform/Developer/SDKs/iPhoneSimulator26.2.sdk -fasm-blocks -g '-fobjc-abi-version=2' -fobjc-legacy-dispatch -iquote /Users/zevia/code/ai/sales-recorder/ios/build/Build/Intermediates.noindex/Pods.build/Release-iphonesimulator/ReactAppDependencyProvider.build/ReactAppDependencyProvider-generated-files.hmap -I/Users/zevia/code/ai/sales-recorder/ios/build/Build/Intermediates.noindex/Pods.build/Release-iphonesimulator/ReactAppDependencyProvider.build/ReactAppDependencyProvider-own-target-headers.hmap -I/Users/zevia/code/ai/sales-recorder/ios/build/Build/Intermediates.noindex/Pods.build/Release-iphonesimulator/ReactAppDependencyProvider.build/ReactAppDependencyProvider-all-non-framework-target-headers.hmap -ivfsoverlay /Users/zevia/code/ai/sales-recorder/ios/build/Build/Intermediates.noindex/Pods.build/Release-iphonesimulator/Pods-8699adb1dd336b26511df848a716bd42-VFS-iphonesimulator/all-product-headers.yaml -iquote /Users/zevia/code/ai/sales-recorder/ios/build/Build/Intermediates.noindex/Pods.build/Release-iphonesimulator/ReactAppDependencyProvider.build/ReactAppDependencyProvider-project-headers.hmap -I/Users/zevia/code/ai/sales-recorder/ios/build/Build/Products/Release-iphonesimulator/ReactAppDependencyProvider/include -I/Users/zevia/code/ai/sales-recorder/ios/Pods/Headers/Private -I/Users/zevia/code/ai/sales-recorder/ios/Pods/Headers/Private/ReactAppDependencyProvider -I/Users/zevia/code/ai/sales-recorder/ios/Pods/Headers/Public -I/Users/zevia/code/ai/sales-recorder/ios/Pods/Headers/Public/DoubleConversion -I/Users/zevia/code/ai/sales-recorder/ios/Pods/Headers/Public/FBLazyVector -I/Users/zevia/code/ai/sales-recorder/ios/Pods/Headers/Public/RCT-Folly -I/Users/zevia/code/ai/sales-recorder/ios/Pods/Headers/Public/RCTRequired -I/Users/zevia/code/ai/sales-recorder/ios/Pods/Headers/Public/RCTTypeSafety -I/Users/zevia/code/ai/sales-recorder/ios/Pods/Headers/Public/React-Core -I/Users/zevia/code/ai/sales-recorder/ios/Pods/Headers/Public/React-Fabric -I/Users/zevia/code/ai/sales-recorder/ios/Pods/Headers/Public/React-FabricComponents -I/Users/zevia/code/ai/sales-recorder/ios/Pods/Headers/Public/React-FabricImage -I/Users/zevia/code/ai/sales-recorder/ios/Pods/Headers/Public/React-ImageManager -I/Users/zevia/code/ai/sales-recorder/ios/Pods/Headers/Public/React-Mapbuffer -I/Users/zevia/code/ai/sales-recorder/ios/Pods/Headers/Public/React-NativeModulesApple -I/Users/zevia/code/ai/sales-recorder/ios/Pods/Headers/Public/React-RCTAnimation -I/Users/zevia/code/ai/sales-recorder/ios/Pods/Headers/Public/React-RCTBlob -I/Users/zevia/code/ai/sales-recorder/ios/Pods/Headers/Public/React-RCTFBReactNativeSpec -I/Users/zevia/code/ai/sales-recorder/ios/Pods/Headers/Public/React-RCTFabric -I/Users/zevia/code/ai/sales-recorder/ios/Pods/Headers/Public/React-RCTRuntime -I/Users/zevia/code/ai/sales-recorder/ios/Pods/Headers/Public/React-RCTText -I/Users/zevia/code/ai/sales-recorder/ios/Pods/Headers/Public/React-RuntimeApple -I/Users/zevia/code/ai/sales-recorder/ios/Pods/Headers/Public/React-RuntimeCore -I/Users/zevia/code/ai/sales-recorder/ios/Pods/Headers/Public/React-RuntimeHermes -I/Users/zevia/code/ai/sales-recorder/ios/Pods/Headers/Public/React-callinvoker -I/Users/zevia/code/ai/sales-recorder/ios/Pods/Headers/Public/React-cxxreact -I/Users/zevia/code/ai/sales-recorder/ios/Pods/Headers/Public/React-debug -I/Users/zevia/code/ai/sales-recorder/ios/Pods/Headers/Public/React-defaultsnativemodule -I/Users/zevia/code/ai/sales-recorder/ios/Pods/Headers/Public/React-domnativemodule -I/Users/zevia/code/ai/sales-recorder/ios/Pods/Headers/Public/React-featureflags -I/Users/zevia/code/ai/sales-recorder/ios/Pods/Headers/Public/React-featureflagsnativemodule -I/Users/zevia/code/ai/sales-recorder/ios/Pods/Headers/Public/React-graphics -I/Users/zevia/code/ai/sales-recorder/ios/Pods/Headers/Public/React-hermes -I/Users/zevia/code/ai/sales-recorder/ios/Pods/Headers/Public/React-idlecallbacksnativemodule -I/Users/zevia/code/ai/sales-recorder/ios/Pods/Headers/Public/React-jserrorhandler -I/Users/zevia/code/ai/sales-recorder/ios/Pods/Headers/Public/React-jsi -I/Users/zevia/code/ai/sales-recorder/ios/Pods/Headers/Public/React-jsiexecutor -I/Users/zevia/code/ai/sales-recorder/ios/Pods/Headers/Public/React-jsinspector -I/Users/zevia/code/ai/sales-recorder/ios/Pods/Headers/Public/React-jsinspectorcdp -I/Users/zevia/code/ai/sales-recorder/ios/Pods/Headers/Public/React-jsinspectornetwork -I/Users/zevia/code/ai/sales-recorder/ios/Pods/Headers/Public/React-jsinspectortracing -I/Users/zevia/code/ai/sales-recorder/ios/Pods/Headers/Public/React-jsitooling -I/Users/zevia/code/ai/sales-recorder/ios/Pods/Headers/Public/React-logger -I/Users/zevia/code/ai/sales-recorder/ios/Pods/Headers/Public/React-microtasksnativemodule -I/Users/zevia/code/ai/sales-recorder/ios/Pods/Headers/Public/React-oscompat -I/Users/zevia/code/ai/sales-recorder/ios/Pods/Headers/Public/React-perflogger -I/Users/zevia/code/ai/sales-recorder/ios/Pods/Headers/Public/React-performancetimeline -I/Users/zevia/code/ai/sales-recorder/ios/Pods/Headers/Public/React-rendererconsistency -I/Users/zevia/code/ai/sales-recorder/ios/Pods/Headers/Public/React-renderercss -I/Users/zevia/code/ai/sales-recorder/ios/Pods/Headers/Public/React-rendererdebug -I/Users/zevia/code/ai/sales-recorder/ios/Pods/Headers/Public/React-runtimeexecutor -I/Users/zevia/code/ai/sales-recorder/ios/Pods/Headers/Public/React-runtimescheduler -I/Users/zevia/code/ai/sales-recorder/ios/Pods/Headers/Public/React-timing -I/Users/zevia/code/ai/sales-recorder/ios/Pods/Headers/Public/React-utils -I/Users/zevia/code/ai/sales-recorder/ios/Pods/Headers/Public/ReactCodegen -I/Users/zevia/code/ai/sales-recorder/ios/Pods/Headers/Public/ReactCommon -I/Users/zevia/code/ai/sales-recorder/ios/Pods/Headers/Public/Yoga -I/Users/zevia/code/ai/sales-recorder/ios/Pods/Headers/Public/boost -I/Users/zevia/code/ai/sales-recorder/ios/Pods/Headers/Public/fast_float -I/Users/zevia/code/ai/sales-recorder/ios/Pods/Headers/Public/fmt -I/Users/zevia/code/ai/sales-recorder/ios/Pods/Headers/Public/glog -I/Users/zevia/code/ai/sales-recorder/ios/Pods/Headers/Public/hermes-engine -I/Users/zevia/code/ai/sales-recorder/ios/build/Build/Intermediates.noindex/Pods.build/Release-iphonesimulator/ReactAppDependencyProvider.build/DerivedSources-normal/x86_64 -I/Users/zevia/code/ai/sales-recorder/ios/build/Build/Intermediates.noindex/Pods.build/Release-iphonesimulator/ReactAppDependencyProvider.build/DerivedSources/x86_64 -I/Users/zevia/code/ai/sales-recorder/ios/build/Build/Intermediates.noindex/Pods.build/Release-iphonesimulator/ReactAppDependencyProvider.build/DerivedSources -F/Users/zevia/code/ai/sales-recorder/ios/build/Build/Products/Release-iphonesimulator/ReactAppDependencyProvider -F/Users/zevia/code/ai/sales-recorder/ios/Pods/hermes-engine/destroot/Library/Frameworks/universal -F/Users/zevia/code/ai/sales-recorder/ios/build/Build/Products/Release-iphonesimulator/XCFrameworkIntermediates/hermes-engine/Pre-built '-fmodule-map-file=/Users/zevia/code/ai/sales-recorder/ios/Pods/Headers/Public/DoubleConversion/DoubleConversion.modulemap' '-fmodule-map-file=/Users/zevia/code/ai/sales-recorder/ios/Pods/Headers/Public/RCTDeprecation/RCTDeprecation.modulemap' '-fmodule-map-file=/Users/zevia/code/ai/sales-recorder/ios/Pods/Headers/Public/RCTFabric/React-RCTFabric.modulemap' '-fmodule-map-file=/Users/zevia/code/ai/sales-recorder/ios/Pods/Headers/Public/RCTImage/React-RCTImage.modulemap' '-fmodule-map-file=/Users/zevia/code/ai/sales-recorder/ios/Pods/Headers/Public/RCTRuntime/React-RCTRuntime.modulemap' '-fmodule-map-file=/Users/zevia/code/ai/sales-recorder/ios/Pods/Headers/Public/RCTTypeSafety/RCTTypeSafety.modulemap' '-fmodule-map-file=/Users/zevia/code/ai/sales-recorder/ios/Pods/Headers/Public/React/React-Core.modulemap' '-fmodule-map-file=/Users/zevia/code/ai/sales-recorder/ios/Pods/Headers/Public/ReactCodegen/ReactCodegen.modulemap' '-fmodule-map-file=/Users/zevia/code/ai/sales-recorder/ios/Pods/Headers/Public/ReactCommon/ReactCommon.modulemap' '-fmodule-map-file=/Users/zevia/code/ai/sales-recorder/ios/Pods/Headers/Public/React_Fabric/React-Fabric.modulemap' '-fmodule-map-file=/Users/zevia/code/ai/sales-recorder/ios/Pods/Headers/Public/React_FabricComponents/React-FabricComponents.modulemap' '-fmodule-map-file=/Users/zevia/code/ai/sales-recorder/ios/Pods/Headers/Public/React_NativeModulesApple/React-NativeModulesApple.modulemap' '-fmodule-map-file=/Users/zevia/code/ai/sales-recorder/ios/Pods/Headers/Public/React_RCTAppDelegate/React-RCTAppDelegate.modulemap' '-fmodule-map-file=/Users/zevia/code/ai/sales-recorder/ios/Pods/Headers/Public/React_runtimeexecutor/React-runtimeexecutor.modulemap' '-fmodule-map-file=/Users/zevia/code/ai/sales-recorder/ios/Pods/Headers/Public/SocketRocket/SocketRocket.modulemap' '-fmodule-map-file=/Users/zevia/code/ai/sales-recorder/ios/Pods/Headers/Public/fmt/fmt.modulemap' '-fmodule-map-file=/Users/zevia/code/ai/sales-recorder/ios/Pods/Headers/Public/folly/RCT-Folly.modulemap' '-fmodule-map-file=/Users/zevia/code/ai/sales-recorder/ios/Pods/Headers/Public/glog/glog.modulemap' '-fmodule-map-file=/Users/zevia/code/ai/sales-recorder/ios/Pods/Headers/Public/jsi/React-jsi.modulemap' '-fmodule-map-file=/Users/zevia/code/ai/sales-recorder/ios/Pods/Headers/Public/jsinspector_modern/React-jsinspector.modulemap' '-fmodule-map-file=/Users/zevia/code/ai/sales-recorder/ios/Pods/Headers/Public/jsinspector_modern_cdp/React-jsinspectorcdp.modulemap' '-fmodule-map-file=/Users/zevia/code/ai/sales-recorder/ios/Pods/Headers/Public/jsinspector_modern_network/React-jsinspectornetwork.modulemap' '-fmodule-map-file=/Users/zevia/code/ai/sales-recorder/ios/Pods/Headers/Public/jsinspector_modern_tracing/React-jsinspectortracing.modulemap' '-fmodule-map-file=/Users/zevia/code/ai/sales-recorder/ios/Pods/Headers/Public/react_debug/React-debug.modulemap' '-fmodule-map-file=/Users/zevia/code/ai/sales-recorder/ios/Pods/Headers/Public/react_featureflags/React-featureflags.modulemap' '-fmodule-map-file=/Users/zevia/code/ai/sales-recorder/ios/Pods/Headers/Public/react_nativemodule_defaults/React-defaultsnativemodule.modulemap' '-fmodule-map-file=/Users/zevia/code/ai/sales-recorder/ios/Pods/Headers/Public/react_nativemodule_dom/React-domnativemodule.modulemap' '-fmodule-map-file=/Users/zevia/code/ai/sales-recorder/ios/Pods/Headers/Public/react_nativemodule_featureflags/React-featureflagsnativemodule.modulemap' '-fmodule-map-file=/Users/zevia/code/ai/sales-recorder/ios/Pods/Headers/Public/react_nativemodule_idlecallbacks/React-idlecallbacksnativemodule.modulemap' '-fmodule-map-file=/Users/zevia/code/ai/sales-recorder/ios/Pods/Headers/Public/react_nativemodule_microtasks/React-microtasksnativemodule.modulemap' '-fmodule-map-file=/Users/zevia/code/ai/sales-recorder/ios/Pods/Headers/Public/react_renderer_css/React-renderercss.modulemap' '-fmodule-map-file=/Users/zevia/code/ai/sales-recorder/ios/Pods/Headers/Public/react_renderer_debug/React-rendererdebug.modulemap' '-fmodule-map-file=/Users/zevia/code/ai/sales-recorder/ios/Pods/Headers/Public/react_renderer_graphics/React-graphics.modulemap' '-fmodule-map-file=/Users/zevia/code/ai/sales-recorder/ios/Pods/Headers/Public/react_renderer_imagemanager/React-ImageManager.modulemap' '-fmodule-map-file=/Users/zevia/code/ai/sales-recorder/ios/Pods/Headers/Public/react_runtime/React-jsitooling.modulemap' '-fmodule-map-file=/Users/zevia/code/ai/sales-recorder/ios/Pods/Headers/Public/react_utils/React-utils.modulemap' '-fmodule-map-file=/Users/zevia/code/ai/sales-recorder/ios/Pods/Headers/Public/reacthermes/React-hermes.modulemap' '-fmodule-map-file=/Users/zevia/code/ai/sales-recorder/ios/Pods/Headers/Public/yoga/Yoga.modulemap' -DNDEBUG -DNDEBUG

WriteAuxiliaryFile /Users/zevia/code/ai/sales-recorder/ios/build/Build/Intermediates.noindex/Pods.build/Release-iphonesimulator/ReactAppDependencyProvider.build/Objects-normal/x86_64/ReactAppDependencyProvider.LinkFileList (in target 'ReactAppDependencyProvider' from project 'Pods')
    cd /Users/zevia/code/ai/sales-recorder/ios/Pods
    write-file /Users/zevia/code/ai/sales-recorder/ios/build/Build/Intermediates.noindex/Pods.build/Release-iphonesimulator/ReactAppDependencyProvider.build/Objects-normal/x86_64/ReactAppDependencyProvider.LinkFileList

WriteAuxiliaryFile /Users/zevia/code/ai/sales-recorder/ios/build/Build/Intermediates.noindex/Pods.build/Release-iphonesimulator/ReactAppDependencyProvider.build/Objects-normal/arm64/e6072d4f65d7061329687fe24e3d63a7-common-args.resp (in target 'ReactAppDependencyProvider' from project 'Pods')
    cd /Users/zevia/code/ai/sales-recorder/ios/Pods
    write-file /Users/zevia/code/ai/sales-recorder/ios/build/Build/Intermediates.noindex/Pods.build/Release-iphonesimulator/ReactAppDependencyProvider.build/Objects-normal/arm64/e6072d4f65d7061329687fe24e3d63a7-common-args.resp
-target arm64-apple-ios15.1-simulator '-std=gnu11' -fobjc-arc -fmodules '-fmodules-cache-path=/Users/zevia/code/ai/sales-recorder/ios/build/ModuleCache.noindex' '-fmodule-name=ReactAppDependencyProvider' -fpascal-strings -Os -fno-common '-DPOD_CONFIGURATION_RELEASE=1' '-DCOCOAPODS=1' '-DNS_BLOCK_ASSERTIONS=1' '-DOBJC_OLD_DISPATCH_PROTOTYPES=0' -isysroot /Applications/Xcode.app/Contents/Developer/Platforms/iPhoneSimulator.platform/Developer/SDKs/iPhoneSimulator26.2.sdk -g '-fobjc-abi-version=2' -fobjc-legacy-dispatch -iquote /Users/zevia/code/ai/sales-recorder/ios/build/Build/Intermediates.noindex/Pods.build/Release-iphonesimulator/ReactAppDependencyProvider.build/ReactAppDependencyProvider-generated-files.hmap -I/Users/zevia/code/ai/sales-recorder/ios/build/Build/Intermediates.noindex/Pods.build/Release-iphonesimulator/ReactAppDependencyProvider.build/ReactAppDependencyProvider-own-target-headers.hmap -I/Users/zevia/code/ai/sales-recorder/ios/build/Build/Intermediates.noindex/Pods.build/Release-iphonesimulator/ReactAppDependencyProvider.build/ReactAppDependencyProvider-all-non-framework-target-headers.hmap -ivfsoverlay /Users/zevia/code/ai/sales-recorder/ios/build/Build/Intermediates.noindex/Pods.build/Release-iphonesimulator/Pods-8699adb1dd336b26511df848a716bd42-VFS-iphonesimulator/all-product-headers.yaml -iquote /Users/zevia/code/ai/sales-recorder/ios/build/Build/Intermediates.noindex/Pods.build/Release-iphonesimulator/ReactAppDependencyProvider.build/ReactAppDependencyProvider-project-headers.hmap -I/Users/zevia/code/ai/sales-recorder/ios/build/Build/Products/Release-iphonesimulator/ReactAppDependencyProvider/include -I/Users/zevia/code/ai/sales-recorder/ios/Pods/Headers/Private -I/Users/zevia/code/ai/sales-recorder/ios/Pods/Headers/Private/ReactAppDependencyProvider -I/Users/zevia/code/ai/sales-recorder/ios/Pods/Headers/Public -I/Users/zevia/code/ai/sales-recorder/ios/Pods/Headers/Public/DoubleConversion -I/Users/zevia/code/ai/sales-recorder/ios/Pods/Headers/Public/FBLazyVector -I/Users/zevia/code/ai/sales-recorder/ios/Pods/Headers/Public/RCT-Folly -I/Users/zevia/code/ai/sales-recorder/ios/Pods/Headers/Public/RCTRequired -I/Users/zevia/code/ai/sales-recorder/ios/Pods/Headers/Public/RCTTypeSafety -I/Users/zevia/code/ai/sales-recorder/ios/Pods/Headers/Public/React-Core -I/Users/zevia/code/ai/sales-recorder/ios/Pods/Headers/Public/React-Fabric -I/Users/zevia/code/ai/sales-recorder/ios/Pods/Headers/Public/React-FabricComponents -I/Users/zevia/code/ai/sales-recorder/ios/Pods/Headers/Public/React-FabricImage -I/Users/zevia/code/ai/sales-recorder/ios/Pods/Headers/Public/React-ImageManager -I/Users/zevia/code/ai/sales-recorder/ios/Pods/Headers/Public/React-Mapbuffer -I/Users/zevia/code/ai/sales-recorder/ios/Pods/Headers/Public/React-NativeModulesApple -I/Users/zevia/code/ai/sales-recorder/ios/Pods/Headers/Public/React-RCTAnimation -I/Users/zevia/code/ai/sales-recorder/ios/Pods/Headers/Public/React-RCTBlob -I/Users/zevia/code/ai/sales-recorder/ios/Pods/Headers/Public/React-RCTFBReactNativeSpec -I/Users/zevia/code/ai/sales-recorder/ios/Pods/Headers/Public/React-RCTFabric -I/Users/zevia/code/ai/sales-recorder/ios/Pods/Headers/Public/React-RCTRuntime -I/Users/zevia/code/ai/sales-recorder/ios/Pods/Headers/Public/React-RCTText -I/Users/zevia/code/ai/sales-recorder/ios/Pods/Headers/Public/React-RuntimeApple -I/Users/zevia/code/ai/sales-recorder/ios/Pods/Headers/Public/React-RuntimeCore -I/Users/zevia/code/ai/sales-recorder/ios/Pods/Headers/Public/React-RuntimeHermes -I/Users/zevia/code/ai/sales-recorder/ios/Pods/Headers/Public/React-callinvoker -I/Users/zevia/code/ai/sales-recorder/ios/Pods/Headers/Public/React-cxxreact -I/Users/zevia/code/ai/sales-recorder/ios/Pods/Headers/Public/React-debug -I/Users/zevia/code/ai/sales-recorder/ios/Pods/Headers/Public/React-defaultsnativemodule -I/Users/zevia/code/ai/sales-recorder/ios/Pods/Headers/Public/React-domnativemodule -I/Users/zevia/code/ai/sales-recorder/ios/Pods/Headers/Public/React-featureflags -I/Users/zevia/code/ai/sales-recorder/ios/Pods/Headers/Public/React-featureflagsnativemodule -I/Users/zevia/code/ai/sales-recorder/ios/Pods/Headers/Public/React-graphics -I/Users/zevia/code/ai/sales-recorder/ios/Pods/Headers/Public/React-hermes -I/Users/zevia/code/ai/sales-recorder/ios/Pods/Headers/Public/React-idlecallbacksnativemodule -I/Users/zevia/code/ai/sales-recorder/ios/Pods/Headers/Public/React-jserrorhandler -I/Users/zevia/code/ai/sales-recorder/ios/Pods/Headers/Public/React-jsi -I/Users/zevia/code/ai/sales-recorder/ios/Pods/Headers/Public/React-jsiexecutor -I/Users/zevia/code/ai/sales-recorder/ios/Pods/Headers/Public/React-jsinspector -I/Users/zevia/code/ai/sales-recorder/ios/Pods/Headers/Public/React-jsinspectorcdp -I/Users/zevia/code/ai/sales-recorder/ios/Pods/Headers/Public/React-jsinspectornetwork -I/Users/zevia/code/ai/sales-recorder/ios/Pods/Headers/Public/React-jsinspectortracing -I/Users/zevia/code/ai/sales-recorder/ios/Pods/Headers/Public/React-jsitooling -I/Users/zevia/code/ai/sales-recorder/ios/Pods/Headers/Public/React-logger -I/Users/zevia/code/ai/sales-recorder/ios/Pods/Headers/Public/React-microtasksnativemodule -I/Users/zevia/code/ai/sales-recorder/ios/Pods/Headers/Public/React-oscompat -I/Users/zevia/code/ai/sales-recorder/ios/Pods/Headers/Public/React-perflogger -I/Users/zevia/code/ai/sales-recorder/ios/Pods/Headers/Public/React-performancetimeline -I/Users/zevia/code/a